******************************************************************************
                  TI ARM Linker PC v5.2.5                      
******************************************************************************
>> Linked Fri Apr 01 15:21:52 2016

OUTPUT FILE NAME:   <spi_demo.out>
ENTRY POINT SYMBOL: "_c_int00"  address: 20008369


MEMORY CONFIGURATION

         name            origin    length      used     unused   attr    fill
----------------------  --------  ---------  --------  --------  ----  --------
  SRAM_CODE             20004000   00013000  00004c66  0000e39a  RW X
  SRAM_DATA             20017000   00019000  00001230  00017dd0  RW X


SEGMENT ALLOCATION MAP

run origin  load origin   length   init length attrs members
----------  ----------- ---------- ----------- ----- -------
20004000    20004000    00004c68   00004c68    r-x
  20004000    20004000    00000400   00000400    r-- .intvecs
  20004400    20004400    000044c2   000044c2    r-x .text
  200088c4    200088c4    0000032c   0000032c    r-- .const
  20008bf0    20008bf0    00000078   00000078    r-- .cinit
20017000    20017000    00000a30   00000000    rw-
  20017000    20017000    00000800   00000000    rw- .sysmem
  20017800    20017800    00000164   00000000    rw- .data
  20017964    20017964    000000cc   00000000    rw- .bss
2002f800    2002f800    00000800   00000000    rw-
  2002f800    2002f800    00000800   00000000    rw- .stack


SECTION ALLOCATION MAP

 output                                  attributes/
section   page    origin      length       input sections
--------  ----  ----------  ----------   ----------------
.intvecs   0    20004000    00000400     
                  20004000    00000400     startup_ccs.obj (.intvecs)

.init_array 
*          0    20004000    00000000     UNINITIALIZED

.text      0    20004400    000044c2     
                  20004400    000010a6     rtsv7M4_T_le_eabi.lib : _printfi.obj (.text)
                  200054a6    00000002     --HOLE-- [fill = 0]
                  200054a8    00000d30     L6472.obj (.text)
                  200061d8    000003dc     rtsv7M4_T_le_eabi.lib : memory.obj (.text)
                  200065b4    00000288     main.obj (.text)
                  2000683c    00000280     uart_if.obj (.text)
                  20006abc    000001f4     rtsv7M4_T_le_eabi.lib : ull_div_t2.obj (.text)
                  20006cb0    000001b6                           : fd_add_t2.obj (.text)
                  20006e66    00000136                           : fd_div_t2.obj (.text)
                  20006f9c    00000134     driverlib.a : prcm.obj (.text:PRCMCC3200MCUInit)
                  200070d0    00000110     rtsv7M4_T_le_eabi.lib : xdscale.obj (.text)
                  200071e0    000000fc                           : fd_mul_t2.obj (.text)
                  200072dc    000000fa                           : fs_add_t2.obj (.text)
                  200073d6    000000d0     driverlib.a : spi.obj (.text:SPITransfer32)
                  200074a6    000000ce                 : spi.obj (.text:SPITransfer16)
                  20007574    000000be     rtsv7M4_T_le_eabi.lib : xdnorm.obj (.text)
                  20007632    000000b8     driverlib.a : spi.obj (.text:SPITransfer8)
                  200076ea    00000002     --HOLE-- [fill = 0]
                  200076ec    000000a8                 : interrupt.obj (.text:IntEnable)
                  20007794    000000a0                 : spi.obj (.text:SPIConfigSetExpClk)
                  20007834    0000009c     rtsv7M4_T_le_eabi.lib : memcpy_t2.obj (.text)
                  200078d0    00000094     driverlib.a : prcm.obj (.text:PRCMPeripheralClockGet)
                  20007964    00000092     rtsv7M4_T_le_eabi.lib : fs_div_t2.obj (.text)
                  200079f6    00000002     --HOLE-- [fill = 0]
                  200079f8    00000088     driverlib.a : pin.obj (.text:PinConfigSet)
                  20007a80    00000088                 : spi.obj (.text:SPITransfer)
                  20007b08    00000088     rtsv7M4_T_le_eabi.lib : vsnprintf.obj (.text)
                  20007b90    00000086                           : fd_cmp_t2.obj (.text:__aeabi_cdcmple)
                  20007c16    00000086                           : fd_cmp_t2.obj (.text:__aeabi_cdrcmple)
                  20007c9c    0000007a                           : fs_mul_t2.obj (.text)
                  20007d16    0000007a                           : memset_t2.obj (.text)
                  20007d90    00000076     driverlib.a : uart.obj (.text:UARTConfigSetExpClk)
                  20007e06    00000002     --HOLE-- [fill = 0]
                  20007e08    0000006c     rtsv7M4_T_le_eabi.lib : autoinit.obj (.text)
                  20007e74    0000006a                           : copy_decompress_rle.obj (.text)
                  20007ede    00000066                           : xdunscal.obj (.text)
                  20007f44    00000060                           : fs_cmp_t2.obj (.text:__aeabi_cfcmple)
                  20007fa4    00000060                           : fs_cmp_t2.obj (.text:__aeabi_cfrcmple)
                  20008004    00000058     driverlib.a : prcm.obj (.text:PRCMPeripheralReset)
                  2000805c    00000056     rtsv7M4_T_le_eabi.lib : ltoa.obj (.text)
                  200080b2    00000002     --HOLE-- [fill = 0]
                  200080b4    0000004c                           : atoi.obj (.text)
                  20008100    0000004c                           : cpy_tbl.obj (.text)
                  2000814c    00000048                           : fd_toi_t2.obj (.text)
                  20008194    00000048                           : fd_tos_t2.obj (.text)
                  200081dc    00000046     LaserBoard.obj (.text)
                  20008222    00000046     rtsv7M4_T_le_eabi.lib : ldexp.obj (.text)
                  20008268    00000044                           : exit.obj (.text)
                  200082ac    00000040     driverlib.a : pin.obj (.text:PinModeSet)
                  200082ec    00000040     rtsv7M4_T_le_eabi.lib : signal.obj (.text)
                  2000832c    0000003c     driverlib.a : prcm.obj (.text:PRCMPeripheralClkEnable)
                  20008368    0000003c     rtsv7M4_T_le_eabi.lib : boot.obj (.text)
                  200083a4    00000038                           : fs_tod_t2.obj (.text)
                  200083dc    00000038                           : fs_toi_t2.obj (.text)
                  20008414    00000038                           : i_tofs_t2.obj (.text)
                  2000844c    00000036     driverlib.a : gpio.obj (.text:GPIODirModeSet)
                  20008482    00000002     --HOLE-- [fill = 0]
                  20008484    00000034     rtsv7M4_T_le_eabi.lib : feraiseexcept.obj (.text)
                  200084b8    00000030     driverlib.a : pin.obj (.text:PinTypeGPIO)
                  200084e8    00000030                 : uart.obj (.text:UARTDisable)
                  20008518    00000030     rtsv7M4_T_le_eabi.lib : xferaise.obj (.text)
                  20008548    0000002e                           : i_tofd_t2.obj (.text)
                  20008576    0000002e                           : raise.obj (.text)
                  200085a4    0000002c     driverlib.a : prcm.obj (.text:PRCMSysResetCauseGet)
                  200085d0    0000002a     rtsv7M4_T_le_eabi.lib : xdclass.obj (.text)
                  200085fa    00000002     --HOLE-- [fill = 0]
                  200085fc    00000028     driverlib.a : prcm.obj (.text:PRCMPeripheralClkDisable)
                  20008624    00000024                 : uart.obj (.text:UARTEnable)
                  20008648    00000024     rtsv7M4_T_le_eabi.lib : memmov.obj (.text)
                  2000866c    00000022     driverlib.a : spi.obj (.text:SPIReset)
                  2000868e    00000022     rtsv7M4_T_le_eabi.lib : frexp.obj (.text)
                  200086b0    00000020     driverlib.a : gpio.obj (.text:GPIOPinWrite)
                  200086d0    0000001e                 : uart.obj (.text:UARTCharPut)
                  200086ee    0000001c                 : uart.obj (.text:UARTCharGetNonBlocking)
                  2000870a    0000001c     pinmux.obj (.text)
                  20008726    0000001c     rtsv7M4_T_le_eabi.lib : memccpy.obj (.text)
                  20008742    0000001a     driverlib.a : pin.obj (.text:PinTypeSPI)
                  2000875c    0000001a                 : pin.obj (.text:PinTypeUART)
                  20008776    00000018                 : gpio.obj (.text:GPIOPinRead)
                  2000878e    00000018                 : spi.obj (.text:SPIEnable)
                  200087a6    00000018                 : uart.obj (.text:UARTCharsAvail)
                  200087be    00000002     --HOLE-- [fill = 0]
                  200087c0    00000018     rtsv7M4_T_le_eabi.lib : args_main.obj (.text)
                  200087d8    00000016     driverlib.a : prcm.obj (.text:PRCMHIBRegRead)
                  200087ee    00000016                 : prcm.obj (.text:PRCMHIBRegWrite)
                  20008804    00000016                 : uart.obj (.text:UARTCharGet)
                  2000881a    00000016     rtsv7M4_T_le_eabi.lib : strchr.obj (.text)
                  20008830    00000014     driverlib.a : cpu.obj (.text:CPUcpsie)
                  20008844    00000014                 : interrupt.obj (.text:IntVTableBaseSet)
                  20008858    00000014     rtsv7M4_T_le_eabi.lib : _lock.obj (.text)
                  2000886c    00000014                           : strlen.obj (.text)
                  20008880    0000000e                           : copy_decompress_none.obj (.text:decompress:none)
                  2000888e    0000000e     startup_ccs.obj (.text)
                  2000889c    0000000c     rtsv7M4_T_le_eabi.lib : copy_zero_init.obj (.text:decompress:ZI)
                  200088a8    0000000a     driverlib.a : interrupt.obj (.text:IntMasterEnable)
                  200088b2    00000006                 : utils.obj (.text:UtilsDelay)
                  200088b8    00000006     rtsv7M4_T_le_eabi.lib : copy_decompress_rle.obj (.text:decompress:rle24)
                  200088be    00000004                           : pre_init.obj (.text)

.const     0    200088c4    0000032c     
                  200088c4    00000101     rtsv7M4_T_le_eabi.lib : ctype.obj (.const:.string:_ctypes_)
                  200089c5    00000003     --HOLE-- [fill = 0]
                  200089c8    00000100     driverlib.a : pin.obj (.const:g_ulPinToPadMap)
                  20008ac8    000000a8                 : prcm.obj (.const:PRCM_PeriphRegsList)
                  20008b70    00000080                 : interrupt.obj (.const)

.cinit     0    20008bf0    00000078     
                  20008bf0    0000004e     (.cinit..data.load) [load image, compression = rle]
                  20008c3e    00000002     --HOLE-- [fill = 0]
                  20008c40    0000000c     (__TI_handler_table)
                  20008c4c    00000004     --HOLE-- [fill = 0]
                  20008c50    00000008     (.cinit..bss.load) [load image, compression = zero_init]
                  20008c58    00000010     (__TI_cinit_table)

.sysmem    0    20017000    00000800     UNINITIALIZED
                  20017000    00000008     rtsv7M4_T_le_eabi.lib : memory.obj (.sysmem)
                  20017008    000007f8     --HOLE--

.data      0    20017800    00000164     UNINITIALIZED
                  20017800    000000b0     rtsv7M4_T_le_eabi.lib : signal.obj (.data:sigtable)
                  200178b0    00000080                           : xvalues.obj (.data)
                  20017930    0000000c                           : memory.obj (.data)
                  2001793c    00000008     L6472.obj (.data)
                  20017944    00000008     rtsv7M4_T_le_eabi.lib : _lock.obj (.data)
                  2001794c    00000008                           : exit.obj (.data)
                  20017954    00000008                           : feraiseexcept.obj (.data)
                  2001795c    00000004                           : errno.obj (.data)
                  20017960    00000004                           : stkdepth_vars.obj (.data)

.TI.persistent 
*          0    20017800    00000000     UNINITIALIZED

.bss       0    20017964    000000cc     UNINITIALIZED
                  20017964    00000064     L6472.obj (.bss:g_ucRxBuff)
                  200179c8    00000064     L6472.obj (.bss:g_ucTxBuff)
                  20017a2c    00000004     (.common:__Errorlog)

.TI.noinit 
*          0    20017964    00000000     UNINITIALIZED

.stack     0    2002f800    00000800     UNINITIALIZED
                  2002f800    00000800     --HOLE--


LINKER GENERATED COPY TABLES

__TI_cinit_table @ 20008c58 records: 2, size/record: 8, table size: 16
	.data: load addr=20008bf0, load size=0000004e bytes, run addr=20017800, run size=00000164 bytes, compression=rle
	.bss: load addr=20008c50, load size=00000008 bytes, run addr=20017964, run size=000000cc bytes, compression=zero_init


LINKER GENERATED HANDLER TABLE

__TI_handler_table @ 20008c40 records: 3, size/record: 4, table size: 12
	index: 0, handler: __TI_decompress_rle24
	index: 1, handler: __TI_decompress_none
	index: 2, handler: __TI_zero_init


GLOBAL SYMBOLS: SORTED ALPHABETICALLY BY Name 

address   name                    
-------   ----                    
20008269  C$$EXIT                 
20008831  CPUcpsie                
2000687d  ClearTerm               
20006887  Error                   
2000844d  GPIODirModeSet          
20008777  GPIOPinRead             
200086b1  GPIOPinWrite            
200068bf  GetCmd                  
2000683d  InitTerm                
200076ed  IntEnable               
200088a9  IntMasterEnable         
20008845  IntVTableBaseSet        
200054a9  L6472_init              
20005d99  L6472_spi_txrx          
2000685b  Message                 
20006f9d  PRCMCC3200MCUInit       
200087d9  PRCMHIBRegRead          
200087ef  PRCMHIBRegWrite         
200085fd  PRCMPeripheralClkDisable
2000832d  PRCMPeripheralClkEnable 
200078d1  PRCMPeripheralClockGet  
20008005  PRCMPeripheralReset     
200085a5  PRCMSysResetCauseGet    
200079f9  PinConfigSet            
200082ad  PinModeSet              
2000870b  PinMuxConfig            
200084b9  PinTypeGPIO             
20008743  PinTypeSPI              
2000875d  PinTypeUART             
200069fd  Report                  
2000888f  ResetISR                
UNDEFED   SHT$$INIT_ARRAY$$Base   
UNDEFED   SHT$$INIT_ARRAY$$Limit  
20007795  SPIConfigSetExpClk      
2000878f  SPIEnable               
2000866d  SPIReset                
20007a81  SPITransfer             
20006965  TrimSpace               
20008805  UARTCharGet             
200086ef  UARTCharGetNonBlocking  
200086d1  UARTCharPut             
200087a7  UARTCharsAvail          
20007d91  UARTConfigSetExpClk     
200084e9  UARTDisable             
20008625  UARTEnable              
200088b3  UtilsDelay              
200085d1  _Dclass                 
200178b0  _Denorm                 
20007575  _Dnorm                  
200070d1  _Dscale                 
20007edf  _Dunscale               
200178c0  _Eps                    
2001795c  _Errno                  
20017954  _Fenv                   
20008519  _Feraise                
200178d0  _Hugeval                
200178e0  _Inf                    
200178f0  _Nan                    
20017910  _Rteps                  
20017900  _Snan                   
20017958  _Tls_setup__Fenv        
20017920  _Xbig                   
20017928  _Zero                   
20030000  __STACK_END             
00000800  __STACK_SIZE            
00000800  __SYSMEM_SIZE           
20008c58  __TI_CINIT_Base         
20008c68  __TI_CINIT_Limit        
20008c40  __TI_Handler_Table_Base 
20008c4c  __TI_Handler_Table_Limit
20007e09  __TI_auto_init          
2001794c  __TI_cleanup_ptr        
20008881  __TI_decompress_none    
200088b9  __TI_decompress_rle24   
20017950  __TI_dtors_ptr          
200051a1  __TI_printfi            
20008bf0  __TI_static_base__      
2000889d  __TI_zero_init          
20007b91  __aeabi_cdcmpeq         
20007b91  __aeabi_cdcmple         
20007c17  __aeabi_cdrcmple        
20007f45  __aeabi_cfcmpeq         
20007f45  __aeabi_cfcmple         
20007fa5  __aeabi_cfrcmple        
20008195  __aeabi_d2f             
2000814d  __aeabi_d2iz            
20006cbb  __aeabi_dadd            
20006e67  __aeabi_ddiv            
200071e1  __aeabi_dmul            
20006cb1  __aeabi_dsub            
200083a5  __aeabi_f2d             
200083dd  __aeabi_f2iz            
200072e1  __aeabi_fadd            
20007965  __aeabi_fdiv            
20007c9d  __aeabi_fmul            
200072dd  __aeabi_fsub            
20008549  __aeabi_i2d             
20008415  __aeabi_i2f             
20007d17  __aeabi_memclr          
20007d17  __aeabi_memclr4         
20007d17  __aeabi_memclr8         
20007835  __aeabi_memcpy          
20007835  __aeabi_memcpy4         
20007835  __aeabi_memcpy8         
20007d19  __aeabi_memset          
20007d19  __aeabi_memset4         
20007d19  __aeabi_memset8         
20006abd  __aeabi_uldivmod        
ffffffff  __binit__               
ffffffff  __c_args__              
2002f800  __stack                 
200087c1  _args_main              
20008369  _c_int00                
200088c4  _ctypes_                
20017944  _lock                   
20008867  _nop                    
2000885f  _register_lock          
20008859  _register_unlock        
20017000  _sys_memory             
200088bf  _system_pre_init        
20017948  _unlock                 
2000826d  abort                   
200080b5  atoi                    
ffffffff  binit                   
20006581  calloc                  
20008101  copy_in                 
20008275  exit                    
20008485  feraiseexcept           
200062cf  free                    
2000868f  frexp                   
20004000  g_pfnVectors            
20005d4d  get_status              
200081dd  laser_init              
20008203  laser_off               
20008213  laser_on                
20008223  ldexp                   
2000805d  ltoa                    
200065cd  main                    
20017960  main_func_sp            
20006267  malloc                  
2000649d  memalign                
20008727  memccpy                 
20007835  memcpy                  
20008649  memmove                 
20007d1f  memset                  
200061d9  minit                   
20005671  move_coord              
20008577  raise                   
20006391  realloc                 
200082ed  signal                  
2000881b  strchr                  
2000886d  strlen                  
20007b09  vsnprintf               
20005fb1  x_busy                  
20005f45  x_byte_txrx             
20005cf5  x_get_max_speed         
20005caf  x_goto_origin           
20005f6d  x_move                  
20005c27  x_move_mm               
20005c73  x_release_bridge        
20005c1d  x_reset                 
20005ccf  x_set_max_speed         
20005c7d  x_set_origin            
20005f2f  x_set_run_current       
20005cbf  x_wait                  
20005def  xy_byte_tx              
20006179  xy_get_accel_cur        
200060c3  xy_get_accel_speed      
200061bd  xy_get_config           
20006165  xy_get_const_cur        
2000618d  xy_get_decel_cur        
200060e9  xy_get_decel_speed      
20006149  xy_get_fullstep_speed   
20006111  xy_get_max_speed        
2000612d  xy_get_min_speed        
200061a1  xy_get_status           
20005e11  xy_move                 
200055b1  xy_move_mm              
2000601b  xy_set_accel_speed      
2000606f  xy_set_decel_speed      
20005fc7  xy_set_fs_speed         
20005561  xy_wait                 
20005f19  y_busy                  
20005eb5  y_byte_txrx             
20005bdf  y_get_max_speed         
20005b85  y_goto_origin           
20005ed5  y_move                  
20005afd  y_move_mm               
20005b49  y_release_bridge        
20005af3  y_reset                 
20005ba9  y_set_max_speed         
20005b53  y_set_origin            
20005e9f  y_set_run_current       
20005b99  y_wait                  


GLOBAL SYMBOLS: SORTED BY Symbol Address 

address   name                    
-------   ----                    
00000800  __STACK_SIZE            
00000800  __SYSMEM_SIZE           
20004000  g_pfnVectors            
200051a1  __TI_printfi            
200054a9  L6472_init              
20005561  xy_wait                 
200055b1  xy_move_mm              
20005671  move_coord              
20005af3  y_reset                 
20005afd  y_move_mm               
20005b49  y_release_bridge        
20005b53  y_set_origin            
20005b85  y_goto_origin           
20005b99  y_wait                  
20005ba9  y_set_max_speed         
20005bdf  y_get_max_speed         
20005c1d  x_reset                 
20005c27  x_move_mm               
20005c73  x_release_bridge        
20005c7d  x_set_origin            
20005caf  x_goto_origin           
20005cbf  x_wait                  
20005ccf  x_set_max_speed         
20005cf5  x_get_max_speed         
20005d4d  get_status              
20005d99  L6472_spi_txrx          
20005def  xy_byte_tx              
20005e11  xy_move                 
20005e9f  y_set_run_current       
20005eb5  y_byte_txrx             
20005ed5  y_move                  
20005f19  y_busy                  
20005f2f  x_set_run_current       
20005f45  x_byte_txrx             
20005f6d  x_move                  
20005fb1  x_busy                  
20005fc7  xy_set_fs_speed         
2000601b  xy_set_accel_speed      
2000606f  xy_set_decel_speed      
200060c3  xy_get_accel_speed      
200060e9  xy_get_decel_speed      
20006111  xy_get_max_speed        
2000612d  xy_get_min_speed        
20006149  xy_get_fullstep_speed   
20006165  xy_get_const_cur        
20006179  xy_get_accel_cur        
2000618d  xy_get_decel_cur        
200061a1  xy_get_status           
200061bd  xy_get_config           
200061d9  minit                   
20006267  malloc                  
200062cf  free                    
20006391  realloc                 
2000649d  memalign                
20006581  calloc                  
200065cd  main                    
2000683d  InitTerm                
2000685b  Message                 
2000687d  ClearTerm               
20006887  Error                   
200068bf  GetCmd                  
20006965  TrimSpace               
200069fd  Report                  
20006abd  __aeabi_uldivmod        
20006cb1  __aeabi_dsub            
20006cbb  __aeabi_dadd            
20006e67  __aeabi_ddiv            
20006f9d  PRCMCC3200MCUInit       
200070d1  _Dscale                 
200071e1  __aeabi_dmul            
200072dd  __aeabi_fsub            
200072e1  __aeabi_fadd            
20007575  _Dnorm                  
200076ed  IntEnable               
20007795  SPIConfigSetExpClk      
20007835  __aeabi_memcpy          
20007835  __aeabi_memcpy4         
20007835  __aeabi_memcpy8         
20007835  memcpy                  
200078d1  PRCMPeripheralClockGet  
20007965  __aeabi_fdiv            
200079f9  PinConfigSet            
20007a81  SPITransfer             
20007b09  vsnprintf               
20007b91  __aeabi_cdcmpeq         
20007b91  __aeabi_cdcmple         
20007c17  __aeabi_cdrcmple        
20007c9d  __aeabi_fmul            
20007d17  __aeabi_memclr          
20007d17  __aeabi_memclr4         
20007d17  __aeabi_memclr8         
20007d19  __aeabi_memset          
20007d19  __aeabi_memset4         
20007d19  __aeabi_memset8         
20007d1f  memset                  
20007d91  UARTConfigSetExpClk     
20007e09  __TI_auto_init          
20007edf  _Dunscale               
20007f45  __aeabi_cfcmpeq         
20007f45  __aeabi_cfcmple         
20007fa5  __aeabi_cfrcmple        
20008005  PRCMPeripheralReset     
2000805d  ltoa                    
200080b5  atoi                    
20008101  copy_in                 
2000814d  __aeabi_d2iz            
20008195  __aeabi_d2f             
200081dd  laser_init              
20008203  laser_off               
20008213  laser_on                
20008223  ldexp                   
20008269  C$$EXIT                 
2000826d  abort                   
20008275  exit                    
200082ad  PinModeSet              
200082ed  signal                  
2000832d  PRCMPeripheralClkEnable 
20008369  _c_int00                
200083a5  __aeabi_f2d             
200083dd  __aeabi_f2iz            
20008415  __aeabi_i2f             
2000844d  GPIODirModeSet          
20008485  feraiseexcept           
200084b9  PinTypeGPIO             
200084e9  UARTDisable             
20008519  _Feraise                
20008549  __aeabi_i2d             
20008577  raise                   
200085a5  PRCMSysResetCauseGet    
200085d1  _Dclass                 
200085fd  PRCMPeripheralClkDisable
20008625  UARTEnable              
20008649  memmove                 
2000866d  SPIReset                
2000868f  frexp                   
200086b1  GPIOPinWrite            
200086d1  UARTCharPut             
200086ef  UARTCharGetNonBlocking  
2000870b  PinMuxConfig            
20008727  memccpy                 
20008743  PinTypeSPI              
2000875d  PinTypeUART             
20008777  GPIOPinRead             
2000878f  SPIEnable               
200087a7  UARTCharsAvail          
200087c1  _args_main              
200087d9  PRCMHIBRegRead          
200087ef  PRCMHIBRegWrite         
20008805  UARTCharGet             
2000881b  strchr                  
20008831  CPUcpsie                
20008845  IntVTableBaseSet        
20008859  _register_unlock        
2000885f  _register_lock          
20008867  _nop                    
2000886d  strlen                  
20008881  __TI_decompress_none    
2000888f  ResetISR                
2000889d  __TI_zero_init          
200088a9  IntMasterEnable         
200088b3  UtilsDelay              
200088b9  __TI_decompress_rle24   
200088bf  _system_pre_init        
200088c4  _ctypes_                
20008bf0  __TI_static_base__      
20008c40  __TI_Handler_Table_Base 
20008c4c  __TI_Handler_Table_Limit
20008c58  __TI_CINIT_Base         
20008c68  __TI_CINIT_Limit        
20017000  _sys_memory             
200178b0  _Denorm                 
200178c0  _Eps                    
200178d0  _Hugeval                
200178e0  _Inf                    
200178f0  _Nan                    
20017900  _Snan                   
20017910  _Rteps                  
20017920  _Xbig                   
20017928  _Zero                   
20017944  _lock                   
20017948  _unlock                 
2001794c  __TI_cleanup_ptr        
20017950  __TI_dtors_ptr          
20017954  _Fenv                   
20017958  _Tls_setup__Fenv        
2001795c  _Errno                  
20017960  main_func_sp            
2002f800  __stack                 
20030000  __STACK_END             
ffffffff  __binit__               
ffffffff  __c_args__              
ffffffff  binit                   
UNDEFED   SHT$$INIT_ARRAY$$Base   
UNDEFED   SHT$$INIT_ARRAY$$Limit  

[194 symbols]
