<?xml version="1.0"?>
<link_info>
   <banner>TI ARM Linker PC v5.2.5</banner>
   <copyright>Copyright (c) 1996-2015 Texas Instruments Incorporated</copyright>
   <link_time>0x57018429</link_time>
   <link_errors>0x0</link_errors>
   <output_file>spi_demo.out</output_file>
   <entry_point>
      <name>_c_int00</name>
      <address>0x200087f9</address>
   </entry_point>
   <input_file_list>
      <input_file id="fl-2">
         <path>.\</path>
         <kind>object</kind>
         <file>L6472.obj</file>
         <name>L6472.obj</name>
      </input_file>
      <input_file id="fl-3">
         <path>.\</path>
         <kind>object</kind>
         <file>LaserBoard.obj</file>
         <name>LaserBoard.obj</name>
      </input_file>
      <input_file id="fl-4">
         <path>.\</path>
         <kind>object</kind>
         <file>gcode.obj</file>
         <name>gcode.obj</name>
      </input_file>
      <input_file id="fl-5">
         <path>.\</path>
         <kind>object</kind>
         <file>main.obj</file>
         <name>main.obj</name>
      </input_file>
      <input_file id="fl-6">
         <path>.\</path>
         <kind>object</kind>
         <file>pinmux.obj</file>
         <name>pinmux.obj</name>
      </input_file>
      <input_file id="fl-7">
         <path>.\</path>
         <kind>object</kind>
         <file>startup_ccs.obj</file>
         <name>startup_ccs.obj</name>
      </input_file>
      <input_file id="fl-8">
         <path>.\</path>
         <kind>object</kind>
         <file>uart_if.obj</file>
         <name>uart_if.obj</name>
      </input_file>
      <input_file id="fl-12f">
         <path>C:\TI\ccsv6\tools\compiler\ti-cgt-arm_5.2.5\lib\</path>
         <kind>archive</kind>
         <file>rtsv7M4_T_le_eabi.lib</file>
         <name>boot.obj</name>
      </input_file>
      <input_file id="fl-130">
         <path>C:\TI\ccsv6\tools\compiler\ti-cgt-arm_5.2.5\lib\</path>
         <kind>archive</kind>
         <file>rtsv7M4_T_le_eabi.lib</file>
         <name>copy_decompress_none.obj</name>
      </input_file>
      <input_file id="fl-131">
         <path>C:\TI\ccsv6\tools\compiler\ti-cgt-arm_5.2.5\lib\</path>
         <kind>archive</kind>
         <file>rtsv7M4_T_le_eabi.lib</file>
         <name>copy_decompress_rle.obj</name>
      </input_file>
      <input_file id="fl-132">
         <path>C:\TI\ccsv6\tools\compiler\ti-cgt-arm_5.2.5\lib\</path>
         <kind>archive</kind>
         <file>rtsv7M4_T_le_eabi.lib</file>
         <name>copy_zero_init.obj</name>
      </input_file>
      <input_file id="fl-133">
         <path>C:\TI\ccsv6\tools\compiler\ti-cgt-arm_5.2.5\lib\</path>
         <kind>archive</kind>
         <file>rtsv7M4_T_le_eabi.lib</file>
         <name>exit.obj</name>
      </input_file>
      <input_file id="fl-134">
         <path>C:\TI\ccsv6\tools\compiler\ti-cgt-arm_5.2.5\lib\</path>
         <kind>archive</kind>
         <file>rtsv7M4_T_le_eabi.lib</file>
         <name>fd_add_t2.obj</name>
      </input_file>
      <input_file id="fl-135">
         <path>C:\TI\ccsv6\tools\compiler\ti-cgt-arm_5.2.5\lib\</path>
         <kind>archive</kind>
         <file>rtsv7M4_T_le_eabi.lib</file>
         <name>fd_cmp_t2.obj</name>
      </input_file>
      <input_file id="fl-136">
         <path>C:\TI\ccsv6\tools\compiler\ti-cgt-arm_5.2.5\lib\</path>
         <kind>archive</kind>
         <file>rtsv7M4_T_le_eabi.lib</file>
         <name>fd_mul_t2.obj</name>
      </input_file>
      <input_file id="fl-137">
         <path>C:\TI\ccsv6\tools\compiler\ti-cgt-arm_5.2.5\lib\</path>
         <kind>archive</kind>
         <file>rtsv7M4_T_le_eabi.lib</file>
         <name>fd_tos_t2.obj</name>
      </input_file>
      <input_file id="fl-138">
         <path>C:\TI\ccsv6\tools\compiler\ti-cgt-arm_5.2.5\lib\</path>
         <kind>archive</kind>
         <file>rtsv7M4_T_le_eabi.lib</file>
         <name>fd_tou_t2.obj</name>
      </input_file>
      <input_file id="fl-139">
         <path>C:\TI\ccsv6\tools\compiler\ti-cgt-arm_5.2.5\lib\</path>
         <kind>archive</kind>
         <file>rtsv7M4_T_le_eabi.lib</file>
         <name>fs_add_t2.obj</name>
      </input_file>
      <input_file id="fl-13a">
         <path>C:\TI\ccsv6\tools\compiler\ti-cgt-arm_5.2.5\lib\</path>
         <kind>archive</kind>
         <file>rtsv7M4_T_le_eabi.lib</file>
         <name>fs_cmp_t2.obj</name>
      </input_file>
      <input_file id="fl-13b">
         <path>C:\TI\ccsv6\tools\compiler\ti-cgt-arm_5.2.5\lib\</path>
         <kind>archive</kind>
         <file>rtsv7M4_T_le_eabi.lib</file>
         <name>fs_div_t2.obj</name>
      </input_file>
      <input_file id="fl-13c">
         <path>C:\TI\ccsv6\tools\compiler\ti-cgt-arm_5.2.5\lib\</path>
         <kind>archive</kind>
         <file>rtsv7M4_T_le_eabi.lib</file>
         <name>fs_mul_t2.obj</name>
      </input_file>
      <input_file id="fl-13d">
         <path>C:\TI\ccsv6\tools\compiler\ti-cgt-arm_5.2.5\lib\</path>
         <kind>archive</kind>
         <file>rtsv7M4_T_le_eabi.lib</file>
         <name>fs_tod_t2.obj</name>
      </input_file>
      <input_file id="fl-13e">
         <path>C:\TI\ccsv6\tools\compiler\ti-cgt-arm_5.2.5\lib\</path>
         <kind>archive</kind>
         <file>rtsv7M4_T_le_eabi.lib</file>
         <name>fs_tou_t2.obj</name>
      </input_file>
      <input_file id="fl-13f">
         <path>C:\TI\ccsv6\tools\compiler\ti-cgt-arm_5.2.5\lib\</path>
         <kind>archive</kind>
         <file>rtsv7M4_T_le_eabi.lib</file>
         <name>memcpy_t2.obj</name>
      </input_file>
      <input_file id="fl-140">
         <path>C:\TI\ccsv6\tools\compiler\ti-cgt-arm_5.2.5\lib\</path>
         <kind>archive</kind>
         <file>rtsv7M4_T_le_eabi.lib</file>
         <name>memmov.obj</name>
      </input_file>
      <input_file id="fl-141">
         <path>C:\TI\ccsv6\tools\compiler\ti-cgt-arm_5.2.5\lib\</path>
         <kind>archive</kind>
         <file>rtsv7M4_T_le_eabi.lib</file>
         <name>memory.obj</name>
      </input_file>
      <input_file id="fl-142">
         <path>C:\TI\ccsv6\tools\compiler\ti-cgt-arm_5.2.5\lib\</path>
         <kind>archive</kind>
         <file>rtsv7M4_T_le_eabi.lib</file>
         <name>memset_t2.obj</name>
      </input_file>
      <input_file id="fl-143">
         <path>C:\TI\ccsv6\tools\compiler\ti-cgt-arm_5.2.5\lib\</path>
         <kind>archive</kind>
         <file>rtsv7M4_T_le_eabi.lib</file>
         <name>pre_init.obj</name>
      </input_file>
      <input_file id="fl-144">
         <path>C:\TI\ccsv6\tools\compiler\ti-cgt-arm_5.2.5\lib\</path>
         <kind>archive</kind>
         <file>rtsv7M4_T_le_eabi.lib</file>
         <name>sqrt.obj</name>
      </input_file>
      <input_file id="fl-145">
         <path>C:\TI\ccsv6\tools\compiler\ti-cgt-arm_5.2.5\lib\</path>
         <kind>archive</kind>
         <file>rtsv7M4_T_le_eabi.lib</file>
         <name>stkdepth_vars.obj</name>
      </input_file>
      <input_file id="fl-146">
         <path>C:\TI\ccsv6\tools\compiler\ti-cgt-arm_5.2.5\lib\</path>
         <kind>archive</kind>
         <file>rtsv7M4_T_le_eabi.lib</file>
         <name>strlen.obj</name>
      </input_file>
      <input_file id="fl-147">
         <path>C:\TI\ccsv6\tools\compiler\ti-cgt-arm_5.2.5\lib\</path>
         <kind>archive</kind>
         <file>rtsv7M4_T_le_eabi.lib</file>
         <name>vsnprintf.obj</name>
      </input_file>
      <input_file id="fl-148">
         <path>C:\TI\ccsv6\tools\compiler\ti-cgt-arm_5.2.5\lib\</path>
         <kind>archive</kind>
         <file>rtsv7M4_T_le_eabi.lib</file>
         <name>xdscale.obj</name>
      </input_file>
      <input_file id="fl-149">
         <path>C:\TI\ccsv6\tools\compiler\ti-cgt-arm_5.2.5\lib\</path>
         <kind>archive</kind>
         <file>rtsv7M4_T_le_eabi.lib</file>
         <name>xdunscal.obj</name>
      </input_file>
      <input_file id="fl-14a">
         <path>C:\TI\ccsv6\tools\compiler\ti-cgt-arm_5.2.5\lib\</path>
         <kind>archive</kind>
         <file>rtsv7M4_T_le_eabi.lib</file>
         <name>xferaise.obj</name>
      </input_file>
      <input_file id="fl-14b">
         <path>C:\TI\ccsv6\tools\compiler\ti-cgt-arm_5.2.5\lib\</path>
         <kind>archive</kind>
         <file>rtsv7M4_T_le_eabi.lib</file>
         <name>xvalues.obj</name>
      </input_file>
      <input_file id="fl-14c">
         <path>C:\TI\ccsv6\tools\compiler\ti-cgt-arm_5.2.5\lib\</path>
         <kind>archive</kind>
         <file>rtsv7M4_T_le_eabi.lib</file>
         <name>_lock.obj</name>
      </input_file>
      <input_file id="fl-14d">
         <path>C:\TI\ccsv6\tools\compiler\ti-cgt-arm_5.2.5\lib\</path>
         <kind>archive</kind>
         <file>rtsv7M4_T_le_eabi.lib</file>
         <name>_printfi.obj</name>
      </input_file>
      <input_file id="fl-14e">
         <path>C:\TI\ccsv6\tools\compiler\ti-cgt-arm_5.2.5\lib\</path>
         <kind>archive</kind>
         <file>rtsv7M4_T_le_eabi.lib</file>
         <name>args_main.obj</name>
      </input_file>
      <input_file id="fl-14f">
         <path>C:\TI\ccsv6\tools\compiler\ti-cgt-arm_5.2.5\lib\</path>
         <kind>archive</kind>
         <file>rtsv7M4_T_le_eabi.lib</file>
         <name>atoi.obj</name>
      </input_file>
      <input_file id="fl-150">
         <path>C:\TI\ccsv6\tools\compiler\ti-cgt-arm_5.2.5\lib\</path>
         <kind>archive</kind>
         <file>rtsv7M4_T_le_eabi.lib</file>
         <name>autoinit.obj</name>
      </input_file>
      <input_file id="fl-151">
         <path>C:\TI\ccsv6\tools\compiler\ti-cgt-arm_5.2.5\lib\</path>
         <kind>archive</kind>
         <file>rtsv7M4_T_le_eabi.lib</file>
         <name>cpy_tbl.obj</name>
      </input_file>
      <input_file id="fl-152">
         <path>C:\TI\ccsv6\tools\compiler\ti-cgt-arm_5.2.5\lib\</path>
         <kind>archive</kind>
         <file>rtsv7M4_T_le_eabi.lib</file>
         <name>ctype.obj</name>
      </input_file>
      <input_file id="fl-153">
         <path>C:\TI\ccsv6\tools\compiler\ti-cgt-arm_5.2.5\lib\</path>
         <kind>archive</kind>
         <file>rtsv7M4_T_le_eabi.lib</file>
         <name>errno.obj</name>
      </input_file>
      <input_file id="fl-154">
         <path>C:\TI\ccsv6\tools\compiler\ti-cgt-arm_5.2.5\lib\</path>
         <kind>archive</kind>
         <file>rtsv7M4_T_le_eabi.lib</file>
         <name>fd_div_t2.obj</name>
      </input_file>
      <input_file id="fl-155">
         <path>C:\TI\ccsv6\tools\compiler\ti-cgt-arm_5.2.5\lib\</path>
         <kind>archive</kind>
         <file>rtsv7M4_T_le_eabi.lib</file>
         <name>fd_toi_t2.obj</name>
      </input_file>
      <input_file id="fl-156">
         <path>C:\TI\ccsv6\tools\compiler\ti-cgt-arm_5.2.5\lib\</path>
         <kind>archive</kind>
         <file>rtsv7M4_T_le_eabi.lib</file>
         <name>feraiseexcept.obj</name>
      </input_file>
      <input_file id="fl-157">
         <path>C:\TI\ccsv6\tools\compiler\ti-cgt-arm_5.2.5\lib\</path>
         <kind>archive</kind>
         <file>rtsv7M4_T_le_eabi.lib</file>
         <name>frexp.obj</name>
      </input_file>
      <input_file id="fl-158">
         <path>C:\TI\ccsv6\tools\compiler\ti-cgt-arm_5.2.5\lib\</path>
         <kind>archive</kind>
         <file>rtsv7M4_T_le_eabi.lib</file>
         <name>fs_toi_t2.obj</name>
      </input_file>
      <input_file id="fl-159">
         <path>C:\TI\ccsv6\tools\compiler\ti-cgt-arm_5.2.5\lib\</path>
         <kind>archive</kind>
         <file>rtsv7M4_T_le_eabi.lib</file>
         <name>i_tofd_t2.obj</name>
      </input_file>
      <input_file id="fl-15a">
         <path>C:\TI\ccsv6\tools\compiler\ti-cgt-arm_5.2.5\lib\</path>
         <kind>archive</kind>
         <file>rtsv7M4_T_le_eabi.lib</file>
         <name>ldexp.obj</name>
      </input_file>
      <input_file id="fl-15b">
         <path>C:\TI\ccsv6\tools\compiler\ti-cgt-arm_5.2.5\lib\</path>
         <kind>archive</kind>
         <file>rtsv7M4_T_le_eabi.lib</file>
         <name>ltoa.obj</name>
      </input_file>
      <input_file id="fl-15c">
         <path>C:\TI\ccsv6\tools\compiler\ti-cgt-arm_5.2.5\lib\</path>
         <kind>archive</kind>
         <file>rtsv7M4_T_le_eabi.lib</file>
         <name>memccpy.obj</name>
      </input_file>
      <input_file id="fl-15d">
         <path>C:\TI\ccsv6\tools\compiler\ti-cgt-arm_5.2.5\lib\</path>
         <kind>archive</kind>
         <file>rtsv7M4_T_le_eabi.lib</file>
         <name>raise.obj</name>
      </input_file>
      <input_file id="fl-15e">
         <path>C:\TI\ccsv6\tools\compiler\ti-cgt-arm_5.2.5\lib\</path>
         <kind>archive</kind>
         <file>rtsv7M4_T_le_eabi.lib</file>
         <name>signal.obj</name>
      </input_file>
      <input_file id="fl-15f">
         <path>C:\TI\ccsv6\tools\compiler\ti-cgt-arm_5.2.5\lib\</path>
         <kind>archive</kind>
         <file>rtsv7M4_T_le_eabi.lib</file>
         <name>strchr.obj</name>
      </input_file>
      <input_file id="fl-160">
         <path>C:\TI\ccsv6\tools\compiler\ti-cgt-arm_5.2.5\lib\</path>
         <kind>archive</kind>
         <file>rtsv7M4_T_le_eabi.lib</file>
         <name>ull_div_t2.obj</name>
      </input_file>
      <input_file id="fl-161">
         <path>C:\TI\ccsv6\tools\compiler\ti-cgt-arm_5.2.5\lib\</path>
         <kind>archive</kind>
         <file>rtsv7M4_T_le_eabi.lib</file>
         <name>xdclass.obj</name>
      </input_file>
      <input_file id="fl-162">
         <path>C:\TI\ccsv6\tools\compiler\ti-cgt-arm_5.2.5\lib\</path>
         <kind>archive</kind>
         <file>rtsv7M4_T_le_eabi.lib</file>
         <name>xdnorm.obj</name>
      </input_file>
      <input_file id="fl-163">
         <path>C:\TI\CC3200SDK_1.1.0\cc3200-sdk\example\spi_demo\ccs\..\..\..\driverlib\ccs\Release\</path>
         <kind>archive</kind>
         <file>driverlib.a</file>
         <name>gpio.obj</name>
      </input_file>
      <input_file id="fl-164">
         <path>C:\TI\CC3200SDK_1.1.0\cc3200-sdk\example\spi_demo\ccs\..\..\..\driverlib\ccs\Release\</path>
         <kind>archive</kind>
         <file>driverlib.a</file>
         <name>interrupt.obj</name>
      </input_file>
      <input_file id="fl-165">
         <path>C:\TI\CC3200SDK_1.1.0\cc3200-sdk\example\spi_demo\ccs\..\..\..\driverlib\ccs\Release\</path>
         <kind>archive</kind>
         <file>driverlib.a</file>
         <name>pin.obj</name>
      </input_file>
      <input_file id="fl-166">
         <path>C:\TI\CC3200SDK_1.1.0\cc3200-sdk\example\spi_demo\ccs\..\..\..\driverlib\ccs\Release\</path>
         <kind>archive</kind>
         <file>driverlib.a</file>
         <name>prcm.obj</name>
      </input_file>
      <input_file id="fl-167">
         <path>C:\TI\CC3200SDK_1.1.0\cc3200-sdk\example\spi_demo\ccs\..\..\..\driverlib\ccs\Release\</path>
         <kind>archive</kind>
         <file>driverlib.a</file>
         <name>spi.obj</name>
      </input_file>
      <input_file id="fl-168">
         <path>C:\TI\CC3200SDK_1.1.0\cc3200-sdk\example\spi_demo\ccs\..\..\..\driverlib\ccs\Release\</path>
         <kind>archive</kind>
         <file>driverlib.a</file>
         <name>uart.obj</name>
      </input_file>
      <input_file id="fl-169">
         <path>C:\TI\CC3200SDK_1.1.0\cc3200-sdk\example\spi_demo\ccs\..\..\..\driverlib\ccs\Release\</path>
         <kind>archive</kind>
         <file>driverlib.a</file>
         <name>utils.obj</name>
      </input_file>
      <input_file id="fl-16a">
         <path>C:\TI\CC3200SDK_1.1.0\cc3200-sdk\example\spi_demo\ccs\..\..\..\driverlib\ccs\Release\</path>
         <kind>archive</kind>
         <file>driverlib.a</file>
         <name>cpu.obj</name>
      </input_file>
      <input_file id="fl-16b">
         <path>C:\TI\CC3200SDK_1.1.0\cc3200-sdk\example\spi_demo\ccs\..\..\..\driverlib\ccs\Release\</path>
         <kind>archive</kind>
         <file>driverlib.a</file>
         <name>flash.obj</name>
      </input_file>
   </input_file_list>
   <object_component_list>
      <object_component id="oc-f">
         <name>.intvecs</name>
         <load_address>0x20004000</load_address>
         <run_address>0x20004000</run_address>
         <size>0x400</size>
         <input_file_ref idref="fl-7"/>
      </object_component>
      <object_component id="oc-26f">
         <name>.text</name>
         <load_address>0x20004400</load_address>
         <run_address>0x20004400</run_address>
         <size>0x10a6</size>
         <input_file_ref idref="fl-14d"/>
      </object_component>
      <object_component id="oc-f0">
         <name>.text</name>
         <load_address>0x200054a8</load_address>
         <run_address>0x200054a8</run_address>
         <size>0xa70</size>
         <input_file_ref idref="fl-2"/>
      </object_component>
      <object_component id="oc-102">
         <name>.text</name>
         <load_address>0x20005f18</load_address>
         <run_address>0x20005f18</run_address>
         <size>0x790</size>
         <input_file_ref idref="fl-4"/>
      </object_component>
      <object_component id="oc-192">
         <name>.text</name>
         <load_address>0x200066a8</load_address>
         <run_address>0x200066a8</run_address>
         <size>0x3dc</size>
         <input_file_ref idref="fl-141"/>
      </object_component>
      <object_component id="oc-ea">
         <name>.text</name>
         <load_address>0x20006a84</load_address>
         <run_address>0x20006a84</run_address>
         <size>0x280</size>
         <input_file_ref idref="fl-8"/>
      </object_component>
      <object_component id="oc-2f4">
         <name>.text</name>
         <load_address>0x20006d04</load_address>
         <run_address>0x20006d04</run_address>
         <size>0x1f4</size>
         <input_file_ref idref="fl-160"/>
      </object_component>
      <object_component id="oc-1fc">
         <name>.text</name>
         <load_address>0x20006ef8</load_address>
         <run_address>0x20006ef8</run_address>
         <size>0x1b6</size>
         <input_file_ref idref="fl-134"/>
      </object_component>
      <object_component id="oc-232">
         <name>.text</name>
         <load_address>0x200070b0</load_address>
         <run_address>0x200070b0</run_address>
         <size>0x140</size>
         <input_file_ref idref="fl-144"/>
      </object_component>
      <object_component id="oc-2cb">
         <name>.text</name>
         <load_address>0x200071f0</load_address>
         <run_address>0x200071f0</run_address>
         <size>0x136</size>
         <input_file_ref idref="fl-154"/>
      </object_component>
      <object_component id="oc-de">
         <name>.text:PRCMCC3200MCUInit</name>
         <load_address>0x20007328</load_address>
         <run_address>0x20007328</run_address>
         <size>0x134</size>
         <input_file_ref idref="fl-166"/>
      </object_component>
      <object_component id="oc-2d0">
         <name>.text</name>
         <load_address>0x2000745c</load_address>
         <run_address>0x2000745c</run_address>
         <size>0x110</size>
         <input_file_ref idref="fl-148"/>
      </object_component>
      <object_component id="oc-1f7">
         <name>.text</name>
         <load_address>0x2000756c</load_address>
         <run_address>0x2000756c</run_address>
         <size>0xfc</size>
         <input_file_ref idref="fl-136"/>
      </object_component>
      <object_component id="oc-1e3">
         <name>.text</name>
         <load_address>0x20007668</load_address>
         <run_address>0x20007668</run_address>
         <size>0xfa</size>
         <input_file_ref idref="fl-139"/>
      </object_component>
      <object_component id="oc-2ad">
         <name>.text:SPITransfer32</name>
         <load_address>0x20007762</load_address>
         <run_address>0x20007762</run_address>
         <size>0xd0</size>
         <input_file_ref idref="fl-167"/>
      </object_component>
      <object_component id="oc-2a7">
         <name>.text:SPITransfer16</name>
         <load_address>0x20007832</load_address>
         <run_address>0x20007832</run_address>
         <size>0xce</size>
         <input_file_ref idref="fl-167"/>
      </object_component>
      <object_component id="oc-9f">
         <name>.text</name>
         <load_address>0x20007900</load_address>
         <run_address>0x20007900</run_address>
         <size>0xc0</size>
         <input_file_ref idref="fl-5"/>
      </object_component>
      <object_component id="oc-347">
         <name>.text</name>
         <load_address>0x200079c0</load_address>
         <run_address>0x200079c0</run_address>
         <size>0xbe</size>
         <input_file_ref idref="fl-162"/>
      </object_component>
      <object_component id="oc-2a1">
         <name>.text:SPITransfer8</name>
         <load_address>0x20007a7e</load_address>
         <run_address>0x20007a7e</run_address>
         <size>0xb8</size>
         <input_file_ref idref="fl-167"/>
      </object_component>
      <object_component id="oc-d8">
         <name>.text:IntEnable</name>
         <load_address>0x20007b38</load_address>
         <run_address>0x20007b38</run_address>
         <size>0xa8</size>
         <input_file_ref idref="fl-164"/>
      </object_component>
      <object_component id="oc-1b2">
         <name>.text:SPIConfigSetExpClk</name>
         <load_address>0x20007be0</load_address>
         <run_address>0x20007be0</run_address>
         <size>0xa0</size>
         <input_file_ref idref="fl-167"/>
      </object_component>
      <object_component id="oc-36">
         <name>.text</name>
         <load_address>0x20007c80</load_address>
         <run_address>0x20007c80</run_address>
         <size>0x9c</size>
         <input_file_ref idref="fl-13f"/>
      </object_component>
      <object_component id="oc-162">
         <name>.text:PRCMPeripheralClockGet</name>
         <load_address>0x20007d1c</load_address>
         <run_address>0x20007d1c</run_address>
         <size>0x94</size>
         <input_file_ref idref="fl-166"/>
      </object_component>
      <object_component id="oc-1ed">
         <name>.text</name>
         <load_address>0x20007db0</load_address>
         <run_address>0x20007db0</run_address>
         <size>0x92</size>
         <input_file_ref idref="fl-13b"/>
      </object_component>
      <object_component id="oc-259">
         <name>.text:PinConfigSet</name>
         <load_address>0x20007e44</load_address>
         <run_address>0x20007e44</run_address>
         <size>0x88</size>
         <input_file_ref idref="fl-165"/>
      </object_component>
      <object_component id="oc-209">
         <name>.text:SPITransfer</name>
         <load_address>0x20007ecc</load_address>
         <run_address>0x20007ecc</run_address>
         <size>0x88</size>
         <input_file_ref idref="fl-167"/>
      </object_component>
      <object_component id="oc-174">
         <name>.text</name>
         <load_address>0x20007f54</load_address>
         <run_address>0x20007f54</run_address>
         <size>0x88</size>
         <input_file_ref idref="fl-147"/>
      </object_component>
      <object_component id="oc-201">
         <name>.text:__aeabi_cdcmple</name>
         <load_address>0x20007fdc</load_address>
         <run_address>0x20007fdc</run_address>
         <size>0x86</size>
         <input_file_ref idref="fl-135"/>
      </object_component>
      <object_component id="oc-1f2">
         <name>.text:__aeabi_cdrcmple</name>
         <load_address>0x20008062</load_address>
         <run_address>0x20008062</run_address>
         <size>0x86</size>
         <input_file_ref idref="fl-135"/>
      </object_component>
      <object_component id="oc-1ca">
         <name>.text</name>
         <load_address>0x200080e8</load_address>
         <run_address>0x200080e8</run_address>
         <size>0x7a</size>
         <input_file_ref idref="fl-13c"/>
      </object_component>
      <object_component id="oc-4f">
         <name>.text</name>
         <load_address>0x20008162</load_address>
         <run_address>0x20008162</run_address>
         <size>0x7a</size>
         <input_file_ref idref="fl-142"/>
      </object_component>
      <object_component id="oc-168">
         <name>.text:UARTConfigSetExpClk</name>
         <load_address>0x200081dc</load_address>
         <run_address>0x200081dc</run_address>
         <size>0x76</size>
         <input_file_ref idref="fl-168"/>
      </object_component>
      <object_component id="oc-61">
         <name>.text</name>
         <load_address>0x20008254</load_address>
         <run_address>0x20008254</run_address>
         <size>0x6c</size>
         <input_file_ref idref="fl-150"/>
      </object_component>
      <object_component id="oc-42">
         <name>.text</name>
         <load_address>0x200082c0</load_address>
         <run_address>0x200082c0</run_address>
         <size>0x6a</size>
         <input_file_ref idref="fl-131"/>
      </object_component>
      <object_component id="oc-2c5">
         <name>.text</name>
         <load_address>0x2000832a</load_address>
         <run_address>0x2000832a</run_address>
         <size>0x66</size>
         <input_file_ref idref="fl-149"/>
      </object_component>
      <object_component id="oc-1de">
         <name>.text:__aeabi_cfcmple</name>
         <load_address>0x20008390</load_address>
         <run_address>0x20008390</run_address>
         <size>0x60</size>
         <input_file_ref idref="fl-13a"/>
      </object_component>
      <object_component id="oc-1d9">
         <name>.text:__aeabi_cfrcmple</name>
         <load_address>0x200083f0</load_address>
         <run_address>0x200083f0</run_address>
         <size>0x60</size>
         <input_file_ref idref="fl-13a"/>
      </object_component>
      <object_component id="oc-148">
         <name>.text:PRCMPeripheralReset</name>
         <load_address>0x20008450</load_address>
         <run_address>0x20008450</run_address>
         <size>0x58</size>
         <input_file_ref idref="fl-166"/>
      </object_component>
      <object_component id="oc-2fe">
         <name>.text</name>
         <load_address>0x200084a8</load_address>
         <run_address>0x200084a8</run_address>
         <size>0x56</size>
         <input_file_ref idref="fl-15b"/>
      </object_component>
      <object_component id="oc-327">
         <name>.text</name>
         <load_address>0x20008500</load_address>
         <run_address>0x20008500</run_address>
         <size>0x4c</size>
         <input_file_ref idref="fl-14f"/>
      </object_component>
      <object_component id="oc-97">
         <name>.text</name>
         <load_address>0x2000854c</load_address>
         <run_address>0x2000854c</run_address>
         <size>0x4c</size>
         <input_file_ref idref="fl-151"/>
      </object_component>
      <object_component id="oc-2f9">
         <name>.text</name>
         <load_address>0x20008598</load_address>
         <run_address>0x20008598</run_address>
         <size>0x48</size>
         <input_file_ref idref="fl-155"/>
      </object_component>
      <object_component id="oc-1e8">
         <name>.text</name>
         <load_address>0x200085e0</load_address>
         <run_address>0x200085e0</run_address>
         <size>0x48</size>
         <input_file_ref idref="fl-137"/>
      </object_component>
      <object_component id="oc-f6">
         <name>.text</name>
         <load_address>0x20008628</load_address>
         <run_address>0x20008628</run_address>
         <size>0x46</size>
         <input_file_ref idref="fl-3"/>
      </object_component>
      <object_component id="oc-30f">
         <name>.text</name>
         <load_address>0x2000866e</load_address>
         <run_address>0x2000866e</run_address>
         <size>0x46</size>
         <input_file_ref idref="fl-15a"/>
      </object_component>
      <object_component id="oc-6d">
         <name>.text</name>
         <load_address>0x200086b4</load_address>
         <run_address>0x200086b4</run_address>
         <size>0x44</size>
         <input_file_ref idref="fl-133"/>
      </object_component>
      <object_component id="oc-1d4">
         <name>.text</name>
         <load_address>0x200086f8</load_address>
         <run_address>0x200086f8</run_address>
         <size>0x44</size>
         <input_file_ref idref="fl-138"/>
      </object_component>
      <object_component id="oc-253">
         <name>.text:PinModeSet</name>
         <load_address>0x2000873c</load_address>
         <run_address>0x2000873c</run_address>
         <size>0x40</size>
         <input_file_ref idref="fl-165"/>
      </object_component>
      <object_component id="oc-3a9">
         <name>.text</name>
         <load_address>0x2000877c</load_address>
         <run_address>0x2000877c</run_address>
         <size>0x40</size>
         <input_file_ref idref="fl-15e"/>
      </object_component>
      <object_component id="oc-142">
         <name>.text:PRCMPeripheralClkEnable</name>
         <load_address>0x200087bc</load_address>
         <run_address>0x200087bc</run_address>
         <size>0x3c</size>
         <input_file_ref idref="fl-166"/>
      </object_component>
      <object_component id="oc-24">
         <name>.text</name>
         <load_address>0x200087f8</load_address>
         <run_address>0x200087f8</run_address>
         <size>0x3c</size>
         <input_file_ref idref="fl-12f"/>
      </object_component>
      <object_component id="oc-1cf">
         <name>.text</name>
         <load_address>0x20008834</load_address>
         <run_address>0x20008834</run_address>
         <size>0x38</size>
         <input_file_ref idref="fl-13d"/>
      </object_component>
      <object_component id="oc-2bd">
         <name>.text</name>
         <load_address>0x2000886c</load_address>
         <run_address>0x2000886c</run_address>
         <size>0x38</size>
         <input_file_ref idref="fl-158"/>
      </object_component>
      <object_component id="oc-1c4">
         <name>.text:GPIODirModeSet</name>
         <load_address>0x200088a4</load_address>
         <run_address>0x200088a4</run_address>
         <size>0x36</size>
         <input_file_ref idref="fl-163"/>
      </object_component>
      <object_component id="oc-352">
         <name>.text</name>
         <load_address>0x200088dc</load_address>
         <run_address>0x200088dc</run_address>
         <size>0x34</size>
         <input_file_ref idref="fl-156"/>
      </object_component>
      <object_component id="oc-22a">
         <name>.text</name>
         <load_address>0x20008910</load_address>
         <run_address>0x20008910</run_address>
         <size>0x34</size>
         <input_file_ref idref="fl-13e"/>
      </object_component>
      <object_component id="oc-1be">
         <name>.text:PinTypeGPIO</name>
         <load_address>0x20008944</load_address>
         <run_address>0x20008944</run_address>
         <size>0x30</size>
         <input_file_ref idref="fl-165"/>
      </object_component>
      <object_component id="oc-261">
         <name>.text:UARTDisable</name>
         <load_address>0x20008974</load_address>
         <run_address>0x20008974</run_address>
         <size>0x30</size>
         <input_file_ref idref="fl-168"/>
      </object_component>
      <object_component id="oc-2d6">
         <name>.text</name>
         <load_address>0x200089a4</load_address>
         <run_address>0x200089a4</run_address>
         <size>0x30</size>
         <input_file_ref idref="fl-14a"/>
      </object_component>
      <object_component id="oc-304">
         <name>.text</name>
         <load_address>0x200089d4</load_address>
         <run_address>0x200089d4</run_address>
         <size>0x2e</size>
         <input_file_ref idref="fl-159"/>
      </object_component>
      <object_component id="oc-387">
         <name>.text</name>
         <load_address>0x20008a02</load_address>
         <run_address>0x20008a02</run_address>
         <size>0x2e</size>
         <input_file_ref idref="fl-15d"/>
      </object_component>
      <object_component id="oc-154">
         <name>.text:PRCMSysResetCauseGet</name>
         <load_address>0x20008a30</load_address>
         <run_address>0x20008a30</run_address>
         <size>0x2c</size>
         <input_file_ref idref="fl-166"/>
      </object_component>
      <object_component id="oc-31b">
         <name>.text</name>
         <load_address>0x20008a5c</load_address>
         <run_address>0x20008a5c</run_address>
         <size>0x2a</size>
         <input_file_ref idref="fl-161"/>
      </object_component>
      <object_component id="oc-14e">
         <name>.text:PRCMPeripheralClkDisable</name>
         <load_address>0x20008a88</load_address>
         <run_address>0x20008a88</run_address>
         <size>0x28</size>
         <input_file_ref idref="fl-166"/>
      </object_component>
      <object_component id="oc-267">
         <name>.text:UARTEnable</name>
         <load_address>0x20008ab0</load_address>
         <run_address>0x20008ab0</run_address>
         <size>0x24</size>
         <input_file_ref idref="fl-168"/>
      </object_component>
      <object_component id="oc-18c">
         <name>.text</name>
         <load_address>0x20008ad4</load_address>
         <run_address>0x20008ad4</run_address>
         <size>0x24</size>
         <input_file_ref idref="fl-140"/>
      </object_component>
      <object_component id="oc-1ac">
         <name>.text:SPIReset</name>
         <load_address>0x20008af8</load_address>
         <run_address>0x20008af8</run_address>
         <size>0x22</size>
         <input_file_ref idref="fl-167"/>
      </object_component>
      <object_component id="oc-309">
         <name>.text</name>
         <load_address>0x20008b1a</load_address>
         <run_address>0x20008b1a</run_address>
         <size>0x22</size>
         <input_file_ref idref="fl-157"/>
      </object_component>
      <object_component id="oc-222">
         <name>.text:GPIOPinWrite</name>
         <load_address>0x20008b3c</load_address>
         <run_address>0x20008b3c</run_address>
         <size>0x20</size>
         <input_file_ref idref="fl-163"/>
      </object_component>
      <object_component id="oc-16e">
         <name>.text:UARTCharPut</name>
         <load_address>0x20008b5c</load_address>
         <run_address>0x20008b5c</run_address>
         <size>0x1e</size>
         <input_file_ref idref="fl-168"/>
      </object_component>
      <object_component id="oc-180">
         <name>.text:UARTCharGetNonBlocking</name>
         <load_address>0x20008b7a</load_address>
         <run_address>0x20008b7a</run_address>
         <size>0x1c</size>
         <input_file_ref idref="fl-168"/>
      </object_component>
      <object_component id="oc-e4">
         <name>.text</name>
         <load_address>0x20008b96</load_address>
         <run_address>0x20008b96</run_address>
         <size>0x1c</size>
         <input_file_ref idref="fl-6"/>
      </object_component>
      <object_component id="oc-321">
         <name>.text</name>
         <load_address>0x20008bb2</load_address>
         <run_address>0x20008bb2</run_address>
         <size>0x1c</size>
         <input_file_ref idref="fl-15c"/>
      </object_component>
      <object_component id="oc-1a6">
         <name>.text:PinTypeSPI</name>
         <load_address>0x20008bce</load_address>
         <run_address>0x20008bce</run_address>
         <size>0x1a</size>
         <input_file_ref idref="fl-165"/>
      </object_component>
      <object_component id="oc-15b">
         <name>.text:PinTypeUART</name>
         <load_address>0x20008be8</load_address>
         <run_address>0x20008be8</run_address>
         <size>0x1a</size>
         <input_file_ref idref="fl-165"/>
      </object_component>
      <object_component id="oc-20f">
         <name>.text:GPIOPinRead</name>
         <load_address>0x20008c02</load_address>
         <run_address>0x20008c02</run_address>
         <size>0x18</size>
         <input_file_ref idref="fl-163"/>
      </object_component>
      <object_component id="oc-1b8">
         <name>.text:SPIEnable</name>
         <load_address>0x20008c1a</load_address>
         <run_address>0x20008c1a</run_address>
         <size>0x18</size>
         <input_file_ref idref="fl-167"/>
      </object_component>
      <object_component id="oc-17a">
         <name>.text:UARTCharsAvail</name>
         <load_address>0x20008c32</load_address>
         <run_address>0x20008c32</run_address>
         <size>0x18</size>
         <input_file_ref idref="fl-168"/>
      </object_component>
      <object_component id="oc-67">
         <name>.text</name>
         <load_address>0x20008c4c</load_address>
         <run_address>0x20008c4c</run_address>
         <size>0x18</size>
         <input_file_ref idref="fl-14e"/>
      </object_component>
      <object_component id="oc-136">
         <name>.text:PRCMHIBRegRead</name>
         <load_address>0x20008c64</load_address>
         <run_address>0x20008c64</run_address>
         <size>0x16</size>
         <input_file_ref idref="fl-166"/>
      </object_component>
      <object_component id="oc-13c">
         <name>.text:PRCMHIBRegWrite</name>
         <load_address>0x20008c7a</load_address>
         <run_address>0x20008c7a</run_address>
         <size>0x16</size>
         <input_file_ref idref="fl-166"/>
      </object_component>
      <object_component id="oc-fc">
         <name>.text:UARTCharGet</name>
         <load_address>0x20008c90</load_address>
         <run_address>0x20008c90</run_address>
         <size>0x16</size>
         <input_file_ref idref="fl-168"/>
      </object_component>
      <object_component id="oc-315">
         <name>.text</name>
         <load_address>0x20008ca6</load_address>
         <run_address>0x20008ca6</run_address>
         <size>0x16</size>
         <input_file_ref idref="fl-15f"/>
      </object_component>
      <object_component id="oc-126">
         <name>.text:CPUcpsie</name>
         <load_address>0x20008cbc</load_address>
         <run_address>0x20008cbc</run_address>
         <size>0x14</size>
         <input_file_ref idref="fl-16a"/>
      </object_component>
      <object_component id="oc-cc">
         <name>.text:IntVTableBaseSet</name>
         <load_address>0x20008cd0</load_address>
         <run_address>0x20008cd0</run_address>
         <size>0x14</size>
         <input_file_ref idref="fl-164"/>
      </object_component>
      <object_component id="oc-110">
         <name>.text</name>
         <load_address>0x20008ce4</load_address>
         <run_address>0x20008ce4</run_address>
         <size>0x14</size>
         <input_file_ref idref="fl-14c"/>
      </object_component>
      <object_component id="oc-186">
         <name>.text</name>
         <load_address>0x20008cf8</load_address>
         <run_address>0x20008cf8</run_address>
         <size>0x14</size>
         <input_file_ref idref="fl-146"/>
      </object_component>
      <object_component id="oc-12">
         <name>.text:decompress:none</name>
         <load_address>0x20008d0c</load_address>
         <run_address>0x20008d0c</run_address>
         <size>0xe</size>
         <input_file_ref idref="fl-130"/>
      </object_component>
      <object_component id="oc-2d">
         <name>.text</name>
         <load_address>0x20008d1a</load_address>
         <run_address>0x20008d1a</run_address>
         <size>0xe</size>
         <input_file_ref idref="fl-7"/>
      </object_component>
      <object_component id="oc-1e">
         <name>.text:decompress:ZI</name>
         <load_address>0x20008d28</load_address>
         <run_address>0x20008d28</run_address>
         <size>0xc</size>
         <input_file_ref idref="fl-132"/>
      </object_component>
      <object_component id="oc-d2">
         <name>.text:IntMasterEnable</name>
         <load_address>0x20008d34</load_address>
         <run_address>0x20008d34</run_address>
         <size>0xa</size>
         <input_file_ref idref="fl-164"/>
      </object_component>
      <object_component id="oc-248">
         <name>.text:UtilsDelay</name>
         <load_address>0x20008d3e</load_address>
         <run_address>0x20008d3e</run_address>
         <size>0x6</size>
         <input_file_ref idref="fl-169"/>
      </object_component>
      <object_component id="oc-18">
         <name>.text:decompress:rle24</name>
         <load_address>0x20008d44</load_address>
         <run_address>0x20008d44</run_address>
         <size>0x6</size>
         <input_file_ref idref="fl-131"/>
      </object_component>
      <object_component id="oc-5b">
         <name>.text</name>
         <load_address>0x20008d4a</load_address>
         <run_address>0x20008d4a</run_address>
         <size>0x4</size>
         <input_file_ref idref="fl-143"/>
      </object_component>
      <object_component id="oc-375">
         <name>.const:.string:_ctypes_</name>
         <load_address>0x20008d50</load_address>
         <run_address>0x20008d50</run_address>
         <size>0x101</size>
         <input_file_ref idref="fl-152"/>
      </object_component>
      <object_component id="oc-2ed">
         <name>.const:g_ulPinToPadMap</name>
         <load_address>0x20008e54</load_address>
         <run_address>0x20008e54</run_address>
         <size>0x100</size>
         <input_file_ref idref="fl-165"/>
      </object_component>
      <object_component id="oc-24b">
         <name>.const:PRCM_PeriphRegsList</name>
         <load_address>0x20008f54</load_address>
         <run_address>0x20008f54</run_address>
         <size>0xa8</size>
         <input_file_ref idref="fl-166"/>
      </object_component>
      <object_component id="oc-132">
         <name>.const</name>
         <load_address>0x20008ffc</load_address>
         <run_address>0x20008ffc</run_address>
         <size>0x80</size>
         <input_file_ref idref="fl-164"/>
      </object_component>
      <object_component id="oc-3f3">
         <name>.cinit..data.load</name>
         <load_address>0x20009080</load_address>
         <run_address>0x20009080</run_address>
         <size>0x54</size>
      </object_component>
      <object_component id="oc-3f1">
         <name>__TI_handler_table</name>
         <load_address>0x200090d4</load_address>
         <run_address>0x200090d4</run_address>
         <size>0xc</size>
      </object_component>
      <object_component id="oc-3f4">
         <name>.cinit..bss.load</name>
         <load_address>0x200090e0</load_address>
         <run_address>0x200090e0</run_address>
         <size>0x8</size>
      </object_component>
      <object_component id="oc-3f2">
         <name>__TI_cinit_table</name>
         <load_address>0x200090e8</load_address>
         <run_address>0x200090e8</run_address>
         <size>0x10</size>
      </object_component>
      <object_component id="oc-2a">
         <name>.sysmem</name>
         <uninitialized>true</uninitialized>
         <run_address>0x20017000</run_address>
         <size>0x8</size>
         <input_file_ref idref="fl-141"/>
      </object_component>
      <object_component id="oc-3f6">
         <name>.sysmem</name>
         <uninitialized>true</uninitialized>
         <run_address>0x20017000</run_address>
         <size>0x0</size>
      </object_component>
      <object_component id="oc-29">
         <name>.stack</name>
         <uninitialized>true</uninitialized>
         <run_address>0x2002f800</run_address>
         <size>0x0</size>
         <input_file_ref idref="fl-12f"/>
      </object_component>
      <object_component id="oc-3f5">
         <name>.stack</name>
         <uninitialized>true</uninitialized>
         <run_address>0x2002f800</run_address>
         <size>0x0</size>
      </object_component>
      <object_component id="oc-215">
         <name>.bss:g_ucTxBuff</name>
         <uninitialized>true</uninitialized>
         <run_address>0x200179d0</run_address>
         <size>0x64</size>
         <input_file_ref idref="fl-2"/>
      </object_component>
      <object_component id="oc-218">
         <name>.bss:g_ucRxBuff</name>
         <uninitialized>true</uninitialized>
         <run_address>0x2001796c</run_address>
         <size>0x64</size>
         <input_file_ref idref="fl-2"/>
      </object_component>
      <object_component id="oc-238">
         <name>.common:s_m3_m5</name>
         <uninitialized>true</uninitialized>
         <run_address>0x20017a38</run_address>
         <size>0x1</size>
      </object_component>
      <object_component id="oc-198">
         <name>.common:__Errorlog</name>
         <uninitialized>true</uninitialized>
         <run_address>0x20017a34</run_address>
         <size>0x4</size>
      </object_component>
      <object_component id="oc-206">
         <name>.data</name>
         <load_address>0x2001793c</load_address>
         <run_address>0x2001793c</run_address>
         <size>0x8</size>
         <input_file_ref idref="fl-2"/>
      </object_component>
      <object_component id="oc-22f">
         <name>.data</name>
         <load_address>0x20017944</load_address>
         <run_address>0x20017944</run_address>
         <size>0x8</size>
         <input_file_ref idref="fl-4"/>
      </object_component>
      <object_component id="oc-aa">
         <name>.data</name>
         <load_address>0x20017954</load_address>
         <run_address>0x20017954</run_address>
         <size>0x8</size>
         <input_file_ref idref="fl-133"/>
      </object_component>
      <object_component id="oc-287">
         <name>.data</name>
         <load_address>0x20017930</load_address>
         <run_address>0x20017930</run_address>
         <size>0xc</size>
         <input_file_ref idref="fl-141"/>
      </object_component>
      <object_component id="oc-73">
         <name>.data</name>
         <load_address>0x20017968</load_address>
         <run_address>0x20017968</run_address>
         <size>0x4</size>
         <input_file_ref idref="fl-145"/>
      </object_component>
      <object_component id="oc-2dc">
         <name>.data</name>
         <load_address>0x200178b0</load_address>
         <run_address>0x200178b0</run_address>
         <size>0x80</size>
         <input_file_ref idref="fl-14b"/>
      </object_component>
      <object_component id="oc-a7">
         <name>.data</name>
         <load_address>0x2001794c</load_address>
         <run_address>0x2001794c</run_address>
         <size>0x8</size>
         <input_file_ref idref="fl-14c"/>
      </object_component>
      <object_component id="oc-358">
         <name>.data</name>
         <load_address>0x20017964</load_address>
         <run_address>0x20017964</run_address>
         <size>0x4</size>
         <input_file_ref idref="fl-153"/>
      </object_component>
      <object_component id="oc-38d">
         <name>.data</name>
         <load_address>0x2001795c</load_address>
         <run_address>0x2001795c</run_address>
         <size>0x8</size>
         <input_file_ref idref="fl-156"/>
      </object_component>
      <object_component id="oc-3be">
         <name>.data:sigtable</name>
         <load_address>0x20017800</load_address>
         <run_address>0x20017800</run_address>
         <size>0xb0</size>
         <input_file_ref idref="fl-15e"/>
      </object_component>
      <object_component id="oc-221">
         <name>.debug_info</name>
         <load_address>0x0</load_address>
         <run_address>0x0</run_address>
         <size>0x355</size>
         <input_file_ref idref="fl-2"/>
      </object_component>
      <object_component id="oc-216">
         <name>.debug_info</name>
         <load_address>0x355</load_address>
         <run_address>0x355</run_address>
         <size>0xd7</size>
         <input_file_ref idref="fl-2"/>
      </object_component>
      <object_component id="oc-219">
         <name>.debug_info</name>
         <load_address>0x42c</load_address>
         <run_address>0x42c</run_address>
         <size>0xd7</size>
         <input_file_ref idref="fl-2"/>
      </object_component>
      <object_component id="oc-207">
         <name>.debug_info</name>
         <load_address>0x503</load_address>
         <run_address>0x503</run_address>
         <size>0xe7</size>
         <input_file_ref idref="fl-2"/>
      </object_component>
      <object_component id="oc-f1">
         <name>.debug_info</name>
         <load_address>0x5ea</load_address>
         <run_address>0x5ea</run_address>
         <size>0x2607</size>
         <input_file_ref idref="fl-2"/>
      </object_component>
      <object_component id="oc-21c">
         <name>.debug_info</name>
         <load_address>0x2bf1</load_address>
         <run_address>0x2bf1</run_address>
         <size>0x73</size>
         <input_file_ref idref="fl-2"/>
      </object_component>
      <object_component id="oc-2e8">
         <name>.debug_info</name>
         <load_address>0x2c64</load_address>
         <run_address>0x2c64</run_address>
         <size>0x62</size>
         <input_file_ref idref="fl-2"/>
      </object_component>
      <object_component id="oc-7e">
         <name>.debug_info</name>
         <load_address>0x2cc6</load_address>
         <run_address>0x2cc6</run_address>
         <size>0x84</size>
         <input_file_ref idref="fl-2"/>
      </object_component>
      <object_component id="oc-12d">
         <name>.debug_info</name>
         <load_address>0x2d4a</load_address>
         <run_address>0x2d4a</run_address>
         <size>0x2c</size>
         <input_file_ref idref="fl-2"/>
      </object_component>
      <object_component id="oc-8e">
         <name>.debug_info</name>
         <load_address>0x2d76</load_address>
         <run_address>0x2d76</run_address>
         <size>0x2c</size>
         <input_file_ref idref="fl-2"/>
      </object_component>
      <object_component id="oc-19c">
         <name>.debug_info</name>
         <load_address>0x2da2</load_address>
         <run_address>0x2da2</run_address>
         <size>0x4e</size>
         <input_file_ref idref="fl-2"/>
      </object_component>
      <object_component id="oc-f7">
         <name>.debug_info</name>
         <load_address>0x2df0</load_address>
         <run_address>0x2df0</run_address>
         <size>0x22e</size>
         <input_file_ref idref="fl-3"/>
      </object_component>
      <object_component id="oc-239">
         <name>.debug_info</name>
         <load_address>0x301e</load_address>
         <run_address>0x301e</run_address>
         <size>0x2da</size>
         <input_file_ref idref="fl-4"/>
      </object_component>
      <object_component id="oc-230">
         <name>.debug_info</name>
         <load_address>0x32f8</load_address>
         <run_address>0x32f8</run_address>
         <size>0xe3</size>
         <input_file_ref idref="fl-4"/>
      </object_component>
      <object_component id="oc-103">
         <name>.debug_info</name>
         <load_address>0x33db</load_address>
         <run_address>0x33db</run_address>
         <size>0x1569</size>
         <input_file_ref idref="fl-4"/>
      </object_component>
      <object_component id="oc-23c">
         <name>.debug_info</name>
         <load_address>0x4944</load_address>
         <run_address>0x4944</run_address>
         <size>0x63</size>
         <input_file_ref idref="fl-4"/>
      </object_component>
      <object_component id="oc-a0">
         <name>.debug_info</name>
         <load_address>0x49a7</load_address>
         <run_address>0x49a7</run_address>
         <size>0x28f</size>
         <input_file_ref idref="fl-5"/>
      </object_component>
      <object_component id="oc-e5">
         <name>.debug_info</name>
         <load_address>0x4c36</load_address>
         <run_address>0x4c36</run_address>
         <size>0x14d</size>
         <input_file_ref idref="fl-6"/>
      </object_component>
      <object_component id="oc-35">
         <name>.debug_info</name>
         <load_address>0x4d83</load_address>
         <run_address>0x4d83</run_address>
         <size>0x12a</size>
         <input_file_ref idref="fl-7"/>
      </object_component>
      <object_component id="oc-10">
         <name>.debug_info</name>
         <load_address>0x4ead</load_address>
         <run_address>0x4ead</run_address>
         <size>0x10f</size>
         <input_file_ref idref="fl-7"/>
      </object_component>
      <object_component id="oc-2e">
         <name>.debug_info</name>
         <load_address>0x4fbc</load_address>
         <run_address>0x4fbc</run_address>
         <size>0x430</size>
         <input_file_ref idref="fl-7"/>
      </object_component>
      <object_component id="oc-199">
         <name>.debug_info</name>
         <load_address>0x53ec</load_address>
         <run_address>0x53ec</run_address>
         <size>0x3aa</size>
         <input_file_ref idref="fl-8"/>
      </object_component>
      <object_component id="oc-eb">
         <name>.debug_info</name>
         <load_address>0x5796</load_address>
         <run_address>0x5796</run_address>
         <size>0x8e3</size>
         <input_file_ref idref="fl-8"/>
      </object_component>
      <object_component id="oc-1a1">
         <name>.debug_info</name>
         <load_address>0x6079</load_address>
         <run_address>0x6079</run_address>
         <size>0x110</size>
         <input_file_ref idref="fl-8"/>
      </object_component>
      <object_component id="oc-26">
         <name>.debug_info</name>
         <load_address>0x6189</load_address>
         <run_address>0x6189</run_address>
         <size>0x11c</size>
         <input_file_ref idref="fl-12f"/>
      </object_component>
      <object_component id="oc-41">
         <name>.debug_info</name>
         <load_address>0x62a5</load_address>
         <run_address>0x62a5</run_address>
         <size>0x109</size>
         <input_file_ref idref="fl-130"/>
      </object_component>
      <object_component id="oc-13">
         <name>.debug_info</name>
         <load_address>0x63ae</load_address>
         <run_address>0x63ae</run_address>
         <size>0x1a8</size>
         <input_file_ref idref="fl-130"/>
      </object_component>
      <object_component id="oc-3c">
         <name>.debug_info</name>
         <load_address>0x6556</load_address>
         <run_address>0x6556</run_address>
         <size>0x46</size>
         <input_file_ref idref="fl-130"/>
      </object_component>
      <object_component id="oc-84">
         <name>.debug_info</name>
         <load_address>0x659c</load_address>
         <run_address>0x659c</run_address>
         <size>0x2c</size>
         <input_file_ref idref="fl-130"/>
      </object_component>
      <object_component id="oc-49">
         <name>.debug_info</name>
         <load_address>0x65c8</load_address>
         <run_address>0x65c8</run_address>
         <size>0xfd</size>
         <input_file_ref idref="fl-131"/>
      </object_component>
      <object_component id="oc-45">
         <name>.debug_info</name>
         <load_address>0x66c5</load_address>
         <run_address>0x66c5</run_address>
         <size>0x210</size>
         <input_file_ref idref="fl-131"/>
      </object_component>
      <object_component id="oc-1b">
         <name>.debug_info</name>
         <load_address>0x68d5</load_address>
         <run_address>0x68d5</run_address>
         <size>0x17a</size>
         <input_file_ref idref="fl-131"/>
      </object_component>
      <object_component id="oc-4a">
         <name>.debug_info</name>
         <load_address>0x6a4f</load_address>
         <run_address>0x6a4f</run_address>
         <size>0x39</size>
         <input_file_ref idref="fl-131"/>
      </object_component>
      <object_component id="oc-5a">
         <name>.debug_info</name>
         <load_address>0x6a88</load_address>
         <run_address>0x6a88</run_address>
         <size>0xf8</size>
         <input_file_ref idref="fl-132"/>
      </object_component>
      <object_component id="oc-21">
         <name>.debug_info</name>
         <load_address>0x6b80</load_address>
         <run_address>0x6b80</run_address>
         <size>0x173</size>
         <input_file_ref idref="fl-132"/>
      </object_component>
      <object_component id="oc-55">
         <name>.debug_info</name>
         <load_address>0x6cf3</load_address>
         <run_address>0x6cf3</run_address>
         <size>0x46</size>
         <input_file_ref idref="fl-132"/>
      </object_component>
      <object_component id="oc-ae">
         <name>.debug_info</name>
         <load_address>0x6d39</load_address>
         <run_address>0x6d39</run_address>
         <size>0x15a</size>
         <input_file_ref idref="fl-133"/>
      </object_component>
      <object_component id="oc-ab">
         <name>.debug_info</name>
         <load_address>0x6e93</load_address>
         <run_address>0x6e93</run_address>
         <size>0xff</size>
         <input_file_ref idref="fl-133"/>
      </object_component>
      <object_component id="oc-6e">
         <name>.debug_info</name>
         <load_address>0x6f92</load_address>
         <run_address>0x6f92</run_address>
         <size>0x1d6</size>
         <input_file_ref idref="fl-133"/>
      </object_component>
      <object_component id="oc-1fd">
         <name>.debug_info</name>
         <load_address>0x7168</load_address>
         <run_address>0x7168</run_address>
         <size>0x111</size>
         <input_file_ref idref="fl-134"/>
      </object_component>
      <object_component id="oc-202">
         <name>.debug_info</name>
         <load_address>0x7279</load_address>
         <run_address>0x7279</run_address>
         <size>0xed</size>
         <input_file_ref idref="fl-135"/>
      </object_component>
      <object_component id="oc-1f3">
         <name>.debug_info</name>
         <load_address>0x7366</load_address>
         <run_address>0x7366</run_address>
         <size>0xef</size>
         <input_file_ref idref="fl-135"/>
      </object_component>
      <object_component id="oc-1f8">
         <name>.debug_info</name>
         <load_address>0x7455</load_address>
         <run_address>0x7455</run_address>
         <size>0xff</size>
         <input_file_ref idref="fl-136"/>
      </object_component>
      <object_component id="oc-1e9">
         <name>.debug_info</name>
         <load_address>0x7554</load_address>
         <run_address>0x7554</run_address>
         <size>0xfa</size>
         <input_file_ref idref="fl-137"/>
      </object_component>
      <object_component id="oc-1d5">
         <name>.debug_info</name>
         <load_address>0x764e</load_address>
         <run_address>0x764e</run_address>
         <size>0xfe</size>
         <input_file_ref idref="fl-138"/>
      </object_component>
      <object_component id="oc-1e4">
         <name>.debug_info</name>
         <load_address>0x774c</load_address>
         <run_address>0x774c</run_address>
         <size>0x105</size>
         <input_file_ref idref="fl-139"/>
      </object_component>
      <object_component id="oc-1df">
         <name>.debug_info</name>
         <load_address>0x7851</load_address>
         <run_address>0x7851</run_address>
         <size>0x111</size>
         <input_file_ref idref="fl-13a"/>
      </object_component>
      <object_component id="oc-1da">
         <name>.debug_info</name>
         <load_address>0x7962</load_address>
         <run_address>0x7962</run_address>
         <size>0x113</size>
         <input_file_ref idref="fl-13a"/>
      </object_component>
      <object_component id="oc-1ee">
         <name>.debug_info</name>
         <load_address>0x7a75</load_address>
         <run_address>0x7a75</run_address>
         <size>0xff</size>
         <input_file_ref idref="fl-13b"/>
      </object_component>
      <object_component id="oc-1cb">
         <name>.debug_info</name>
         <load_address>0x7b74</load_address>
         <run_address>0x7b74</run_address>
         <size>0xff</size>
         <input_file_ref idref="fl-13c"/>
      </object_component>
      <object_component id="oc-1d0">
         <name>.debug_info</name>
         <load_address>0x7c73</load_address>
         <run_address>0x7c73</run_address>
         <size>0xf1</size>
         <input_file_ref idref="fl-13d"/>
      </object_component>
      <object_component id="oc-22b">
         <name>.debug_info</name>
         <load_address>0x7d64</load_address>
         <run_address>0x7d64</run_address>
         <size>0x10e</size>
         <input_file_ref idref="fl-13e"/>
      </object_component>
      <object_component id="oc-37">
         <name>.debug_info</name>
         <load_address>0x7e72</load_address>
         <run_address>0x7e72</run_address>
         <size>0xde</size>
         <input_file_ref idref="fl-13f"/>
      </object_component>
      <object_component id="oc-286">
         <name>.debug_info</name>
         <load_address>0x7f50</load_address>
         <run_address>0x7f50</run_address>
         <size>0xf5</size>
         <input_file_ref idref="fl-140"/>
      </object_component>
      <object_component id="oc-18d">
         <name>.debug_info</name>
         <load_address>0x8045</load_address>
         <run_address>0x8045</run_address>
         <size>0x174</size>
         <input_file_ref idref="fl-140"/>
      </object_component>
      <object_component id="oc-79">
         <name>.debug_info</name>
         <load_address>0x81b9</load_address>
         <run_address>0x81b9</run_address>
         <size>0x1eb</size>
         <input_file_ref idref="fl-141"/>
      </object_component>
      <object_component id="oc-2b">
         <name>.debug_info</name>
         <load_address>0x83a4</load_address>
         <run_address>0x83a4</run_address>
         <size>0xca</size>
         <input_file_ref idref="fl-141"/>
      </object_component>
      <object_component id="oc-288">
         <name>.debug_info</name>
         <load_address>0x846e</load_address>
         <run_address>0x846e</run_address>
         <size>0x115</size>
         <input_file_ref idref="fl-141"/>
      </object_component>
      <object_component id="oc-193">
         <name>.debug_info</name>
         <load_address>0x8583</load_address>
         <run_address>0x8583</run_address>
         <size>0x854</size>
         <input_file_ref idref="fl-141"/>
      </object_component>
      <object_component id="oc-b4">
         <name>.debug_info</name>
         <load_address>0x8dd7</load_address>
         <run_address>0x8dd7</run_address>
         <size>0x2c</size>
         <input_file_ref idref="fl-141"/>
      </object_component>
      <object_component id="oc-b9">
         <name>.debug_info</name>
         <load_address>0x8e03</load_address>
         <run_address>0x8e03</run_address>
         <size>0x62</size>
         <input_file_ref idref="fl-141"/>
      </object_component>
      <object_component id="oc-51">
         <name>.debug_info</name>
         <load_address>0x8e65</load_address>
         <run_address>0x8e65</run_address>
         <size>0x10c</size>
         <input_file_ref idref="fl-142"/>
      </object_component>
      <object_component id="oc-5c">
         <name>.debug_info</name>
         <load_address>0x8f71</load_address>
         <run_address>0x8f71</run_address>
         <size>0x111</size>
         <input_file_ref idref="fl-143"/>
      </object_component>
      <object_component id="oc-393">
         <name>.debug_info</name>
         <load_address>0x9082</load_address>
         <run_address>0x9082</run_address>
         <size>0x147</size>
         <input_file_ref idref="fl-144"/>
      </object_component>
      <object_component id="oc-233">
         <name>.debug_info</name>
         <load_address>0x91c9</load_address>
         <run_address>0x91c9</run_address>
         <size>0x24a</size>
         <input_file_ref idref="fl-144"/>
      </object_component>
      <object_component id="oc-35e">
         <name>.debug_info</name>
         <load_address>0x9413</load_address>
         <run_address>0x9413</run_address>
         <size>0x86</size>
         <input_file_ref idref="fl-144"/>
      </object_component>
      <object_component id="oc-74">
         <name>.debug_info</name>
         <load_address>0x9499</load_address>
         <run_address>0x9499</run_address>
         <size>0xd2</size>
         <input_file_ref idref="fl-145"/>
      </object_component>
      <object_component id="oc-284">
         <name>.debug_info</name>
         <load_address>0x956b</load_address>
         <run_address>0x956b</run_address>
         <size>0xb3</size>
         <input_file_ref idref="fl-146"/>
      </object_component>
      <object_component id="oc-187">
         <name>.debug_info</name>
         <load_address>0x961e</load_address>
         <run_address>0x961e</run_address>
         <size>0x193</size>
         <input_file_ref idref="fl-146"/>
      </object_component>
      <object_component id="oc-276">
         <name>.debug_info</name>
         <load_address>0x97b1</load_address>
         <run_address>0x97b1</run_address>
         <size>0x191</size>
         <input_file_ref idref="fl-147"/>
      </object_component>
      <object_component id="oc-175">
         <name>.debug_info</name>
         <load_address>0x9942</load_address>
         <run_address>0x9942</run_address>
         <size>0x325</size>
         <input_file_ref idref="fl-147"/>
      </object_component>
      <object_component id="oc-277">
         <name>.debug_info</name>
         <load_address>0x9c67</load_address>
         <run_address>0x9c67</run_address>
         <size>0x2c</size>
         <input_file_ref idref="fl-147"/>
      </object_component>
      <object_component id="oc-27c">
         <name>.debug_info</name>
         <load_address>0x9c93</load_address>
         <run_address>0x9c93</run_address>
         <size>0x69</size>
         <input_file_ref idref="fl-147"/>
      </object_component>
      <object_component id="oc-351">
         <name>.debug_info</name>
         <load_address>0x9cfc</load_address>
         <run_address>0x9cfc</run_address>
         <size>0xf9</size>
         <input_file_ref idref="fl-148"/>
      </object_component>
      <object_component id="oc-2d2">
         <name>.debug_info</name>
         <load_address>0x9df5</load_address>
         <run_address>0x9df5</run_address>
         <size>0x17a</size>
         <input_file_ref idref="fl-148"/>
      </object_component>
      <object_component id="oc-34e">
         <name>.debug_info</name>
         <load_address>0x9f6f</load_address>
         <run_address>0x9f6f</run_address>
         <size>0xe3</size>
         <input_file_ref idref="fl-149"/>
      </object_component>
      <object_component id="oc-2c9">
         <name>.debug_info</name>
         <load_address>0xa052</load_address>
         <run_address>0xa052</run_address>
         <size>0x15b</size>
         <input_file_ref idref="fl-149"/>
      </object_component>
      <object_component id="oc-2d7">
         <name>.debug_info</name>
         <load_address>0xa1ad</load_address>
         <run_address>0xa1ad</run_address>
         <size>0x13b</size>
         <input_file_ref idref="fl-14a"/>
      </object_component>
      <object_component id="oc-2dd">
         <name>.debug_info</name>
         <load_address>0xa2e8</load_address>
         <run_address>0xa2e8</run_address>
         <size>0x19d</size>
         <input_file_ref idref="fl-14b"/>
      </object_component>
      <object_component id="oc-118">
         <name>.debug_info</name>
         <load_address>0xa485</load_address>
         <run_address>0xa485</run_address>
         <size>0xed</size>
         <input_file_ref idref="fl-14c"/>
      </object_component>
      <object_component id="oc-a8">
         <name>.debug_info</name>
         <load_address>0xa572</load_address>
         <run_address>0xa572</run_address>
         <size>0xdc</size>
         <input_file_ref idref="fl-14c"/>
      </object_component>
      <object_component id="oc-112">
         <name>.debug_info</name>
         <load_address>0xa64e</load_address>
         <run_address>0xa64e</run_address>
         <size>0x1e8</size>
         <input_file_ref idref="fl-14c"/>
      </object_component>
      <object_component id="oc-32e">
         <name>.debug_info</name>
         <load_address>0xa836</load_address>
         <run_address>0xa836</run_address>
         <size>0x320</size>
         <input_file_ref idref="fl-14d"/>
      </object_component>
      <object_component id="oc-270">
         <name>.debug_info</name>
         <load_address>0xab56</load_address>
         <run_address>0xab56</run_address>
         <size>0x17d0</size>
         <input_file_ref idref="fl-14d"/>
      </object_component>
      <object_component id="oc-32f">
         <name>.debug_info</name>
         <load_address>0xc326</load_address>
         <run_address>0xc326</run_address>
         <size>0x86</size>
         <input_file_ref idref="fl-14d"/>
      </object_component>
      <object_component id="oc-37c">
         <name>.debug_info</name>
         <load_address>0xc3ac</load_address>
         <run_address>0xc3ac</run_address>
         <size>0x46</size>
         <input_file_ref idref="fl-14d"/>
      </object_component>
      <object_component id="oc-334">
         <name>.debug_info</name>
         <load_address>0xc3f2</load_address>
         <run_address>0xc3f2</run_address>
         <size>0x39</size>
         <input_file_ref idref="fl-14d"/>
      </object_component>
      <object_component id="oc-a6">
         <name>.debug_info</name>
         <load_address>0xc42b</load_address>
         <run_address>0xc42b</run_address>
         <size>0x12f</size>
         <input_file_ref idref="fl-14e"/>
      </object_component>
      <object_component id="oc-6a">
         <name>.debug_info</name>
         <load_address>0xc55a</load_address>
         <run_address>0xc55a</run_address>
         <size>0x130</size>
         <input_file_ref idref="fl-14e"/>
      </object_component>
      <object_component id="oc-10b">
         <name>.debug_info</name>
         <load_address>0xc68a</load_address>
         <run_address>0xc68a</run_address>
         <size>0x5e</size>
         <input_file_ref idref="fl-14e"/>
      </object_component>
      <object_component id="oc-379">
         <name>.debug_info</name>
         <load_address>0xc6e8</load_address>
         <run_address>0xc6e8</run_address>
         <size>0xdd</size>
         <input_file_ref idref="fl-14f"/>
      </object_component>
      <object_component id="oc-328">
         <name>.debug_info</name>
         <load_address>0xc7c5</load_address>
         <run_address>0xc7c5</run_address>
         <size>0x13a</size>
         <input_file_ref idref="fl-14f"/>
      </object_component>
      <object_component id="oc-9e">
         <name>.debug_info</name>
         <load_address>0xc8ff</load_address>
         <run_address>0xc8ff</run_address>
         <size>0x286</size>
         <input_file_ref idref="fl-150"/>
      </object_component>
      <object_component id="oc-62">
         <name>.debug_info</name>
         <load_address>0xcb85</load_address>
         <run_address>0xcb85</run_address>
         <size>0x140</size>
         <input_file_ref idref="fl-150"/>
      </object_component>
      <object_component id="oc-c2">
         <name>.debug_info</name>
         <load_address>0xccc5</load_address>
         <run_address>0xccc5</run_address>
         <size>0x39</size>
         <input_file_ref idref="fl-150"/>
      </object_component>
      <object_component id="oc-c7">
         <name>.debug_info</name>
         <load_address>0xccfe</load_address>
         <run_address>0xccfe</run_address>
         <size>0xcd</size>
         <input_file_ref idref="fl-150"/>
      </object_component>
      <object_component id="oc-bf">
         <name>.debug_info</name>
         <load_address>0xcdcb</load_address>
         <run_address>0xcdcb</run_address>
         <size>0x1a9</size>
         <input_file_ref idref="fl-151"/>
      </object_component>
      <object_component id="oc-98">
         <name>.debug_info</name>
         <load_address>0xcf74</load_address>
         <run_address>0xcf74</run_address>
         <size>0x14c</size>
         <input_file_ref idref="fl-151"/>
      </object_component>
      <object_component id="oc-120">
         <name>.debug_info</name>
         <load_address>0xd0c0</load_address>
         <run_address>0xd0c0</run_address>
         <size>0x2c</size>
         <input_file_ref idref="fl-151"/>
      </object_component>
      <object_component id="oc-3a4">
         <name>.debug_info</name>
         <load_address>0xd0ec</load_address>
         <run_address>0xd0ec</run_address>
         <size>0xb7</size>
         <input_file_ref idref="fl-152"/>
      </object_component>
      <object_component id="oc-376">
         <name>.debug_info</name>
         <load_address>0xd1a3</load_address>
         <run_address>0xd1a3</run_address>
         <size>0xc3</size>
         <input_file_ref idref="fl-152"/>
      </object_component>
      <object_component id="oc-359">
         <name>.debug_info</name>
         <load_address>0xd266</load_address>
         <run_address>0xd266</run_address>
         <size>0xbe</size>
         <input_file_ref idref="fl-153"/>
      </object_component>
      <object_component id="oc-2cd">
         <name>.debug_info</name>
         <load_address>0xd324</load_address>
         <run_address>0xd324</run_address>
         <size>0xff</size>
         <input_file_ref idref="fl-154"/>
      </object_component>
      <object_component id="oc-2fa">
         <name>.debug_info</name>
         <load_address>0xd423</load_address>
         <run_address>0xd423</run_address>
         <size>0xf3</size>
         <input_file_ref idref="fl-155"/>
      </object_component>
      <object_component id="oc-3b8">
         <name>.debug_info</name>
         <load_address>0xd516</load_address>
         <run_address>0xd516</run_address>
         <size>0x126</size>
         <input_file_ref idref="fl-156"/>
      </object_component>
      <object_component id="oc-38e">
         <name>.debug_info</name>
         <load_address>0xd63c</load_address>
         <run_address>0xd63c</run_address>
         <size>0xf6</size>
         <input_file_ref idref="fl-156"/>
      </object_component>
      <object_component id="oc-353">
         <name>.debug_info</name>
         <load_address>0xd732</load_address>
         <run_address>0xd732</run_address>
         <size>0x157</size>
         <input_file_ref idref="fl-156"/>
      </object_component>
      <object_component id="oc-3b3">
         <name>.debug_info</name>
         <load_address>0xd889</load_address>
         <run_address>0xd889</run_address>
         <size>0x6f</size>
         <input_file_ref idref="fl-156"/>
      </object_component>
      <object_component id="oc-36c">
         <name>.debug_info</name>
         <load_address>0xd8f8</load_address>
         <run_address>0xd8f8</run_address>
         <size>0xe6</size>
         <input_file_ref idref="fl-157"/>
      </object_component>
      <object_component id="oc-30a">
         <name>.debug_info</name>
         <load_address>0xd9de</load_address>
         <run_address>0xd9de</run_address>
         <size>0x155</size>
         <input_file_ref idref="fl-157"/>
      </object_component>
      <object_component id="oc-2be">
         <name>.debug_info</name>
         <load_address>0xdb33</load_address>
         <run_address>0xdb33</run_address>
         <size>0xf3</size>
         <input_file_ref idref="fl-158"/>
      </object_component>
      <object_component id="oc-305">
         <name>.debug_info</name>
         <load_address>0xdc26</load_address>
         <run_address>0xdc26</run_address>
         <size>0xf1</size>
         <input_file_ref idref="fl-159"/>
      </object_component>
      <object_component id="oc-36e">
         <name>.debug_info</name>
         <load_address>0xdd17</load_address>
         <run_address>0xdd17</run_address>
         <size>0x12a</size>
         <input_file_ref idref="fl-15a"/>
      </object_component>
      <object_component id="oc-310">
         <name>.debug_info</name>
         <load_address>0xde41</load_address>
         <run_address>0xde41</run_address>
         <size>0x14c</size>
         <input_file_ref idref="fl-15a"/>
      </object_component>
      <object_component id="oc-369">
         <name>.debug_info</name>
         <load_address>0xdf8d</load_address>
         <run_address>0xdf8d</run_address>
         <size>0x115</size>
         <input_file_ref idref="fl-15b"/>
      </object_component>
      <object_component id="oc-2ff">
         <name>.debug_info</name>
         <load_address>0xe0a2</load_address>
         <run_address>0xe0a2</run_address>
         <size>0x18b</size>
         <input_file_ref idref="fl-15b"/>
      </object_component>
      <object_component id="oc-374">
         <name>.debug_info</name>
         <load_address>0xe22d</load_address>
         <run_address>0xe22d</run_address>
         <size>0xba</size>
         <input_file_ref idref="fl-15c"/>
      </object_component>
      <object_component id="oc-323">
         <name>.debug_info</name>
         <load_address>0xe2e7</load_address>
         <run_address>0xe2e7</run_address>
         <size>0x174</size>
         <input_file_ref idref="fl-15c"/>
      </object_component>
      <object_component id="oc-3b0">
         <name>.debug_info</name>
         <load_address>0xe45b</load_address>
         <run_address>0xe45b</run_address>
         <size>0xe5</size>
         <input_file_ref idref="fl-15d"/>
      </object_component>
      <object_component id="oc-388">
         <name>.debug_info</name>
         <load_address>0xe540</load_address>
         <run_address>0xe540</run_address>
         <size>0x13c</size>
         <input_file_ref idref="fl-15d"/>
      </object_component>
      <object_component id="oc-3c5">
         <name>.debug_info</name>
         <load_address>0xe67c</load_address>
         <run_address>0xe67c</run_address>
         <size>0x2c</size>
         <input_file_ref idref="fl-15d"/>
      </object_component>
      <object_component id="oc-3c2">
         <name>.debug_info</name>
         <load_address>0xe6a8</load_address>
         <run_address>0xe6a8</run_address>
         <size>0x105</size>
         <input_file_ref idref="fl-15e"/>
      </object_component>
      <object_component id="oc-3bf">
         <name>.debug_info</name>
         <load_address>0xe7ad</load_address>
         <run_address>0xe7ad</run_address>
         <size>0xc3</size>
         <input_file_ref idref="fl-15e"/>
      </object_component>
      <object_component id="oc-3aa">
         <name>.debug_info</name>
         <load_address>0xe870</load_address>
         <run_address>0xe870</run_address>
         <size>0x152</size>
         <input_file_ref idref="fl-15e"/>
      </object_component>
      <object_component id="oc-370">
         <name>.debug_info</name>
         <load_address>0xe9c2</load_address>
         <run_address>0xe9c2</run_address>
         <size>0xbe</size>
         <input_file_ref idref="fl-15f"/>
      </object_component>
      <object_component id="oc-316">
         <name>.debug_info</name>
         <load_address>0xea80</load_address>
         <run_address>0xea80</run_address>
         <size>0x1ad</size>
         <input_file_ref idref="fl-15f"/>
      </object_component>
      <object_component id="oc-2f6">
         <name>.debug_info</name>
         <load_address>0xec2d</load_address>
         <run_address>0xec2d</run_address>
         <size>0x14a</size>
         <input_file_ref idref="fl-160"/>
      </object_component>
      <object_component id="oc-372">
         <name>.debug_info</name>
         <load_address>0xed77</load_address>
         <run_address>0xed77</run_address>
         <size>0xdb</size>
         <input_file_ref idref="fl-161"/>
      </object_component>
      <object_component id="oc-31c">
         <name>.debug_info</name>
         <load_address>0xee52</load_address>
         <run_address>0xee52</run_address>
         <size>0x11c</size>
         <input_file_ref idref="fl-161"/>
      </object_component>
      <object_component id="oc-382">
         <name>.debug_info</name>
         <load_address>0xef6e</load_address>
         <run_address>0xef6e</run_address>
         <size>0xae</size>
         <input_file_ref idref="fl-162"/>
[...]
         <object_component_ref idref="oc-29"/>
      </symbol>
      <symbol id="sm-220">
         <name>__TI_decompress_none</name>
         <value>0x20008d0d</value>
         <object_component_ref idref="oc-12"/>
      </symbol>
      <symbol id="sm-243">
         <name>__TI_decompress_rle24</name>
         <value>0x20008d45</value>
         <object_component_ref idref="oc-18"/>
      </symbol>
      <symbol id="sm-255">
         <name>__TI_zero_init</name>
         <value>0x20008d29</value>
         <object_component_ref idref="oc-1e"/>
      </symbol>
      <symbol id="sm-274">
         <name>C$$EXIT</name>
         <value>0x200086b5</value>
         <object_component_ref idref="oc-6d"/>
      </symbol>
      <symbol id="sm-275">
         <name>abort</name>
         <value>0x200086b9</value>
         <object_component_ref idref="oc-6d"/>
      </symbol>
      <symbol id="sm-276">
         <name>exit</name>
         <value>0x200086c1</value>
         <object_component_ref idref="oc-6d"/>
      </symbol>
      <symbol id="sm-277">
         <name>__TI_dtors_ptr</name>
         <value>0x20017958</value>
         <object_component_ref idref="oc-aa"/>
      </symbol>
      <symbol id="sm-278">
         <name>__TI_cleanup_ptr</name>
         <value>0x20017954</value>
         <object_component_ref idref="oc-aa"/>
      </symbol>
      <symbol id="sm-29c">
         <name>__aeabi_dsub</name>
         <value>0x20006ef9</value>
         <object_component_ref idref="oc-1fc"/>
      </symbol>
      <symbol id="sm-29d">
         <name>__aeabi_dadd</name>
         <value>0x20006f03</value>
         <object_component_ref idref="oc-1fc"/>
      </symbol>
      <symbol id="sm-2c4">
         <name>__aeabi_cdcmpeq</name>
         <value>0x20007fdd</value>
         <object_component_ref idref="oc-201"/>
      </symbol>
      <symbol id="sm-2c5">
         <name>__aeabi_cdcmple</name>
         <value>0x20007fdd</value>
         <object_component_ref idref="oc-201"/>
      </symbol>
      <symbol id="sm-2c6">
         <name>__aeabi_cdrcmple</name>
         <value>0x20008063</value>
         <object_component_ref idref="oc-1f2"/>
      </symbol>
      <symbol id="sm-2dd">
         <name>__aeabi_dmul</name>
         <value>0x2000756d</value>
         <object_component_ref idref="oc-1f7"/>
      </symbol>
      <symbol id="sm-2ea">
         <name>__aeabi_d2f</name>
         <value>0x200085e1</value>
         <object_component_ref idref="oc-1e8"/>
      </symbol>
      <symbol id="sm-2f7">
         <name>__aeabi_d2uiz</name>
         <value>0x200086f9</value>
         <object_component_ref idref="oc-1d4"/>
      </symbol>
      <symbol id="sm-30f">
         <name>__aeabi_fadd</name>
         <value>0x2000766d</value>
         <object_component_ref idref="oc-1e3"/>
      </symbol>
      <symbol id="sm-310">
         <name>__aeabi_fsub</name>
         <value>0x20007669</value>
         <object_component_ref idref="oc-1e3"/>
      </symbol>
      <symbol id="sm-32b">
         <name>__aeabi_cfrcmple</name>
         <value>0x200083f1</value>
         <object_component_ref idref="oc-1d9"/>
      </symbol>
      <symbol id="sm-32c">
         <name>__aeabi_cfcmpeq</name>
         <value>0x20008391</value>
         <object_component_ref idref="oc-1de"/>
      </symbol>
      <symbol id="sm-32d">
         <name>__aeabi_cfcmple</name>
         <value>0x20008391</value>
         <object_component_ref idref="oc-1de"/>
      </symbol>
      <symbol id="sm-342">
         <name>__aeabi_fdiv</name>
         <value>0x20007db1</value>
         <object_component_ref idref="oc-1ed"/>
      </symbol>
      <symbol id="sm-354">
         <name>__aeabi_fmul</name>
         <value>0x200080e9</value>
         <object_component_ref idref="oc-1ca"/>
      </symbol>
      <symbol id="sm-362">
         <name>__aeabi_f2d</name>
         <value>0x20008835</value>
         <object_component_ref idref="oc-1cf"/>
      </symbol>
      <symbol id="sm-36e">
         <name>__aeabi_f2uiz</name>
         <value>0x20008911</value>
         <object_component_ref idref="oc-22a"/>
      </symbol>
      <symbol id="sm-389">
         <name>memcpy</name>
         <value>0x20007c81</value>
         <object_component_ref idref="oc-36"/>
      </symbol>
      <symbol id="sm-38a">
         <name>__aeabi_memcpy</name>
         <value>0x20007c81</value>
         <object_component_ref idref="oc-36"/>
      </symbol>
      <symbol id="sm-38b">
         <name>__aeabi_memcpy8</name>
         <value>0x20007c81</value>
         <object_component_ref idref="oc-36"/>
      </symbol>
      <symbol id="sm-38c">
         <name>__aeabi_memcpy4</name>
         <value>0x20007c81</value>
         <object_component_ref idref="oc-36"/>
      </symbol>
      <symbol id="sm-39c">
         <name>memmove</name>
         <value>0x20008ad5</value>
         <object_component_ref idref="oc-18c"/>
      </symbol>
      <symbol id="sm-413">
         <name>_sys_memory</name>
         <value>0x20017000</value>
         <object_component_ref idref="oc-2a"/>
      </symbol>
      <symbol id="sm-414">
         <name>free</name>
         <value>0x2000679f</value>
         <object_component_ref idref="oc-192"/>
      </symbol>
      <symbol id="sm-415">
         <name>realloc</name>
         <value>0x20006861</value>
         <object_component_ref idref="oc-192"/>
      </symbol>
      <symbol id="sm-416">
         <name>memalign</name>
         <value>0x2000696d</value>
         <object_component_ref idref="oc-192"/>
      </symbol>
      <symbol id="sm-417">
         <name>calloc</name>
         <value>0x20006a51</value>
         <object_component_ref idref="oc-192"/>
      </symbol>
      <symbol id="sm-418">
         <name>malloc</name>
         <value>0x20006737</value>
         <object_component_ref idref="oc-192"/>
      </symbol>
      <symbol id="sm-419">
         <name>minit</name>
         <value>0x200066a9</value>
         <object_component_ref idref="oc-192"/>
      </symbol>
      <symbol id="sm-428">
         <name>__aeabi_memset</name>
         <value>0x20008165</value>
         <object_component_ref idref="oc-4f"/>
      </symbol>
      <symbol id="sm-429">
         <name>memset</name>
         <value>0x2000816b</value>
         <object_component_ref idref="oc-4f"/>
      </symbol>
      <symbol id="sm-42a">
         <name>__aeabi_memset8</name>
         <value>0x20008165</value>
         <object_component_ref idref="oc-4f"/>
      </symbol>
      <symbol id="sm-42b">
         <name>__aeabi_memset4</name>
         <value>0x20008165</value>
         <object_component_ref idref="oc-4f"/>
      </symbol>
      <symbol id="sm-42c">
         <name>__aeabi_memclr8</name>
         <value>0x20008163</value>
         <object_component_ref idref="oc-4f"/>
      </symbol>
      <symbol id="sm-42d">
         <name>__aeabi_memclr4</name>
         <value>0x20008163</value>
         <object_component_ref idref="oc-4f"/>
      </symbol>
      <symbol id="sm-42e">
         <name>__aeabi_memclr</name>
         <value>0x20008163</value>
         <object_component_ref idref="oc-4f"/>
      </symbol>
      <symbol id="sm-438">
         <name>_system_pre_init</name>
         <value>0x20008d4b</value>
         <object_component_ref idref="oc-5b"/>
      </symbol>
      <symbol id="sm-457">
         <name>sqrt</name>
         <value>0x200070b1</value>
         <object_component_ref idref="oc-232"/>
      </symbol>
      <symbol id="sm-45f">
         <name>main_func_sp</name>
         <value>0x20017968</value>
         <object_component_ref idref="oc-73"/>
      </symbol>
      <symbol id="sm-46d">
         <name>strlen</name>
         <value>0x20008cf9</value>
         <object_component_ref idref="oc-186"/>
      </symbol>
      <symbol id="sm-48e">
         <name>vsnprintf</name>
         <value>0x20007f55</value>
         <object_component_ref idref="oc-174"/>
      </symbol>
      <symbol id="sm-4aa">
         <name>_Dscale</name>
         <value>0x2000745d</value>
         <object_component_ref idref="oc-2d0"/>
      </symbol>
      <symbol id="sm-4be">
         <name>_Dunscale</name>
         <value>0x2000832b</value>
         <object_component_ref idref="oc-2c5"/>
      </symbol>
      <symbol id="sm-4cd">
         <name>_Feraise</name>
         <value>0x200089a5</value>
         <object_component_ref idref="oc-2d6"/>
      </symbol>
      <symbol id="sm-4dd">
         <name>_Rteps</name>
         <value>0x20017910</value>
         <object_component_ref idref="oc-2dc"/>
      </symbol>
      <symbol id="sm-4de">
         <name>_Zero</name>
         <value>0x20017928</value>
         <object_component_ref idref="oc-2dc"/>
      </symbol>
      <symbol id="sm-4df">
         <name>_Hugeval</name>
         <value>0x200178d0</value>
         <object_component_ref idref="oc-2dc"/>
      </symbol>
      <symbol id="sm-4e0">
         <name>_Snan</name>
         <value>0x20017900</value>
         <object_component_ref idref="oc-2dc"/>
      </symbol>
      <symbol id="sm-4e1">
         <name>_Nan</name>
         <value>0x200178f0</value>
         <object_component_ref idref="oc-2dc"/>
      </symbol>
      <symbol id="sm-4e2">
         <name>_Inf</name>
         <value>0x200178e0</value>
         <object_component_ref idref="oc-2dc"/>
      </symbol>
      <symbol id="sm-4e3">
         <name>_Xbig</name>
         <value>0x20017920</value>
         <object_component_ref idref="oc-2dc"/>
      </symbol>
      <symbol id="sm-4e4">
         <name>_Eps</name>
         <value>0x200178c0</value>
         <object_component_ref idref="oc-2dc"/>
      </symbol>
      <symbol id="sm-4e5">
         <name>_Denorm</name>
         <value>0x200178b0</value>
         <object_component_ref idref="oc-2dc"/>
      </symbol>
      <symbol id="sm-4fe">
         <name>_nop</name>
         <value>0x20008cf3</value>
         <object_component_ref idref="oc-110"/>
      </symbol>
      <symbol id="sm-4ff">
         <name>_lock</name>
         <value>0x2001794c</value>
         <object_component_ref idref="oc-a7"/>
      </symbol>
      <symbol id="sm-500">
         <name>_unlock</name>
         <value>0x20017950</value>
         <object_component_ref idref="oc-a7"/>
      </symbol>
      <symbol id="sm-501">
         <name>_register_lock</name>
         <value>0x20008ceb</value>
         <object_component_ref idref="oc-110"/>
      </symbol>
      <symbol id="sm-502">
         <name>_register_unlock</name>
         <value>0x20008ce5</value>
         <object_component_ref idref="oc-110"/>
      </symbol>
      <symbol id="sm-607">
         <name>__TI_printfi</name>
         <value>0x200051a1</value>
         <object_component_ref idref="oc-26f"/>
      </symbol>
      <symbol id="sm-61c">
         <name>_args_main</name>
         <value>0x20008c4d</value>
         <object_component_ref idref="oc-67"/>
      </symbol>
      <symbol id="sm-632">
         <name>atoi</name>
         <value>0x20008501</value>
         <object_component_ref idref="oc-327"/>
      </symbol>
      <symbol id="sm-658">
         <name>__TI_auto_init</name>
         <value>0x20008255</value>
         <object_component_ref idref="oc-61"/>
      </symbol>
      <symbol id="sm-672">
         <name>copy_in</name>
         <value>0x2000854d</value>
         <object_component_ref idref="oc-97"/>
      </symbol>
      <symbol id="sm-67d">
         <name>_ctypes_</name>
         <value>0x20008d50</value>
         <object_component_ref idref="oc-375"/>
      </symbol>
      <symbol id="sm-685">
         <name>_Errno</name>
         <value>0x20017964</value>
         <object_component_ref idref="oc-358"/>
      </symbol>
      <symbol id="sm-6a5">
         <name>__aeabi_ddiv</name>
         <value>0x200071f1</value>
         <object_component_ref idref="oc-2cb"/>
      </symbol>
      <symbol id="sm-6b3">
         <name>__aeabi_d2iz</name>
         <value>0x20008599</value>
         <object_component_ref idref="oc-2f9"/>
      </symbol>
      <symbol id="sm-6d1">
         <name>feraiseexcept</name>
         <value>0x200088dd</value>
         <object_component_ref idref="oc-352"/>
      </symbol>
      <symbol id="sm-6d2">
         <name>_Tls_setup__Fenv</name>
         <value>0x20017960</value>
         <object_component_ref idref="oc-38d"/>
      </symbol>
      <symbol id="sm-6d3">
         <name>_Fenv</name>
         <value>0x2001795c</value>
         <object_component_ref idref="oc-38d"/>
      </symbol>
      <symbol id="sm-6e0">
         <name>frexp</name>
         <value>0x20008b1b</value>
         <object_component_ref idref="oc-309"/>
      </symbol>
      <symbol id="sm-6ec">
         <name>__aeabi_f2iz</name>
         <value>0x2000886d</value>
         <object_component_ref idref="oc-2bd"/>
      </symbol>
      <symbol id="sm-6f8">
         <name>__aeabi_i2d</name>
         <value>0x200089d5</value>
         <object_component_ref idref="oc-304"/>
      </symbol>
      <symbol id="sm-709">
         <name>ldexp</name>
         <value>0x2000866f</value>
         <object_component_ref idref="oc-30f"/>
      </symbol>
      <symbol id="sm-718">
         <name>ltoa</name>
         <value>0x200084a9</value>
         <object_component_ref idref="oc-2fe"/>
      </symbol>
      <symbol id="sm-728">
         <name>memccpy</name>
         <value>0x20008bb3</value>
         <object_component_ref idref="oc-321"/>
      </symbol>
      <symbol id="sm-73c">
         <name>raise</name>
         <value>0x20008a03</value>
         <object_component_ref idref="oc-387"/>
      </symbol>
      <symbol id="sm-756">
         <name>signal</name>
         <value>0x2000877d</value>
         <object_component_ref idref="oc-3a9"/>
      </symbol>
      <symbol id="sm-766">
         <name>strchr</name>
         <value>0x20008ca7</value>
         <object_component_ref idref="oc-315"/>
      </symbol>
      <symbol id="sm-790">
         <name>__aeabi_uldivmod</name>
         <value>0x20006d05</value>
         <object_component_ref idref="oc-2f4"/>
      </symbol>
      <symbol id="sm-79e">
         <name>_Dclass</name>
         <value>0x20008a5d</value>
         <object_component_ref idref="oc-31b"/>
      </symbol>
      <symbol id="sm-7b3">
         <name>_Dnorm</name>
         <value>0x200079c1</value>
         <object_component_ref idref="oc-347"/>
      </symbol>
      <symbol id="sm-7cf">
         <name>GPIOPinRead</name>
         <value>0x20008c03</value>
         <object_component_ref idref="oc-20f"/>
      </symbol>
      <symbol id="sm-7d0">
         <name>GPIODirModeSet</name>
         <value>0x200088a5</value>
         <object_component_ref idref="oc-1c4"/>
      </symbol>
      <symbol id="sm-7d1">
         <name>GPIOPinWrite</name>
         <value>0x20008b3d</value>
         <object_component_ref idref="oc-222"/>
      </symbol>
      <symbol id="sm-808">
         <name>IntVTableBaseSet</name>
         <value>0x20008cd1</value>
         <object_component_ref idref="oc-cc"/>
      </symbol>
      <symbol id="sm-809">
         <name>IntEnable</name>
         <value>0x20007b39</value>
         <object_component_ref idref="oc-d8"/>
      </symbol>
      <symbol id="sm-80a">
         <name>IntMasterEnable</name>
         <value>0x20008d35</value>
         <object_component_ref idref="oc-d2"/>
      </symbol>
      <symbol id="sm-849">
         <name>PinTypeUART</name>
         <value>0x20008be9</value>
         <object_component_ref idref="oc-15b"/>
      </symbol>
      <symbol id="sm-84a">
         <name>PinTypeGPIO</name>
         <value>0x20008945</value>
         <object_component_ref idref="oc-1be"/>
      </symbol>
      <symbol id="sm-84b">
         <name>PinConfigSet</name>
         <value>0x20007e45</value>
         <object_component_ref idref="oc-259"/>
      </symbol>
      <symbol id="sm-84c">
         <name>PinTypeSPI</name>
         <value>0x20008bcf</value>
         <object_component_ref idref="oc-1a6"/>
      </symbol>
      <symbol id="sm-84d">
         <name>PinModeSet</name>
         <value>0x2000873d</value>
         <object_component_ref idref="oc-253"/>
      </symbol>
      <symbol id="sm-8cf">
         <name>PRCMPeripheralReset</name>
         <value>0x20008451</value>
         <object_component_ref idref="oc-148"/>
      </symbol>
      <symbol id="sm-8d0">
         <name>PRCMPeripheralClkEnable</name>
         <value>0x200087bd</value>
         <object_component_ref idref="oc-142"/>
      </symbol>
      <symbol id="sm-8d1">
         <name>PRCMPeripheralClockGet</name>
         <value>0x20007d1d</value>
         <object_component_ref idref="oc-162"/>
      </symbol>
      <symbol id="sm-8d2">
         <name>PRCMCC3200MCUInit</name>
         <value>0x20007329</value>
         <object_component_ref idref="oc-de"/>
      </symbol>
      <symbol id="sm-8d3">
         <name>PRCMHIBRegWrite</name>
         <value>0x20008c7b</value>
         <object_component_ref idref="oc-13c"/>
      </symbol>
      <symbol id="sm-8d4">
         <name>PRCMSysResetCauseGet</name>
         <value>0x20008a31</value>
         <object_component_ref idref="oc-154"/>
      </symbol>
      <symbol id="sm-8d5">
         <name>PRCMPeripheralClkDisable</name>
         <value>0x20008a89</value>
         <object_component_ref idref="oc-14e"/>
      </symbol>
      <symbol id="sm-8d6">
         <name>PRCMHIBRegRead</name>
         <value>0x20008c65</value>
         <object_component_ref idref="oc-136"/>
      </symbol>
      <symbol id="sm-93a">
         <name>SPITransfer</name>
         <value>0x20007ecd</value>
         <object_component_ref idref="oc-209"/>
      </symbol>
      <symbol id="sm-93b">
         <name>SPIEnable</name>
         <value>0x20008c1b</value>
         <object_component_ref idref="oc-1b8"/>
      </symbol>
      <symbol id="sm-93c">
         <name>SPIConfigSetExpClk</name>
         <value>0x20007be1</value>
         <object_component_ref idref="oc-1b2"/>
      </symbol>
      <symbol id="sm-93d">
         <name>SPIReset</name>
         <value>0x20008af9</value>
         <object_component_ref idref="oc-1ac"/>
      </symbol>
      <symbol id="sm-982">
         <name>UARTConfigSetExpClk</name>
         <value>0x200081dd</value>
         <object_component_ref idref="oc-168"/>
      </symbol>
      <symbol id="sm-983">
         <name>UARTDisable</name>
         <value>0x20008975</value>
         <object_component_ref idref="oc-261"/>
      </symbol>
      <symbol id="sm-984">
         <name>UARTCharsAvail</name>
         <value>0x20008c33</value>
         <object_component_ref idref="oc-17a"/>
      </symbol>
      <symbol id="sm-985">
         <name>UARTCharGetNonBlocking</name>
         <value>0x20008b7b</value>
         <object_component_ref idref="oc-180"/>
      </symbol>
      <symbol id="sm-986">
         <name>UARTCharPut</name>
         <value>0x20008b5d</value>
         <object_component_ref idref="oc-16e"/>
      </symbol>
      <symbol id="sm-987">
         <name>UARTEnable</name>
         <value>0x20008ab1</value>
         <object_component_ref idref="oc-267"/>
      </symbol>
      <symbol id="sm-988">
         <name>UARTCharGet</name>
         <value>0x20008c91</value>
         <object_component_ref idref="oc-fc"/>
      </symbol>
      <symbol id="sm-98c">
         <name>UtilsDelay</name>
         <value>0x20008d3f</value>
         <object_component_ref idref="oc-248"/>
      </symbol>
      <symbol id="sm-996">
         <name>CPUcpsie</name>
         <value>0x20008cbd</value>
         <object_component_ref idref="oc-126"/>
      </symbol>
      <symbol id="sm-998">
         <name>__TI_static_base__</name>
         <value>0x20009080</value>
      </symbol>
      <symbol id="sm-99b">
         <name>SHT$$INIT_ARRAY$$Limit</name>
         <value>0x0</value>
      </symbol>
      <symbol id="sm-99c">
         <name>SHT$$INIT_ARRAY$$Base</name>
         <value>0x0</value>
      </symbol>
   </symbol_table>
   <title>Link successful</title>
</link_info>
