<?xml version="1.0"?>
<link_info>
   <banner>TI ARM Linker PC v5.2.5</banner>
   <copyright>Copyright (c) 1996-2015 Texas Instruments Incorporated</copyright>
   <link_time>0x56ec7ef5</link_time>
   <link_errors>0x0</link_errors>
   <output_file>spi_demo.out</output_file>
   <entry_point>
      <name>_c_int00</name>
      <address>0x200075f9</address>
   </entry_point>
   <input_file_list>
      <input_file id="fl-2">
         <path>.\</path>
         <kind>object</kind>
         <file>L6472.obj</file>
         <name>L6472.obj</name>
      </input_file>
      <input_file id="fl-3">
         <path>.\</path>
         <kind>object</kind>
         <file>LaserBoard.obj</file>
         <name>LaserBoard.obj</name>
      </input_file>
      <input_file id="fl-4">
         <path>.\</path>
         <kind>object</kind>
         <file>main.obj</file>
         <name>main.obj</name>
      </input_file>
      <input_file id="fl-5">
         <path>.\</path>
         <kind>object</kind>
         <file>pinmux.obj</file>
         <name>pinmux.obj</name>
      </input_file>
      <input_file id="fl-6">
         <path>.\</path>
         <kind>object</kind>
         <file>startup_ccs.obj</file>
         <name>startup_ccs.obj</name>
      </input_file>
      <input_file id="fl-7">
         <path>.\</path>
         <kind>object</kind>
         <file>uart_if.obj</file>
         <name>uart_if.obj</name>
      </input_file>
      <input_file id="fl-12e">
         <path>C:\TI\ccsv6\tools\compiler\ti-cgt-arm_5.2.5\lib\</path>
         <kind>archive</kind>
         <file>rtsv7M4_T_le_eabi.lib</file>
         <name>boot.obj</name>
      </input_file>
      <input_file id="fl-12f">
         <path>C:\TI\ccsv6\tools\compiler\ti-cgt-arm_5.2.5\lib\</path>
         <kind>archive</kind>
         <file>rtsv7M4_T_le_eabi.lib</file>
         <name>copy_decompress_none.obj</name>
      </input_file>
      <input_file id="fl-130">
         <path>C:\TI\ccsv6\tools\compiler\ti-cgt-arm_5.2.5\lib\</path>
         <kind>archive</kind>
         <file>rtsv7M4_T_le_eabi.lib</file>
         <name>copy_decompress_rle.obj</name>
      </input_file>
      <input_file id="fl-131">
         <path>C:\TI\ccsv6\tools\compiler\ti-cgt-arm_5.2.5\lib\</path>
         <kind>archive</kind>
         <file>rtsv7M4_T_le_eabi.lib</file>
         <name>copy_zero_init.obj</name>
      </input_file>
      <input_file id="fl-132">
         <path>C:\TI\ccsv6\tools\compiler\ti-cgt-arm_5.2.5\lib\</path>
         <kind>archive</kind>
         <file>rtsv7M4_T_le_eabi.lib</file>
         <name>exit.obj</name>
      </input_file>
      <input_file id="fl-133">
         <path>C:\TI\ccsv6\tools\compiler\ti-cgt-arm_5.2.5\lib\</path>
         <kind>archive</kind>
         <file>rtsv7M4_T_le_eabi.lib</file>
         <name>fs_cmp_t2.obj</name>
      </input_file>
      <input_file id="fl-134">
         <path>C:\TI\ccsv6\tools\compiler\ti-cgt-arm_5.2.5\lib\</path>
         <kind>archive</kind>
         <file>rtsv7M4_T_le_eabi.lib</file>
         <name>fs_mul_t2.obj</name>
      </input_file>
      <input_file id="fl-135">
         <path>C:\TI\ccsv6\tools\compiler\ti-cgt-arm_5.2.5\lib\</path>
         <kind>archive</kind>
         <file>rtsv7M4_T_le_eabi.lib</file>
         <name>fs_toi_t2.obj</name>
      </input_file>
      <input_file id="fl-136">
         <path>C:\TI\ccsv6\tools\compiler\ti-cgt-arm_5.2.5\lib\</path>
         <kind>archive</kind>
         <file>rtsv7M4_T_le_eabi.lib</file>
         <name>memcpy_t2.obj</name>
      </input_file>
      <input_file id="fl-137">
         <path>C:\TI\ccsv6\tools\compiler\ti-cgt-arm_5.2.5\lib\</path>
         <kind>archive</kind>
         <file>rtsv7M4_T_le_eabi.lib</file>
         <name>memmov.obj</name>
      </input_file>
      <input_file id="fl-138">
         <path>C:\TI\ccsv6\tools\compiler\ti-cgt-arm_5.2.5\lib\</path>
         <kind>archive</kind>
         <file>rtsv7M4_T_le_eabi.lib</file>
         <name>memory.obj</name>
      </input_file>
      <input_file id="fl-139">
         <path>C:\TI\ccsv6\tools\compiler\ti-cgt-arm_5.2.5\lib\</path>
         <kind>archive</kind>
         <file>rtsv7M4_T_le_eabi.lib</file>
         <name>memset_t2.obj</name>
      </input_file>
      <input_file id="fl-13a">
         <path>C:\TI\ccsv6\tools\compiler\ti-cgt-arm_5.2.5\lib\</path>
         <kind>archive</kind>
         <file>rtsv7M4_T_le_eabi.lib</file>
         <name>pre_init.obj</name>
      </input_file>
      <input_file id="fl-13b">
         <path>C:\TI\ccsv6\tools\compiler\ti-cgt-arm_5.2.5\lib\</path>
         <kind>archive</kind>
         <file>rtsv7M4_T_le_eabi.lib</file>
         <name>stkdepth_vars.obj</name>
      </input_file>
      <input_file id="fl-13c">
         <path>C:\TI\ccsv6\tools\compiler\ti-cgt-arm_5.2.5\lib\</path>
         <kind>archive</kind>
         <file>rtsv7M4_T_le_eabi.lib</file>
         <name>strlen.obj</name>
      </input_file>
      <input_file id="fl-13d">
         <path>C:\TI\ccsv6\tools\compiler\ti-cgt-arm_5.2.5\lib\</path>
         <kind>archive</kind>
         <file>rtsv7M4_T_le_eabi.lib</file>
         <name>vsnprintf.obj</name>
      </input_file>
      <input_file id="fl-13e">
         <path>C:\TI\ccsv6\tools\compiler\ti-cgt-arm_5.2.5\lib\</path>
         <kind>archive</kind>
         <file>rtsv7M4_T_le_eabi.lib</file>
         <name>_lock.obj</name>
      </input_file>
      <input_file id="fl-13f">
         <path>C:\TI\ccsv6\tools\compiler\ti-cgt-arm_5.2.5\lib\</path>
         <kind>archive</kind>
         <file>rtsv7M4_T_le_eabi.lib</file>
         <name>_printfi.obj</name>
      </input_file>
      <input_file id="fl-140">
         <path>C:\TI\ccsv6\tools\compiler\ti-cgt-arm_5.2.5\lib\</path>
         <kind>archive</kind>
         <file>rtsv7M4_T_le_eabi.lib</file>
         <name>args_main.obj</name>
      </input_file>
      <input_file id="fl-141">
         <path>C:\TI\ccsv6\tools\compiler\ti-cgt-arm_5.2.5\lib\</path>
         <kind>archive</kind>
         <file>rtsv7M4_T_le_eabi.lib</file>
         <name>atoi.obj</name>
      </input_file>
      <input_file id="fl-142">
         <path>C:\TI\ccsv6\tools\compiler\ti-cgt-arm_5.2.5\lib\</path>
         <kind>archive</kind>
         <file>rtsv7M4_T_le_eabi.lib</file>
         <name>autoinit.obj</name>
      </input_file>
      <input_file id="fl-143">
         <path>C:\TI\ccsv6\tools\compiler\ti-cgt-arm_5.2.5\lib\</path>
         <kind>archive</kind>
         <file>rtsv7M4_T_le_eabi.lib</file>
         <name>cpy_tbl.obj</name>
      </input_file>
      <input_file id="fl-144">
         <path>C:\TI\ccsv6\tools\compiler\ti-cgt-arm_5.2.5\lib\</path>
         <kind>archive</kind>
         <file>rtsv7M4_T_le_eabi.lib</file>
         <name>ctype.obj</name>
      </input_file>
      <input_file id="fl-145">
         <path>C:\TI\ccsv6\tools\compiler\ti-cgt-arm_5.2.5\lib\</path>
         <kind>archive</kind>
         <file>rtsv7M4_T_le_eabi.lib</file>
         <name>fd_add_t2.obj</name>
      </input_file>
      <input_file id="fl-146">
         <path>C:\TI\ccsv6\tools\compiler\ti-cgt-arm_5.2.5\lib\</path>
         <kind>archive</kind>
         <file>rtsv7M4_T_le_eabi.lib</file>
         <name>fd_cmp_t2.obj</name>
      </input_file>
      <input_file id="fl-147">
         <path>C:\TI\ccsv6\tools\compiler\ti-cgt-arm_5.2.5\lib\</path>
         <kind>archive</kind>
         <file>rtsv7M4_T_le_eabi.lib</file>
         <name>fd_div_t2.obj</name>
      </input_file>
      <input_file id="fl-148">
         <path>C:\TI\ccsv6\tools\compiler\ti-cgt-arm_5.2.5\lib\</path>
         <kind>archive</kind>
         <file>rtsv7M4_T_le_eabi.lib</file>
         <name>fd_mul_t2.obj</name>
      </input_file>
      <input_file id="fl-149">
         <path>C:\TI\ccsv6\tools\compiler\ti-cgt-arm_5.2.5\lib\</path>
         <kind>archive</kind>
         <file>rtsv7M4_T_le_eabi.lib</file>
         <name>fd_toi_t2.obj</name>
      </input_file>
      <input_file id="fl-14a">
         <path>C:\TI\ccsv6\tools\compiler\ti-cgt-arm_5.2.5\lib\</path>
         <kind>archive</kind>
         <file>rtsv7M4_T_le_eabi.lib</file>
         <name>frexp.obj</name>
      </input_file>
      <input_file id="fl-14b">
         <path>C:\TI\ccsv6\tools\compiler\ti-cgt-arm_5.2.5\lib\</path>
         <kind>archive</kind>
         <file>rtsv7M4_T_le_eabi.lib</file>
         <name>i_tofd_t2.obj</name>
      </input_file>
      <input_file id="fl-14c">
         <path>C:\TI\ccsv6\tools\compiler\ti-cgt-arm_5.2.5\lib\</path>
         <kind>archive</kind>
         <file>rtsv7M4_T_le_eabi.lib</file>
         <name>ldexp.obj</name>
      </input_file>
      <input_file id="fl-14d">
         <path>C:\TI\ccsv6\tools\compiler\ti-cgt-arm_5.2.5\lib\</path>
         <kind>archive</kind>
         <file>rtsv7M4_T_le_eabi.lib</file>
         <name>ltoa.obj</name>
      </input_file>
      <input_file id="fl-14e">
         <path>C:\TI\ccsv6\tools\compiler\ti-cgt-arm_5.2.5\lib\</path>
         <kind>archive</kind>
         <file>rtsv7M4_T_le_eabi.lib</file>
         <name>memccpy.obj</name>
      </input_file>
      <input_file id="fl-14f">
         <path>C:\TI\ccsv6\tools\compiler\ti-cgt-arm_5.2.5\lib\</path>
         <kind>archive</kind>
         <file>rtsv7M4_T_le_eabi.lib</file>
         <name>strchr.obj</name>
      </input_file>
      <input_file id="fl-150">
         <path>C:\TI\ccsv6\tools\compiler\ti-cgt-arm_5.2.5\lib\</path>
         <kind>archive</kind>
         <file>rtsv7M4_T_le_eabi.lib</file>
         <name>ull_div_t2.obj</name>
      </input_file>
      <input_file id="fl-151">
         <path>C:\TI\ccsv6\tools\compiler\ti-cgt-arm_5.2.5\lib\</path>
         <kind>archive</kind>
         <file>rtsv7M4_T_le_eabi.lib</file>
         <name>xdclass.obj</name>
      </input_file>
      <input_file id="fl-152">
         <path>C:\TI\ccsv6\tools\compiler\ti-cgt-arm_5.2.5\lib\</path>
         <kind>archive</kind>
         <file>rtsv7M4_T_le_eabi.lib</file>
         <name>xdscale.obj</name>
      </input_file>
      <input_file id="fl-153">
         <path>C:\TI\ccsv6\tools\compiler\ti-cgt-arm_5.2.5\lib\</path>
         <kind>archive</kind>
         <file>rtsv7M4_T_le_eabi.lib</file>
         <name>xdunscal.obj</name>
      </input_file>
      <input_file id="fl-154">
         <path>C:\TI\ccsv6\tools\compiler\ti-cgt-arm_5.2.5\lib\</path>
         <kind>archive</kind>
         <file>rtsv7M4_T_le_eabi.lib</file>
         <name>xferaise.obj</name>
      </input_file>
      <input_file id="fl-155">
         <path>C:\TI\ccsv6\tools\compiler\ti-cgt-arm_5.2.5\lib\</path>
         <kind>archive</kind>
         <file>rtsv7M4_T_le_eabi.lib</file>
         <name>xvalues.obj</name>
      </input_file>
      <input_file id="fl-156">
         <path>C:\TI\ccsv6\tools\compiler\ti-cgt-arm_5.2.5\lib\</path>
         <kind>archive</kind>
         <file>rtsv7M4_T_le_eabi.lib</file>
         <name>errno.obj</name>
      </input_file>
      <input_file id="fl-157">
         <path>C:\TI\ccsv6\tools\compiler\ti-cgt-arm_5.2.5\lib\</path>
         <kind>archive</kind>
         <file>rtsv7M4_T_le_eabi.lib</file>
         <name>feraiseexcept.obj</name>
      </input_file>
      <input_file id="fl-158">
         <path>C:\TI\ccsv6\tools\compiler\ti-cgt-arm_5.2.5\lib\</path>
         <kind>archive</kind>
         <file>rtsv7M4_T_le_eabi.lib</file>
         <name>raise.obj</name>
      </input_file>
      <input_file id="fl-159">
         <path>C:\TI\ccsv6\tools\compiler\ti-cgt-arm_5.2.5\lib\</path>
         <kind>archive</kind>
         <file>rtsv7M4_T_le_eabi.lib</file>
         <name>signal.obj</name>
      </input_file>
      <input_file id="fl-15a">
         <path>C:\TI\ccsv6\tools\compiler\ti-cgt-arm_5.2.5\lib\</path>
         <kind>archive</kind>
         <file>rtsv7M4_T_le_eabi.lib</file>
         <name>xdnorm.obj</name>
      </input_file>
      <input_file id="fl-15b">
         <path>C:\TI\CC3200SDK_1.1.0\cc3200-sdk\example\spi_demo\ccs\..\..\..\driverlib\ccs\Release\</path>
         <kind>archive</kind>
         <file>driverlib.a</file>
         <name>gpio.obj</name>
      </input_file>
      <input_file id="fl-15c">
         <path>C:\TI\CC3200SDK_1.1.0\cc3200-sdk\example\spi_demo\ccs\..\..\..\driverlib\ccs\Release\</path>
         <kind>archive</kind>
         <file>driverlib.a</file>
         <name>interrupt.obj</name>
      </input_file>
      <input_file id="fl-15d">
         <path>C:\TI\CC3200SDK_1.1.0\cc3200-sdk\example\spi_demo\ccs\..\..\..\driverlib\ccs\Release\</path>
         <kind>archive</kind>
         <file>driverlib.a</file>
         <name>pin.obj</name>
      </input_file>
      <input_file id="fl-15e">
         <path>C:\TI\CC3200SDK_1.1.0\cc3200-sdk\example\spi_demo\ccs\..\..\..\driverlib\ccs\Release\</path>
         <kind>archive</kind>
         <file>driverlib.a</file>
         <name>prcm.obj</name>
      </input_file>
      <input_file id="fl-15f">
         <path>C:\TI\CC3200SDK_1.1.0\cc3200-sdk\example\spi_demo\ccs\..\..\..\driverlib\ccs\Release\</path>
         <kind>archive</kind>
         <file>driverlib.a</file>
         <name>spi.obj</name>
      </input_file>
      <input_file id="fl-160">
         <path>C:\TI\CC3200SDK_1.1.0\cc3200-sdk\example\spi_demo\ccs\..\..\..\driverlib\ccs\Release\</path>
         <kind>archive</kind>
         <file>driverlib.a</file>
         <name>uart.obj</name>
      </input_file>
      <input_file id="fl-161">
         <path>C:\TI\CC3200SDK_1.1.0\cc3200-sdk\example\spi_demo\ccs\..\..\..\driverlib\ccs\Release\</path>
         <kind>archive</kind>
         <file>driverlib.a</file>
         <name>utils.obj</name>
      </input_file>
      <input_file id="fl-162">
         <path>C:\TI\CC3200SDK_1.1.0\cc3200-sdk\example\spi_demo\ccs\..\..\..\driverlib\ccs\Release\</path>
         <kind>archive</kind>
         <file>driverlib.a</file>
         <name>cpu.obj</name>
      </input_file>
      <input_file id="fl-163">
         <path>C:\TI\CC3200SDK_1.1.0\cc3200-sdk\example\spi_demo\ccs\..\..\..\driverlib\ccs\Release\</path>
         <kind>archive</kind>
         <file>driverlib.a</file>
         <name>flash.obj</name>
      </input_file>
   </input_file_list>
   <object_component_list>
      <object_component id="oc-f">
         <name>.intvecs</name>
         <load_address>0x20004000</load_address>
         <run_address>0x20004000</run_address>
         <size>0x400</size>
         <input_file_ref idref="fl-6"/>
      </object_component>
      <object_component id="oc-226">
         <name>.text</name>
         <load_address>0x20004400</load_address>
         <run_address>0x20004400</run_address>
         <size>0x10a6</size>
         <input_file_ref idref="fl-13f"/>
      </object_component>
      <object_component id="oc-18c">
         <name>.text</name>
         <load_address>0x200054a8</load_address>
         <run_address>0x200054a8</run_address>
         <size>0x3dc</size>
         <input_file_ref idref="fl-138"/>
      </object_component>
      <object_component id="oc-f0">
         <name>.text</name>
         <load_address>0x20005884</load_address>
         <run_address>0x20005884</run_address>
         <size>0x390</size>
         <input_file_ref idref="fl-2"/>
      </object_component>
      <object_component id="oc-ea">
         <name>.text</name>
         <load_address>0x20005c14</load_address>
         <run_address>0x20005c14</run_address>
         <size>0x280</size>
         <input_file_ref idref="fl-7"/>
      </object_component>
      <object_component id="oc-27b">
         <name>.text</name>
         <load_address>0x20005e94</load_address>
         <run_address>0x20005e94</run_address>
         <size>0x1f4</size>
         <input_file_ref idref="fl-150"/>
      </object_component>
      <object_component id="oc-2a4">
         <name>.text</name>
         <load_address>0x20006088</load_address>
         <run_address>0x20006088</run_address>
         <size>0x1b6</size>
         <input_file_ref idref="fl-145"/>
      </object_component>
      <object_component id="oc-28a">
         <name>.text</name>
         <load_address>0x2000623e</load_address>
         <run_address>0x2000623e</run_address>
         <size>0x136</size>
         <input_file_ref idref="fl-147"/>
      </object_component>
      <object_component id="oc-de">
         <name>.text:PRCMCC3200MCUInit</name>
         <load_address>0x20006374</load_address>
         <run_address>0x20006374</run_address>
         <size>0x134</size>
         <input_file_ref idref="fl-15e"/>
      </object_component>
      <object_component id="oc-2fd">
         <name>.text</name>
         <load_address>0x200064a8</load_address>
         <run_address>0x200064a8</run_address>
         <size>0x110</size>
         <input_file_ref idref="fl-152"/>
      </object_component>
      <object_component id="oc-285">
         <name>.text</name>
         <load_address>0x200065b8</load_address>
         <run_address>0x200065b8</run_address>
         <size>0xfc</size>
         <input_file_ref idref="fl-148"/>
      </object_component>
      <object_component id="oc-25b">
         <name>.text:SPITransfer32</name>
         <load_address>0x200066b4</load_address>
         <run_address>0x200066b4</run_address>
         <size>0xd0</size>
         <input_file_ref idref="fl-15f"/>
      </object_component>
      <object_component id="oc-255">
         <name>.text:SPITransfer16</name>
         <load_address>0x20006784</load_address>
         <run_address>0x20006784</run_address>
         <size>0xce</size>
         <input_file_ref idref="fl-15f"/>
      </object_component>
      <object_component id="oc-321">
         <name>.text</name>
         <load_address>0x20006852</load_address>
         <run_address>0x20006852</run_address>
         <size>0xbe</size>
         <input_file_ref idref="fl-15a"/>
      </object_component>
      <object_component id="oc-24f">
         <name>.text:SPITransfer8</name>
         <load_address>0x20006910</load_address>
         <run_address>0x20006910</run_address>
         <size>0xb8</size>
         <input_file_ref idref="fl-15f"/>
      </object_component>
      <object_component id="oc-d8">
         <name>.text:IntEnable</name>
         <load_address>0x200069c8</load_address>
         <run_address>0x200069c8</run_address>
         <size>0xa8</size>
         <input_file_ref idref="fl-15c"/>
      </object_component>
      <object_component id="oc-1ac">
         <name>.text:SPIConfigSetExpClk</name>
         <load_address>0x20006a70</load_address>
         <run_address>0x20006a70</run_address>
         <size>0xa0</size>
         <input_file_ref idref="fl-15f"/>
      </object_component>
      <object_component id="oc-36">
         <name>.text</name>
         <load_address>0x20006b10</load_address>
         <run_address>0x20006b10</run_address>
         <size>0x9c</size>
         <input_file_ref idref="fl-136"/>
      </object_component>
      <object_component id="oc-15c">
         <name>.text:PRCMPeripheralClockGet</name>
         <load_address>0x20006bac</load_address>
         <run_address>0x20006bac</run_address>
         <size>0x94</size>
         <input_file_ref idref="fl-15e"/>
      </object_component>
      <object_component id="oc-210">
         <name>.text:PinConfigSet</name>
         <load_address>0x20006c40</load_address>
         <run_address>0x20006c40</run_address>
         <size>0x88</size>
         <input_file_ref idref="fl-15d"/>
      </object_component>
      <object_component id="oc-1de">
         <name>.text:SPITransfer</name>
         <load_address>0x20006cc8</load_address>
         <run_address>0x20006cc8</run_address>
         <size>0x88</size>
         <input_file_ref idref="fl-15f"/>
      </object_component>
      <object_component id="oc-9f">
         <name>.text</name>
         <load_address>0x20006d50</load_address>
         <run_address>0x20006d50</run_address>
         <size>0x88</size>
         <input_file_ref idref="fl-4"/>
      </object_component>
      <object_component id="oc-16e">
         <name>.text</name>
         <load_address>0x20006dd8</load_address>
         <run_address>0x20006dd8</run_address>
         <size>0x88</size>
         <input_file_ref idref="fl-13d"/>
      </object_component>
      <object_component id="oc-280">
         <name>.text:__aeabi_cdcmple</name>
         <load_address>0x20006e60</load_address>
         <run_address>0x20006e60</run_address>
         <size>0x86</size>
         <input_file_ref idref="fl-146"/>
      </object_component>
      <object_component id="oc-28f">
         <name>.text:__aeabi_cdrcmple</name>
         <load_address>0x20006ee6</load_address>
         <run_address>0x20006ee6</run_address>
         <size>0x86</size>
         <input_file_ref idref="fl-146"/>
      </object_component>
      <object_component id="oc-1c4">
         <name>.text</name>
         <load_address>0x20006f6c</load_address>
         <run_address>0x20006f6c</run_address>
         <size>0x7a</size>
         <input_file_ref idref="fl-134"/>
      </object_component>
      <object_component id="oc-4f">
         <name>.text</name>
         <load_address>0x20006fe6</load_address>
         <run_address>0x20006fe6</run_address>
         <size>0x7a</size>
         <input_file_ref idref="fl-139"/>
      </object_component>
      <object_component id="oc-162">
         <name>.text:UARTConfigSetExpClk</name>
         <load_address>0x20007060</load_address>
         <run_address>0x20007060</run_address>
         <size>0x76</size>
         <input_file_ref idref="fl-160"/>
      </object_component>
      <object_component id="oc-61">
         <name>.text</name>
         <load_address>0x200070d8</load_address>
         <run_address>0x200070d8</run_address>
         <size>0x6c</size>
         <input_file_ref idref="fl-142"/>
      </object_component>
      <object_component id="oc-42">
         <name>.text</name>
         <load_address>0x20007144</load_address>
         <run_address>0x20007144</run_address>
         <size>0x6a</size>
         <input_file_ref idref="fl-130"/>
      </object_component>
      <object_component id="oc-2f5">
         <name>.text</name>
         <load_address>0x200071ae</load_address>
         <run_address>0x200071ae</run_address>
         <size>0x66</size>
         <input_file_ref idref="fl-153"/>
      </object_component>
      <object_component id="oc-1d3">
         <name>.text:__aeabi_cfcmple</name>
         <load_address>0x20007214</load_address>
         <run_address>0x20007214</run_address>
         <size>0x60</size>
         <input_file_ref idref="fl-133"/>
      </object_component>
      <object_component id="oc-1ce">
         <name>.text:__aeabi_cfrcmple</name>
         <load_address>0x20007274</load_address>
         <run_address>0x20007274</run_address>
         <size>0x60</size>
         <input_file_ref idref="fl-133"/>
      </object_component>
      <object_component id="oc-142">
         <name>.text:PRCMPeripheralReset</name>
         <load_address>0x200072d4</load_address>
         <run_address>0x200072d4</run_address>
         <size>0x58</size>
         <input_file_ref idref="fl-15e"/>
      </object_component>
      <object_component id="oc-299">
         <name>.text</name>
         <load_address>0x2000732c</load_address>
         <run_address>0x2000732c</run_address>
         <size>0x56</size>
         <input_file_ref idref="fl-14d"/>
      </object_component>
      <object_component id="oc-f6">
         <name>.text</name>
         <load_address>0x20007384</load_address>
         <run_address>0x20007384</run_address>
         <size>0x4c</size>
         <input_file_ref idref="fl-3"/>
      </object_component>
      <object_component id="oc-2c7">
         <name>.text</name>
         <load_address>0x200073d0</load_address>
         <run_address>0x200073d0</run_address>
         <size>0x4c</size>
         <input_file_ref idref="fl-141"/>
      </object_component>
      <object_component id="oc-97">
         <name>.text</name>
         <load_address>0x2000741c</load_address>
         <run_address>0x2000741c</run_address>
         <size>0x4c</size>
         <input_file_ref idref="fl-143"/>
      </object_component>
      <object_component id="oc-294">
         <name>.text</name>
         <load_address>0x20007468</load_address>
         <run_address>0x20007468</run_address>
         <size>0x48</size>
         <input_file_ref idref="fl-149"/>
      </object_component>
      <object_component id="oc-2af">
         <name>.text</name>
         <load_address>0x200074b0</load_address>
         <run_address>0x200074b0</run_address>
         <size>0x46</size>
         <input_file_ref idref="fl-14c"/>
      </object_component>
      <object_component id="oc-6d">
         <name>.text</name>
         <load_address>0x200074f8</load_address>
         <run_address>0x200074f8</run_address>
         <size>0x44</size>
         <input_file_ref idref="fl-132"/>
      </object_component>
      <object_component id="oc-20a">
         <name>.text:PinModeSet</name>
         <load_address>0x2000753c</load_address>
         <run_address>0x2000753c</run_address>
         <size>0x40</size>
         <input_file_ref idref="fl-15d"/>
      </object_component>
      <object_component id="oc-364">
         <name>.text</name>
         <load_address>0x2000757c</load_address>
         <run_address>0x2000757c</run_address>
         <size>0x40</size>
         <input_file_ref idref="fl-159"/>
      </object_component>
      <object_component id="oc-13c">
         <name>.text:PRCMPeripheralClkEnable</name>
         <load_address>0x200075bc</load_address>
         <run_address>0x200075bc</run_address>
         <size>0x3c</size>
         <input_file_ref idref="fl-15e"/>
      </object_component>
      <object_component id="oc-24">
         <name>.text</name>
         <load_address>0x200075f8</load_address>
         <run_address>0x200075f8</run_address>
         <size>0x3c</size>
         <input_file_ref idref="fl-12e"/>
      </object_component>
      <object_component id="oc-1c9">
         <name>.text</name>
         <load_address>0x20007634</load_address>
         <run_address>0x20007634</run_address>
         <size>0x38</size>
         <input_file_ref idref="fl-135"/>
      </object_component>
      <object_component id="oc-1be">
         <name>.text:GPIODirModeSet</name>
         <load_address>0x2000766c</load_address>
         <run_address>0x2000766c</run_address>
         <size>0x36</size>
         <input_file_ref idref="fl-15b"/>
      </object_component>
      <object_component id="oc-330">
         <name>.text</name>
         <load_address>0x200076a4</load_address>
         <run_address>0x200076a4</run_address>
         <size>0x34</size>
         <input_file_ref idref="fl-157"/>
      </object_component>
      <object_component id="oc-1b8">
         <name>.text:PinTypeGPIO</name>
         <load_address>0x200076d8</load_address>
         <run_address>0x200076d8</run_address>
         <size>0x30</size>
         <input_file_ref idref="fl-15d"/>
      </object_component>
      <object_component id="oc-218">
         <name>.text:UARTDisable</name>
         <load_address>0x20007708</load_address>
         <run_address>0x20007708</run_address>
         <size>0x30</size>
         <input_file_ref idref="fl-160"/>
      </object_component>
      <object_component id="oc-303">
         <name>.text</name>
         <load_address>0x20007738</load_address>
         <run_address>0x20007738</run_address>
         <size>0x30</size>
         <input_file_ref idref="fl-154"/>
      </object_component>
      <object_component id="oc-29f">
         <name>.text</name>
         <load_address>0x20007768</load_address>
         <run_address>0x20007768</run_address>
         <size>0x2e</size>
         <input_file_ref idref="fl-14b"/>
      </object_component>
      <object_component id="oc-354">
         <name>.text</name>
         <load_address>0x20007796</load_address>
         <run_address>0x20007796</run_address>
         <size>0x2e</size>
         <input_file_ref idref="fl-158"/>
      </object_component>
      <object_component id="oc-14e">
         <name>.text:PRCMSysResetCauseGet</name>
         <load_address>0x200077c4</load_address>
         <run_address>0x200077c4</run_address>
         <size>0x2c</size>
         <input_file_ref idref="fl-15e"/>
      </object_component>
      <object_component id="oc-2bb">
         <name>.text</name>
         <load_address>0x200077f0</load_address>
         <run_address>0x200077f0</run_address>
         <size>0x2a</size>
         <input_file_ref idref="fl-151"/>
      </object_component>
      <object_component id="oc-148">
         <name>.text:PRCMPeripheralClkDisable</name>
         <load_address>0x2000781c</load_address>
         <run_address>0x2000781c</run_address>
         <size>0x28</size>
         <input_file_ref idref="fl-15e"/>
      </object_component>
      <object_component id="oc-21e">
         <name>.text:UARTEnable</name>
         <load_address>0x20007844</load_address>
         <run_address>0x20007844</run_address>
         <size>0x24</size>
         <input_file_ref idref="fl-160"/>
      </object_component>
      <object_component id="oc-186">
         <name>.text</name>
         <load_address>0x20007868</load_address>
         <run_address>0x20007868</run_address>
         <size>0x24</size>
         <input_file_ref idref="fl-137"/>
      </object_component>
      <object_component id="oc-1a6">
         <name>.text:SPIReset</name>
         <load_address>0x2000788c</load_address>
         <run_address>0x2000788c</run_address>
         <size>0x22</size>
         <input_file_ref idref="fl-15f"/>
      </object_component>
      <object_component id="oc-2a9">
         <name>.text</name>
         <load_address>0x200078ae</load_address>
         <run_address>0x200078ae</run_address>
         <size>0x22</size>
         <input_file_ref idref="fl-14a"/>
      </object_component>
      <object_component id="oc-1f0">
         <name>.text:GPIOPinWrite</name>
         <load_address>0x200078d0</load_address>
         <run_address>0x200078d0</run_address>
         <size>0x20</size>
         <input_file_ref idref="fl-15b"/>
      </object_component>
      <object_component id="oc-168">
         <name>.text:UARTCharPut</name>
         <load_address>0x200078f0</load_address>
         <run_address>0x200078f0</run_address>
         <size>0x1e</size>
         <input_file_ref idref="fl-160"/>
      </object_component>
      <object_component id="oc-17a">
         <name>.text:UARTCharGetNonBlocking</name>
         <load_address>0x2000790e</load_address>
         <run_address>0x2000790e</run_address>
         <size>0x1c</size>
         <input_file_ref idref="fl-160"/>
      </object_component>
      <object_component id="oc-e4">
         <name>.text</name>
         <load_address>0x2000792a</load_address>
         <run_address>0x2000792a</run_address>
         <size>0x1c</size>
         <input_file_ref idref="fl-5"/>
      </object_component>
      <object_component id="oc-2c1">
         <name>.text</name>
         <load_address>0x20007946</load_address>
         <run_address>0x20007946</run_address>
         <size>0x1c</size>
         <input_file_ref idref="fl-14e"/>
      </object_component>
      <object_component id="oc-1a0">
         <name>.text:PinTypeSPI</name>
         <load_address>0x20007962</load_address>
         <run_address>0x20007962</run_address>
         <size>0x1a</size>
         <input_file_ref idref="fl-15d"/>
      </object_component>
      <object_component id="oc-155">
         <name>.text:PinTypeUART</name>
         <load_address>0x2000797c</load_address>
         <run_address>0x2000797c</run_address>
         <size>0x1a</size>
         <input_file_ref idref="fl-15d"/>
      </object_component>
      <object_component id="oc-1d8">
         <name>.text:GPIOPinRead</name>
         <load_address>0x20007996</load_address>
         <run_address>0x20007996</run_address>
         <size>0x18</size>
         <input_file_ref idref="fl-15b"/>
      </object_component>
      <object_component id="oc-1b2">
         <name>.text:SPIEnable</name>
         <load_address>0x200079ae</load_address>
         <run_address>0x200079ae</run_address>
         <size>0x18</size>
         <input_file_ref idref="fl-15f"/>
      </object_component>
      <object_component id="oc-174">
         <name>.text:UARTCharsAvail</name>
         <load_address>0x200079c6</load_address>
         <run_address>0x200079c6</run_address>
         <size>0x18</size>
         <input_file_ref idref="fl-160"/>
      </object_component>
      <object_component id="oc-67">
         <name>.text</name>
         <load_address>0x200079e0</load_address>
         <run_address>0x200079e0</run_address>
         <size>0x18</size>
         <input_file_ref idref="fl-140"/>
      </object_component>
      <object_component id="oc-130">
         <name>.text:PRCMHIBRegRead</name>
         <load_address>0x200079f8</load_address>
         <run_address>0x200079f8</run_address>
         <size>0x16</size>
         <input_file_ref idref="fl-15e"/>
      </object_component>
      <object_component id="oc-136">
         <name>.text:PRCMHIBRegWrite</name>
         <load_address>0x20007a0e</load_address>
         <run_address>0x20007a0e</run_address>
         <size>0x16</size>
         <input_file_ref idref="fl-15e"/>
      </object_component>
      <object_component id="oc-fc">
         <name>.text:UARTCharGet</name>
         <load_address>0x20007a24</load_address>
         <run_address>0x20007a24</run_address>
         <size>0x16</size>
         <input_file_ref idref="fl-160"/>
      </object_component>
      <object_component id="oc-2b5">
         <name>.text</name>
         <load_address>0x20007a3a</load_address>
         <run_address>0x20007a3a</run_address>
         <size>0x16</size>
         <input_file_ref idref="fl-14f"/>
      </object_component>
      <object_component id="oc-120">
         <name>.text:CPUcpsie</name>
         <load_address>0x20007a50</load_address>
         <run_address>0x20007a50</run_address>
         <size>0x14</size>
         <input_file_ref idref="fl-162"/>
      </object_component>
      <object_component id="oc-cc">
         <name>.text:IntVTableBaseSet</name>
         <load_address>0x20007a64</load_address>
         <run_address>0x20007a64</run_address>
         <size>0x14</size>
         <input_file_ref idref="fl-15c"/>
      </object_component>
      <object_component id="oc-10a">
         <name>.text</name>
         <load_address>0x20007a78</load_address>
         <run_address>0x20007a78</run_address>
         <size>0x14</size>
         <input_file_ref idref="fl-13e"/>
      </object_component>
      <object_component id="oc-180">
         <name>.text</name>
         <load_address>0x20007a8c</load_address>
         <run_address>0x20007a8c</run_address>
         <size>0x14</size>
         <input_file_ref idref="fl-13c"/>
      </object_component>
      <object_component id="oc-12">
         <name>.text:decompress:none</name>
         <load_address>0x20007aa0</load_address>
         <run_address>0x20007aa0</run_address>
         <size>0xe</size>
         <input_file_ref idref="fl-12f"/>
      </object_component>
      <object_component id="oc-2d">
         <name>.text</name>
         <load_address>0x20007aae</load_address>
         <run_address>0x20007aae</run_address>
         <size>0xe</size>
         <input_file_ref idref="fl-6"/>
      </object_component>
      <object_component id="oc-1e">
         <name>.text:decompress:ZI</name>
         <load_address>0x20007abc</load_address>
         <run_address>0x20007abc</run_address>
         <size>0xc</size>
         <input_file_ref idref="fl-131"/>
      </object_component>
      <object_component id="oc-d2">
         <name>.text:IntMasterEnable</name>
         <load_address>0x20007ac8</load_address>
         <run_address>0x20007ac8</run_address>
         <size>0xa</size>
         <input_file_ref idref="fl-15c"/>
      </object_component>
      <object_component id="oc-1ff">
         <name>.text:UtilsDelay</name>
         <load_address>0x20007ad2</load_address>
         <run_address>0x20007ad2</run_address>
         <size>0x6</size>
         <input_file_ref idref="fl-161"/>
      </object_component>
      <object_component id="oc-18">
         <name>.text:decompress:rle24</name>
         <load_address>0x20007ad8</load_address>
         <run_address>0x20007ad8</run_address>
         <size>0x6</size>
         <input_file_ref idref="fl-130"/>
      </object_component>
      <object_component id="oc-5b">
         <name>.text</name>
         <load_address>0x20007ade</load_address>
         <run_address>0x20007ade</run_address>
         <size>0x4</size>
         <input_file_ref idref="fl-13a"/>
      </object_component>
      <object_component id="oc-311">
         <name>.const:.string:_ctypes_</name>
         <load_address>0x20007ae4</load_address>
         <run_address>0x20007ae4</run_address>
         <size>0x101</size>
         <input_file_ref idref="fl-144"/>
      </object_component>
      <object_component id="oc-274">
         <name>.const:g_ulPinToPadMap</name>
         <load_address>0x20007be8</load_address>
         <run_address>0x20007be8</run_address>
         <size>0x100</size>
         <input_file_ref idref="fl-15d"/>
      </object_component>
      <object_component id="oc-202">
         <name>.const:PRCM_PeriphRegsList</name>
         <load_address>0x20007ce8</load_address>
         <run_address>0x20007ce8</run_address>
         <size>0xa8</size>
         <input_file_ref idref="fl-15e"/>
      </object_component>
      <object_component id="oc-12c">
         <name>.const</name>
         <load_address>0x20007d90</load_address>
         <run_address>0x20007d90</run_address>
         <size>0x80</size>
         <input_file_ref idref="fl-15c"/>
      </object_component>
      <object_component id="oc-3aa">
         <name>.cinit..data.load</name>
         <load_address>0x20007e10</load_address>
         <run_address>0x20007e10</run_address>
         <size>0x4e</size>
      </object_component>
      <object_component id="oc-3a8">
         <name>__TI_handler_table</name>
         <load_address>0x20007e60</load_address>
         <run_address>0x20007e60</run_address>
         <size>0xc</size>
      </object_component>
      <object_component id="oc-3ab">
         <name>.cinit..bss.load</name>
         <load_address>0x20007e70</load_address>
         <run_address>0x20007e70</run_address>
         <size>0x8</size>
      </object_component>
      <object_component id="oc-3a9">
         <name>__TI_cinit_table</name>
         <load_address>0x20007e78</load_address>
         <run_address>0x20007e78</run_address>
         <size>0x10</size>
      </object_component>
      <object_component id="oc-2a">
         <name>.sysmem</name>
         <uninitialized>true</uninitialized>
         <run_address>0x20017000</run_address>
         <size>0x8</size>
         <input_file_ref idref="fl-138"/>
      </object_component>
      <object_component id="oc-3ad">
         <name>.sysmem</name>
         <uninitialized>true</uninitialized>
         <run_address>0x20017000</run_address>
         <size>0x0</size>
      </object_component>
      <object_component id="oc-29">
         <name>.stack</name>
         <uninitialized>true</uninitialized>
         <run_address>0x2002f800</run_address>
         <size>0x0</size>
         <input_file_ref idref="fl-12e"/>
      </object_component>
      <object_component id="oc-3ac">
         <name>.stack</name>
         <uninitialized>true</uninitialized>
         <run_address>0x2002f800</run_address>
         <size>0x0</size>
      </object_component>
      <object_component id="oc-1e4">
         <name>.bss:g_ucTxBuff</name>
         <uninitialized>true</uninitialized>
         <run_address>0x200179c0</run_address>
         <size>0x64</size>
         <input_file_ref idref="fl-2"/>
      </object_component>
      <object_component id="oc-1e7">
         <name>.bss:g_ucRxBuff</name>
         <uninitialized>true</uninitialized>
         <run_address>0x2001795c</run_address>
         <size>0x64</size>
         <input_file_ref idref="fl-2"/>
      </object_component>
      <object_component id="oc-192">
         <name>.common:__Errorlog</name>
         <uninitialized>true</uninitialized>
         <run_address>0x20017a24</run_address>
         <size>0x4</size>
      </object_component>
      <object_component id="oc-aa">
         <name>.data</name>
         <load_address>0x20017944</load_address>
         <run_address>0x20017944</run_address>
         <size>0x8</size>
         <input_file_ref idref="fl-132"/>
      </object_component>
      <object_component id="oc-23e">
         <name>.data</name>
         <load_address>0x20017930</load_address>
         <run_address>0x20017930</run_address>
         <size>0xc</size>
         <input_file_ref idref="fl-138"/>
      </object_component>
      <object_component id="oc-73">
         <name>.data</name>
         <load_address>0x20017958</load_address>
         <run_address>0x20017958</run_address>
         <size>0x4</size>
         <input_file_ref idref="fl-13b"/>
      </object_component>
      <object_component id="oc-a7">
         <name>.data</name>
         <load_address>0x2001793c</load_address>
         <run_address>0x2001793c</run_address>
         <size>0x8</size>
         <input_file_ref idref="fl-13e"/>
      </object_component>
      <object_component id="oc-32b">
         <name>.data</name>
         <load_address>0x200178b0</load_address>
         <run_address>0x200178b0</run_address>
         <size>0x80</size>
         <input_file_ref idref="fl-155"/>
      </object_component>
      <object_component id="oc-336">
         <name>.data</name>
         <load_address>0x20017954</load_address>
         <run_address>0x20017954</run_address>
         <size>0x4</size>
         <input_file_ref idref="fl-156"/>
      </object_component>
      <object_component id="oc-35a">
         <name>.data</name>
         <load_address>0x2001794c</load_address>
         <run_address>0x2001794c</run_address>
         <size>0x8</size>
         <input_file_ref idref="fl-157"/>
      </object_component>
      <object_component id="oc-375">
         <name>.data:sigtable</name>
         <load_address>0x20017800</load_address>
         <run_address>0x20017800</run_address>
         <size>0xb0</size>
         <input_file_ref idref="fl-159"/>
      </object_component>
      <object_component id="oc-265">
         <name>.debug_info</name>
         <load_address>0x0</load_address>
         <run_address>0x0</run_address>
         <size>0x366</size>
         <input_file_ref idref="fl-2"/>
      </object_component>
      <object_component id="oc-1e5">
         <name>.debug_info</name>
         <load_address>0x366</load_address>
         <run_address>0x366</run_address>
         <size>0xd7</size>
         <input_file_ref idref="fl-2"/>
      </object_component>
      <object_component id="oc-1e8">
         <name>.debug_info</name>
         <load_address>0x43d</load_address>
         <run_address>0x43d</run_address>
         <size>0xd7</size>
         <input_file_ref idref="fl-2"/>
      </object_component>
      <object_component id="oc-f1">
         <name>.debug_info</name>
         <load_address>0x514</load_address>
         <run_address>0x514</run_address>
         <size>0xd50</size>
         <input_file_ref idref="fl-2"/>
      </object_component>
      <object_component id="oc-1eb">
         <name>.debug_info</name>
         <load_address>0x1264</load_address>
         <run_address>0x1264</run_address>
         <size>0x73</size>
         <input_file_ref idref="fl-2"/>
      </object_component>
      <object_component id="oc-26f">
         <name>.debug_info</name>
         <load_address>0x12d7</load_address>
         <run_address>0x12d7</run_address>
         <size>0x62</size>
         <input_file_ref idref="fl-2"/>
      </object_component>
      <object_component id="oc-7e">
         <name>.debug_info</name>
         <load_address>0x1339</load_address>
         <run_address>0x1339</run_address>
         <size>0x84</size>
         <input_file_ref idref="fl-2"/>
      </object_component>
      <object_component id="oc-127">
         <name>.debug_info</name>
         <load_address>0x13bd</load_address>
         <run_address>0x13bd</run_address>
         <size>0x2c</size>
         <input_file_ref idref="fl-2"/>
      </object_component>
      <object_component id="oc-8e">
         <name>.debug_info</name>
         <load_address>0x13e9</load_address>
         <run_address>0x13e9</run_address>
         <size>0x2c</size>
         <input_file_ref idref="fl-2"/>
      </object_component>
      <object_component id="oc-f7">
         <name>.debug_info</name>
         <load_address>0x1415</load_address>
         <run_address>0x1415</run_address>
         <size>0x24c</size>
         <input_file_ref idref="fl-3"/>
      </object_component>
      <object_component id="oc-a0">
         <name>.debug_info</name>
         <load_address>0x1661</load_address>
         <run_address>0x1661</run_address>
         <size>0x29b</size>
         <input_file_ref idref="fl-4"/>
      </object_component>
      <object_component id="oc-e5">
         <name>.debug_info</name>
         <load_address>0x18fc</load_address>
         <run_address>0x18fc</run_address>
         <size>0x14d</size>
         <input_file_ref idref="fl-5"/>
      </object_component>
      <object_component id="oc-35">
         <name>.debug_info</name>
         <load_address>0x1a49</load_address>
         <run_address>0x1a49</run_address>
         <size>0x12a</size>
         <input_file_ref idref="fl-6"/>
      </object_component>
      <object_component id="oc-10">
         <name>.debug_info</name>
         <load_address>0x1b73</load_address>
         <run_address>0x1b73</run_address>
         <size>0x10f</size>
         <input_file_ref idref="fl-6"/>
      </object_component>
      <object_component id="oc-2e">
         <name>.debug_info</name>
         <load_address>0x1c82</load_address>
         <run_address>0x1c82</run_address>
         <size>0x430</size>
         <input_file_ref idref="fl-6"/>
      </object_component>
      <object_component id="oc-193">
         <name>.debug_info</name>
         <load_address>0x20b2</load_address>
         <run_address>0x20b2</run_address>
         <size>0x3aa</size>
         <input_file_ref idref="fl-7"/>
      </object_component>
      <object_component id="oc-eb">
         <name>.debug_info</name>
         <load_address>0x245c</load_address>
         <run_address>0x245c</run_address>
         <size>0x8e3</size>
         <input_file_ref idref="fl-7"/>
      </object_component>
      <object_component id="oc-19b">
         <name>.debug_info</name>
         <load_address>0x2d3f</load_address>
         <run_address>0x2d3f</run_address>
         <size>0x110</size>
         <input_file_ref idref="fl-7"/>
      </object_component>
      <object_component id="oc-196">
         <name>.debug_info</name>
         <load_address>0x2e4f</load_address>
         <run_address>0x2e4f</run_address>
         <size>0x4e</size>
         <input_file_ref idref="fl-7"/>
      </object_component>
      <object_component id="oc-25">
         <name>.debug_info</name>
         <load_address>0x2e9d</load_address>
         <run_address>0x2e9d</run_address>
         <size>0x11c</size>
         <input_file_ref idref="fl-12e"/>
      </object_component>
      <object_component id="oc-41">
         <name>.debug_info</name>
         <load_address>0x2fb9</load_address>
         <run_address>0x2fb9</run_address>
         <size>0x109</size>
         <input_file_ref idref="fl-12f"/>
      </object_component>
      <object_component id="oc-15">
         <name>.debug_info</name>
         <load_address>0x30c2</load_address>
         <run_address>0x30c2</run_address>
         <size>0x1a8</size>
         <input_file_ref idref="fl-12f"/>
      </object_component>
      <object_component id="oc-3c">
         <name>.debug_info</name>
         <load_address>0x326a</load_address>
         <run_address>0x326a</run_address>
         <size>0x46</size>
         <input_file_ref idref="fl-12f"/>
      </object_component>
      <object_component id="oc-84">
         <name>.debug_info</name>
         <load_address>0x32b0</load_address>
         <run_address>0x32b0</run_address>
         <size>0x2c</size>
         <input_file_ref idref="fl-12f"/>
      </object_component>
      <object_component id="oc-49">
         <name>.debug_info</name>
         <load_address>0x32dc</load_address>
         <run_address>0x32dc</run_address>
         <size>0xfd</size>
         <input_file_ref idref="fl-130"/>
      </object_component>
      <object_component id="oc-45">
         <name>.debug_info</name>
         <load_address>0x33d9</load_address>
         <run_address>0x33d9</run_address>
         <size>0x210</size>
         <input_file_ref idref="fl-130"/>
      </object_component>
      <object_component id="oc-1b">
         <name>.debug_info</name>
         <load_address>0x35e9</load_address>
         <run_address>0x35e9</run_address>
         <size>0x17a</size>
         <input_file_ref idref="fl-130"/>
      </object_component>
      <object_component id="oc-4a">
         <name>.debug_info</name>
         <load_address>0x3763</load_address>
         <run_address>0x3763</run_address>
         <size>0x39</size>
         <input_file_ref idref="fl-130"/>
      </object_component>
      <object_component id="oc-5a">
         <name>.debug_info</name>
         <load_address>0x379c</load_address>
         <run_address>0x379c</run_address>
         <size>0xf8</size>
         <input_file_ref idref="fl-131"/>
      </object_component>
      <object_component id="oc-1f">
         <name>.debug_info</name>
         <load_address>0x3894</load_address>
         <run_address>0x3894</run_address>
         <size>0x173</size>
         <input_file_ref idref="fl-131"/>
      </object_component>
      <object_component id="oc-55">
         <name>.debug_info</name>
         <load_address>0x3a07</load_address>
         <run_address>0x3a07</run_address>
         <size>0x46</size>
         <input_file_ref idref="fl-131"/>
      </object_component>
      <object_component id="oc-ae">
         <name>.debug_info</name>
         <load_address>0x3a4d</load_address>
         <run_address>0x3a4d</run_address>
         <size>0x15a</size>
         <input_file_ref idref="fl-132"/>
      </object_component>
      <object_component id="oc-ab">
         <name>.debug_info</name>
         <load_address>0x3ba7</load_address>
         <run_address>0x3ba7</run_address>
         <size>0xff</size>
         <input_file_ref idref="fl-132"/>
      </object_component>
      <object_component id="oc-6f">
         <name>.debug_info</name>
         <load_address>0x3ca6</load_address>
         <run_address>0x3ca6</run_address>
         <size>0x1d6</size>
         <input_file_ref idref="fl-132"/>
      </object_component>
      <object_component id="oc-1d4">
         <name>.debug_info</name>
         <load_address>0x3e7c</load_address>
         <run_address>0x3e7c</run_address>
         <size>0x111</size>
         <input_file_ref idref="fl-133"/>
      </object_component>
      <object_component id="oc-1cf">
         <name>.debug_info</name>
         <load_address>0x3f8d</load_address>
         <run_address>0x3f8d</run_address>
         <size>0x113</size>
         <input_file_ref idref="fl-133"/>
      </object_component>
      <object_component id="oc-1c5">
         <name>.debug_info</name>
         <load_address>0x40a0</load_address>
         <run_address>0x40a0</run_address>
         <size>0xff</size>
         <input_file_ref idref="fl-134"/>
      </object_component>
      <object_component id="oc-1ca">
         <name>.debug_info</name>
         <load_address>0x419f</load_address>
         <run_address>0x419f</run_address>
         <size>0xf3</size>
         <input_file_ref idref="fl-135"/>
      </object_component>
      <object_component id="oc-37">
         <name>.debug_info</name>
         <load_address>0x4292</load_address>
         <run_address>0x4292</run_address>
         <size>0xde</size>
         <input_file_ref idref="fl-136"/>
      </object_component>
      <object_component id="oc-23d">
         <name>.debug_info</name>
         <load_address>0x4370</load_address>
         <run_address>0x4370</run_address>
         <size>0xf5</size>
         <input_file_ref idref="fl-137"/>
      </object_component>
      <object_component id="oc-187">
         <name>.debug_info</name>
         <load_address>0x4465</load_address>
         <run_address>0x4465</run_address>
         <size>0x174</size>
         <input_file_ref idref="fl-137"/>
      </object_component>
      <object_component id="oc-79">
         <name>.debug_info</name>
         <load_address>0x45d9</load_address>
         <run_address>0x45d9</run_address>
         <size>0x1eb</size>
         <input_file_ref idref="fl-138"/>
      </object_component>
      <object_component id="oc-2b">
         <name>.debug_info</name>
         <load_address>0x47c4</load_address>
         <run_address>0x47c4</run_address>
         <size>0xca</size>
         <input_file_ref idref="fl-138"/>
      </object_component>
      <object_component id="oc-23f">
         <name>.debug_info</name>
         <load_address>0x488e</load_address>
         <run_address>0x488e</run_address>
         <size>0x115</size>
         <input_file_ref idref="fl-138"/>
      </object_component>
      <object_component id="oc-18d">
         <name>.debug_info</name>
         <load_address>0x49a3</load_address>
         <run_address>0x49a3</run_address>
         <size>0x854</size>
         <input_file_ref idref="fl-138"/>
      </object_component>
      <object_component id="oc-b4">
         <name>.debug_info</name>
         <load_address>0x51f7</load_address>
         <run_address>0x51f7</run_address>
         <size>0x2c</size>
         <input_file_ref idref="fl-138"/>
      </object_component>
      <object_component id="oc-b9">
         <name>.debug_info</name>
         <load_address>0x5223</load_address>
         <run_address>0x5223</run_address>
         <size>0x62</size>
         <input_file_ref idref="fl-138"/>
      </object_component>
      <object_component id="oc-50">
         <name>.debug_info</name>
         <load_address>0x5285</load_address>
         <run_address>0x5285</run_address>
         <size>0x10c</size>
         <input_file_ref idref="fl-139"/>
      </object_component>
      <object_component id="oc-5c">
         <name>.debug_info</name>
         <load_address>0x5391</load_address>
         <run_address>0x5391</run_address>
         <size>0x111</size>
         <input_file_ref idref="fl-13a"/>
      </object_component>
      <object_component id="oc-74">
         <name>.debug_info</name>
         <load_address>0x54a2</load_address>
         <run_address>0x54a2</run_address>
         <size>0xd2</size>
         <input_file_ref idref="fl-13b"/>
      </object_component>
      <object_component id="oc-23b">
         <name>.debug_info</name>
         <load_address>0x5574</load_address>
         <run_address>0x5574</run_address>
         <size>0xb3</size>
         <input_file_ref idref="fl-13c"/>
      </object_component>
      <object_component id="oc-181">
         <name>.debug_info</name>
         <load_address>0x5627</load_address>
         <run_address>0x5627</run_address>
         <size>0x193</size>
         <input_file_ref idref="fl-13c"/>
      </object_component>
      <object_component id="oc-22d">
         <name>.debug_info</name>
         <load_address>0x57ba</load_address>
         <run_address>0x57ba</run_address>
         <size>0x191</size>
         <input_file_ref idref="fl-13d"/>
      </object_component>
      <object_component id="oc-16f">
         <name>.debug_info</name>
         <load_address>0x594b</load_address>
         <run_address>0x594b</run_address>
         <size>0x325</size>
         <input_file_ref idref="fl-13d"/>
      </object_component>
      <object_component id="oc-22e">
         <name>.debug_info</name>
         <load_address>0x5c70</load_address>
         <run_address>0x5c70</run_address>
         <size>0x2c</size>
         <input_file_ref idref="fl-13d"/>
      </object_component>
      <object_component id="oc-233">
         <name>.debug_info</name>
         <load_address>0x5c9c</load_address>
         <run_address>0x5c9c</run_address>
         <size>0x69</size>
         <input_file_ref idref="fl-13d"/>
      </object_component>
      <object_component id="oc-112">
         <name>.debug_info</name>
         <load_address>0x5d05</load_address>
         <run_address>0x5d05</run_address>
         <size>0xed</size>
         <input_file_ref idref="fl-13e"/>
      </object_component>
      <object_component id="oc-a8">
         <name>.debug_info</name>
         <load_address>0x5df2</load_address>
         <run_address>0x5df2</run_address>
         <size>0xdc</size>
         <input_file_ref idref="fl-13e"/>
      </object_component>
      <object_component id="oc-10b">
         <name>.debug_info</name>
         <load_address>0x5ece</load_address>
         <run_address>0x5ece</run_address>
         <size>0x1e8</size>
         <input_file_ref idref="fl-13e"/>
      </object_component>
      <object_component id="oc-2ce">
         <name>.debug_info</name>
         <load_address>0x60b6</load_address>
         <run_address>0x60b6</run_address>
         <size>0x320</size>
         <input_file_ref idref="fl-13f"/>
      </object_component>
      <object_component id="oc-227">
         <name>.debug_info</name>
         <load_address>0x63d6</load_address>
         <run_address>0x63d6</run_address>
         <size>0x17d0</size>
         <input_file_ref idref="fl-13f"/>
      </object_component>
      <object_component id="oc-2cf">
         <name>.debug_info</name>
         <load_address>0x7ba6</load_address>
         <run_address>0x7ba6</run_address>
         <size>0x86</size>
         <input_file_ref idref="fl-13f"/>
      </object_component>
      <object_component id="oc-318">
         <name>.debug_info</name>
         <load_address>0x7c2c</load_address>
         <run_address>0x7c2c</run_address>
         <size>0x46</size>
         <input_file_ref idref="fl-13f"/>
      </object_component>
      <object_component id="oc-2d4">
         <name>.debug_info</name>
         <load_address>0x7c72</load_address>
         <run_address>0x7c72</run_address>
         <size>0x39</size>
         <input_file_ref idref="fl-13f"/>
      </object_component>
      <object_component id="oc-a6">
         <name>.debug_info</name>
         <load_address>0x7cab</load_address>
         <run_address>0x7cab</run_address>
         <size>0x12f</size>
         <input_file_ref idref="fl-140"/>
      </object_component>
      <object_component id="oc-6a">
         <name>.debug_info</name>
         <load_address>0x7dda</load_address>
         <run_address>0x7dda</run_address>
         <size>0x130</size>
         <input_file_ref idref="fl-140"/>
      </object_component>
      <object_component id="oc-105">
         <name>.debug_info</name>
         <load_address>0x7f0a</load_address>
         <run_address>0x7f0a</run_address>
         <size>0x5e</size>
         <input_file_ref idref="fl-140"/>
      </object_component>
      <object_component id="oc-315">
         <name>.debug_info</name>
         <load_address>0x7f68</load_address>
         <run_address>0x7f68</run_address>
         <size>0xdd</size>
         <input_file_ref idref="fl-141"/>
      </object_component>
      <object_component id="oc-2c8">
         <name>.debug_info</name>
         <load_address>0x8045</load_address>
         <run_address>0x8045</run_address>
         <size>0x13a</size>
         <input_file_ref idref="fl-141"/>
      </object_component>
      <object_component id="oc-9e">
         <name>.debug_info</name>
         <load_address>0x817f</load_address>
         <run_address>0x817f</run_address>
         <size>0x286</size>
         <input_file_ref idref="fl-142"/>
      </object_component>
      <object_component id="oc-62">
         <name>.debug_info</name>
         <load_address>0x8405</load_address>
         <run_address>0x8405</run_address>
         <size>0x140</size>
         <input_file_ref idref="fl-142"/>
      </object_component>
      <object_component id="oc-c2">
         <name>.debug_info</name>
         <load_address>0x8545</load_address>
         <run_address>0x8545</run_address>
         <size>0x39</size>
         <input_file_ref idref="fl-142"/>
      </object_component>
      <object_component id="oc-c7">
         <name>.debug_info</name>
         <load_address>0x857e</load_address>
         <run_address>0x857e</run_address>
         <size>0xcd</size>
         <input_file_ref idref="fl-142"/>
      </object_component>
      <object_component id="oc-bf">
         <name>.debug_info</name>
         <load_address>0x864b</load_address>
         <run_address>0x864b</run_address>
         <size>0x1a9</size>
         <input_file_ref idref="fl-143"/>
      </object_component>
      <object_component id="oc-98">
         <name>.debug_info</name>
         <load_address>0x87f4</load_address>
         <run_address>0x87f4</run_address>
         <size>0x14c</size>
         <input_file_ref idref="fl-143"/>
      </object_component>
      <object_component id="oc-11a">
         <name>.debug_info</name>
         <load_address>0x8940</load_address>
         <run_address>0x8940</run_address>
         <size>0x2c</size>
         <input_file_ref idref="fl-143"/>
      </object_component>
      <object_component id="oc-344">
         <name>.debug_info</name>
         <load_address>0x896c</load_address>
         <run_address>0x896c</run_address>
         <size>0xb7</size>
         <input_file_ref idref="fl-144"/>
      </object_component>
      <object_component id="oc-312">
         <name>.debug_info</name>
         <load_address>0x8a23</load_address>
         <run_address>0x8a23</run_address>
         <size>0xc3</size>
         <input_file_ref idref="fl-144"/>
      </object_component>
      <object_component id="oc-2a6">
         <name>.debug_info</name>
         <load_address>0x8ae6</load_address>
         <run_address>0x8ae6</run_address>
         <size>0x111</size>
         <input_file_ref idref="fl-145"/>
      </object_component>
      <object_component id="oc-281">
         <name>.debug_info</name>
         <load_address>0x8bf7</load_address>
         <run_address>0x8bf7</run_address>
         <size>0xed</size>
         <input_file_ref idref="fl-146"/>
      </object_component>
      <object_component id="oc-290">
         <name>.debug_info</name>
         <load_address>0x8ce4</load_address>
         <run_address>0x8ce4</run_address>
         <size>0xef</size>
         <input_file_ref idref="fl-146"/>
      </object_component>
      <object_component id="oc-28b">
         <name>.debug_info</name>
         <load_address>0x8dd3</load_address>
         <run_address>0x8dd3</run_address>
         <size>0xff</size>
         <input_file_ref idref="fl-147"/>
      </object_component>
      <object_component id="oc-286">
         <name>.debug_info</name>
         <load_address>0x8ed2</load_address>
         <run_address>0x8ed2</run_address>
         <size>0xff</size>
         <input_file_ref idref="fl-148"/>
      </object_component>
      <object_component id="oc-295">
         <name>.debug_info</name>
         <load_address>0x8fd1</load_address>
         <run_address>0x8fd1</run_address>
         <size>0xf3</size>
         <input_file_ref idref="fl-149"/>
      </object_component>
      <object_component id="oc-2fc">
         <name>.debug_info</name>
         <load_address>0x90c4</load_address>
         <run_address>0x90c4</run_address>
         <size>0xe6</size>
         <input_file_ref idref="fl-14a"/>
      </object_component>
      <object_component id="oc-2aa">
         <name>.debug_info</name>
         <load_address>0x91aa</load_address>
         <run_address>0x91aa</run_address>
         <size>0x155</size>
         <input_file_ref idref="fl-14a"/>
      </object_component>
      <object_component id="oc-2a0">
         <name>.debug_info</name>
         <load_address>0x92ff</load_address>
         <run_address>0x92ff</run_address>
         <size>0xf1</size>
         <input_file_ref idref="fl-14b"/>
      </object_component>
      <object_component id="oc-30a">
         <name>.debug_info</name>
         <load_address>0x93f0</load_address>
         <run_address>0x93f0</run_address>
         <size>0x12a</size>
         <input_file_ref idref="fl-14c"/>
      </object_component>
      <object_component id="oc-2b0">
         <name>.debug_info</name>
         <load_address>0x951a</load_address>
         <run_address>0x951a</run_address>
         <size>0x14c</size>
         <input_file_ref idref="fl-14c"/>
      </object_component>
      <object_component id="oc-2f2">
         <name>.debug_info</name>
         <load_address>0x9666</load_address>
         <run_address>0x9666</run_address>
         <size>0x115</size>
         <input_file_ref idref="fl-14d"/>
      </object_component>
      <object_component id="oc-29a">
         <name>.debug_info</name>
         <load_address>0x977b</load_address>
         <run_address>0x977b</run_address>
         <size>0x18b</size>
         <input_file_ref idref="fl-14d"/>
      </object_component>
      <object_component id="oc-310">
         <name>.debug_info</name>
         <load_address>0x9906</load_address>
         <run_address>0x9906</run_address>
         <size>0xba</size>
         <input_file_ref idref="fl-14e"/>
      </object_component>
      <object_component id="oc-2c3">
         <name>.debug_info</name>
         <load_address>0x99c0</load_address>
         <run_address>0x99c0</run_address>
         <size>0x174</size>
         <input_file_ref idref="fl-14e"/>
      </object_component>
      <object_component id="oc-30c">
         <name>.debug_info</name>
         <load_address>0x9b34</load_address>
         <run_address>0x9b34</run_address>
         <size>0xbe</size>
         <input_file_ref idref="fl-14f"/>
      </object_component>
      <object_component id="oc-2b6">
         <name>.debug_info</name>
         <load_address>0x9bf2</load_address>
         <run_address>0x9bf2</run_address>
         <size>0x1ad</size>
         <input_file_ref idref="fl-14f"/>
      </object_component>
      <object_component id="oc-27d">
         <name>.debug_info</name>
         <load_address>0x9d9f</load_address>
         <run_address>0x9d9f</run_address>
         <size>0x14a</size>
         <input_file_ref idref="fl-150"/>
      </object_component>
      <object_component id="oc-30e">
         <name>.debug_info</name>
         <load_address>0x9ee9</load_address>
         <run_address>0x9ee9</run_address>
         <size>0xdb</size>
         <input_file_ref idref="fl-151"/>
      </object_component>
      <object_component id="oc-2bc">
         <name>.debug_info</name>
         <load_address>0x9fc4</load_address>
         <run_address>0x9fc4</run_address>
         <size>0x11c</size>
         <input_file_ref idref="fl-151"/>
      </object_component>
      <object_component id="oc-32f">
         <name>.debug_info</name>
         <load_address>0xa0e0</load_address>
         <run_address>0xa0e0</run_address>
         <size>0xf9</size>
         <input_file_ref idref="fl-152"/>
      </object_component>
      <object_component id="oc-2fe">
         <name>.debug_info</name>
         <load_address>0xa1d9</load_address>
         <run_address>0xa1d9</run_address>
         <size>0x17a</size>
         <input_file_ref idref="fl-152"/>
      </object_component>
      <object_component id="oc-34d">
         <name>.debug_info</name>
         <load_address>0xa353</load_address>
         <run_address>0xa353</run_address>
         <size>0x86</size>
         <input_file_ref idref="fl-152"/>
      </object_component>
      <object_component id="oc-328">
         <name>.debug_info</name>
         <load_address>0xa3d9</load_address>
         <run_address>0xa3d9</run_address>
         <size>0xe3</size>
         <input_file_ref idref="fl-153"/>
      </object_component>
      <object_component id="oc-2f6">
         <name>.debug_info</name>
         <load_address>0xa4bc</load_address>
         <run_address>0xa4bc</run_address>
         <size>0x15b</size>
         <input_file_ref idref="fl-153"/>
      </object_component>
      <object_component id="oc-304">
         <name>.debug_info</name>
         <load_address>0xa617</load_address>
         <run_address>0xa617</run_address>
         <size>0x13b</size>
         <input_file_ref idref="fl-154"/>
      </object_component>
      <object_component id="oc-32c">
         <name>.debug_info</name>
         <load_address>0xa752</load_address>
         <run_address>0xa752</run_address>
         <size>0x19d</size>
         <input_file_ref idref="fl-155"/>
      </object_component>
      <object_component id="oc-337">
         <name>.debug_info</name>
         <load_address>0xa8ef</load_address>
         <run_address>0xa8ef</run_address>
         <size>0xbe</size>
         <input_file_ref idref="fl-156"/>
      </object_component>
      <object_component id="oc-373">
         <name>.debug_info</name>
         <load_address>0xa9ad</load_address>
         <run_address>0xa9ad</run_address>
         <size>0x126</size>
         <input_file_ref idref="fl-157"/>
      </object_component>
      <object_component id="oc-35b">
         <name>.debug_info</name>
         <load_address>0xaad3</load_address>
         <run_address>0xaad3</run_address>
         <size>0xf6</size>
         <input_file_ref idref="fl-157"/>
      </object_component>
      <object_component id="oc-331">
         <name>.debug_info</name>
         <load_address>0xabc9</load_address>
         <run_address>0xabc9</run_address>
         <size>0x157</size>
         <input_file_ref idref="fl-157"/>
      </object_component>
      <object_component id="oc-36e">
         <name>.debug_info</name>
         <load_address>0xad20</load_address>
         <run_address>0xad20</run_address>
         <size>0x6f</size>
         <input_file_ref idref="fl-157"/>
      </object_component>
      <object_component id="oc-36b">
         <name>.debug_info</name>
         <load_address>0xad8f</load_address>
         <run_address>0xad8f</run_address>
         <size>0xe5</size>
         <input_file_ref idref="fl-158"/>
      </object_component>
      <object_component id="oc-355">
         <name>.debug_info</name>
         <load_address>0xae74</load_address>
         <run_address>0xae74</run_address>
         <size>0x13c</size>
         <input_file_ref idref="fl-158"/>
      </object_component>
      <object_component id="oc-37c">
         <name>.debug_info</name>
         <load_address>0xafb0</load_address>
         <run_address>0xafb0</run_address>
         <size>0x2c</size>
         <input_file_ref idref="fl-158"/>
      </object_component>
      <object_component id="oc-379">
         <name>.debug_info</name>
         <load_address>0xafdc</load_address>
         <run_address>0xafdc</run_address>
         <size>0x105</size>
         <input_file_ref idref="fl-159"/>
      </object_component>
      <object_component id="oc-376">
         <name>.debug_info</name>
         <load_address>0xb0e1</load_address>
         <run_address>0xb0e1</run_address>
         <size>0xc3</size>
         <input_file_ref idref="fl-159"/>
      </object_component>
      <object_component id="oc-365">
         <name>.debug_info</name>
         <load_address>0xb1a4</load_address>
         <run_address>0xb1a4</run_address>
         <size>0x152</size>
         <input_file_ref idref="fl-159"/>
      </object_component>
      <object_component id="oc-348">
         <name>.debug_info</name>
         <load_address>0xb2f6</load_address>
         <run_address>0xb2f6</run_address>
         <size>0xae</size>
         <input_file_ref idref="fl-15a"/>
      </object_component>
      <object_component id="oc-325">
         <name>.debug_info</name>
         <load_address>0xb3a4</load_address>
         <run_address>0xb3a4</run_address>
         <size>0x135</size>
         <input_file_ref idref="fl-15a"/>
      </object_component>
      <object_component id="oc-1bf">
         <name>.debug_info</name>
         <load_address>0xb4d9</load_address>
         <run_address>0xb4d9</run_address>
         <size>0x201</size>
         <input_file_ref idref="fl-15b"/>
      </object_component>
      <object_component id="oc-1d9">
         <name>.debug_info</name>
         <load_address>0xb6da</load_address>
         <run_address>0xb6da</run_address>
         <size>0x1d3</size>
         <input_file_ref idref="fl-15b"/>
      </object_component>
      <object_component id="oc-1f1">
         <name>.debug_info</name>
         <load_address>0xb8ad</load_address>
         <run_address>0xb8ad</run_address>
         <size>0x1f8</size>
         <input_file_ref idref="fl-15b"/>
      </object_component>
      <object_component id="oc-1fe">
         <name>.debug_info</name>
         <load_address>0xbaa5</load_address>
         <run_address>0xbaa5</run_address>
         <size>0x1a7</size>
         <input_file_ref idref="fl-15c"/>
      </object_component>
      <object_component id="oc-12d">
         <name>.debug_info</name>
         <load_address>0xbc4c</load_address>
         <run_address>0xbc4c</run_address>
         <size>0x1aa</size>
         <input_file_ref idref="fl-15c"/>
      </object_component>
      <object_component id="oc-d3">
         <name>.debug_info</name>
         <load_address>0xbdf6</load_address>
         <run_address>0xbdf6</run_address>
         <size>0x1a0</size>
         <input_file_ref idref="fl-15c"/>
      </object_component>
      <object_component id="oc-cd">
         <name>.debug_info</name>
         <load_address>0xbf96</load_address>
         <run_address>0xbf96</run_address>
         <size>0x1d2</size>
         <input_file_ref idref="fl-15c"/>
      </object_component>
      <object_component id="oc-d9">
         <name>.debug_info</name>
         <load_address>0xc168</load_address>
         <run_address>0xc168</run_address>
         <size>0x1c3</size>
         <input_file_ref idref="fl-15c"/>
      </object_component>
      <object_component id="oc-2ea">
         <name>.debug_info</name>
         <load_address>0xc32b</load_address>
         <run_address>0xc32b</run_address>
         <size>0xf4</size>
         <input_file_ref idref="fl-15d"/>
      </object_component>
      <object_component id="oc-275">
         <name>.debug_info</name>
         <load_address>0xc41f</load_address>
         <run_address>0xc41f</run_address>
         <size>0x102</size>
         <input_file_ref idref="fl-15d"/>
      </object_component>
      <object_component id="oc-20b">
         <name>.debug_info</name>
         <load_address>0xc521</load_address>
         <run_address>0xc521</run_address>
         <size>0x1e3</size>
         <input_file_ref idref="fl-15d"/>
      </object_component>
      <object_component id="oc-211">
         <name>.debug_info</name>
         <load_address>0xc704</load_address>
         <run_address>0xc704</run_address>
         <size>0x231</size>
         <input_file_ref idref="fl-15d"/>
      </object_component>
      <object_component id="oc-156">
         <name>.debug_info</name>
         <load_address>0xc935</load_address>
         <run_address>0xc935</run_address>
         <size>0x1f8</size>
         <input_file_ref idref="fl-15d"/>
      </object_component>
      <object_component id="oc-1a1">
         <name>.debug_info</name>
         <load_address>0xcb2d</load_address>
         <run_address>0xcb2d</run_address>
         <size>0x1f6</size>
         <input_file_ref idref="fl-15d"/>
      </object_component>
      <object_component id="oc-1b9">
         <name>.debug_info</name>
         <load_address>0xcd23</load_address>
         <run_address>0xcd23</run_address>
         <size>0x246</size>
         <input_file_ref idref="fl-15d"/>
      </object_component>
      <object_component id="oc-207">
         <name>.debug_info</name>
         <load_address>0xcf69</load_address>
         <run_address>0xcf69</run_address>
         <size>0x204</size>
         <input_file_ref idref="fl-15e"/>
      </object_component>
      <object_component id="oc-203">
         <name>.debug_info</name>
         <load_address>0xd16d</load_address>
         <run_address>0xd16d</run_address>
         <size>0x10b</size>
         <input_file_ref idref="fl-15e"/>
      </object_component>
      <object_component id="oc-14f">
         <name>.debug_info</name>
         <load_address>0xd278</load_address>
         <run_address>0xd278</run_address>
         <size>0x1ca</size>
         <input_file_ref idref="fl-15e"/>
      </object_component>
      <object_component id="oc-13d">
         <name>.debug_info</name>
         <load_address>0xd442</load_address>
         <run_address>0xd442</run_address>
         <size>0x20f</size>
         <input_file_ref idref="fl-15e"/>
      </object_component>
      <object_component id="oc-149">
         <name>.debug_info</name>
         <load_address>0xd651</load_address>
         <run_address>0xd651</run_address>
         <size>0x211</size>
         <input_file_ref idref="fl-15e"/>
      </object_component>
      <object_component id="oc-15d">
         <name>.debug_info</name>
         <load_address>0xd862</load_address>
         <run_address>0xd862</run_address>
         <size>0x23a</size>
         <input_file_ref idref="fl-15e"/>
      </object_component>
      <object_component id="oc-143">
         <name>.debug_info</name>
         <load_address>0xda9c</load_address>
         <run_address>0xda9c</run_address>
         <size>0x1e4</size>
         <input_file_ref idref="fl-15e"/>
      </object_component>
      <object_component id="oc-df">
         <name>.debug_info</name>
         <load_address>0xdc80</load_address>
         <run_address>0xdc80</run_address>
         <size>0x256</size>
         <input_file_ref idref="fl-15e"/>
      </object_component>
      <object_component id="oc-131">
         <name>.debug_info</name>
         <load_address>0xded6</load_address>
         <run_address>0xded6</run_address>
         <size>0x1e3</size>
         <input_file_ref idref="fl-15e"/>
      </object_component>
      <object_component id="oc-137">
         <name>.debug_info</name>
         <load_address>0xe0b9</load_address>
         <run_address>0xe0b9</run_address>
         <size>0x1f8</size>
         <input_file_ref idref="fl-15e"/>
      </object_component>
      <object_component id="oc-262">
         <name>.debug_info</name>
         <load_address>0xe2b1</load_address>
         <run_address>0xe2b1</run_address>
         <size>0x1d8</size>
         <input_file_ref idref="fl-15f"/>
      </object_component>
      <object_component id="oc-251">
         <name>.debug_info</name>
         <load_address>0xe489</load_address>
         <run_address>0xe489</run_address>
         <size>0x300</size>
         <input_file_ref idref="fl-15f"/>
      </object_component>
      <object_component id="oc-257">
         <name>.debug_info</name>
         <load_address>0xe789</load_address>
         <run_address>0xe789</run_address>
         <size>0x303</size>
         <input_file_ref idref="fl-15f"/>
      </object_component>
      <object_component id="oc-25d">
         <name>.debug_info</name>
         <load_address>0xea8c</load_address>
         <run_address>0xea8c</run_address>
         <size>0x305</size>
         <input_file_ref idref="fl-15f"/>
      </object_component>
      <object_component id="oc-1b4">
         <name>.debug_info</name>
         <load_address>0xed91</load_address>
         <run_address>0xed91</run_address>
         <size>0x19d</size>
[...]
         <name>GetCmd</name>
         <value>0x20005c97</value>
         <object_component_ref idref="oc-ea"/>
      </symbol>
      <symbol id="sm-11c">
         <name>Message</name>
         <value>0x20005c33</value>
         <object_component_ref idref="oc-ea"/>
      </symbol>
      <symbol id="sm-11d">
         <name>Report</name>
         <value>0x20005dd5</value>
         <object_component_ref idref="oc-ea"/>
      </symbol>
      <symbol id="sm-11e">
         <name>Error</name>
         <value>0x20005c5f</value>
         <object_component_ref idref="oc-ea"/>
      </symbol>
      <symbol id="sm-11f">
         <name>InitTerm</name>
         <value>0x20005c15</value>
         <object_component_ref idref="oc-ea"/>
      </symbol>
      <symbol id="sm-120">
         <name>ClearTerm</name>
         <value>0x20005c55</value>
         <object_component_ref idref="oc-ea"/>
      </symbol>
      <symbol id="sm-121">
         <name>TrimSpace</name>
         <value>0x20005d3d</value>
         <object_component_ref idref="oc-ea"/>
      </symbol>
      <symbol id="sm-131">
         <name>_c_int00</name>
         <value>0x200075f9</value>
         <object_component_ref idref="oc-24"/>
      </symbol>
      <symbol id="sm-132">
         <name>__stack</name>
         <value>0x2002f800</value>
         <object_component_ref idref="oc-29"/>
      </symbol>
      <symbol id="sm-149">
         <name>__TI_decompress_none</name>
         <value>0x20007aa1</value>
         <object_component_ref idref="oc-12"/>
      </symbol>
      <symbol id="sm-16c">
         <name>__TI_decompress_rle24</name>
         <value>0x20007ad9</value>
         <object_component_ref idref="oc-18"/>
      </symbol>
      <symbol id="sm-17e">
         <name>__TI_zero_init</name>
         <value>0x20007abd</value>
         <object_component_ref idref="oc-1e"/>
      </symbol>
      <symbol id="sm-19d">
         <name>C$$EXIT</name>
         <value>0x200074f9</value>
         <object_component_ref idref="oc-6d"/>
      </symbol>
      <symbol id="sm-19e">
         <name>abort</name>
         <value>0x200074fd</value>
         <object_component_ref idref="oc-6d"/>
      </symbol>
      <symbol id="sm-19f">
         <name>exit</name>
         <value>0x20007505</value>
         <object_component_ref idref="oc-6d"/>
      </symbol>
      <symbol id="sm-1a0">
         <name>__TI_dtors_ptr</name>
         <value>0x20017948</value>
         <object_component_ref idref="oc-aa"/>
      </symbol>
      <symbol id="sm-1a1">
         <name>__TI_cleanup_ptr</name>
         <value>0x20017944</value>
         <object_component_ref idref="oc-aa"/>
      </symbol>
      <symbol id="sm-1bc">
         <name>__aeabi_cfrcmple</name>
         <value>0x20007275</value>
         <object_component_ref idref="oc-1ce"/>
      </symbol>
      <symbol id="sm-1bd">
         <name>__aeabi_cfcmpeq</name>
         <value>0x20007215</value>
         <object_component_ref idref="oc-1d3"/>
      </symbol>
      <symbol id="sm-1be">
         <name>__aeabi_cfcmple</name>
         <value>0x20007215</value>
         <object_component_ref idref="oc-1d3"/>
      </symbol>
      <symbol id="sm-1d0">
         <name>__aeabi_fmul</name>
         <value>0x20006f6d</value>
         <object_component_ref idref="oc-1c4"/>
      </symbol>
      <symbol id="sm-1dc">
         <name>__aeabi_f2iz</name>
         <value>0x20007635</value>
         <object_component_ref idref="oc-1c9"/>
      </symbol>
      <symbol id="sm-1f7">
         <name>memcpy</name>
         <value>0x20006b11</value>
         <object_component_ref idref="oc-36"/>
      </symbol>
      <symbol id="sm-1f8">
         <name>__aeabi_memcpy</name>
         <value>0x20006b11</value>
         <object_component_ref idref="oc-36"/>
      </symbol>
      <symbol id="sm-1f9">
         <name>__aeabi_memcpy8</name>
         <value>0x20006b11</value>
         <object_component_ref idref="oc-36"/>
      </symbol>
      <symbol id="sm-1fa">
         <name>__aeabi_memcpy4</name>
         <value>0x20006b11</value>
         <object_component_ref idref="oc-36"/>
      </symbol>
      <symbol id="sm-20a">
         <name>memmove</name>
         <value>0x20007869</value>
         <object_component_ref idref="oc-186"/>
      </symbol>
      <symbol id="sm-281">
         <name>_sys_memory</name>
         <value>0x20017000</value>
         <object_component_ref idref="oc-2a"/>
      </symbol>
      <symbol id="sm-282">
         <name>free</name>
         <value>0x2000559f</value>
         <object_component_ref idref="oc-18c"/>
      </symbol>
      <symbol id="sm-283">
         <name>realloc</name>
         <value>0x20005661</value>
         <object_component_ref idref="oc-18c"/>
      </symbol>
      <symbol id="sm-284">
         <name>memalign</name>
         <value>0x2000576d</value>
         <object_component_ref idref="oc-18c"/>
      </symbol>
      <symbol id="sm-285">
         <name>calloc</name>
         <value>0x20005851</value>
         <object_component_ref idref="oc-18c"/>
      </symbol>
      <symbol id="sm-286">
         <name>malloc</name>
         <value>0x20005537</value>
         <object_component_ref idref="oc-18c"/>
      </symbol>
      <symbol id="sm-287">
         <name>minit</name>
         <value>0x200054a9</value>
         <object_component_ref idref="oc-18c"/>
      </symbol>
      <symbol id="sm-296">
         <name>__aeabi_memset</name>
         <value>0x20006fe9</value>
         <object_component_ref idref="oc-4f"/>
      </symbol>
      <symbol id="sm-297">
         <name>memset</name>
         <value>0x20006fef</value>
         <object_component_ref idref="oc-4f"/>
      </symbol>
      <symbol id="sm-298">
         <name>__aeabi_memset8</name>
         <value>0x20006fe9</value>
         <object_component_ref idref="oc-4f"/>
      </symbol>
      <symbol id="sm-299">
         <name>__aeabi_memset4</name>
         <value>0x20006fe9</value>
         <object_component_ref idref="oc-4f"/>
      </symbol>
      <symbol id="sm-29a">
         <name>__aeabi_memclr8</name>
         <value>0x20006fe7</value>
         <object_component_ref idref="oc-4f"/>
      </symbol>
      <symbol id="sm-29b">
         <name>__aeabi_memclr4</name>
         <value>0x20006fe7</value>
         <object_component_ref idref="oc-4f"/>
      </symbol>
      <symbol id="sm-29c">
         <name>__aeabi_memclr</name>
         <value>0x20006fe7</value>
         <object_component_ref idref="oc-4f"/>
      </symbol>
      <symbol id="sm-2a6">
         <name>_system_pre_init</name>
         <value>0x20007adf</value>
         <object_component_ref idref="oc-5b"/>
      </symbol>
      <symbol id="sm-2ae">
         <name>main_func_sp</name>
         <value>0x20017958</value>
         <object_component_ref idref="oc-73"/>
      </symbol>
      <symbol id="sm-2bc">
         <name>strlen</name>
         <value>0x20007a8d</value>
         <object_component_ref idref="oc-180"/>
      </symbol>
      <symbol id="sm-2dd">
         <name>vsnprintf</name>
         <value>0x20006dd9</value>
         <object_component_ref idref="oc-16e"/>
      </symbol>
      <symbol id="sm-2f6">
         <name>_nop</name>
         <value>0x20007a87</value>
         <object_component_ref idref="oc-10a"/>
      </symbol>
      <symbol id="sm-2f7">
         <name>_lock</name>
         <value>0x2001793c</value>
         <object_component_ref idref="oc-a7"/>
      </symbol>
      <symbol id="sm-2f8">
         <name>_unlock</name>
         <value>0x20017940</value>
         <object_component_ref idref="oc-a7"/>
      </symbol>
      <symbol id="sm-2f9">
         <name>_register_lock</name>
         <value>0x20007a7f</value>
         <object_component_ref idref="oc-10a"/>
      </symbol>
      <symbol id="sm-2fa">
         <name>_register_unlock</name>
         <value>0x20007a79</value>
         <object_component_ref idref="oc-10a"/>
      </symbol>
      <symbol id="sm-3ff">
         <name>__TI_printfi</name>
         <value>0x200051a1</value>
         <object_component_ref idref="oc-226"/>
      </symbol>
      <symbol id="sm-414">
         <name>_args_main</name>
         <value>0x200079e1</value>
         <object_component_ref idref="oc-67"/>
      </symbol>
      <symbol id="sm-42a">
         <name>atoi</name>
         <value>0x200073d1</value>
         <object_component_ref idref="oc-2c7"/>
      </symbol>
      <symbol id="sm-450">
         <name>__TI_auto_init</name>
         <value>0x200070d9</value>
         <object_component_ref idref="oc-61"/>
      </symbol>
      <symbol id="sm-46a">
         <name>copy_in</name>
         <value>0x2000741d</value>
         <object_component_ref idref="oc-97"/>
      </symbol>
      <symbol id="sm-475">
         <name>_ctypes_</name>
         <value>0x20007ae4</value>
         <object_component_ref idref="oc-311"/>
      </symbol>
      <symbol id="sm-499">
         <name>__aeabi_dsub</name>
         <value>0x20006089</value>
         <object_component_ref idref="oc-2a4"/>
      </symbol>
      <symbol id="sm-49a">
         <name>__aeabi_dadd</name>
         <value>0x20006093</value>
         <object_component_ref idref="oc-2a4"/>
      </symbol>
      <symbol id="sm-4c1">
         <name>__aeabi_cdcmpeq</name>
         <value>0x20006e61</value>
         <object_component_ref idref="oc-280"/>
      </symbol>
      <symbol id="sm-4c2">
         <name>__aeabi_cdcmple</name>
         <value>0x20006e61</value>
         <object_component_ref idref="oc-280"/>
      </symbol>
      <symbol id="sm-4c3">
         <name>__aeabi_cdrcmple</name>
         <value>0x20006ee7</value>
         <object_component_ref idref="oc-28f"/>
      </symbol>
      <symbol id="sm-4e3">
         <name>__aeabi_ddiv</name>
         <value>0x2000623f</value>
         <object_component_ref idref="oc-28a"/>
      </symbol>
      <symbol id="sm-4fa">
         <name>__aeabi_dmul</name>
         <value>0x200065b9</value>
         <object_component_ref idref="oc-285"/>
      </symbol>
      <symbol id="sm-508">
         <name>__aeabi_d2iz</name>
         <value>0x20007469</value>
         <object_component_ref idref="oc-294"/>
      </symbol>
      <symbol id="sm-515">
         <name>frexp</name>
         <value>0x200078af</value>
         <object_component_ref idref="oc-2a9"/>
      </symbol>
      <symbol id="sm-521">
         <name>__aeabi_i2d</name>
         <value>0x20007769</value>
         <object_component_ref idref="oc-29f"/>
      </symbol>
      <symbol id="sm-532">
         <name>ldexp</name>
         <value>0x200074b1</value>
         <object_component_ref idref="oc-2af"/>
      </symbol>
      <symbol id="sm-541">
         <name>ltoa</name>
         <value>0x2000732d</value>
         <object_component_ref idref="oc-299"/>
      </symbol>
      <symbol id="sm-551">
         <name>memccpy</name>
         <value>0x20007947</value>
         <object_component_ref idref="oc-2c1"/>
      </symbol>
      <symbol id="sm-561">
         <name>strchr</name>
         <value>0x20007a3b</value>
         <object_component_ref idref="oc-2b5"/>
      </symbol>
      <symbol id="sm-58b">
         <name>__aeabi_uldivmod</name>
         <value>0x20005e95</value>
         <object_component_ref idref="oc-27b"/>
      </symbol>
      <symbol id="sm-599">
         <name>_Dclass</name>
         <value>0x200077f1</value>
         <object_component_ref idref="oc-2bb"/>
      </symbol>
      <symbol id="sm-5ba">
         <name>_Dscale</name>
         <value>0x200064a9</value>
         <object_component_ref idref="oc-2fd"/>
      </symbol>
      <symbol id="sm-5ce">
         <name>_Dunscale</name>
         <value>0x200071af</value>
         <object_component_ref idref="oc-2f5"/>
      </symbol>
      <symbol id="sm-5dd">
         <name>_Feraise</name>
         <value>0x20007739</value>
         <object_component_ref idref="oc-303"/>
      </symbol>
      <symbol id="sm-5ed">
         <name>_Rteps</name>
         <value>0x20017910</value>
         <object_component_ref idref="oc-32b"/>
      </symbol>
      <symbol id="sm-5ee">
         <name>_Zero</name>
         <value>0x20017928</value>
         <object_component_ref idref="oc-32b"/>
      </symbol>
      <symbol id="sm-5ef">
         <name>_Hugeval</name>
         <value>0x200178d0</value>
         <object_component_ref idref="oc-32b"/>
      </symbol>
      <symbol id="sm-5f0">
         <name>_Snan</name>
         <value>0x20017900</value>
         <object_component_ref idref="oc-32b"/>
      </symbol>
      <symbol id="sm-5f1">
         <name>_Nan</name>
         <value>0x200178f0</value>
         <object_component_ref idref="oc-32b"/>
      </symbol>
      <symbol id="sm-5f2">
         <name>_Inf</name>
         <value>0x200178e0</value>
         <object_component_ref idref="oc-32b"/>
      </symbol>
      <symbol id="sm-5f3">
         <name>_Xbig</name>
         <value>0x20017920</value>
         <object_component_ref idref="oc-32b"/>
      </symbol>
      <symbol id="sm-5f4">
         <name>_Eps</name>
         <value>0x200178c0</value>
         <object_component_ref idref="oc-32b"/>
      </symbol>
      <symbol id="sm-5f5">
         <name>_Denorm</name>
         <value>0x200178b0</value>
         <object_component_ref idref="oc-32b"/>
      </symbol>
      <symbol id="sm-5fd">
         <name>_Errno</name>
         <value>0x20017954</value>
         <object_component_ref idref="oc-336"/>
      </symbol>
      <symbol id="sm-61b">
         <name>feraiseexcept</name>
         <value>0x200076a5</value>
         <object_component_ref idref="oc-330"/>
      </symbol>
      <symbol id="sm-61c">
         <name>_Tls_setup__Fenv</name>
         <value>0x20017950</value>
         <object_component_ref idref="oc-35a"/>
      </symbol>
      <symbol id="sm-61d">
         <name>_Fenv</name>
         <value>0x2001794c</value>
         <object_component_ref idref="oc-35a"/>
      </symbol>
      <symbol id="sm-631">
         <name>raise</name>
         <value>0x20007797</value>
         <object_component_ref idref="oc-354"/>
      </symbol>
      <symbol id="sm-64b">
         <name>signal</name>
         <value>0x2000757d</value>
         <object_component_ref idref="oc-364"/>
      </symbol>
      <symbol id="sm-660">
         <name>_Dnorm</name>
         <value>0x20006853</value>
         <object_component_ref idref="oc-321"/>
      </symbol>
      <symbol id="sm-67c">
         <name>GPIOPinRead</name>
         <value>0x20007997</value>
         <object_component_ref idref="oc-1d8"/>
      </symbol>
      <symbol id="sm-67d">
         <name>GPIODirModeSet</name>
         <value>0x2000766d</value>
         <object_component_ref idref="oc-1be"/>
      </symbol>
      <symbol id="sm-67e">
         <name>GPIOPinWrite</name>
         <value>0x200078d1</value>
         <object_component_ref idref="oc-1f0"/>
      </symbol>
      <symbol id="sm-6b5">
         <name>IntVTableBaseSet</name>
         <value>0x20007a65</value>
         <object_component_ref idref="oc-cc"/>
      </symbol>
      <symbol id="sm-6b6">
         <name>IntEnable</name>
         <value>0x200069c9</value>
         <object_component_ref idref="oc-d8"/>
      </symbol>
      <symbol id="sm-6b7">
         <name>IntMasterEnable</name>
         <value>0x20007ac9</value>
         <object_component_ref idref="oc-d2"/>
      </symbol>
      <symbol id="sm-6f6">
         <name>PinTypeUART</name>
         <value>0x2000797d</value>
         <object_component_ref idref="oc-155"/>
      </symbol>
      <symbol id="sm-6f7">
         <name>PinTypeGPIO</name>
         <value>0x200076d9</value>
         <object_component_ref idref="oc-1b8"/>
      </symbol>
      <symbol id="sm-6f8">
         <name>PinConfigSet</name>
         <value>0x20006c41</value>
         <object_component_ref idref="oc-210"/>
      </symbol>
      <symbol id="sm-6f9">
         <name>PinTypeSPI</name>
         <value>0x20007963</value>
         <object_component_ref idref="oc-1a0"/>
      </symbol>
      <symbol id="sm-6fa">
         <name>PinModeSet</name>
         <value>0x2000753d</value>
         <object_component_ref idref="oc-20a"/>
      </symbol>
      <symbol id="sm-77c">
         <name>PRCMPeripheralReset</name>
         <value>0x200072d5</value>
         <object_component_ref idref="oc-142"/>
      </symbol>
      <symbol id="sm-77d">
         <name>PRCMPeripheralClkEnable</name>
         <value>0x200075bd</value>
         <object_component_ref idref="oc-13c"/>
      </symbol>
      <symbol id="sm-77e">
         <name>PRCMPeripheralClockGet</name>
         <value>0x20006bad</value>
         <object_component_ref idref="oc-15c"/>
      </symbol>
      <symbol id="sm-77f">
         <name>PRCMCC3200MCUInit</name>
         <value>0x20006375</value>
         <object_component_ref idref="oc-de"/>
      </symbol>
      <symbol id="sm-780">
         <name>PRCMHIBRegWrite</name>
         <value>0x20007a0f</value>
         <object_component_ref idref="oc-136"/>
      </symbol>
      <symbol id="sm-781">
         <name>PRCMSysResetCauseGet</name>
         <value>0x200077c5</value>
         <object_component_ref idref="oc-14e"/>
      </symbol>
      <symbol id="sm-782">
         <name>PRCMPeripheralClkDisable</name>
         <value>0x2000781d</value>
         <object_component_ref idref="oc-148"/>
      </symbol>
      <symbol id="sm-783">
         <name>PRCMHIBRegRead</name>
         <value>0x200079f9</value>
         <object_component_ref idref="oc-130"/>
      </symbol>
      <symbol id="sm-7e7">
         <name>SPITransfer</name>
         <value>0x20006cc9</value>
         <object_component_ref idref="oc-1de"/>
      </symbol>
      <symbol id="sm-7e8">
         <name>SPIEnable</name>
         <value>0x200079af</value>
         <object_component_ref idref="oc-1b2"/>
      </symbol>
      <symbol id="sm-7e9">
         <name>SPIConfigSetExpClk</name>
         <value>0x20006a71</value>
         <object_component_ref idref="oc-1ac"/>
      </symbol>
      <symbol id="sm-7ea">
         <name>SPIReset</name>
         <value>0x2000788d</value>
         <object_component_ref idref="oc-1a6"/>
      </symbol>
      <symbol id="sm-82f">
         <name>UARTConfigSetExpClk</name>
         <value>0x20007061</value>
         <object_component_ref idref="oc-162"/>
      </symbol>
      <symbol id="sm-830">
         <name>UARTDisable</name>
         <value>0x20007709</value>
         <object_component_ref idref="oc-218"/>
      </symbol>
      <symbol id="sm-831">
         <name>UARTCharsAvail</name>
         <value>0x200079c7</value>
         <object_component_ref idref="oc-174"/>
      </symbol>
      <symbol id="sm-832">
         <name>UARTCharGetNonBlocking</name>
         <value>0x2000790f</value>
         <object_component_ref idref="oc-17a"/>
      </symbol>
      <symbol id="sm-833">
         <name>UARTCharPut</name>
         <value>0x200078f1</value>
         <object_component_ref idref="oc-168"/>
      </symbol>
      <symbol id="sm-834">
         <name>UARTEnable</name>
         <value>0x20007845</value>
         <object_component_ref idref="oc-21e"/>
      </symbol>
      <symbol id="sm-835">
         <name>UARTCharGet</name>
         <value>0x20007a25</value>
         <object_component_ref idref="oc-fc"/>
      </symbol>
      <symbol id="sm-839">
         <name>UtilsDelay</name>
         <value>0x20007ad3</value>
         <object_component_ref idref="oc-1ff"/>
      </symbol>
      <symbol id="sm-843">
         <name>CPUcpsie</name>
         <value>0x20007a51</value>
         <object_component_ref idref="oc-120"/>
      </symbol>
      <symbol id="sm-845">
         <name>__TI_static_base__</name>
         <value>0x20007e10</value>
      </symbol>
      <symbol id="sm-848">
         <name>SHT$$INIT_ARRAY$$Limit</name>
         <value>0x0</value>
      </symbol>
      <symbol id="sm-849">
         <name>SHT$$INIT_ARRAY$$Base</name>
         <value>0x0</value>
      </symbol>
   </symbol_table>
   <title>Link successful</title>
</link_info>
