******************************************************************************
                  TI ARM Linker PC v5.2.5                      
******************************************************************************
>> Linked Fri Mar 18 16:15:56 2016

OUTPUT FILE NAME:   <spi_demo.out>
ENTRY POINT SYMBOL: "_c_int00"  address: 20007265


MEMORY CONFIGURATION

         name            origin    length      used     unused   attr    fill
----------------------  --------  ---------  --------  --------  ----  --------
  SRAM_CODE             20004000   00013000  00003d06  0000f2fa  RW X
  SRAM_DATA             20017000   00019000  00001228  00017dd8  RW X


SEGMENT ALLOCATION MAP

run origin  load origin   length   init length attrs members
----------  ----------- ---------- ----------- ----- -------
20004000    20004000    00003d08   00003d08    r-x
  20004000    20004000    00000400   00000400    r-- .intvecs
  20004400    20004400    00003562   00003562    r-x .text
  20007964    20007964    0000032c   0000032c    r-- .const
  20007c90    20007c90    00000078   00000078    r-- .cinit
20017000    20017000    00000a28   00000000    rw-
  20017000    20017000    00000800   00000000    rw- .sysmem
  20017800    20017800    0000015c   00000000    rw- .data
  2001795c    2001795c    000000cc   00000000    rw- .bss
2002f800    2002f800    00000800   00000000    rw-
  2002f800    2002f800    00000800   00000000    rw- .stack


SECTION ALLOCATION MAP

 output                                  attributes/
section   page    origin      length       input sections
--------  ----  ----------  ----------   ----------------
.intvecs   0    20004000    00000400     
                  20004000    00000400     startup_ccs.obj (.intvecs)

.init_array 
*          0    20004000    00000000     UNINITIALIZED

.text      0    20004400    00003562     
                  20004400    000010ba     rtsv7M4_T_le_v4SPD16_eabi.lib : _printfi.obj (.text)
                  200054ba    00000002     --HOLE-- [fill = 0]
                  200054bc    000003dc                                   : memory.obj (.text)
                  20005898    00000348     L6472.obj (.text)
                  20005be0    00000280     uart_if.obj (.text)
                  20005e60    000001f4     rtsv7M4_T_le_v4SPD16_eabi.lib : ull_div_t2.obj (.text)
                  20006054    000001b6                                   : fd_add_t2.obj (.text)
                  2000620a    00000136                                   : fd_div_t2.obj (.text)
                  20006340    00000134     driverlib.a : prcm.obj (.text:PRCMCC3200MCUInit)
                  20006474    00000110     rtsv7M4_T_le_v4SPD16_eabi.lib : xdscale.obj (.text)
                  20006584    000000fc                                   : fd_mul_t2.obj (.text)
                  20006680    000000d0     driverlib.a : spi.obj (.text:SPITransfer32)
                  20006750    000000ce                 : spi.obj (.text:SPITransfer16)
                  2000681e    000000be     rtsv7M4_T_le_v4SPD16_eabi.lib : xdnorm.obj (.text)
                  200068dc    000000b8     driverlib.a : spi.obj (.text:SPITransfer8)
                  20006994    000000a8                 : interrupt.obj (.text:IntEnable)
                  20006a3c    000000a0                 : spi.obj (.text:SPIConfigSetExpClk)
                  20006adc    0000009c     rtsv7M4_T_le_v4SPD16_eabi.lib : memcpy_t2.obj (.text)
                  20006b78    00000094     driverlib.a : prcm.obj (.text:PRCMPeripheralClockGet)
                  20006c0c    00000088                 : pin.obj (.text:PinConfigSet)
                  20006c94    00000088                 : spi.obj (.text:SPITransfer)
                  20006d1c    00000088     main.obj (.text)
                  20006da4    00000088     rtsv7M4_T_le_v4SPD16_eabi.lib : vsnprintf.obj (.text)
                  20006e2c    00000086                                   : fd_cmp_t2.obj (.text:__aeabi_cdcmple)
                  20006eb2    00000086                                   : fd_cmp_t2.obj (.text:__aeabi_cdrcmple)
                  20006f38    0000007a                                   : memset_t2.obj (.text)
                  20006fb2    00000076     driverlib.a : uart.obj (.text:UARTConfigSetExpClk)
                  20007028    0000006c     rtsv7M4_T_le_v4SPD16_eabi.lib : autoinit.obj (.text)
                  20007094    0000006a                                   : copy_decompress_rle.obj (.text)
                  200070fe    00000066                                   : xdunscal.obj (.text)
                  20007164    00000058     driverlib.a : prcm.obj (.text:PRCMPeripheralReset)
                  200071bc    00000056     rtsv7M4_T_le_v4SPD16_eabi.lib : ltoa.obj (.text)
                  20007212    00000052                                   : ldexp.obj (.text)
                  20007264    00000050                                   : boot.obj (.text)
                  200072b4    0000004c     LaserBoard.obj (.text)
                  20007300    0000004c     rtsv7M4_T_le_v4SPD16_eabi.lib : atoi.obj (.text)
                  2000734c    0000004c                                   : cpy_tbl.obj (.text)
                  20007398    00000048                                   : fd_toi_t2.obj (.text)
                  200073e0    00000044                                   : exit.obj (.text)
                  20007424    00000040     driverlib.a : pin.obj (.text:PinModeSet)
                  20007464    00000040     rtsv7M4_T_le_v4SPD16_eabi.lib : signal.obj (.text)
                  200074a4    0000003c     driverlib.a : prcm.obj (.text:PRCMPeripheralClkEnable)
                  200074e0    00000036                 : gpio.obj (.text:GPIODirModeSet)
                  20007516    00000002     --HOLE-- [fill = 0]
                  20007518    00000034     rtsv7M4_T_le_v4SPD16_eabi.lib : feraiseexcept.obj (.text)
                  2000754c    00000030     driverlib.a : pin.obj (.text:PinTypeGPIO)
                  2000757c    00000030                 : uart.obj (.text:UARTDisable)
                  200075ac    00000030     rtsv7M4_T_le_v4SPD16_eabi.lib : xdclass.obj (.text)
                  200075dc    00000030                                   : xferaise.obj (.text)
                  2000760c    0000002e                                   : i_tofd_t2.obj (.text)
                  2000763a    0000002e                                   : raise.obj (.text)
                  20007668    0000002c     driverlib.a : prcm.obj (.text:PRCMSysResetCauseGet)
                  20007694    0000002a     rtsv7M4_T_le_v4SPD16_eabi.lib : frexp.obj (.text)
                  200076be    00000002     --HOLE-- [fill = 0]
                  200076c0    00000028     driverlib.a : prcm.obj (.text:PRCMPeripheralClkDisable)
                  200076e8    00000024                 : uart.obj (.text:UARTEnable)
                  2000770c    00000024     rtsv7M4_T_le_v4SPD16_eabi.lib : memmov.obj (.text)
                  20007730    00000022     driverlib.a : spi.obj (.text:SPIReset)
                  20007752    00000020                 : gpio.obj (.text:GPIOPinWrite)
                  20007772    0000001e                 : uart.obj (.text:UARTCharPut)
                  20007790    0000001c                 : uart.obj (.text:UARTCharGetNonBlocking)
                  200077ac    0000001c     pinmux.obj (.text)
                  200077c8    0000001c     rtsv7M4_T_le_v4SPD16_eabi.lib : memccpy.obj (.text)
                  200077e4    0000001a     driverlib.a : pin.obj (.text:PinTypeSPI)
                  200077fe    0000001a                 : pin.obj (.text:PinTypeUART)
                  20007818    00000018                 : gpio.obj (.text:GPIOPinRead)
                  20007830    00000018                 : spi.obj (.text:SPIEnable)
                  20007848    00000018                 : uart.obj (.text:UARTCharsAvail)
                  20007860    00000018     rtsv7M4_T_le_v4SPD16_eabi.lib : args_main.obj (.text)
                  20007878    00000016     driverlib.a : prcm.obj (.text:PRCMHIBRegRead)
                  2000788e    00000016                 : prcm.obj (.text:PRCMHIBRegWrite)
                  200078a4    00000016                 : uart.obj (.text:UARTCharGet)
                  200078ba    00000016     rtsv7M4_T_le_v4SPD16_eabi.lib : strchr.obj (.text)
                  200078d0    00000014     driverlib.a : cpu.obj (.text:CPUcpsie)
                  200078e4    00000014                 : interrupt.obj (.text:IntVTableBaseSet)
                  200078f8    00000014     rtsv7M4_T_le_v4SPD16_eabi.lib : _lock.obj (.text)
                  2000790c    00000014                                   : strlen.obj (.text)
                  20007920    0000000e                                   : copy_decompress_none.obj (.text:decompress:none)
                  2000792e    0000000e     startup_ccs.obj (.text)
                  2000793c    0000000c     rtsv7M4_T_le_v4SPD16_eabi.lib : copy_zero_init.obj (.text:decompress:ZI)
                  20007948    0000000a     driverlib.a : interrupt.obj (.text:IntMasterEnable)
                  20007952    00000006                 : utils.obj (.text:UtilsDelay)
                  20007958    00000006     rtsv7M4_T_le_v4SPD16_eabi.lib : copy_decompress_rle.obj (.text:decompress:rle24)
                  2000795e    00000004                                   : pre_init.obj (.text)

.const     0    20007964    0000032c     
                  20007964    00000101     rtsv7M4_T_le_v4SPD16_eabi.lib : ctype.obj (.const:.string:_ctypes_)
                  20007a65    00000003     --HOLE-- [fill = 0]
                  20007a68    00000100     driverlib.a : pin.obj (.const:g_ulPinToPadMap)
                  20007b68    000000a8                 : prcm.obj (.const:PRCM_PeriphRegsList)
                  20007c10    00000080                 : interrupt.obj (.const)

.cinit     0    20007c90    00000078     
                  20007c90    0000004e     (.cinit..data.load) [load image, compression = rle]
                  20007cde    00000002     --HOLE-- [fill = 0]
                  20007ce0    0000000c     (__TI_handler_table)
                  20007cec    00000004     --HOLE-- [fill = 0]
                  20007cf0    00000008     (.cinit..bss.load) [load image, compression = zero_init]
                  20007cf8    00000010     (__TI_cinit_table)

.sysmem    0    20017000    00000800     UNINITIALIZED
                  20017000    00000008     rtsv7M4_T_le_v4SPD16_eabi.lib : memory.obj (.sysmem)
                  20017008    000007f8     --HOLE--

.data      0    20017800    0000015c     UNINITIALIZED
                  20017800    000000b0     rtsv7M4_T_le_v4SPD16_eabi.lib : signal.obj (.data:sigtable)
                  200178b0    00000080                                   : xvalues.obj (.data)
                  20017930    0000000c                                   : memory.obj (.data)
                  2001793c    00000008                                   : _lock.obj (.data)
                  20017944    00000008                                   : exit.obj (.data)
                  2001794c    00000008                                   : feraiseexcept.obj (.data)
                  20017954    00000004                                   : errno.obj (.data)
                  20017958    00000004                                   : stkdepth_vars.obj (.data)

.TI.persistent 
*          0    20017800    00000000     UNINITIALIZED

.bss       0    2001795c    000000cc     UNINITIALIZED
                  2001795c    00000064     L6472.obj (.bss:g_ucRxBuff)
                  200179c0    00000064     L6472.obj (.bss:g_ucTxBuff)
                  20017a24    00000004     (.common:__Errorlog)

.TI.noinit 
*          0    2001795c    00000000     UNINITIALIZED

.stack     0    2002f800    00000800     UNINITIALIZED
                  2002f800    00000800     --HOLE--


LINKER GENERATED COPY TABLES

__TI_cinit_table @ 20007cf8 records: 2, size/record: 8, table size: 16
	.data: load addr=20007c90, load size=0000004e bytes, run addr=20017800, run size=0000015c bytes, compression=rle
	.bss: load addr=20007cf0, load size=00000008 bytes, run addr=2001795c, run size=000000cc bytes, compression=zero_init


LINKER GENERATED HANDLER TABLE

__TI_handler_table @ 20007ce0 records: 3, size/record: 4, table size: 12
	index: 0, handler: __TI_decompress_rle24
	index: 1, handler: __TI_decompress_none
	index: 2, handler: __TI_zero_init


GLOBAL SYMBOLS: SORTED ALPHABETICALLY BY Name 

address   name                    
-------   ----                    
200073e1  C$$EXIT                 
200078d1  CPUcpsie                
20005c21  ClearTerm               
20005c2b  Error                   
200074e1  GPIODirModeSet          
20007819  GPIOPinRead             
20007753  GPIOPinWrite            
20005c63  GetCmd                  
20005be1  InitTerm                
20006995  IntEnable               
20007949  IntMasterEnable         
200078e5  IntVTableBaseSet        
20005899  L6472_init              
20005999  L6472_spi_txrx          
20005bff  Message                 
20006341  PRCMCC3200MCUInit       
20007879  PRCMHIBRegRead          
2000788f  PRCMHIBRegWrite         
200076c1  PRCMPeripheralClkDisable
200074a5  PRCMPeripheralClkEnable 
20006b79  PRCMPeripheralClockGet  
20007165  PRCMPeripheralReset     
20007669  PRCMSysResetCauseGet    
20006c0d  PinConfigSet            
20007425  PinModeSet              
200077ad  PinMuxConfig            
2000754d  PinTypeGPIO             
200077e5  PinTypeSPI              
200077ff  PinTypeUART             
20005da1  Report                  
2000792f  ResetISR                
UNDEFED   SHT$$INIT_ARRAY$$Base   
UNDEFED   SHT$$INIT_ARRAY$$Limit  
20006a3d  SPIConfigSetExpClk      
20007831  SPIEnable               
20007731  SPIReset                
20006c95  SPITransfer             
20005d09  TrimSpace               
200078a5  UARTCharGet             
20007791  UARTCharGetNonBlocking  
20007773  UARTCharPut             
20007849  UARTCharsAvail          
20006fb3  UARTConfigSetExpClk     
2000757d  UARTDisable             
200076e9  UARTEnable              
20007953  UtilsDelay              
200075ad  _Dclass                 
200178b0  _Denorm                 
2000681f  _Dnorm                  
20006475  _Dscale                 
200070ff  _Dunscale               
200178c0  _Eps                    
20017954  _Errno                  
2001794c  _Fenv                   
200075dd  _Feraise                
200178d0  _Hugeval                
200178e0  _Inf                    
200178f0  _Nan                    
20017910  _Rteps                  
20017900  _Snan                   
20017950  _Tls_setup__Fenv        
20017920  _Xbig                   
20017928  _Zero                   
20030000  __STACK_END             
00000800  __STACK_SIZE            
00000800  __SYSMEM_SIZE           
20007cf8  __TI_CINIT_Base         
20007d08  __TI_CINIT_Limit        
20007ce0  __TI_Handler_Table_Base 
20007cec  __TI_Handler_Table_Limit
20007029  __TI_auto_init          
20017944  __TI_cleanup_ptr        
20007921  __TI_decompress_none    
20007959  __TI_decompress_rle24   
20017948  __TI_dtors_ptr          
200051b5  __TI_printfi            
20007c90  __TI_static_base__      
2000793d  __TI_zero_init          
20006e2d  __aeabi_cdcmpeq         
20006e2d  __aeabi_cdcmple         
20006eb3  __aeabi_cdrcmple        
20007399  __aeabi_d2iz            
2000605f  __aeabi_dadd            
2000620b  __aeabi_ddiv            
20006585  __aeabi_dmul            
20006055  __aeabi_dsub            
2000760d  __aeabi_i2d             
20006f39  __aeabi_memclr          
20006f39  __aeabi_memclr4         
20006f39  __aeabi_memclr8         
20006add  __aeabi_memcpy          
20006add  __aeabi_memcpy4         
20006add  __aeabi_memcpy8         
20006f3b  __aeabi_memset          
20006f3b  __aeabi_memset4         
20006f3b  __aeabi_memset8         
20005e61  __aeabi_uldivmod        
ffffffff  __binit__               
ffffffff  __c_args__              
2002f800  __stack                 
20007861  _args_main              
20007265  _c_int00                
20007964  _ctypes_                
2001793c  _lock                   
20007907  _nop                    
200078ff  _register_lock          
200078f9  _register_unlock        
20017000  _sys_memory             
2000795f  _system_pre_init        
20017940  _unlock                 
200073e5  abort                   
20007301  atoi                    
ffffffff  binit                   
20005865  calloc                  
2000734d  copy_in                 
200073ed  exit                    
20007519  feraiseexcept           
200055b3  free                    
20007695  frexp                   
20004000  g_pfnVectors            
20005967  get_status              
200072b5  laser_init              
200072e1  laser_off               
200072ef  laser_on                
20007213  ldexp                   
200071bd  ltoa                    
20006d35  main                    
20017958  main_func_sp            
2000554b  malloc                  
20005781  memalign                
200077c9  memccpy                 
20006add  memcpy                  
2000770d  memmove                 
20006f41  memset                  
200054bd  minit                   
2000763b  raise                   
20005675  realloc                 
20007465  signal                  
200078bb  strchr                  
2000790d  strlen                  
20006da5  vsnprintf               
200059ef  x_byte_txrx             
20005a53  x_get_max_speed         
20005a2d  x_set_max_speed         
20005911  y_busy                  
20005a0d  y_byte_txrx             
20005aa3  y_get_max_speed         
20005aff  y_get_speed             
2000595d  y_goto_origin           
20005b7f  y_move                  
20005b3b  y_run                   
20005a7d  y_set_max_speed         
20005931  y_set_origin            
20005acd  y_set_speed             
20005925  y_wait                  


GLOBAL SYMBOLS: SORTED BY Symbol Address 

address   name                    
-------   ----                    
00000800  __STACK_SIZE            
00000800  __SYSMEM_SIZE           
20004000  g_pfnVectors            
200051b5  __TI_printfi            
200054bd  minit                   
2000554b  malloc                  
200055b3  free                    
20005675  realloc                 
20005781  memalign                
20005865  calloc                  
20005899  L6472_init              
20005911  y_busy                  
20005925  y_wait                  
20005931  y_set_origin            
2000595d  y_goto_origin           
20005967  get_status              
20005999  L6472_spi_txrx          
200059ef  x_byte_txrx             
20005a0d  y_byte_txrx             
20005a2d  x_set_max_speed         
20005a53  x_get_max_speed         
20005a7d  y_set_max_speed         
20005aa3  y_get_max_speed         
20005acd  y_set_speed             
20005aff  y_get_speed             
20005b3b  y_run                   
20005b7f  y_move                  
20005be1  InitTerm                
20005bff  Message                 
20005c21  ClearTerm               
20005c2b  Error                   
20005c63  GetCmd                  
20005d09  TrimSpace               
20005da1  Report                  
20005e61  __aeabi_uldivmod        
20006055  __aeabi_dsub            
2000605f  __aeabi_dadd            
2000620b  __aeabi_ddiv            
20006341  PRCMCC3200MCUInit       
20006475  _Dscale                 
20006585  __aeabi_dmul            
2000681f  _Dnorm                  
20006995  IntEnable               
20006a3d  SPIConfigSetExpClk      
20006add  __aeabi_memcpy          
20006add  __aeabi_memcpy4         
20006add  __aeabi_memcpy8         
20006add  memcpy                  
20006b79  PRCMPeripheralClockGet  
20006c0d  PinConfigSet            
20006c95  SPITransfer             
20006d35  main                    
20006da5  vsnprintf               
20006e2d  __aeabi_cdcmpeq         
20006e2d  __aeabi_cdcmple         
20006eb3  __aeabi_cdrcmple        
20006f39  __aeabi_memclr          
20006f39  __aeabi_memclr4         
20006f39  __aeabi_memclr8         
20006f3b  __aeabi_memset          
20006f3b  __aeabi_memset4         
20006f3b  __aeabi_memset8         
20006f41  memset                  
20006fb3  UARTConfigSetExpClk     
20007029  __TI_auto_init          
200070ff  _Dunscale               
20007165  PRCMPeripheralReset     
200071bd  ltoa                    
20007213  ldexp                   
20007265  _c_int00                
200072b5  laser_init              
200072e1  laser_off               
200072ef  laser_on                
20007301  atoi                    
2000734d  copy_in                 
20007399  __aeabi_d2iz            
200073e1  C$$EXIT                 
200073e5  abort                   
200073ed  exit                    
20007425  PinModeSet              
20007465  signal                  
200074a5  PRCMPeripheralClkEnable 
200074e1  GPIODirModeSet          
20007519  feraiseexcept           
2000754d  PinTypeGPIO             
2000757d  UARTDisable             
200075ad  _Dclass                 
200075dd  _Feraise                
2000760d  __aeabi_i2d             
2000763b  raise                   
20007669  PRCMSysResetCauseGet    
20007695  frexp                   
200076c1  PRCMPeripheralClkDisable
200076e9  UARTEnable              
2000770d  memmove                 
20007731  SPIReset                
20007753  GPIOPinWrite            
20007773  UARTCharPut             
20007791  UARTCharGetNonBlocking  
200077ad  PinMuxConfig            
200077c9  memccpy                 
200077e5  PinTypeSPI              
200077ff  PinTypeUART             
20007819  GPIOPinRead             
20007831  SPIEnable               
20007849  UARTCharsAvail          
20007861  _args_main              
20007879  PRCMHIBRegRead          
2000788f  PRCMHIBRegWrite         
200078a5  UARTCharGet             
200078bb  strchr                  
200078d1  CPUcpsie                
200078e5  IntVTableBaseSet        
200078f9  _register_unlock        
200078ff  _register_lock          
20007907  _nop                    
2000790d  strlen                  
20007921  __TI_decompress_none    
2000792f  ResetISR                
2000793d  __TI_zero_init          
20007949  IntMasterEnable         
20007953  UtilsDelay              
20007959  __TI_decompress_rle24   
2000795f  _system_pre_init        
20007964  _ctypes_                
20007c90  __TI_static_base__      
20007ce0  __TI_Handler_Table_Base 
20007cec  __TI_Handler_Table_Limit
20007cf8  __TI_CINIT_Base         
20007d08  __TI_CINIT_Limit        
20017000  _sys_memory             
200178b0  _Denorm                 
200178c0  _Eps                    
200178d0  _Hugeval                
200178e0  _Inf                    
200178f0  _Nan                    
20017900  _Snan                   
20017910  _Rteps                  
20017920  _Xbig                   
20017928  _Zero                   
2001793c  _lock                   
20017940  _unlock                 
20017944  __TI_cleanup_ptr        
20017948  __TI_dtors_ptr          
2001794c  _Fenv                   
20017950  _Tls_setup__Fenv        
20017954  _Errno                  
20017958  main_func_sp            
2002f800  __stack                 
20030000  __STACK_END             
ffffffff  __binit__               
ffffffff  __c_args__              
ffffffff  binit                   
UNDEFED   SHT$$INIT_ARRAY$$Base   
UNDEFED   SHT$$INIT_ARRAY$$Limit  

[155 symbols]
