******************************************************************************
                  TI ARM Linker PC v5.2.5                      
******************************************************************************
>> Linked Sat Mar 19 02:58:46 2016

OUTPUT FILE NAME:   <spi_demo.out>
ENTRY POINT SYMBOL: "_c_int00"  address: 200076b5


MEMORY CONFIGURATION

         name            origin    length      used     unused   attr    fill
----------------------  --------  ---------  --------  --------  ----  --------
  SRAM_CODE             20004000   00013000  00003f42  0000f0be  RW X
  SRAM_DATA             20017000   00019000  00001228  00017dd8  RW X


SEGMENT ALLOCATION MAP

run origin  load origin   length   init length attrs members
----------  ----------- ---------- ----------- ----- -------
20004000    20004000    00003f48   00003f48    r-x
  20004000    20004000    00000400   00000400    r-- .intvecs
  20004400    20004400    0000379e   0000379e    r-x .text
  20007ba0    20007ba0    0000032c   0000032c    r-- .const
  20007ed0    20007ed0    00000078   00000078    r-- .cinit
20017000    20017000    00000a28   00000000    rw-
  20017000    20017000    00000800   00000000    rw- .sysmem
  20017800    20017800    0000015c   00000000    rw- .data
  2001795c    2001795c    000000cc   00000000    rw- .bss
2002f800    2002f800    00000800   00000000    rw-
  2002f800    2002f800    00000800   00000000    rw- .stack


SECTION ALLOCATION MAP

 output                                  attributes/
section   page    origin      length       input sections
--------  ----  ----------  ----------   ----------------
.intvecs   0    20004000    00000400     
                  20004000    00000400     startup_ccs.obj (.intvecs)

.init_array 
*          0    20004000    00000000     UNINITIALIZED

.text      0    20004400    0000379e     
                  20004400    000010a6     rtsv7M4_T_le_eabi.lib : _printfi.obj (.text)
                  200054a6    00000002     --HOLE-- [fill = 0]
                  200054a8    000003fc     L6472.obj (.text)
                  200058a4    000003dc     rtsv7M4_T_le_eabi.lib : memory.obj (.text)
                  20005c80    00000280     uart_if.obj (.text)
                  20005f00    000001f4     rtsv7M4_T_le_eabi.lib : ull_div_t2.obj (.text)
                  200060f4    000001b6                           : fd_add_t2.obj (.text)
                  200062aa    00000136                           : fd_div_t2.obj (.text)
                  200063e0    00000134     driverlib.a : prcm.obj (.text:PRCMCC3200MCUInit)
                  20006514    00000110     rtsv7M4_T_le_eabi.lib : xdscale.obj (.text)
                  20006624    000000fc                           : fd_mul_t2.obj (.text)
                  20006720    000000e0     main.obj (.text)
                  20006800    000000d0     driverlib.a : spi.obj (.text:SPITransfer32)
                  200068d0    000000ce                 : spi.obj (.text:SPITransfer16)
                  2000699e    000000be     rtsv7M4_T_le_eabi.lib : xdnorm.obj (.text)
                  20006a5c    000000b8     driverlib.a : spi.obj (.text:SPITransfer8)
                  20006b14    000000a8                 : interrupt.obj (.text:IntEnable)
                  20006bbc    000000a0                 : spi.obj (.text:SPIConfigSetExpClk)
                  20006c5c    0000009c     rtsv7M4_T_le_eabi.lib : memcpy_t2.obj (.text)
                  20006cf8    00000094     driverlib.a : prcm.obj (.text:PRCMPeripheralClockGet)
                  20006d8c    00000088                 : pin.obj (.text:PinConfigSet)
                  20006e14    00000088                 : spi.obj (.text:SPITransfer)
                  20006e9c    00000088     rtsv7M4_T_le_eabi.lib : vsnprintf.obj (.text)
                  20006f24    00000086                           : fd_cmp_t2.obj (.text:__aeabi_cdcmple)
                  20006faa    00000086                           : fd_cmp_t2.obj (.text:__aeabi_cdrcmple)
                  20007030    0000007a                           : fs_mul_t2.obj (.text)
                  200070aa    0000007a                           : memset_t2.obj (.text)
                  20007124    00000076     driverlib.a : uart.obj (.text:UARTConfigSetExpClk)
                  2000719a    00000002     --HOLE-- [fill = 0]
                  2000719c    0000006c     rtsv7M4_T_le_eabi.lib : autoinit.obj (.text)
                  20007208    0000006a                           : copy_decompress_rle.obj (.text)
                  20007272    00000066                           : xdunscal.obj (.text)
                  200072d8    00000060                           : fs_cmp_t2.obj (.text:__aeabi_cfcmple)
                  20007338    00000060                           : fs_cmp_t2.obj (.text:__aeabi_cfrcmple)
                  20007398    00000058     driverlib.a : prcm.obj (.text:PRCMPeripheralReset)
                  200073f0    00000056     rtsv7M4_T_le_eabi.lib : ltoa.obj (.text)
                  20007446    00000002     --HOLE-- [fill = 0]
                  20007448    0000004c                           : atoi.obj (.text)
                  20007494    0000004c                           : cpy_tbl.obj (.text)
                  200074e0    00000048                           : fd_toi_t2.obj (.text)
                  20007528    00000046                           : ldexp.obj (.text)
                  2000756e    00000002     --HOLE-- [fill = 0]
                  20007570    00000044     LaserBoard.obj (.text)
                  200075b4    00000044     rtsv7M4_T_le_eabi.lib : exit.obj (.text)
                  200075f8    00000040     driverlib.a : pin.obj (.text:PinModeSet)
                  20007638    00000040     rtsv7M4_T_le_eabi.lib : signal.obj (.text)
                  20007678    0000003c     driverlib.a : prcm.obj (.text:PRCMPeripheralClkEnable)
                  200076b4    0000003c     rtsv7M4_T_le_eabi.lib : boot.obj (.text)
                  200076f0    00000038                           : fs_toi_t2.obj (.text)
                  20007728    00000036     driverlib.a : gpio.obj (.text:GPIODirModeSet)
                  2000775e    00000002     --HOLE-- [fill = 0]
                  20007760    00000034     rtsv7M4_T_le_eabi.lib : feraiseexcept.obj (.text)
                  20007794    00000030     driverlib.a : pin.obj (.text:PinTypeGPIO)
                  200077c4    00000030                 : uart.obj (.text:UARTDisable)
                  200077f4    00000030     rtsv7M4_T_le_eabi.lib : xferaise.obj (.text)
                  20007824    0000002e                           : i_tofd_t2.obj (.text)
                  20007852    0000002e                           : raise.obj (.text)
                  20007880    0000002c     driverlib.a : prcm.obj (.text:PRCMSysResetCauseGet)
                  200078ac    0000002a     rtsv7M4_T_le_eabi.lib : xdclass.obj (.text)
                  200078d6    00000002     --HOLE-- [fill = 0]
                  200078d8    00000028     driverlib.a : prcm.obj (.text:PRCMPeripheralClkDisable)
                  20007900    00000024                 : uart.obj (.text:UARTEnable)
                  20007924    00000024     rtsv7M4_T_le_eabi.lib : memmov.obj (.text)
                  20007948    00000022     driverlib.a : spi.obj (.text:SPIReset)
                  2000796a    00000022     rtsv7M4_T_le_eabi.lib : frexp.obj (.text)
                  2000798c    00000020     driverlib.a : gpio.obj (.text:GPIOPinWrite)
                  200079ac    0000001e                 : uart.obj (.text:UARTCharPut)
                  200079ca    0000001c                 : uart.obj (.text:UARTCharGetNonBlocking)
                  200079e6    0000001c     pinmux.obj (.text)
                  20007a02    0000001c     rtsv7M4_T_le_eabi.lib : memccpy.obj (.text)
                  20007a1e    0000001a     driverlib.a : pin.obj (.text:PinTypeSPI)
                  20007a38    0000001a                 : pin.obj (.text:PinTypeUART)
                  20007a52    00000018                 : gpio.obj (.text:GPIOPinRead)
                  20007a6a    00000018                 : spi.obj (.text:SPIEnable)
                  20007a82    00000018                 : uart.obj (.text:UARTCharsAvail)
                  20007a9a    00000002     --HOLE-- [fill = 0]
                  20007a9c    00000018     rtsv7M4_T_le_eabi.lib : args_main.obj (.text)
                  20007ab4    00000016     driverlib.a : prcm.obj (.text:PRCMHIBRegRead)
                  20007aca    00000016                 : prcm.obj (.text:PRCMHIBRegWrite)
                  20007ae0    00000016                 : uart.obj (.text:UARTCharGet)
                  20007af6    00000016     rtsv7M4_T_le_eabi.lib : strchr.obj (.text)
                  20007b0c    00000014     driverlib.a : cpu.obj (.text:CPUcpsie)
                  20007b20    00000014                 : interrupt.obj (.text:IntVTableBaseSet)
                  20007b34    00000014     rtsv7M4_T_le_eabi.lib : _lock.obj (.text)
                  20007b48    00000014                           : strlen.obj (.text)
                  20007b5c    0000000e                           : copy_decompress_none.obj (.text:decompress:none)
                  20007b6a    0000000e     startup_ccs.obj (.text)
                  20007b78    0000000c     rtsv7M4_T_le_eabi.lib : copy_zero_init.obj (.text:decompress:ZI)
                  20007b84    0000000a     driverlib.a : interrupt.obj (.text:IntMasterEnable)
                  20007b8e    00000006                 : utils.obj (.text:UtilsDelay)
                  20007b94    00000006     rtsv7M4_T_le_eabi.lib : copy_decompress_rle.obj (.text:decompress:rle24)
                  20007b9a    00000004                           : pre_init.obj (.text)

.const     0    20007ba0    0000032c     
                  20007ba0    00000101     rtsv7M4_T_le_eabi.lib : ctype.obj (.const:.string:_ctypes_)
                  20007ca1    00000003     --HOLE-- [fill = 0]
                  20007ca4    00000100     driverlib.a : pin.obj (.const:g_ulPinToPadMap)
                  20007da4    000000a8                 : prcm.obj (.const:PRCM_PeriphRegsList)
                  20007e4c    00000080                 : interrupt.obj (.const)

.cinit     0    20007ed0    00000078     
                  20007ed0    0000004e     (.cinit..data.load) [load image, compression = rle]
                  20007f1e    00000002     --HOLE-- [fill = 0]
                  20007f20    0000000c     (__TI_handler_table)
                  20007f2c    00000004     --HOLE-- [fill = 0]
                  20007f30    00000008     (.cinit..bss.load) [load image, compression = zero_init]
                  20007f38    00000010     (__TI_cinit_table)

.sysmem    0    20017000    00000800     UNINITIALIZED
                  20017000    00000008     rtsv7M4_T_le_eabi.lib : memory.obj (.sysmem)
                  20017008    000007f8     --HOLE--

.data      0    20017800    0000015c     UNINITIALIZED
                  20017800    000000b0     rtsv7M4_T_le_eabi.lib : signal.obj (.data:sigtable)
                  200178b0    00000080                           : xvalues.obj (.data)
                  20017930    0000000c                           : memory.obj (.data)
                  2001793c    00000008                           : _lock.obj (.data)
                  20017944    00000008                           : exit.obj (.data)
                  2001794c    00000008                           : feraiseexcept.obj (.data)
                  20017954    00000004                           : errno.obj (.data)
                  20017958    00000004                           : stkdepth_vars.obj (.data)

.TI.persistent 
*          0    20017800    00000000     UNINITIALIZED

.bss       0    2001795c    000000cc     UNINITIALIZED
                  2001795c    00000064     L6472.obj (.bss:g_ucRxBuff)
                  200179c0    00000064     L6472.obj (.bss:g_ucTxBuff)
                  20017a24    00000004     (.common:__Errorlog)

.TI.noinit 
*          0    2001795c    00000000     UNINITIALIZED

.stack     0    2002f800    00000800     UNINITIALIZED
                  2002f800    00000800     --HOLE--


LINKER GENERATED COPY TABLES

__TI_cinit_table @ 20007f38 records: 2, size/record: 8, table size: 16
	.data: load addr=20007ed0, load size=0000004e bytes, run addr=20017800, run size=0000015c bytes, compression=rle
	.bss: load addr=20007f30, load size=00000008 bytes, run addr=2001795c, run size=000000cc bytes, compression=zero_init


LINKER GENERATED HANDLER TABLE

__TI_handler_table @ 20007f20 records: 3, size/record: 4, table size: 12
	index: 0, handler: __TI_decompress_rle24
	index: 1, handler: __TI_decompress_none
	index: 2, handler: __TI_zero_init


GLOBAL SYMBOLS: SORTED ALPHABETICALLY BY Name 

address   name                    
-------   ----                    
200075b5  C$$EXIT                 
20007b0d  CPUcpsie                
20005cc1  ClearTerm               
20005ccb  Error                   
20007729  GPIODirModeSet          
20007a53  GPIOPinRead             
2000798d  GPIOPinWrite            
20005d03  GetCmd                  
20005c81  InitTerm                
20006b15  IntEnable               
20007b85  IntMasterEnable         
20007b21  IntVTableBaseSet        
200054a9  L6472_init              
20005707  L6472_spi_txrx          
20005c9f  Message                 
200063e1  PRCMCC3200MCUInit       
20007ab5  PRCMHIBRegRead          
20007acb  PRCMHIBRegWrite         
200078d9  PRCMPeripheralClkDisable
20007679  PRCMPeripheralClkEnable 
20006cf9  PRCMPeripheralClockGet  
20007399  PRCMPeripheralReset     
20007881  PRCMSysResetCauseGet    
20006d8d  PinConfigSet            
200075f9  PinModeSet              
200079e7  PinMuxConfig            
20007795  PinTypeGPIO             
20007a1f  PinTypeSPI              
20007a39  PinTypeUART             
20005e41  Report                  
20007b6b  ResetISR                
UNDEFED   SHT$$INIT_ARRAY$$Base   
UNDEFED   SHT$$INIT_ARRAY$$Limit  
20006bbd  SPIConfigSetExpClk      
20007a6b  SPIEnable               
20007949  SPIReset                
20006e15  SPITransfer             
20005da9  TrimSpace               
20007ae1  UARTCharGet             
200079cb  UARTCharGetNonBlocking  
200079ad  UARTCharPut             
20007a83  UARTCharsAvail          
20007125  UARTConfigSetExpClk     
200077c5  UARTDisable             
20007901  UARTEnable              
20007b8f  UtilsDelay              
200078ad  _Dclass                 
200178b0  _Denorm                 
2000699f  _Dnorm                  
20006515  _Dscale                 
20007273  _Dunscale               
200178c0  _Eps                    
20017954  _Errno                  
2001794c  _Fenv                   
200077f5  _Feraise                
200178d0  _Hugeval                
200178e0  _Inf                    
200178f0  _Nan                    
20017910  _Rteps                  
20017900  _Snan                   
20017950  _Tls_setup__Fenv        
20017920  _Xbig                   
20017928  _Zero                   
20030000  __STACK_END             
00000800  __STACK_SIZE            
00000800  __SYSMEM_SIZE           
20007f38  __TI_CINIT_Base         
20007f48  __TI_CINIT_Limit        
20007f20  __TI_Handler_Table_Base 
20007f2c  __TI_Handler_Table_Limit
2000719d  __TI_auto_init          
20017944  __TI_cleanup_ptr        
20007b5d  __TI_decompress_none    
20007b95  __TI_decompress_rle24   
20017948  __TI_dtors_ptr          
200051a1  __TI_printfi            
20007ed0  __TI_static_base__      
20007b79  __TI_zero_init          
20006f25  __aeabi_cdcmpeq         
20006f25  __aeabi_cdcmple         
20006fab  __aeabi_cdrcmple        
200072d9  __aeabi_cfcmpeq         
200072d9  __aeabi_cfcmple         
20007339  __aeabi_cfrcmple        
200074e1  __aeabi_d2iz            
200060ff  __aeabi_dadd            
200062ab  __aeabi_ddiv            
20006625  __aeabi_dmul            
200060f5  __aeabi_dsub            
200076f1  __aeabi_f2iz            
20007031  __aeabi_fmul            
20007825  __aeabi_i2d             
200070ab  __aeabi_memclr          
200070ab  __aeabi_memclr4         
200070ab  __aeabi_memclr8         
20006c5d  __aeabi_memcpy          
20006c5d  __aeabi_memcpy4         
20006c5d  __aeabi_memcpy8         
200070ad  __aeabi_memset          
200070ad  __aeabi_memset4         
200070ad  __aeabi_memset8         
20005f01  __aeabi_uldivmod        
ffffffff  __binit__               
ffffffff  __c_args__              
2002f800  __stack                 
20007a9d  _args_main              
200076b5  _c_int00                
20007ba0  _ctypes_                
2001793c  _lock                   
20007b43  _nop                    
20007b3b  _register_lock          
20007b35  _register_unlock        
20017000  _sys_memory             
20007b9b  _system_pre_init        
20017940  _unlock                 
200075b9  abort                   
20007449  atoi                    
ffffffff  binit                   
20005c4d  calloc                  
20007495  copy_in                 
200075c1  exit                    
20007761  feraiseexcept           
2000599b  free                    
2000796b  frexp                   
20004000  g_pfnVectors            
200056d5  get_status              
20007571  laser_init              
20007595  laser_off               
200075a3  laser_on                
20007529  ldexp                   
200073f1  ltoa                    
20006739  main                    
20017958  main_func_sp            
20005933  malloc                  
20005b69  memalign                
20007a03  memccpy                 
20006c5d  memcpy                  
20007925  memmove                 
200070b3  memset                  
200058a5  minit                   
20007853  raise                   
20005a5d  realloc                 
20007639  signal                  
20007af7  strchr                  
20007b49  strlen                  
20006e9d  vsnprintf               
20005879  x_busy                  
2000580d  x_byte_txrx             
20005699  x_goto_origin           
20005831  x_move                  
20005623  x_move_mm               
20005663  x_release_bridge        
20005619  x_reset                 
200056af  x_set_max_speed         
2000566d  x_set_origin            
200057f1  x_set_run_current       
200056a3  x_wait                  
20005549  xy_wait                 
200057d7  y_busy                  
20005773  y_byte_txrx             
200055dd  y_goto_origin           
20005793  y_move                  
20005567  y_move_mm               
200055a7  y_release_bridge        
2000555d  y_reset                 
200055f3  y_set_max_speed         
200055b1  y_set_origin            
2000575d  y_set_run_current       
200055e7  y_wait                  


GLOBAL SYMBOLS: SORTED BY Symbol Address 

address   name                    
-------   ----                    
00000800  __STACK_SIZE            
00000800  __SYSMEM_SIZE           
20004000  g_pfnVectors            
200051a1  __TI_printfi            
200054a9  L6472_init              
20005549  xy_wait                 
2000555d  y_reset                 
20005567  y_move_mm               
200055a7  y_release_bridge        
200055b1  y_set_origin            
200055dd  y_goto_origin           
200055e7  y_wait                  
200055f3  y_set_max_speed         
20005619  x_reset                 
20005623  x_move_mm               
20005663  x_release_bridge        
2000566d  x_set_origin            
20005699  x_goto_origin           
200056a3  x_wait                  
200056af  x_set_max_speed         
200056d5  get_status              
20005707  L6472_spi_txrx          
2000575d  y_set_run_current       
20005773  y_byte_txrx             
20005793  y_move                  
200057d7  y_busy                  
200057f1  x_set_run_current       
2000580d  x_byte_txrx             
20005831  x_move                  
20005879  x_busy                  
200058a5  minit                   
20005933  malloc                  
2000599b  free                    
20005a5d  realloc                 
20005b69  memalign                
20005c4d  calloc                  
20005c81  InitTerm                
20005c9f  Message                 
20005cc1  ClearTerm               
20005ccb  Error                   
20005d03  GetCmd                  
20005da9  TrimSpace               
20005e41  Report                  
20005f01  __aeabi_uldivmod        
200060f5  __aeabi_dsub            
200060ff  __aeabi_dadd            
200062ab  __aeabi_ddiv            
200063e1  PRCMCC3200MCUInit       
20006515  _Dscale                 
20006625  __aeabi_dmul            
20006739  main                    
2000699f  _Dnorm                  
20006b15  IntEnable               
20006bbd  SPIConfigSetExpClk      
20006c5d  __aeabi_memcpy          
20006c5d  __aeabi_memcpy4         
20006c5d  __aeabi_memcpy8         
20006c5d  memcpy                  
20006cf9  PRCMPeripheralClockGet  
20006d8d  PinConfigSet            
20006e15  SPITransfer             
20006e9d  vsnprintf               
20006f25  __aeabi_cdcmpeq         
20006f25  __aeabi_cdcmple         
20006fab  __aeabi_cdrcmple        
20007031  __aeabi_fmul            
200070ab  __aeabi_memclr          
200070ab  __aeabi_memclr4         
200070ab  __aeabi_memclr8         
200070ad  __aeabi_memset          
200070ad  __aeabi_memset4         
200070ad  __aeabi_memset8         
200070b3  memset                  
20007125  UARTConfigSetExpClk     
2000719d  __TI_auto_init          
20007273  _Dunscale               
200072d9  __aeabi_cfcmpeq         
200072d9  __aeabi_cfcmple         
20007339  __aeabi_cfrcmple        
20007399  PRCMPeripheralReset     
200073f1  ltoa                    
20007449  atoi                    
20007495  copy_in                 
200074e1  __aeabi_d2iz            
20007529  ldexp                   
20007571  laser_init              
20007595  laser_off               
200075a3  laser_on                
200075b5  C$$EXIT                 
200075b9  abort                   
200075c1  exit                    
200075f9  PinModeSet              
20007639  signal                  
20007679  PRCMPeripheralClkEnable 
200076b5  _c_int00                
200076f1  __aeabi_f2iz            
20007729  GPIODirModeSet          
20007761  feraiseexcept           
20007795  PinTypeGPIO             
200077c5  UARTDisable             
200077f5  _Feraise                
20007825  __aeabi_i2d             
20007853  raise                   
20007881  PRCMSysResetCauseGet    
200078ad  _Dclass                 
200078d9  PRCMPeripheralClkDisable
20007901  UARTEnable              
20007925  memmove                 
20007949  SPIReset                
2000796b  frexp                   
2000798d  GPIOPinWrite            
200079ad  UARTCharPut             
200079cb  UARTCharGetNonBlocking  
200079e7  PinMuxConfig            
20007a03  memccpy                 
20007a1f  PinTypeSPI              
20007a39  PinTypeUART             
20007a53  GPIOPinRead             
20007a6b  SPIEnable               
20007a83  UARTCharsAvail          
20007a9d  _args_main              
20007ab5  PRCMHIBRegRead          
20007acb  PRCMHIBRegWrite         
20007ae1  UARTCharGet             
20007af7  strchr                  
20007b0d  CPUcpsie                
20007b21  IntVTableBaseSet        
20007b35  _register_unlock        
20007b3b  _register_lock          
20007b43  _nop                    
20007b49  strlen                  
20007b5d  __TI_decompress_none    
20007b6b  ResetISR                
20007b79  __TI_zero_init          
20007b85  IntMasterEnable         
20007b8f  UtilsDelay              
20007b95  __TI_decompress_rle24   
20007b9b  _system_pre_init        
20007ba0  _ctypes_                
20007ed0  __TI_static_base__      
20007f20  __TI_Handler_Table_Base 
20007f2c  __TI_Handler_Table_Limit
20007f38  __TI_CINIT_Base         
20007f48  __TI_CINIT_Limit        
20017000  _sys_memory             
200178b0  _Denorm                 
200178c0  _Eps                    
200178d0  _Hugeval                
200178e0  _Inf                    
200178f0  _Nan                    
20017900  _Snan                   
20017910  _Rteps                  
20017920  _Xbig                   
20017928  _Zero                   
2001793c  _lock                   
20017940  _unlock                 
20017944  __TI_cleanup_ptr        
20017948  __TI_dtors_ptr          
2001794c  _Fenv                   
20017950  _Tls_setup__Fenv        
20017954  _Errno                  
20017958  main_func_sp            
2002f800  __stack                 
20030000  __STACK_END             
ffffffff  __binit__               
ffffffff  __c_args__              
ffffffff  binit                   
UNDEFED   SHT$$INIT_ARRAY$$Base   
UNDEFED   SHT$$INIT_ARRAY$$Limit  

[169 symbols]
