******************************************************************************
                  TI ARM Linker PC v5.2.5                      
******************************************************************************
>> Linked Sun Mar 27 03:19:07 2016

OUTPUT FILE NAME:   <spi_demo.out>
ENTRY POINT SYMBOL: "_c_int00"  address: 20007a05


MEMORY CONFIGURATION

         name            origin    length      used     unused   attr    fill
----------------------  --------  ---------  --------  --------  ----  --------
  SRAM_CODE             20004000   00013000  00004272  0000ed8e  RW X
  SRAM_DATA             20017000   00019000  00001228  00017dd8  RW X


SEGMENT ALLOCATION MAP

run origin  load origin   length   init length attrs members
----------  ----------- ---------- ----------- ----- -------
20004000    20004000    00004278   00004278    r-x
  20004000    20004000    00000400   00000400    r-- .intvecs
  20004400    20004400    00003ace   00003ace    r-x .text
  20007ed0    20007ed0    0000032c   0000032c    r-- .const
  20008200    20008200    00000078   00000078    r-- .cinit
20017000    20017000    00000a28   00000000    rw-
  20017000    20017000    00000800   00000000    rw- .sysmem
  20017800    20017800    0000015c   00000000    rw- .data
  2001795c    2001795c    000000cc   00000000    rw- .bss
2002f800    2002f800    00000800   00000000    rw-
  2002f800    2002f800    00000800   00000000    rw- .stack


SECTION ALLOCATION MAP

 output                                  attributes/
section   page    origin      length       input sections
--------  ----  ----------  ----------   ----------------
.intvecs   0    20004000    00000400     
                  20004000    00000400     startup_ccs.obj (.intvecs)

.init_array 
*          0    20004000    00000000     UNINITIALIZED

.text      0    20004400    00003ace     
                  20004400    000010a6     rtsv7M4_T_le_eabi.lib : _printfi.obj (.text)
                  200054a6    00000002     --HOLE-- [fill = 0]
                  200054a8    0000072c     L6472.obj (.text)
                  20005bd4    000003dc     rtsv7M4_T_le_eabi.lib : memory.obj (.text)
                  20005fb0    00000280     uart_if.obj (.text)
                  20006230    000001f4     rtsv7M4_T_le_eabi.lib : ull_div_t2.obj (.text)
                  20006424    000001b6                           : fd_add_t2.obj (.text)
                  200065da    00000002     --HOLE-- [fill = 0]
                  200065dc    00000140     main.obj (.text)
                  2000671c    00000136     rtsv7M4_T_le_eabi.lib : fd_div_t2.obj (.text)
                  20006852    00000002     --HOLE-- [fill = 0]
                  20006854    00000134     driverlib.a : prcm.obj (.text:PRCMCC3200MCUInit)
                  20006988    00000110     rtsv7M4_T_le_eabi.lib : xdscale.obj (.text)
                  20006a98    000000fc                           : fd_mul_t2.obj (.text)
                  20006b94    000000d0     driverlib.a : spi.obj (.text:SPITransfer32)
                  20006c64    000000ce                 : spi.obj (.text:SPITransfer16)
                  20006d32    000000be     rtsv7M4_T_le_eabi.lib : xdnorm.obj (.text)
                  20006df0    000000b8     driverlib.a : spi.obj (.text:SPITransfer8)
                  20006ea8    000000a8                 : interrupt.obj (.text:IntEnable)
                  20006f50    000000a0                 : spi.obj (.text:SPIConfigSetExpClk)
                  20006ff0    0000009c     rtsv7M4_T_le_eabi.lib : memcpy_t2.obj (.text)
                  2000708c    00000094     driverlib.a : prcm.obj (.text:PRCMPeripheralClockGet)
                  20007120    00000088                 : pin.obj (.text:PinConfigSet)
                  200071a8    00000088                 : spi.obj (.text:SPITransfer)
                  20007230    00000088     rtsv7M4_T_le_eabi.lib : vsnprintf.obj (.text)
                  200072b8    00000086                           : fd_cmp_t2.obj (.text:__aeabi_cdcmple)
                  2000733e    00000086                           : fd_cmp_t2.obj (.text:__aeabi_cdrcmple)
                  200073c4    0000007a                           : fs_mul_t2.obj (.text)
                  2000743e    0000007a                           : memset_t2.obj (.text)
                  200074b8    00000076     driverlib.a : uart.obj (.text:UARTConfigSetExpClk)
                  2000752e    00000002     --HOLE-- [fill = 0]
                  20007530    0000006c     rtsv7M4_T_le_eabi.lib : autoinit.obj (.text)
                  2000759c    0000006a                           : copy_decompress_rle.obj (.text)
                  20007606    00000066                           : xdunscal.obj (.text)
                  2000766c    00000060                           : fs_cmp_t2.obj (.text:__aeabi_cfcmple)
                  200076cc    00000060                           : fs_cmp_t2.obj (.text:__aeabi_cfrcmple)
                  2000772c    00000058     driverlib.a : prcm.obj (.text:PRCMPeripheralReset)
                  20007784    00000056     rtsv7M4_T_le_eabi.lib : ltoa.obj (.text)
                  200077da    00000002     --HOLE-- [fill = 0]
                  200077dc    0000004c                           : atoi.obj (.text)
                  20007828    0000004c                           : cpy_tbl.obj (.text)
                  20007874    00000048                           : fd_toi_t2.obj (.text)
                  200078bc    00000046                           : ldexp.obj (.text)
                  20007902    00000002     --HOLE-- [fill = 0]
                  20007904    00000044                           : exit.obj (.text)
                  20007948    00000040     driverlib.a : pin.obj (.text:PinModeSet)
                  20007988    00000040     rtsv7M4_T_le_eabi.lib : signal.obj (.text)
                  200079c8    0000003c     driverlib.a : prcm.obj (.text:PRCMPeripheralClkEnable)
                  20007a04    0000003c     rtsv7M4_T_le_eabi.lib : boot.obj (.text)
                  20007a40    00000038                           : fs_toi_t2.obj (.text)
                  20007a78    00000036     driverlib.a : gpio.obj (.text:GPIODirModeSet)
                  20007aae    00000002     --HOLE-- [fill = 0]
                  20007ab0    00000034     rtsv7M4_T_le_eabi.lib : feraiseexcept.obj (.text)
                  20007ae4    00000030     driverlib.a : pin.obj (.text:PinTypeGPIO)
                  20007b14    00000030                 : uart.obj (.text:UARTDisable)
                  20007b44    00000030     rtsv7M4_T_le_eabi.lib : xferaise.obj (.text)
                  20007b74    0000002e                           : i_tofd_t2.obj (.text)
                  20007ba2    0000002e                           : raise.obj (.text)
                  20007bd0    0000002c     driverlib.a : prcm.obj (.text:PRCMSysResetCauseGet)
                  20007bfc    0000002a     rtsv7M4_T_le_eabi.lib : xdclass.obj (.text)
                  20007c26    00000002     --HOLE-- [fill = 0]
                  20007c28    00000028     driverlib.a : prcm.obj (.text:PRCMPeripheralClkDisable)
                  20007c50    00000024                 : uart.obj (.text:UARTEnable)
                  20007c74    00000024     rtsv7M4_T_le_eabi.lib : memmov.obj (.text)
                  20007c98    00000022     driverlib.a : spi.obj (.text:SPIReset)
                  20007cba    00000022     rtsv7M4_T_le_eabi.lib : frexp.obj (.text)
                  20007cdc    0000001e     driverlib.a : uart.obj (.text:UARTCharPut)
                  20007cfa    0000001c                 : uart.obj (.text:UARTCharGetNonBlocking)
                  20007d16    0000001c     pinmux.obj (.text)
                  20007d32    0000001c     rtsv7M4_T_le_eabi.lib : memccpy.obj (.text)
                  20007d4e    0000001a     driverlib.a : pin.obj (.text:PinTypeSPI)
                  20007d68    0000001a                 : pin.obj (.text:PinTypeUART)
                  20007d82    00000018                 : gpio.obj (.text:GPIOPinRead)
                  20007d9a    00000018                 : spi.obj (.text:SPIEnable)
                  20007db2    00000018                 : uart.obj (.text:UARTCharsAvail)
                  20007dca    00000002     --HOLE-- [fill = 0]
                  20007dcc    00000018     rtsv7M4_T_le_eabi.lib : args_main.obj (.text)
                  20007de4    00000016     driverlib.a : prcm.obj (.text:PRCMHIBRegRead)
                  20007dfa    00000016                 : prcm.obj (.text:PRCMHIBRegWrite)
                  20007e10    00000016                 : uart.obj (.text:UARTCharGet)
                  20007e26    00000016     rtsv7M4_T_le_eabi.lib : strchr.obj (.text)
                  20007e3c    00000014     driverlib.a : cpu.obj (.text:CPUcpsie)
                  20007e50    00000014                 : interrupt.obj (.text:IntVTableBaseSet)
                  20007e64    00000014     rtsv7M4_T_le_eabi.lib : _lock.obj (.text)
                  20007e78    00000014                           : strlen.obj (.text)
                  20007e8c    0000000e                           : copy_decompress_none.obj (.text:decompress:none)
                  20007e9a    0000000e     startup_ccs.obj (.text)
                  20007ea8    0000000c     rtsv7M4_T_le_eabi.lib : copy_zero_init.obj (.text:decompress:ZI)
                  20007eb4    0000000a     driverlib.a : interrupt.obj (.text:IntMasterEnable)
                  20007ebe    00000006                 : utils.obj (.text:UtilsDelay)
                  20007ec4    00000006     rtsv7M4_T_le_eabi.lib : copy_decompress_rle.obj (.text:decompress:rle24)
                  20007eca    00000004                           : pre_init.obj (.text)

.const     0    20007ed0    0000032c     
                  20007ed0    00000101     rtsv7M4_T_le_eabi.lib : ctype.obj (.const:.string:_ctypes_)
                  20007fd1    00000003     --HOLE-- [fill = 0]
                  20007fd4    00000100     driverlib.a : pin.obj (.const:g_ulPinToPadMap)
                  200080d4    000000a8                 : prcm.obj (.const:PRCM_PeriphRegsList)
                  2000817c    00000080                 : interrupt.obj (.const)

.cinit     0    20008200    00000078     
                  20008200    0000004e     (.cinit..data.load) [load image, compression = rle]
                  2000824e    00000002     --HOLE-- [fill = 0]
                  20008250    0000000c     (__TI_handler_table)
                  2000825c    00000004     --HOLE-- [fill = 0]
                  20008260    00000008     (.cinit..bss.load) [load image, compression = zero_init]
                  20008268    00000010     (__TI_cinit_table)

.sysmem    0    20017000    00000800     UNINITIALIZED
                  20017000    00000008     rtsv7M4_T_le_eabi.lib : memory.obj (.sysmem)
                  20017008    000007f8     --HOLE--

.data      0    20017800    0000015c     UNINITIALIZED
                  20017800    000000b0     rtsv7M4_T_le_eabi.lib : signal.obj (.data:sigtable)
                  200178b0    00000080                           : xvalues.obj (.data)
                  20017930    0000000c                           : memory.obj (.data)
                  2001793c    00000008                           : _lock.obj (.data)
                  20017944    00000008                           : exit.obj (.data)
                  2001794c    00000008                           : feraiseexcept.obj (.data)
                  20017954    00000004                           : errno.obj (.data)
                  20017958    00000004                           : stkdepth_vars.obj (.data)

.TI.persistent 
*          0    20017800    00000000     UNINITIALIZED

.bss       0    2001795c    000000cc     UNINITIALIZED
                  2001795c    00000064     L6472.obj (.bss:g_ucRxBuff)
                  200179c0    00000064     L6472.obj (.bss:g_ucTxBuff)
                  20017a24    00000004     (.common:__Errorlog)

.TI.noinit 
*          0    2001795c    00000000     UNINITIALIZED

.stack     0    2002f800    00000800     UNINITIALIZED
                  2002f800    00000800     --HOLE--


LINKER GENERATED COPY TABLES

__TI_cinit_table @ 20008268 records: 2, size/record: 8, table size: 16
	.data: load addr=20008200, load size=0000004e bytes, run addr=20017800, run size=0000015c bytes, compression=rle
	.bss: load addr=20008260, load size=00000008 bytes, run addr=2001795c, run size=000000cc bytes, compression=zero_init


LINKER GENERATED HANDLER TABLE

__TI_handler_table @ 20008250 records: 3, size/record: 4, table size: 12
	index: 0, handler: __TI_decompress_rle24
	index: 1, handler: __TI_decompress_none
	index: 2, handler: __TI_zero_init


GLOBAL SYMBOLS: SORTED ALPHABETICALLY BY Name 

address   name                    
-------   ----                    
20007905  C$$EXIT                 
20007e3d  CPUcpsie                
20005ff1  ClearTerm               
20005ffb  Error                   
20007a79  GPIODirModeSet          
20007d83  GPIOPinRead             
20006033  GetCmd                  
20005fb1  InitTerm                
20006ea9  IntEnable               
20007eb5  IntMasterEnable         
20007e51  IntVTableBaseSet        
200054a9  L6472_init              
20005855  L6472_spi_txrx          
20005fcf  Message                 
20006855  PRCMCC3200MCUInit       
20007de5  PRCMHIBRegRead          
20007dfb  PRCMHIBRegWrite         
20007c29  PRCMPeripheralClkDisable
200079c9  PRCMPeripheralClkEnable 
2000708d  PRCMPeripheralClockGet  
2000772d  PRCMPeripheralReset     
20007bd1  PRCMSysResetCauseGet    
20007121  PinConfigSet            
20007949  PinModeSet              
20007d17  PinMuxConfig            
20007ae5  PinTypeGPIO             
20007d4f  PinTypeSPI              
20007d69  PinTypeUART             
20006171  Report                  
20007e9b  ResetISR                
UNDEFED   SHT$$INIT_ARRAY$$Base   
UNDEFED   SHT$$INIT_ARRAY$$Limit  
20006f51  SPIConfigSetExpClk      
20007d9b  SPIEnable               
20007c99  SPIReset                
200071a9  SPITransfer             
200060d9  TrimSpace               
20007e11  UARTCharGet             
20007cfb  UARTCharGetNonBlocking  
20007cdd  UARTCharPut             
20007db3  UARTCharsAvail          
200074b9  UARTConfigSetExpClk     
20007b15  UARTDisable             
20007c51  UARTEnable              
20007ebf  UtilsDelay              
20007bfd  _Dclass                 
200178b0  _Denorm                 
20006d33  _Dnorm                  
20006989  _Dscale                 
20007607  _Dunscale               
200178c0  _Eps                    
20017954  _Errno                  
2001794c  _Fenv                   
20007b45  _Feraise                
200178d0  _Hugeval                
200178e0  _Inf                    
200178f0  _Nan                    
20017910  _Rteps                  
20017900  _Snan                   
20017950  _Tls_setup__Fenv        
20017920  _Xbig                   
20017928  _Zero                   
20030000  __STACK_END             
00000800  __STACK_SIZE            
00000800  __SYSMEM_SIZE           
20008268  __TI_CINIT_Base         
20008278  __TI_CINIT_Limit        
20008250  __TI_Handler_Table_Base 
2000825c  __TI_Handler_Table_Limit
20007531  __TI_auto_init          
20017944  __TI_cleanup_ptr        
20007e8d  __TI_decompress_none    
20007ec5  __TI_decompress_rle24   
20017948  __TI_dtors_ptr          
200051a1  __TI_printfi            
20008200  __TI_static_base__      
20007ea9  __TI_zero_init          
200072b9  __aeabi_cdcmpeq         
200072b9  __aeabi_cdcmple         
2000733f  __aeabi_cdrcmple        
2000766d  __aeabi_cfcmpeq         
2000766d  __aeabi_cfcmple         
200076cd  __aeabi_cfrcmple        
20007875  __aeabi_d2iz            
2000642f  __aeabi_dadd            
2000671d  __aeabi_ddiv            
20006a99  __aeabi_dmul            
20006425  __aeabi_dsub            
20007a41  __aeabi_f2iz            
200073c5  __aeabi_fmul            
20007b75  __aeabi_i2d             
2000743f  __aeabi_memclr          
2000743f  __aeabi_memclr4         
2000743f  __aeabi_memclr8         
20006ff1  __aeabi_memcpy          
20006ff1  __aeabi_memcpy4         
20006ff1  __aeabi_memcpy8         
20007441  __aeabi_memset          
20007441  __aeabi_memset4         
20007441  __aeabi_memset8         
20006231  __aeabi_uldivmod        
ffffffff  __binit__               
ffffffff  __c_args__              
2002f800  __stack                 
20007dcd  _args_main              
20007a05  _c_int00                
20007ed0  _ctypes_                
2001793c  _lock                   
20007e73  _nop                    
20007e6b  _register_lock          
20007e65  _register_unlock        
20017000  _sys_memory             
20007ecb  _system_pre_init        
20017940  _unlock                 
20007909  abort                   
200077dd  atoi                    
ffffffff  binit                   
20005f7d  calloc                  
20007829  copy_in                 
20007911  exit                    
20007ab1  feraiseexcept           
20005ccb  free                    
20007cbb  frexp                   
20004000  g_pfnVectors            
2000581d  get_status              
200078bd  ldexp                   
20007785  ltoa                    
200065f5  main                    
20017958  main_func_sp            
20005c63  malloc                  
20005e99  memalign                
20007d33  memccpy                 
20006ff1  memcpy                  
20007c75  memmove                 
20007447  memset                  
20005bd5  minit                   
20007ba3  raise                   
20005d8d  realloc                 
20007989  signal                  
20007e27  strchr                  
20007e79  strlen                  
20007231  vsnprintf               
20005a5d  x_busy                  
200059fb  x_byte_txrx             
200057d9  x_get_max_speed         
20005793  x_goto_origin           
20005a19  x_move                  
2000571d  x_move_mm               
2000575d  x_release_bridge        
20005713  x_reset                 
200057a9  x_set_max_speed         
20005767  x_set_origin            
200059e5  x_set_run_current       
2000579d  x_wait                  
200058ab  xy_byte_tx              
20005b5d  xy_get_accel_cur        
20005abd  xy_get_accel_speed      
20005bb5  xy_get_config           
20005b49  xy_get_const_cur        
20005b71  xy_get_decel_cur        
20005ad9  xy_get_decel_speed      
20005b2d  xy_get_fullstep_speed   
20005af5  xy_get_max_speed        
20005b11  xy_get_min_speed        
20005b8d  xy_get_status           
200058c9  xy_move                 
20005571  xy_move_mm              
20005a71  xy_set_fs_speed         
2000555d  xy_wait                 
200059d1  y_busy                  
2000596d  y_byte_txrx             
200056d5  y_get_max_speed         
20005699  y_goto_origin           
2000598d  y_move                  
20005623  y_move_mm               
20005663  y_release_bridge        
20005619  y_reset                 
200056af  y_set_max_speed         
2000566d  y_set_origin            
20005957  y_set_run_current       
200056a3  y_wait                  


GLOBAL SYMBOLS: SORTED BY Symbol Address 

address   name                    
-------   ----                    
00000800  __STACK_SIZE            
00000800  __SYSMEM_SIZE           
20004000  g_pfnVectors            
200051a1  __TI_printfi            
200054a9  L6472_init              
2000555d  xy_wait                 
20005571  xy_move_mm              
20005619  y_reset                 
20005623  y_move_mm               
20005663  y_release_bridge        
2000566d  y_set_origin            
20005699  y_goto_origin           
200056a3  y_wait                  
200056af  y_set_max_speed         
200056d5  y_get_max_speed         
20005713  x_reset                 
2000571d  x_move_mm               
2000575d  x_release_bridge        
20005767  x_set_origin            
20005793  x_goto_origin           
2000579d  x_wait                  
200057a9  x_set_max_speed         
200057d9  x_get_max_speed         
2000581d  get_status              
20005855  L6472_spi_txrx          
200058ab  xy_byte_tx              
200058c9  xy_move                 
20005957  y_set_run_current       
2000596d  y_byte_txrx             
2000598d  y_move                  
200059d1  y_busy                  
200059e5  x_set_run_current       
200059fb  x_byte_txrx             
20005a19  x_move                  
20005a5d  x_busy                  
20005a71  xy_set_fs_speed         
20005abd  xy_get_accel_speed      
20005ad9  xy_get_decel_speed      
20005af5  xy_get_max_speed        
20005b11  xy_get_min_speed        
20005b2d  xy_get_fullstep_speed   
20005b49  xy_get_const_cur        
20005b5d  xy_get_accel_cur        
20005b71  xy_get_decel_cur        
20005b8d  xy_get_status           
20005bb5  xy_get_config           
20005bd5  minit                   
20005c63  malloc                  
20005ccb  free                    
20005d8d  realloc                 
20005e99  memalign                
20005f7d  calloc                  
20005fb1  InitTerm                
20005fcf  Message                 
20005ff1  ClearTerm               
20005ffb  Error                   
20006033  GetCmd                  
200060d9  TrimSpace               
20006171  Report                  
20006231  __aeabi_uldivmod        
20006425  __aeabi_dsub            
2000642f  __aeabi_dadd            
200065f5  main                    
2000671d  __aeabi_ddiv            
20006855  PRCMCC3200MCUInit       
20006989  _Dscale                 
20006a99  __aeabi_dmul            
20006d33  _Dnorm                  
20006ea9  IntEnable               
20006f51  SPIConfigSetExpClk      
20006ff1  __aeabi_memcpy          
20006ff1  __aeabi_memcpy4         
20006ff1  __aeabi_memcpy8         
20006ff1  memcpy                  
2000708d  PRCMPeripheralClockGet  
20007121  PinConfigSet            
200071a9  SPITransfer             
20007231  vsnprintf               
200072b9  __aeabi_cdcmpeq         
200072b9  __aeabi_cdcmple         
2000733f  __aeabi_cdrcmple        
200073c5  __aeabi_fmul            
2000743f  __aeabi_memclr          
2000743f  __aeabi_memclr4         
2000743f  __aeabi_memclr8         
20007441  __aeabi_memset          
20007441  __aeabi_memset4         
20007441  __aeabi_memset8         
20007447  memset                  
200074b9  UARTConfigSetExpClk     
20007531  __TI_auto_init          
20007607  _Dunscale               
2000766d  __aeabi_cfcmpeq         
2000766d  __aeabi_cfcmple         
200076cd  __aeabi_cfrcmple        
2000772d  PRCMPeripheralReset     
20007785  ltoa                    
200077dd  atoi                    
20007829  copy_in                 
20007875  __aeabi_d2iz            
200078bd  ldexp                   
20007905  C$$EXIT                 
20007909  abort                   
20007911  exit                    
20007949  PinModeSet              
20007989  signal                  
200079c9  PRCMPeripheralClkEnable 
20007a05  _c_int00                
20007a41  __aeabi_f2iz            
20007a79  GPIODirModeSet          
20007ab1  feraiseexcept           
20007ae5  PinTypeGPIO             
20007b15  UARTDisable             
20007b45  _Feraise                
20007b75  __aeabi_i2d             
20007ba3  raise                   
20007bd1  PRCMSysResetCauseGet    
20007bfd  _Dclass                 
20007c29  PRCMPeripheralClkDisable
20007c51  UARTEnable              
20007c75  memmove                 
20007c99  SPIReset                
20007cbb  frexp                   
20007cdd  UARTCharPut             
20007cfb  UARTCharGetNonBlocking  
20007d17  PinMuxConfig            
20007d33  memccpy                 
20007d4f  PinTypeSPI              
20007d69  PinTypeUART             
20007d83  GPIOPinRead             
20007d9b  SPIEnable               
20007db3  UARTCharsAvail          
20007dcd  _args_main              
20007de5  PRCMHIBRegRead          
20007dfb  PRCMHIBRegWrite         
20007e11  UARTCharGet             
20007e27  strchr                  
20007e3d  CPUcpsie                
20007e51  IntVTableBaseSet        
20007e65  _register_unlock        
20007e6b  _register_lock          
20007e73  _nop                    
20007e79  strlen                  
20007e8d  __TI_decompress_none    
20007e9b  ResetISR                
20007ea9  __TI_zero_init          
20007eb5  IntMasterEnable         
20007ebf  UtilsDelay              
20007ec5  __TI_decompress_rle24   
20007ecb  _system_pre_init        
20007ed0  _ctypes_                
20008200  __TI_static_base__      
20008250  __TI_Handler_Table_Base 
2000825c  __TI_Handler_Table_Limit
20008268  __TI_CINIT_Base         
20008278  __TI_CINIT_Limit        
20017000  _sys_memory             
200178b0  _Denorm                 
200178c0  _Eps                    
200178d0  _Hugeval                
200178e0  _Inf                    
200178f0  _Nan                    
20017900  _Snan                   
20017910  _Rteps                  
20017920  _Xbig                   
20017928  _Zero                   
2001793c  _lock                   
20017940  _unlock                 
20017944  __TI_cleanup_ptr        
20017948  __TI_dtors_ptr          
2001794c  _Fenv                   
20017950  _Tls_setup__Fenv        
20017954  _Errno                  
20017958  main_func_sp            
2002f800  __stack                 
20030000  __STACK_END             
ffffffff  __binit__               
ffffffff  __c_args__              
ffffffff  binit                   
UNDEFED   SHT$$INIT_ARRAY$$Base   
UNDEFED   SHT$$INIT_ARRAY$$Limit  

[181 symbols]
