******************************************************************************
                  TI ARM Linker PC v5.2.7                      
******************************************************************************
>> Linked Mon Apr 04 22:31:48 2016

OUTPUT FILE NAME:   <spi_demo.out>
ENTRY POINT SYMBOL: "_c_int00"  address: 20004681


MEMORY CONFIGURATION

         name            origin    length      used     unused   attr    fill
----------------------  --------  ---------  --------  --------  ----  --------
  SRAM_CODE             20004000   00013000  00000732  000128ce  RW X
  SRAM_DATA             20017000   00019000  00001014  00017fec  RW X


SEGMENT ALLOCATION MAP

run origin  load origin   length   init length attrs members
----------  ----------- ---------- ----------- ----- -------
20004000    20004000    00000734   00000734    r-x
  20004000    20004000    00000400   00000400    r-- .intvecs
  20004400    20004400    0000030e   0000030e    r-x .text
  20004710    20004710    00000024   00000024    r-- .cinit
20017000    20017000    00000814   00000000    rw-
  20017000    20017000    00000800   00000000    rw- .sysmem
  20017800    20017800    00000014   00000000    rw- .data
2002f800    2002f800    00000800   00000000    rw-
  2002f800    2002f800    00000800   00000000    rw- .stack


SECTION ALLOCATION MAP

 output                                  attributes/
section   page    origin      length       input sections
--------  ----  ----------  ----------   ----------------
.intvecs   0    20004000    00000400     
                  20004000    00000400     startup_ccs.obj (.intvecs)

.init_array 
*          0    20004000    00000000     UNINITIALIZED

.text      0    20004400    0000030e     
                  20004400    0000009c     rtsv7M4_T_le_eabi.lib : memcpy_t2.obj (.text)
                  2000449c    0000007a                           : memset_t2.obj (.text)
                  20004516    00000002     --HOLE-- [fill = 0]
                  20004518    0000006c                           : autoinit.obj (.text)
                  20004584    0000006a                           : copy_decompress_rle.obj (.text)
                  200045ee    00000002     --HOLE-- [fill = 0]
                  200045f0    0000004c                           : cpy_tbl.obj (.text)
                  2000463c    00000044                           : exit.obj (.text)
                  20004680    0000003c                           : boot.obj (.text)
                  200046bc    00000018                           : args_main.obj (.text)
                  200046d4    00000014                           : _lock.obj (.text)
                  200046e8    0000000e                           : copy_decompress_none.obj (.text:decompress:none)
                  200046f6    0000000e     startup_ccs.obj (.text)
                  20004704    00000006     rtsv7M4_T_le_eabi.lib : copy_decompress_rle.obj (.text:decompress:rle24)
                  2000470a    00000004                           : pre_init.obj (.text)

.cinit     0    20004710    00000024     
                  20004710    00000011     (.cinit..data.load) [load image, compression = rle]
                  20004721    00000003     --HOLE-- [fill = 0]
                  20004724    00000008     (__TI_handler_table)
                  2000472c    00000008     (__TI_cinit_table)

.sysmem    0    20017000    00000800     UNINITIALIZED
                  20017000    00000008     rtsv7M4_T_le_eabi.lib : memory.obj (.sysmem)
                  20017008    000007f8     --HOLE--

.data      0    20017800    00000014     UNINITIALIZED
                  20017800    00000008     rtsv7M4_T_le_eabi.lib : _lock.obj (.data)
                  20017808    00000008                           : exit.obj (.data)
                  20017810    00000004                           : stkdepth_vars.obj (.data)

.TI.persistent 
*          0    20017800    00000000     UNINITIALIZED

.stack     0    2002f800    00000800     UNINITIALIZED
                  2002f800    00000800     --HOLE--


LINKER GENERATED COPY TABLES

__TI_cinit_table @ 2000472c records: 1, size/record: 8, table size: 8
	.data: load addr=20004710, load size=00000011 bytes, run addr=20017800, run size=00000014 bytes, compression=rle


LINKER GENERATED HANDLER TABLE

__TI_handler_table @ 20004724 records: 2, size/record: 4, table size: 8
	index: 0, handler: __TI_decompress_rle24
	index: 1, handler: __TI_decompress_none


GLOBAL SYMBOLS: SORTED ALPHABETICALLY BY Name 

address   name                    
-------   ----                    
2000463d  C$$EXIT                 
200046f7  ResetISR                
UNDEFED   SHT$$INIT_ARRAY$$Base   
UNDEFED   SHT$$INIT_ARRAY$$Limit  
20030000  __STACK_END             
00000800  __STACK_SIZE            
00000800  __SYSMEM_SIZE           
2000472c  __TI_CINIT_Base         
20004734  __TI_CINIT_Limit        
20004724  __TI_Handler_Table_Base 
2000472c  __TI_Handler_Table_Limit
20004519  __TI_auto_init          
20017808  __TI_cleanup_ptr        
200046e9  __TI_decompress_none    
20004705  __TI_decompress_rle24   
2001780c  __TI_dtors_ptr          
20004710  __TI_static_base__      
2000449d  __aeabi_memclr          
2000449d  __aeabi_memclr4         
2000449d  __aeabi_memclr8         
20004401  __aeabi_memcpy          
20004401  __aeabi_memcpy4         
20004401  __aeabi_memcpy8         
2000449f  __aeabi_memset          
2000449f  __aeabi_memset4         
2000449f  __aeabi_memset8         
ffffffff  __binit__               
ffffffff  __c_args__              
2002f800  __stack                 
200046bd  _args_main              
20004681  _c_int00                
20017800  _lock                   
200046e3  _nop                    
200046db  _register_lock          
200046d5  _register_unlock        
20017000  _sys_memory             
2000470b  _system_pre_init        
20017804  _unlock                 
20004641  abort                   
ffffffff  binit                   
200045f1  copy_in                 
20004649  exit                    
20004000  g_pfnVectors            
UNDEFED   main                    
20017810  main_func_sp            
20004401  memcpy                  
200044a5  memset                  


GLOBAL SYMBOLS: SORTED BY Symbol Address 

address   name                    
-------   ----                    
00000800  __STACK_SIZE            
00000800  __SYSMEM_SIZE           
20004000  g_pfnVectors            
20004401  __aeabi_memcpy          
20004401  __aeabi_memcpy4         
20004401  __aeabi_memcpy8         
20004401  memcpy                  
2000449d  __aeabi_memclr          
2000449d  __aeabi_memclr4         
2000449d  __aeabi_memclr8         
2000449f  __aeabi_memset          
2000449f  __aeabi_memset4         
2000449f  __aeabi_memset8         
200044a5  memset                  
20004519  __TI_auto_init          
200045f1  copy_in                 
2000463d  C$$EXIT                 
20004641  abort                   
20004649  exit                    
20004681  _c_int00                
200046bd  _args_main              
200046d5  _register_unlock        
200046db  _register_lock          
200046e3  _nop                    
200046e9  __TI_decompress_none    
200046f7  ResetISR                
20004705  __TI_decompress_rle24   
2000470b  _system_pre_init        
20004710  __TI_static_base__      
20004724  __TI_Handler_Table_Base 
2000472c  __TI_CINIT_Base         
2000472c  __TI_Handler_Table_Limit
20004734  __TI_CINIT_Limit        
20017000  _sys_memory             
20017800  _lock                   
20017804  _unlock                 
20017808  __TI_cleanup_ptr        
2001780c  __TI_dtors_ptr          
20017810  main_func_sp            
2002f800  __stack                 
20030000  __STACK_END             
ffffffff  __binit__               
ffffffff  __c_args__              
ffffffff  binit                   
UNDEFED   SHT$$INIT_ARRAY$$Base   
UNDEFED   SHT$$INIT_ARRAY$$Limit  
UNDEFED   main                    

[47 symbols]
