******************************************************************************
                  TI ARM Linker PC v5.2.5                      
******************************************************************************
>> Linked Sun Mar 13 17:00:55 2016

OUTPUT FILE NAME:   <spi_demo.out>
ENTRY POINT SYMBOL: "_c_int00"  address: 20007525


MEMORY CONFIGURATION

         name            origin    length      used     unused   attr    fill
----------------------  --------  ---------  --------  --------  ----  --------
  SRAM_CODE             20004000   00013000  0000413a  0000eec6  RW X
  SRAM_DATA             20017000   00019000  0000128e  00017d72  RW X


SEGMENT ALLOCATION MAP

run origin  load origin   length   init length attrs members
----------  ----------- ---------- ----------- ----- -------
20004000    20004000    00004140   00004140    r-x
  20004000    20004000    00000400   00000400    r-- .intvecs
  20004400    20004400    0000395a   0000395a    r-x .text
  20007d5c    20007d5c    00000368   00000368    r-- .const
  200080c8    200080c8    00000078   00000078    r-- .cinit
20017000    20017000    00000a8e   00000000    rw-
  20017000    20017000    00000800   00000000    rw- .sysmem
  20017800    20017800    0000015c   00000000    rw- .data
  2001795c    2001795c    00000132   00000000    rw- .bss
2002f800    2002f800    00000800   00000000    rw-
  2002f800    2002f800    00000800   00000000    rw- .stack


SECTION ALLOCATION MAP

 output                                  attributes/
section   page    origin      length       input sections
--------  ----  ----------  ----------   ----------------
.intvecs   0    20004000    00000400     
                  20004000    00000400     startup_ccs.obj (.intvecs)

.init_array 
*          0    20004000    00000000     UNINITIALIZED

.text      0    20004400    0000395a     
                  20004400    000010ba     rtsv7M4_T_le_v4SPD16_eabi.lib : _printfi.obj (.text)
                  200054ba    00000002     --HOLE-- [fill = 0]
                  200054bc    000003dc                                   : memory.obj (.text)
                  20005898    000003d4     main.obj (.text)
                  20005c6c    00000280     uart_if.obj (.text)
                  20005eec    00000240     L6472.obj (.text)
                  2000612c    000001f4     rtsv7M4_T_le_v4SPD16_eabi.lib : ull_div_t2.obj (.text)
                  20006320    000001b6                                   : fd_add_t2.obj (.text)
                  200064d6    00000136                                   : fd_div_t2.obj (.text)
                  2000660c    00000134     driverlib.a : prcm.obj (.text:PRCMCC3200MCUInit)
                  20006740    00000110     rtsv7M4_T_le_v4SPD16_eabi.lib : xdscale.obj (.text)
                  20006850    000000fc                                   : fd_mul_t2.obj (.text)
                  2000694c    000000d0     driverlib.a : spi.obj (.text:SPITransfer32)
                  20006a1c    000000ce                 : spi.obj (.text:SPITransfer16)
                  20006aea    000000be     rtsv7M4_T_le_v4SPD16_eabi.lib : xdnorm.obj (.text)
                  20006ba8    000000b8     driverlib.a : spi.obj (.text:SPITransfer8)
                  20006c60    000000a8                 : interrupt.obj (.text:IntEnable)
                  20006d08    000000a0                 : spi.obj (.text:SPIConfigSetExpClk)
                  20006da8    0000009c     rtsv7M4_T_le_v4SPD16_eabi.lib : memcpy_t2.obj (.text)
                  20006e44    00000094     driverlib.a : prcm.obj (.text:PRCMPeripheralClockGet)
                  20006ed8    00000088                 : pin.obj (.text:PinConfigSet)
                  20006f60    00000088                 : spi.obj (.text:SPITransfer)
                  20006fe8    00000088     rtsv7M4_T_le_v4SPD16_eabi.lib : vsnprintf.obj (.text)
                  20007070    00000086                                   : fd_cmp_t2.obj (.text:__aeabi_cdcmple)
                  200070f6    00000086                                   : fd_cmp_t2.obj (.text:__aeabi_cdrcmple)
                  2000717c    0000007c     driverlib.a : spi.obj (.text:SPIIntStatus)
                  200071f8    0000007a     rtsv7M4_T_le_v4SPD16_eabi.lib : memset_t2.obj (.text)
                  20007272    00000076     driverlib.a : uart.obj (.text:UARTConfigSetExpClk)
                  200072e8    0000006c     rtsv7M4_T_le_v4SPD16_eabi.lib : autoinit.obj (.text)
                  20007354    0000006a                                   : copy_decompress_rle.obj (.text)
                  200073be    00000066                                   : xdunscal.obj (.text)
                  20007424    00000058     driverlib.a : prcm.obj (.text:PRCMPeripheralReset)
                  2000747c    00000056     rtsv7M4_T_le_v4SPD16_eabi.lib : ltoa.obj (.text)
                  200074d2    00000052                                   : ldexp.obj (.text)
                  20007524    00000050                                   : boot.obj (.text)
                  20007574    0000004c     driverlib.a : spi.obj (.text:SPIIntEnable)
                  200075c0    0000004c                 : spi.obj (.text:SPIIntNumberGet)
                  2000760c    0000004c     rtsv7M4_T_le_v4SPD16_eabi.lib : atoi.obj (.text)
                  20007658    0000004c                                   : cpy_tbl.obj (.text)
                  200076a4    00000048     driverlib.a : spi.obj (.text:SPIIntClear)
                  200076ec    00000048     rtsv7M4_T_le_v4SPD16_eabi.lib : fd_toi_t2.obj (.text)
                  20007734    00000044     driverlib.a : spi.obj (.text:SPIDmaMaskGet)
                  20007778    00000044     pinmux.obj (.text)
                  200077bc    00000044     rtsv7M4_T_le_v4SPD16_eabi.lib : exit.obj (.text)
                  20007800    00000040     driverlib.a : pin.obj (.text:PinModeSet)
                  20007840    00000040     rtsv7M4_T_le_v4SPD16_eabi.lib : signal.obj (.text)
                  20007880    0000003c     driverlib.a : prcm.obj (.text:PRCMPeripheralClkEnable)
                  200078bc    00000034     rtsv7M4_T_le_v4SPD16_eabi.lib : feraiseexcept.obj (.text)
                  200078f0    00000030     driverlib.a : uart.obj (.text:UARTDisable)
                  20007920    00000030     rtsv7M4_T_le_v4SPD16_eabi.lib : xdclass.obj (.text)
                  20007950    00000030                                   : xferaise.obj (.text)
                  20007980    0000002e                                   : i_tofd_t2.obj (.text)
                  200079ae    0000002e                                   : raise.obj (.text)
                  200079dc    0000002c     driverlib.a : prcm.obj (.text:PRCMSysResetCauseGet)
                  20007a08    0000002a                 : spi.obj (.text:SPIDataGetNonBlocking)
                  20007a32    0000002a     rtsv7M4_T_le_v4SPD16_eabi.lib : frexp.obj (.text)
                  20007a5c    00000028     driverlib.a : prcm.obj (.text:PRCMPeripheralClkDisable)
                  20007a84    00000024                 : uart.obj (.text:UARTEnable)
                  20007aa8    00000024     rtsv7M4_T_le_v4SPD16_eabi.lib : memmov.obj (.text)
                  20007acc    00000022     driverlib.a : spi.obj (.text:SPIReset)
                  20007aee    00000002     --HOLE-- [fill = 0]
                  20007af0    00000020                 : interrupt.obj (.text:IntRegister)
                  20007b10    00000020                 : spi.obj (.text:SPIDataGet)
                  20007b30    0000001e                 : spi.obj (.text:SPIDataPut)
                  20007b4e    0000001e                 : spi.obj (.text:SPIIntRegister)
                  20007b6c    0000001e                 : uart.obj (.text:UARTCharPut)
                  20007b8a    0000001c                 : uart.obj (.text:UARTCharGetNonBlocking)
                  20007ba6    0000001c     rtsv7M4_T_le_v4SPD16_eabi.lib : memccpy.obj (.text)
                  20007bc2    0000001a     driverlib.a : pin.obj (.text:PinTypeSPI)
                  20007bdc    0000001a                 : pin.obj (.text:PinTypeUART)
                  20007bf6    00000018                 : spi.obj (.text:SPICSDisable)
                  20007c0e    00000018                 : spi.obj (.text:SPICSEnable)
                  20007c26    00000018                 : spi.obj (.text:SPIEnable)
                  20007c3e    00000018                 : uart.obj (.text:UARTCharsAvail)
                  20007c56    00000002     --HOLE-- [fill = 0]
                  20007c58    00000018     rtsv7M4_T_le_v4SPD16_eabi.lib : args_main.obj (.text)
                  20007c70    00000016     driverlib.a : prcm.obj (.text:PRCMHIBRegRead)
                  20007c86    00000016                 : prcm.obj (.text:PRCMHIBRegWrite)
                  20007c9c    00000016                 : uart.obj (.text:UARTCharGet)
                  20007cb2    00000016     rtsv7M4_T_le_v4SPD16_eabi.lib : strchr.obj (.text)
                  20007cc8    00000014     driverlib.a : cpu.obj (.text:CPUcpsie)
                  20007cdc    00000014                 : interrupt.obj (.text:IntVTableBaseSet)
                  20007cf0    00000014     rtsv7M4_T_le_v4SPD16_eabi.lib : _lock.obj (.text)
                  20007d04    00000014                                   : strlen.obj (.text)
                  20007d18    0000000e                                   : copy_decompress_none.obj (.text:decompress:none)
                  20007d26    0000000e     startup_ccs.obj (.text)
                  20007d34    0000000c     rtsv7M4_T_le_v4SPD16_eabi.lib : copy_zero_init.obj (.text:decompress:ZI)
                  20007d40    0000000a     driverlib.a : interrupt.obj (.text:IntMasterEnable)
                  20007d4a    00000006                 : utils.obj (.text:UtilsDelay)
                  20007d50    00000006     rtsv7M4_T_le_v4SPD16_eabi.lib : copy_decompress_rle.obj (.text:decompress:rle24)
                  20007d56    00000004                                   : pre_init.obj (.text)

.const     0    20007d5c    00000368     
                  20007d5c    00000101     rtsv7M4_T_le_v4SPD16_eabi.lib : ctype.obj (.const:.string:_ctypes_)
                  20007e5d    00000003     --HOLE-- [fill = 0]
                  20007e60    00000100     driverlib.a : pin.obj (.const:g_ulPinToPadMap)
                  20007f60    000000a8                 : prcm.obj (.const:PRCM_PeriphRegsList)
                  20008008    00000080                 : interrupt.obj (.const)
                  20008088    00000024                 : spi.obj (.const:g_ppulSPIIntMap)
                  200080ac    00000018                 : spi.obj (.const)

.cinit     0    200080c8    00000078     
                  200080c8    0000004e     (.cinit..data.load) [load image, compression = rle]
                  20008116    00000002     --HOLE-- [fill = 0]
                  20008118    0000000c     (__TI_handler_table)
                  20008124    00000004     --HOLE-- [fill = 0]
                  20008128    00000008     (.cinit..bss.load) [load image, compression = zero_init]
                  20008130    00000010     (__TI_cinit_table)

.sysmem    0    20017000    00000800     UNINITIALIZED
                  20017000    00000008     rtsv7M4_T_le_v4SPD16_eabi.lib : memory.obj (.sysmem)
                  20017008    000007f8     --HOLE--

.data      0    20017800    0000015c     UNINITIALIZED
                  20017800    000000b0     rtsv7M4_T_le_v4SPD16_eabi.lib : signal.obj (.data:sigtable)
                  200178b0    00000080                                   : xvalues.obj (.data)
                  20017930    0000000c                                   : memory.obj (.data)
                  2001793c    00000008                                   : _lock.obj (.data)
                  20017944    00000008                                   : exit.obj (.data)
                  2001794c    00000008                                   : feraiseexcept.obj (.data)
                  20017954    00000004                                   : errno.obj (.data)
                  20017958    00000004                                   : stkdepth_vars.obj (.data)

.TI.persistent 
*          0    20017800    00000000     UNINITIALIZED

.bss       0    2001795c    00000132     UNINITIALIZED
                  2001795c    00000064     L6472.obj (.bss:g_ucRxBuff)
                  200179c0    00000064     L6472.obj (.bss:g_ucTxBuff)
                  20017a24    00000064     main.obj (.bss:g_ucTxBuff)
                  20017a88    00000004     (.common:__Errorlog)
                  20017a8c    00000001     (.common:ucRxBuffNdx)
                  20017a8d    00000001     (.common:ucTxBuffNdx)

.TI.noinit 
*          0    2001795c    00000000     UNINITIALIZED

.stack     0    2002f800    00000800     UNINITIALIZED
                  2002f800    00000800     --HOLE--


LINKER GENERATED COPY TABLES

__TI_cinit_table @ 20008130 records: 2, size/record: 8, table size: 16
	.data: load addr=200080c8, load size=0000004e bytes, run addr=20017800, run size=0000015c bytes, compression=rle
	.bss: load addr=20008128, load size=00000008 bytes, run addr=2001795c, run size=00000132 bytes, compression=zero_init


LINKER GENERATED HANDLER TABLE

__TI_handler_table @ 20008118 records: 3, size/record: 4, table size: 12
	index: 0, handler: __TI_decompress_rle24
	index: 1, handler: __TI_decompress_none
	index: 2, handler: __TI_zero_init


GLOBAL SYMBOLS: SORTED ALPHABETICALLY BY Name 

address   name                    
-------   ----                    
200077bd  C$$EXIT                 
20007cc9  CPUcpsie                
20005cad  ClearTerm               
20005cb7  Error                   
20005cef  GetCmd                  
20005c6d  InitTerm                
20006c61  IntEnable               
20007d41  IntMasterEnable         
20007af1  IntRegister             
20007cdd  IntVTableBaseSet        
20005eed  L6472_init              
20005eef  L6472_spi_txrx          
20005909  MasterMain              
20005c8b  Message                 
2000660d  PRCMCC3200MCUInit       
20007c71  PRCMHIBRegRead          
20007c87  PRCMHIBRegWrite         
20007a5d  PRCMPeripheralClkDisable
20007881  PRCMPeripheralClkEnable 
20006e45  PRCMPeripheralClockGet  
20007425  PRCMPeripheralReset     
200079dd  PRCMSysResetCauseGet    
20006ed9  PinConfigSet            
20007801  PinModeSet              
20007779  PinMuxConfig            
20007bc3  PinTypeSPI              
20007bdd  PinTypeUART             
20005e2d  Report                  
20007d27  ResetISR                
UNDEFED   SHT$$INIT_ARRAY$$Base   
UNDEFED   SHT$$INIT_ARRAY$$Limit  
20007bf7  SPICSDisable            
20007c0f  SPICSEnable             
20006d09  SPIConfigSetExpClk      
20007b11  SPIDataGet              
20007a09  SPIDataGetNonBlocking   
20007b31  SPIDataPut              
20007c27  SPIEnable               
200076a5  SPIIntClear             
20007575  SPIIntEnable            
20007b4f  SPIIntRegister          
2000717d  SPIIntStatus            
20007acd  SPIReset                
20006f61  SPITransfer             
20005a0d  SlaveMain               
20005d95  TrimSpace               
20007c9d  UARTCharGet             
20007b8b  UARTCharGetNonBlocking  
20007b6d  UARTCharPut             
20007c3f  UARTCharsAvail          
20007273  UARTConfigSetExpClk     
200078f1  UARTDisable             
20007a85  UARTEnable              
20007d4b  UtilsDelay              
20007921  _Dclass                 
200178b0  _Denorm                 
20006aeb  _Dnorm                  
20006741  _Dscale                 
200073bf  _Dunscale               
200178c0  _Eps                    
20017954  _Errno                  
2001794c  _Fenv                   
20007951  _Feraise                
200178d0  _Hugeval                
200178e0  _Inf                    
200178f0  _Nan                    
20017910  _Rteps                  
20017900  _Snan                   
20017950  _Tls_setup__Fenv        
20017920  _Xbig                   
20017928  _Zero                   
20030000  __STACK_END             
00000800  __STACK_SIZE            
00000800  __SYSMEM_SIZE           
20008130  __TI_CINIT_Base         
20008140  __TI_CINIT_Limit        
20008118  __TI_Handler_Table_Base 
20008124  __TI_Handler_Table_Limit
200072e9  __TI_auto_init          
20017944  __TI_cleanup_ptr        
20007d19  __TI_decompress_none    
20007d51  __TI_decompress_rle24   
20017948  __TI_dtors_ptr          
200051b5  __TI_printfi            
200080c8  __TI_static_base__      
20007d35  __TI_zero_init          
20007071  __aeabi_cdcmpeq         
20007071  __aeabi_cdcmple         
200070f7  __aeabi_cdrcmple        
200076ed  __aeabi_d2iz            
2000632b  __aeabi_dadd            
200064d7  __aeabi_ddiv            
20006851  __aeabi_dmul            
20006321  __aeabi_dsub            
20007981  __aeabi_i2d             
200071f9  __aeabi_memclr          
200071f9  __aeabi_memclr4         
200071f9  __aeabi_memclr8         
20006da9  __aeabi_memcpy          
20006da9  __aeabi_memcpy4         
20006da9  __aeabi_memcpy8         
200071fb  __aeabi_memset          
200071fb  __aeabi_memset4         
200071fb  __aeabi_memset8         
2000612d  __aeabi_uldivmod        
ffffffff  __binit__               
ffffffff  __c_args__              
2002f800  __stack                 
20007c59  _args_main              
20007525  _c_int00                
20007d5c  _ctypes_                
2001793c  _lock                   
20007cff  _nop                    
20007cf7  _register_lock          
20007cf1  _register_unlock        
20017000  _sys_memory             
20007d57  _system_pre_init        
20017940  _unlock                 
200077c1  abort                   
2000760d  atoi                    
ffffffff  binit                   
20005865  calloc                  
20007659  copy_in                 
200077c9  exit                    
200078bd  feraiseexcept           
200055b3  free                    
20007a33  frexp                   
20004000  g_pfnVectors            
200074d3  ldexp                   
2000747d  ltoa                    
20005a8d  main                    
20017958  main_func_sp            
2000554b  malloc                  
20005781  memalign                
20007ba7  memccpy                 
20006da9  memcpy                  
20007aa9  memmove                 
20007201  memset                  
200054bd  minit                   
200079af  raise                   
20005675  realloc                 
20007841  signal                  
20007cb3  strchr                  
20007d05  strlen                  
20006fe9  vsnprintf               
20005f45  x_byte_txrx             
20005fa9  x_get_max_speed         
20005f83  x_set_max_speed         
20005f63  y_byte_txrx             
20005ff9  y_get_max_speed         
20006055  y_get_speed             
200060d5  y_move                  
20006091  y_run                   
20005fd3  y_set_max_speed         
20006023  y_set_speed             


GLOBAL SYMBOLS: SORTED BY Symbol Address 

address   name                    
-------   ----                    
00000800  __STACK_SIZE            
00000800  __SYSMEM_SIZE           
20004000  g_pfnVectors            
200051b5  __TI_printfi            
200054bd  minit                   
2000554b  malloc                  
200055b3  free                    
20005675  realloc                 
20005781  memalign                
20005865  calloc                  
20005909  MasterMain              
20005a0d  SlaveMain               
20005a8d  main                    
20005c6d  InitTerm                
20005c8b  Message                 
20005cad  ClearTerm               
20005cb7  Error                   
20005cef  GetCmd                  
20005d95  TrimSpace               
20005e2d  Report                  
20005eed  L6472_init              
20005eef  L6472_spi_txrx          
20005f45  x_byte_txrx             
20005f63  y_byte_txrx             
20005f83  x_set_max_speed         
20005fa9  x_get_max_speed         
20005fd3  y_set_max_speed         
20005ff9  y_get_max_speed         
20006023  y_set_speed             
20006055  y_get_speed             
20006091  y_run                   
200060d5  y_move                  
2000612d  __aeabi_uldivmod        
20006321  __aeabi_dsub            
2000632b  __aeabi_dadd            
200064d7  __aeabi_ddiv            
2000660d  PRCMCC3200MCUInit       
20006741  _Dscale                 
20006851  __aeabi_dmul            
20006aeb  _Dnorm                  
20006c61  IntEnable               
20006d09  SPIConfigSetExpClk      
20006da9  __aeabi_memcpy          
20006da9  __aeabi_memcpy4         
20006da9  __aeabi_memcpy8         
20006da9  memcpy                  
20006e45  PRCMPeripheralClockGet  
20006ed9  PinConfigSet            
20006f61  SPITransfer             
20006fe9  vsnprintf               
20007071  __aeabi_cdcmpeq         
20007071  __aeabi_cdcmple         
200070f7  __aeabi_cdrcmple        
2000717d  SPIIntStatus            
200071f9  __aeabi_memclr          
200071f9  __aeabi_memclr4         
200071f9  __aeabi_memclr8         
200071fb  __aeabi_memset          
200071fb  __aeabi_memset4         
200071fb  __aeabi_memset8         
20007201  memset                  
20007273  UARTConfigSetExpClk     
200072e9  __TI_auto_init          
200073bf  _Dunscale               
20007425  PRCMPeripheralReset     
2000747d  ltoa                    
200074d3  ldexp                   
20007525  _c_int00                
20007575  SPIIntEnable            
2000760d  atoi                    
20007659  copy_in                 
200076a5  SPIIntClear             
200076ed  __aeabi_d2iz            
20007779  PinMuxConfig            
200077bd  C$$EXIT                 
200077c1  abort                   
200077c9  exit                    
20007801  PinModeSet              
20007841  signal                  
20007881  PRCMPeripheralClkEnable 
200078bd  feraiseexcept           
200078f1  UARTDisable             
20007921  _Dclass                 
20007951  _Feraise                
20007981  __aeabi_i2d             
200079af  raise                   
200079dd  PRCMSysResetCauseGet    
20007a09  SPIDataGetNonBlocking   
20007a33  frexp                   
20007a5d  PRCMPeripheralClkDisable
20007a85  UARTEnable              
20007aa9  memmove                 
20007acd  SPIReset                
20007af1  IntRegister             
20007b11  SPIDataGet              
20007b31  SPIDataPut              
20007b4f  SPIIntRegister          
20007b6d  UARTCharPut             
20007b8b  UARTCharGetNonBlocking  
20007ba7  memccpy                 
20007bc3  PinTypeSPI              
20007bdd  PinTypeUART             
20007bf7  SPICSDisable            
20007c0f  SPICSEnable             
20007c27  SPIEnable               
20007c3f  UARTCharsAvail          
20007c59  _args_main              
20007c71  PRCMHIBRegRead          
20007c87  PRCMHIBRegWrite         
20007c9d  UARTCharGet             
20007cb3  strchr                  
20007cc9  CPUcpsie                
20007cdd  IntVTableBaseSet        
20007cf1  _register_unlock        
20007cf7  _register_lock          
20007cff  _nop                    
20007d05  strlen                  
20007d19  __TI_decompress_none    
20007d27  ResetISR                
20007d35  __TI_zero_init          
20007d41  IntMasterEnable         
20007d4b  UtilsDelay              
20007d51  __TI_decompress_rle24   
20007d57  _system_pre_init        
20007d5c  _ctypes_                
200080c8  __TI_static_base__      
20008118  __TI_Handler_Table_Base 
20008124  __TI_Handler_Table_Limit
20008130  __TI_CINIT_Base         
20008140  __TI_CINIT_Limit        
20017000  _sys_memory             
200178b0  _Denorm                 
200178c0  _Eps                    
200178d0  _Hugeval                
200178e0  _Inf                    
200178f0  _Nan                    
20017900  _Snan                   
20017910  _Rteps                  
20017920  _Xbig                   
20017928  _Zero                   
2001793c  _lock                   
20017940  _unlock                 
20017944  __TI_cleanup_ptr        
20017948  __TI_dtors_ptr          
2001794c  _Fenv                   
20017950  _Tls_setup__Fenv        
20017954  _Errno                  
20017958  main_func_sp            
2002f800  __stack                 
20030000  __STACK_END             
ffffffff  __binit__               
ffffffff  __c_args__              
ffffffff  binit                   
UNDEFED   SHT$$INIT_ARRAY$$Base   
UNDEFED   SHT$$INIT_ARRAY$$Limit  

[155 symbols]
