******************************************************************************
                  TI ARM Linker PC v5.2.5                      
******************************************************************************
>> Linked Wed Mar 16 01:29:35 2016

OUTPUT FILE NAME:   <spi_demo.out>
ENTRY POINT SYMBOL: "_c_int00"  address: 2000757d


MEMORY CONFIGURATION

         name            origin    length      used     unused   attr    fill
----------------------  --------  ---------  --------  --------  ----  --------
  SRAM_CODE             20004000   00013000  00004212  0000edee  RW X
  SRAM_DATA             20017000   00019000  0000128e  00017d72  RW X


SEGMENT ALLOCATION MAP

run origin  load origin   length   init length attrs members
----------  ----------- ---------- ----------- ----- -------
20004000    20004000    00004218   00004218    r-x
  20004000    20004000    00000400   00000400    r-- .intvecs
  20004400    20004400    00003a32   00003a32    r-x .text
  20007e34    20007e34    00000368   00000368    r-- .const
  200081a0    200081a0    00000078   00000078    r-- .cinit
20017000    20017000    00000a8e   00000000    rw-
  20017000    20017000    00000800   00000000    rw- .sysmem
  20017800    20017800    0000015c   00000000    rw- .data
  2001795c    2001795c    00000132   00000000    rw- .bss
2002f800    2002f800    00000800   00000000    rw-
  2002f800    2002f800    00000800   00000000    rw- .stack


SECTION ALLOCATION MAP

 output                                  attributes/
section   page    origin      length       input sections
--------  ----  ----------  ----------   ----------------
.intvecs   0    20004000    00000400     
                  20004000    00000400     startup_ccs.obj (.intvecs)

.init_array 
*          0    20004000    00000000     UNINITIALIZED

.text      0    20004400    00003a32     
                  20004400    000010ba     rtsv7M4_T_le_v4SPD16_eabi.lib : _printfi.obj (.text)
                  200054ba    00000002     --HOLE-- [fill = 0]
                  200054bc    000003dc                                   : memory.obj (.text)
                  20005898    00000380     main.obj (.text)
                  20005c18    000002ec     L6472.obj (.text)
                  20005f04    00000280     uart_if.obj (.text)
                  20006184    000001f4     rtsv7M4_T_le_v4SPD16_eabi.lib : ull_div_t2.obj (.text)
                  20006378    000001b6                                   : fd_add_t2.obj (.text)
                  2000652e    00000136                                   : fd_div_t2.obj (.text)
                  20006664    00000134     driverlib.a : prcm.obj (.text:PRCMCC3200MCUInit)
                  20006798    00000110     rtsv7M4_T_le_v4SPD16_eabi.lib : xdscale.obj (.text)
                  200068a8    000000fc                                   : fd_mul_t2.obj (.text)
                  200069a4    000000d0     driverlib.a : spi.obj (.text:SPITransfer32)
                  20006a74    000000ce                 : spi.obj (.text:SPITransfer16)
                  20006b42    000000be     rtsv7M4_T_le_v4SPD16_eabi.lib : xdnorm.obj (.text)
                  20006c00    000000b8     driverlib.a : spi.obj (.text:SPITransfer8)
                  20006cb8    000000a8                 : interrupt.obj (.text:IntEnable)
                  20006d60    000000a0                 : spi.obj (.text:SPIConfigSetExpClk)
                  20006e00    0000009c     rtsv7M4_T_le_v4SPD16_eabi.lib : memcpy_t2.obj (.text)
                  20006e9c    00000094     driverlib.a : prcm.obj (.text:PRCMPeripheralClockGet)
                  20006f30    00000088                 : pin.obj (.text:PinConfigSet)
                  20006fb8    00000088                 : spi.obj (.text:SPITransfer)
                  20007040    00000088     rtsv7M4_T_le_v4SPD16_eabi.lib : vsnprintf.obj (.text)
                  200070c8    00000086                                   : fd_cmp_t2.obj (.text:__aeabi_cdcmple)
                  2000714e    00000086                                   : fd_cmp_t2.obj (.text:__aeabi_cdrcmple)
                  200071d4    0000007c     driverlib.a : spi.obj (.text:SPIIntStatus)
                  20007250    0000007a     rtsv7M4_T_le_v4SPD16_eabi.lib : memset_t2.obj (.text)
                  200072ca    00000076     driverlib.a : uart.obj (.text:UARTConfigSetExpClk)
                  20007340    0000006c     rtsv7M4_T_le_v4SPD16_eabi.lib : autoinit.obj (.text)
                  200073ac    0000006a                                   : copy_decompress_rle.obj (.text)
                  20007416    00000066                                   : xdunscal.obj (.text)
                  2000747c    00000058     driverlib.a : prcm.obj (.text:PRCMPeripheralReset)
                  200074d4    00000056     rtsv7M4_T_le_v4SPD16_eabi.lib : ltoa.obj (.text)
                  2000752a    00000052                                   : ldexp.obj (.text)
                  2000757c    00000050                                   : boot.obj (.text)
                  200075cc    0000004c     driverlib.a : spi.obj (.text:SPIIntEnable)
                  20007618    0000004c                 : spi.obj (.text:SPIIntNumberGet)
                  20007664    0000004c     rtsv7M4_T_le_v4SPD16_eabi.lib : atoi.obj (.text)
                  200076b0    0000004c                                   : cpy_tbl.obj (.text)
                  200076fc    00000048     driverlib.a : spi.obj (.text:SPIIntClear)
                  20007744    00000048     rtsv7M4_T_le_v4SPD16_eabi.lib : fd_toi_t2.obj (.text)
                  2000778c    00000044     driverlib.a : spi.obj (.text:SPIDmaMaskGet)
                  200077d0    00000044     pinmux.obj (.text)
                  20007814    00000044     rtsv7M4_T_le_v4SPD16_eabi.lib : exit.obj (.text)
                  20007858    00000040     driverlib.a : pin.obj (.text:PinModeSet)
                  20007898    00000040     rtsv7M4_T_le_v4SPD16_eabi.lib : signal.obj (.text)
                  200078d8    0000003c     driverlib.a : prcm.obj (.text:PRCMPeripheralClkEnable)
                  20007914    00000036                 : gpio.obj (.text:GPIODirModeSet)
                  2000794a    00000002     --HOLE-- [fill = 0]
                  2000794c    00000034     rtsv7M4_T_le_v4SPD16_eabi.lib : feraiseexcept.obj (.text)
                  20007980    00000030     driverlib.a : pin.obj (.text:PinTypeGPIO)
                  200079b0    00000030                 : uart.obj (.text:UARTDisable)
                  200079e0    00000030     rtsv7M4_T_le_v4SPD16_eabi.lib : xdclass.obj (.text)
                  20007a10    00000030                                   : xferaise.obj (.text)
                  20007a40    0000002e                                   : i_tofd_t2.obj (.text)
                  20007a6e    0000002e                                   : raise.obj (.text)
                  20007a9c    0000002c     driverlib.a : prcm.obj (.text:PRCMSysResetCauseGet)
                  20007ac8    0000002a                 : spi.obj (.text:SPIDataGetNonBlocking)
                  20007af2    0000002a     rtsv7M4_T_le_v4SPD16_eabi.lib : frexp.obj (.text)
                  20007b1c    00000028     driverlib.a : prcm.obj (.text:PRCMPeripheralClkDisable)
                  20007b44    00000024                 : uart.obj (.text:UARTEnable)
                  20007b68    00000024     rtsv7M4_T_le_v4SPD16_eabi.lib : memmov.obj (.text)
                  20007b8c    00000022     driverlib.a : spi.obj (.text:SPIReset)
                  20007bae    00000002     --HOLE-- [fill = 0]
                  20007bb0    00000020                 : interrupt.obj (.text:IntRegister)
                  20007bd0    00000020                 : spi.obj (.text:SPIDataGet)
                  20007bf0    0000001e                 : spi.obj (.text:SPIDataPut)
                  20007c0e    0000001e                 : spi.obj (.text:SPIIntRegister)
                  20007c2c    0000001e                 : uart.obj (.text:UARTCharPut)
                  20007c4a    0000001c                 : uart.obj (.text:UARTCharGetNonBlocking)
                  20007c66    0000001c     rtsv7M4_T_le_v4SPD16_eabi.lib : memccpy.obj (.text)
                  20007c82    0000001a     driverlib.a : pin.obj (.text:PinTypeSPI)
                  20007c9c    0000001a                 : pin.obj (.text:PinTypeUART)
                  20007cb6    00000018                 : gpio.obj (.text:GPIOPinRead)
                  20007cce    00000018                 : spi.obj (.text:SPICSDisable)
                  20007ce6    00000018                 : spi.obj (.text:SPICSEnable)
                  20007cfe    00000018                 : spi.obj (.text:SPIEnable)
                  20007d16    00000018                 : uart.obj (.text:UARTCharsAvail)
                  20007d2e    00000002     --HOLE-- [fill = 0]
                  20007d30    00000018     rtsv7M4_T_le_v4SPD16_eabi.lib : args_main.obj (.text)
                  20007d48    00000016     driverlib.a : prcm.obj (.text:PRCMHIBRegRead)
                  20007d5e    00000016                 : prcm.obj (.text:PRCMHIBRegWrite)
                  20007d74    00000016                 : uart.obj (.text:UARTCharGet)
                  20007d8a    00000016     rtsv7M4_T_le_v4SPD16_eabi.lib : strchr.obj (.text)
                  20007da0    00000014     driverlib.a : cpu.obj (.text:CPUcpsie)
                  20007db4    00000014                 : interrupt.obj (.text:IntVTableBaseSet)
                  20007dc8    00000014     rtsv7M4_T_le_v4SPD16_eabi.lib : _lock.obj (.text)
                  20007ddc    00000014                                   : strlen.obj (.text)
                  20007df0    0000000e                                   : copy_decompress_none.obj (.text:decompress:none)
                  20007dfe    0000000e     startup_ccs.obj (.text)
                  20007e0c    0000000c     rtsv7M4_T_le_v4SPD16_eabi.lib : copy_zero_init.obj (.text:decompress:ZI)
                  20007e18    0000000a     driverlib.a : interrupt.obj (.text:IntMasterEnable)
                  20007e22    00000006                 : utils.obj (.text:UtilsDelay)
                  20007e28    00000006     rtsv7M4_T_le_v4SPD16_eabi.lib : copy_decompress_rle.obj (.text:decompress:rle24)
                  20007e2e    00000004                                   : pre_init.obj (.text)

.const     0    20007e34    00000368     
                  20007e34    00000101     rtsv7M4_T_le_v4SPD16_eabi.lib : ctype.obj (.const:.string:_ctypes_)
                  20007f35    00000003     --HOLE-- [fill = 0]
                  20007f38    00000100     driverlib.a : pin.obj (.const:g_ulPinToPadMap)
                  20008038    000000a8                 : prcm.obj (.const:PRCM_PeriphRegsList)
                  200080e0    00000080                 : interrupt.obj (.const)
                  20008160    00000024                 : spi.obj (.const:g_ppulSPIIntMap)
                  20008184    00000018                 : spi.obj (.const)

.cinit     0    200081a0    00000078     
                  200081a0    0000004e     (.cinit..data.load) [load image, compression = rle]
                  200081ee    00000002     --HOLE-- [fill = 0]
                  200081f0    0000000c     (__TI_handler_table)
                  200081fc    00000004     --HOLE-- [fill = 0]
                  20008200    00000008     (.cinit..bss.load) [load image, compression = zero_init]
                  20008208    00000010     (__TI_cinit_table)

.sysmem    0    20017000    00000800     UNINITIALIZED
                  20017000    00000008     rtsv7M4_T_le_v4SPD16_eabi.lib : memory.obj (.sysmem)
                  20017008    000007f8     --HOLE--

.data      0    20017800    0000015c     UNINITIALIZED
                  20017800    000000b0     rtsv7M4_T_le_v4SPD16_eabi.lib : signal.obj (.data:sigtable)
                  200178b0    00000080                                   : xvalues.obj (.data)
                  20017930    0000000c                                   : memory.obj (.data)
                  2001793c    00000008                                   : _lock.obj (.data)
                  20017944    00000008                                   : exit.obj (.data)
                  2001794c    00000008                                   : feraiseexcept.obj (.data)
                  20017954    00000004                                   : errno.obj (.data)
                  20017958    00000004                                   : stkdepth_vars.obj (.data)

.TI.persistent 
*          0    20017800    00000000     UNINITIALIZED

.bss       0    2001795c    00000132     UNINITIALIZED
                  2001795c    00000064     L6472.obj (.bss:g_ucRxBuff)
                  200179c0    00000064     L6472.obj (.bss:g_ucTxBuff)
                  20017a24    00000064     main.obj (.bss:g_ucTxBuff)
                  20017a88    00000004     (.common:__Errorlog)
                  20017a8c    00000001     (.common:ucRxBuffNdx)
                  20017a8d    00000001     (.common:ucTxBuffNdx)

.TI.noinit 
*          0    2001795c    00000000     UNINITIALIZED

.stack     0    2002f800    00000800     UNINITIALIZED
                  2002f800    00000800     --HOLE--


LINKER GENERATED COPY TABLES

__TI_cinit_table @ 20008208 records: 2, size/record: 8, table size: 16
	.data: load addr=200081a0, load size=0000004e bytes, run addr=20017800, run size=0000015c bytes, compression=rle
	.bss: load addr=20008200, load size=00000008 bytes, run addr=2001795c, run size=00000132 bytes, compression=zero_init


LINKER GENERATED HANDLER TABLE

__TI_handler_table @ 200081f0 records: 3, size/record: 4, table size: 12
	index: 0, handler: __TI_decompress_rle24
	index: 1, handler: __TI_decompress_none
	index: 2, handler: __TI_zero_init


GLOBAL SYMBOLS: SORTED ALPHABETICALLY BY Name 

address   name                    
-------   ----                    
20007815  C$$EXIT                 
20007da1  CPUcpsie                
20005f45  ClearTerm               
20005f4f  Error                   
20007915  GPIODirModeSet          
20007cb7  GPIOPinRead             
20005f87  GetCmd                  
20005f05  InitTerm                
20006cb9  IntEnable               
20007e19  IntMasterEnable         
20007bb1  IntRegister             
20007db5  IntVTableBaseSet        
20005c19  L6472_init              
20005cc1  L6472_spi_txrx          
20005909  MasterMain              
20005f23  Message                 
20006665  PRCMCC3200MCUInit       
20007d49  PRCMHIBRegRead          
20007d5f  PRCMHIBRegWrite         
20007b1d  PRCMPeripheralClkDisable
200078d9  PRCMPeripheralClkEnable 
20006e9d  PRCMPeripheralClockGet  
2000747d  PRCMPeripheralReset     
20007a9d  PRCMSysResetCauseGet    
20006f31  PinConfigSet            
20007859  PinModeSet              
200077d1  PinMuxConfig            
20007981  PinTypeGPIO             
20007c83  PinTypeSPI              
20007c9d  PinTypeUART             
200060c5  Report                  
20007dff  ResetISR                
UNDEFED   SHT$$INIT_ARRAY$$Base   
UNDEFED   SHT$$INIT_ARRAY$$Limit  
20007ccf  SPICSDisable            
20007ce7  SPICSEnable             
20006d61  SPIConfigSetExpClk      
20007bd1  SPIDataGet              
20007ac9  SPIDataGetNonBlocking   
20007bf1  SPIDataPut              
20007cff  SPIEnable               
200076fd  SPIIntClear             
200075cd  SPIIntEnable            
20007c0f  SPIIntRegister          
200071d5  SPIIntStatus            
20007b8d  SPIReset                
20006fb9  SPITransfer             
200059d1  SlaveMain               
2000602d  TrimSpace               
20007d75  UARTCharGet             
20007c4b  UARTCharGetNonBlocking  
20007c2d  UARTCharPut             
20007d17  UARTCharsAvail          
200072cb  UARTConfigSetExpClk     
200079b1  UARTDisable             
20007b45  UARTEnable              
20007e23  UtilsDelay              
200079e1  _Dclass                 
200178b0  _Denorm                 
20006b43  _Dnorm                  
20006799  _Dscale                 
20007417  _Dunscale               
200178c0  _Eps                    
20017954  _Errno                  
2001794c  _Fenv                   
20007a11  _Feraise                
200178d0  _Hugeval                
200178e0  _Inf                    
200178f0  _Nan                    
20017910  _Rteps                  
20017900  _Snan                   
20017950  _Tls_setup__Fenv        
20017920  _Xbig                   
20017928  _Zero                   
20030000  __STACK_END             
00000800  __STACK_SIZE            
00000800  __SYSMEM_SIZE           
20008208  __TI_CINIT_Base         
20008218  __TI_CINIT_Limit        
200081f0  __TI_Handler_Table_Base 
200081fc  __TI_Handler_Table_Limit
20007341  __TI_auto_init          
20017944  __TI_cleanup_ptr        
20007df1  __TI_decompress_none    
20007e29  __TI_decompress_rle24   
20017948  __TI_dtors_ptr          
200051b5  __TI_printfi            
200081a0  __TI_static_base__      
20007e0d  __TI_zero_init          
200070c9  __aeabi_cdcmpeq         
200070c9  __aeabi_cdcmple         
2000714f  __aeabi_cdrcmple        
20007745  __aeabi_d2iz            
20006383  __aeabi_dadd            
2000652f  __aeabi_ddiv            
200068a9  __aeabi_dmul            
20006379  __aeabi_dsub            
20007a41  __aeabi_i2d             
20007251  __aeabi_memclr          
20007251  __aeabi_memclr4         
20007251  __aeabi_memclr8         
20006e01  __aeabi_memcpy          
20006e01  __aeabi_memcpy4         
20006e01  __aeabi_memcpy8         
20007253  __aeabi_memset          
20007253  __aeabi_memset4         
20007253  __aeabi_memset8         
20006185  __aeabi_uldivmod        
ffffffff  __binit__               
ffffffff  __c_args__              
2002f800  __stack                 
20007d31  _args_main              
2000757d  _c_int00                
20007e34  _ctypes_                
2001793c  _lock                   
20007dd7  _nop                    
20007dcf  _register_lock          
20007dc9  _register_unlock        
20017000  _sys_memory             
20007e2f  _system_pre_init        
20017940  _unlock                 
20007819  abort                   
20007665  atoi                    
ffffffff  binit                   
20005865  calloc                  
200076b1  copy_in                 
20007821  exit                    
2000794d  feraiseexcept           
200055b3  free                    
20007af3  frexp                   
20004000  g_pfnVectors            
20005c8f  get_status              
2000752b  ldexp                   
200074d5  ltoa                    
20005a43  main                    
20017958  main_func_sp            
2000554b  malloc                  
20005781  memalign                
20007c67  memccpy                 
20006e01  memcpy                  
20007b69  memmove                 
20007259  memset                  
200054bd  minit                   
20007a6f  raise                   
20005675  realloc                 
20007899  signal                  
20007d8b  strchr                  
20007ddd  strlen                  
20007041  vsnprintf               
20005d17  x_byte_txrx             
20005d7b  x_get_max_speed         
20005d55  x_set_max_speed         
20005c39  y_busy                  
20005d35  y_byte_txrx             
20005dcb  y_get_max_speed         
20005e27  y_get_speed             
20005c85  y_goto_origin           
20005ea7  y_move                  
20005e63  y_run                   
20005da5  y_set_max_speed         
20005c59  y_set_origin            
20005df5  y_set_speed             
20005c4d  y_wait                  


GLOBAL SYMBOLS: SORTED BY Symbol Address 

address   name                    
-------   ----                    
00000800  __STACK_SIZE            
00000800  __SYSMEM_SIZE           
20004000  g_pfnVectors            
200051b5  __TI_printfi            
200054bd  minit                   
2000554b  malloc                  
200055b3  free                    
20005675  realloc                 
20005781  memalign                
20005865  calloc                  
20005909  MasterMain              
200059d1  SlaveMain               
20005a43  main                    
20005c19  L6472_init              
20005c39  y_busy                  
20005c4d  y_wait                  
20005c59  y_set_origin            
20005c85  y_goto_origin           
20005c8f  get_status              
20005cc1  L6472_spi_txrx          
20005d17  x_byte_txrx             
20005d35  y_byte_txrx             
20005d55  x_set_max_speed         
20005d7b  x_get_max_speed         
20005da5  y_set_max_speed         
20005dcb  y_get_max_speed         
20005df5  y_set_speed             
20005e27  y_get_speed             
20005e63  y_run                   
20005ea7  y_move                  
20005f05  InitTerm                
20005f23  Message                 
20005f45  ClearTerm               
20005f4f  Error                   
20005f87  GetCmd                  
2000602d  TrimSpace               
200060c5  Report                  
20006185  __aeabi_uldivmod        
20006379  __aeabi_dsub            
20006383  __aeabi_dadd            
2000652f  __aeabi_ddiv            
20006665  PRCMCC3200MCUInit       
20006799  _Dscale                 
200068a9  __aeabi_dmul            
20006b43  _Dnorm                  
20006cb9  IntEnable               
20006d61  SPIConfigSetExpClk      
20006e01  __aeabi_memcpy          
20006e01  __aeabi_memcpy4         
20006e01  __aeabi_memcpy8         
20006e01  memcpy                  
20006e9d  PRCMPeripheralClockGet  
20006f31  PinConfigSet            
20006fb9  SPITransfer             
20007041  vsnprintf               
200070c9  __aeabi_cdcmpeq         
200070c9  __aeabi_cdcmple         
2000714f  __aeabi_cdrcmple        
200071d5  SPIIntStatus            
20007251  __aeabi_memclr          
20007251  __aeabi_memclr4         
20007251  __aeabi_memclr8         
20007253  __aeabi_memset          
20007253  __aeabi_memset4         
20007253  __aeabi_memset8         
20007259  memset                  
200072cb  UARTConfigSetExpClk     
20007341  __TI_auto_init          
20007417  _Dunscale               
2000747d  PRCMPeripheralReset     
200074d5  ltoa                    
2000752b  ldexp                   
2000757d  _c_int00                
200075cd  SPIIntEnable            
20007665  atoi                    
200076b1  copy_in                 
200076fd  SPIIntClear             
20007745  __aeabi_d2iz            
200077d1  PinMuxConfig            
20007815  C$$EXIT                 
20007819  abort                   
20007821  exit                    
20007859  PinModeSet              
20007899  signal                  
200078d9  PRCMPeripheralClkEnable 
20007915  GPIODirModeSet          
2000794d  feraiseexcept           
20007981  PinTypeGPIO             
200079b1  UARTDisable             
200079e1  _Dclass                 
20007a11  _Feraise                
20007a41  __aeabi_i2d             
20007a6f  raise                   
20007a9d  PRCMSysResetCauseGet    
20007ac9  SPIDataGetNonBlocking   
20007af3  frexp                   
20007b1d  PRCMPeripheralClkDisable
20007b45  UARTEnable              
20007b69  memmove                 
20007b8d  SPIReset                
20007bb1  IntRegister             
20007bd1  SPIDataGet              
20007bf1  SPIDataPut              
20007c0f  SPIIntRegister          
20007c2d  UARTCharPut             
20007c4b  UARTCharGetNonBlocking  
20007c67  memccpy                 
20007c83  PinTypeSPI              
20007c9d  PinTypeUART             
20007cb7  GPIOPinRead             
20007ccf  SPICSDisable            
20007ce7  SPICSEnable             
20007cff  SPIEnable               
20007d17  UARTCharsAvail          
20007d31  _args_main              
20007d49  PRCMHIBRegRead          
20007d5f  PRCMHIBRegWrite         
20007d75  UARTCharGet             
20007d8b  strchr                  
20007da1  CPUcpsie                
20007db5  IntVTableBaseSet        
20007dc9  _register_unlock        
20007dcf  _register_lock          
20007dd7  _nop                    
20007ddd  strlen                  
20007df1  __TI_decompress_none    
20007dff  ResetISR                
20007e0d  __TI_zero_init          
20007e19  IntMasterEnable         
20007e23  UtilsDelay              
20007e29  __TI_decompress_rle24   
20007e2f  _system_pre_init        
20007e34  _ctypes_                
200081a0  __TI_static_base__      
200081f0  __TI_Handler_Table_Base 
200081fc  __TI_Handler_Table_Limit
20008208  __TI_CINIT_Base         
20008218  __TI_CINIT_Limit        
20017000  _sys_memory             
200178b0  _Denorm                 
200178c0  _Eps                    
200178d0  _Hugeval                
200178e0  _Inf                    
200178f0  _Nan                    
20017900  _Snan                   
20017910  _Rteps                  
20017920  _Xbig                   
20017928  _Zero                   
2001793c  _lock                   
20017940  _unlock                 
20017944  __TI_cleanup_ptr        
20017948  __TI_dtors_ptr          
2001794c  _Fenv                   
20017950  _Tls_setup__Fenv        
20017954  _Errno                  
20017958  main_func_sp            
2002f800  __stack                 
20030000  __STACK_END             
ffffffff  __binit__               
ffffffff  __c_args__              
ffffffff  binit                   
UNDEFED   SHT$$INIT_ARRAY$$Base   
UNDEFED   SHT$$INIT_ARRAY$$Limit  

[163 symbols]
