******************************************************************************
                  TI ARM Linker PC v5.2.5                      
******************************************************************************
>> Linked Sun Apr 03 14:58:17 2016

OUTPUT FILE NAME:   <spi_demo.out>
ENTRY POINT SYMBOL: "_c_int00"  address: 20008869


MEMORY CONFIGURATION

         name            origin    length      used     unused   attr    fill
----------------------  --------  ---------  --------  --------  ----  --------
  SRAM_CODE             20004000   00013000  00005162  0000de9e  RW X
  SRAM_DATA             20017000   00019000  00001239  00017dc7  RW X


SEGMENT ALLOCATION MAP

run origin  load origin   length   init length attrs members
----------  ----------- ---------- ----------- ----- -------
20004000    20004000    00005168   00005168    r-x
  20004000    20004000    00000400   00000400    r-- .intvecs
  20004400    20004400    000049be   000049be    r-x .text
  20008dc0    20008dc0    0000032c   0000032c    r-- .const
  200090f0    200090f0    00000078   00000078    r-- .cinit
20017000    20017000    00000a39   00000000    rw-
  20017000    20017000    00000800   00000000    rw- .sysmem
  20017800    20017800    0000016c   00000000    rw- .data
  2001796c    2001796c    000000cd   00000000    rw- .bss
2002f800    2002f800    00000800   00000000    rw-
  2002f800    2002f800    00000800   00000000    rw- .stack


SECTION ALLOCATION MAP

 output                                  attributes/
section   page    origin      length       input sections
--------  ----  ----------  ----------   ----------------
.intvecs   0    20004000    00000400     
                  20004000    00000400     startup_ccs.obj (.intvecs)

.init_array 
*          0    20004000    00000000     UNINITIALIZED

.text      0    20004400    000049be     
                  20004400    000010a6     rtsv7M4_T_le_eabi.lib : _printfi.obj (.text)
                  200054a6    00000002     --HOLE-- [fill = 0]
                  200054a8    00000a70     L6472.obj (.text)
                  20005f18    00000814     gcode.obj (.text)
                  2000672c    000003dc     rtsv7M4_T_le_eabi.lib : memory.obj (.text)
                  20006b08    00000280     uart_if.obj (.text)
                  20006d88    000001f4     rtsv7M4_T_le_eabi.lib : ull_div_t2.obj (.text)
                  20006f7c    000001b6                           : fd_add_t2.obj (.text)
                  20007132    00000002     --HOLE-- [fill = 0]
                  20007134    00000140                           : sqrt.obj (.text)
                  20007274    00000136                           : fd_div_t2.obj (.text)
                  200073aa    00000002     --HOLE-- [fill = 0]
                  200073ac    00000134     driverlib.a : prcm.obj (.text:PRCMCC3200MCUInit)
                  200074e0    00000110     rtsv7M4_T_le_eabi.lib : xdscale.obj (.text)
                  200075f0    000000fc                           : fd_mul_t2.obj (.text)
                  200076ec    000000fa                           : fs_add_t2.obj (.text)
                  200077e6    000000d0     driverlib.a : spi.obj (.text:SPITransfer32)
                  200078b6    000000ce                 : spi.obj (.text:SPITransfer16)
                  20007984    000000be     rtsv7M4_T_le_eabi.lib : xdnorm.obj (.text)
                  20007a42    000000b8     driverlib.a : spi.obj (.text:SPITransfer8)
                  20007afa    00000002     --HOLE-- [fill = 0]
                  20007afc    000000ac     main.obj (.text)
                  20007ba8    000000a8     driverlib.a : interrupt.obj (.text:IntEnable)
                  20007c50    000000a0                 : spi.obj (.text:SPIConfigSetExpClk)
                  20007cf0    0000009c     rtsv7M4_T_le_eabi.lib : memcpy_t2.obj (.text)
                  20007d8c    00000094     driverlib.a : prcm.obj (.text:PRCMPeripheralClockGet)
                  20007e20    00000092     rtsv7M4_T_le_eabi.lib : fs_div_t2.obj (.text)
                  20007eb2    00000002     --HOLE-- [fill = 0]
                  20007eb4    00000088     driverlib.a : pin.obj (.text:PinConfigSet)
                  20007f3c    00000088                 : spi.obj (.text:SPITransfer)
                  20007fc4    00000088     rtsv7M4_T_le_eabi.lib : vsnprintf.obj (.text)
                  2000804c    00000086                           : fd_cmp_t2.obj (.text:__aeabi_cdcmple)
                  200080d2    00000086                           : fd_cmp_t2.obj (.text:__aeabi_cdrcmple)
                  20008158    0000007a                           : fs_mul_t2.obj (.text)
                  200081d2    0000007a                           : memset_t2.obj (.text)
                  2000824c    00000076     driverlib.a : uart.obj (.text:UARTConfigSetExpClk)
                  200082c2    00000002     --HOLE-- [fill = 0]
                  200082c4    0000006c     rtsv7M4_T_le_eabi.lib : autoinit.obj (.text)
                  20008330    0000006a                           : copy_decompress_rle.obj (.text)
                  2000839a    00000066                           : xdunscal.obj (.text)
                  20008400    00000060                           : fs_cmp_t2.obj (.text:__aeabi_cfcmple)
                  20008460    00000060                           : fs_cmp_t2.obj (.text:__aeabi_cfrcmple)
                  200084c0    00000058     driverlib.a : prcm.obj (.text:PRCMPeripheralReset)
                  20008518    00000056     rtsv7M4_T_le_eabi.lib : ltoa.obj (.text)
                  2000856e    00000002     --HOLE-- [fill = 0]
                  20008570    0000004c                           : atoi.obj (.text)
                  200085bc    0000004c                           : cpy_tbl.obj (.text)
                  20008608    00000048                           : fd_toi_t2.obj (.text)
                  20008650    00000048                           : fd_tos_t2.obj (.text)
                  20008698    00000046     LaserBoard.obj (.text)
                  200086de    00000046     rtsv7M4_T_le_eabi.lib : ldexp.obj (.text)
                  20008724    00000044                           : exit.obj (.text)
                  20008768    00000044                           : fd_tou_t2.obj (.text)
                  200087ac    00000040     driverlib.a : pin.obj (.text:PinModeSet)
                  200087ec    00000040     rtsv7M4_T_le_eabi.lib : signal.obj (.text)
                  2000882c    0000003c     driverlib.a : prcm.obj (.text:PRCMPeripheralClkEnable)
                  20008868    0000003c     rtsv7M4_T_le_eabi.lib : boot.obj (.text)
                  200088a4    00000038                           : fs_tod_t2.obj (.text)
                  200088dc    00000038                           : fs_toi_t2.obj (.text)
                  20008914    00000036     driverlib.a : gpio.obj (.text:GPIODirModeSet)
                  2000894a    00000002     --HOLE-- [fill = 0]
                  2000894c    00000034     rtsv7M4_T_le_eabi.lib : feraiseexcept.obj (.text)
                  20008980    00000034                           : fs_tou_t2.obj (.text)
                  200089b4    00000030     driverlib.a : pin.obj (.text:PinTypeGPIO)
                  200089e4    00000030                 : uart.obj (.text:UARTDisable)
                  20008a14    00000030     rtsv7M4_T_le_eabi.lib : xferaise.obj (.text)
                  20008a44    0000002e                           : i_tofd_t2.obj (.text)
                  20008a72    0000002e                           : raise.obj (.text)
                  20008aa0    0000002c     driverlib.a : prcm.obj (.text:PRCMSysResetCauseGet)
                  20008acc    0000002a     rtsv7M4_T_le_eabi.lib : xdclass.obj (.text)
                  20008af6    00000002     --HOLE-- [fill = 0]
                  20008af8    00000028     driverlib.a : prcm.obj (.text:PRCMPeripheralClkDisable)
                  20008b20    00000024                 : uart.obj (.text:UARTEnable)
                  20008b44    00000024     rtsv7M4_T_le_eabi.lib : memmov.obj (.text)
                  20008b68    00000022     driverlib.a : spi.obj (.text:SPIReset)
                  20008b8a    00000022     rtsv7M4_T_le_eabi.lib : frexp.obj (.text)
                  20008bac    00000020     driverlib.a : gpio.obj (.text:GPIOPinWrite)
                  20008bcc    0000001e                 : uart.obj (.text:UARTCharPut)
                  20008bea    0000001c                 : uart.obj (.text:UARTCharGetNonBlocking)
                  20008c06    0000001c     pinmux.obj (.text)
                  20008c22    0000001c     rtsv7M4_T_le_eabi.lib : memccpy.obj (.text)
                  20008c3e    0000001a     driverlib.a : pin.obj (.text:PinTypeSPI)
                  20008c58    0000001a                 : pin.obj (.text:PinTypeUART)
                  20008c72    00000018                 : gpio.obj (.text:GPIOPinRead)
                  20008c8a    00000018                 : spi.obj (.text:SPIEnable)
                  20008ca2    00000018                 : uart.obj (.text:UARTCharsAvail)
                  20008cba    00000002     --HOLE-- [fill = 0]
                  20008cbc    00000018     rtsv7M4_T_le_eabi.lib : args_main.obj (.text)
                  20008cd4    00000016     driverlib.a : prcm.obj (.text:PRCMHIBRegRead)
                  20008cea    00000016                 : prcm.obj (.text:PRCMHIBRegWrite)
                  20008d00    00000016                 : uart.obj (.text:UARTCharGet)
                  20008d16    00000016     rtsv7M4_T_le_eabi.lib : strchr.obj (.text)
                  20008d2c    00000014     driverlib.a : cpu.obj (.text:CPUcpsie)
                  20008d40    00000014                 : interrupt.obj (.text:IntVTableBaseSet)
                  20008d54    00000014     rtsv7M4_T_le_eabi.lib : _lock.obj (.text)
                  20008d68    00000014                           : strlen.obj (.text)
                  20008d7c    0000000e                           : copy_decompress_none.obj (.text:decompress:none)
                  20008d8a    0000000e     startup_ccs.obj (.text)
                  20008d98    0000000c     rtsv7M4_T_le_eabi.lib : copy_zero_init.obj (.text:decompress:ZI)
                  20008da4    0000000a     driverlib.a : interrupt.obj (.text:IntMasterEnable)
                  20008dae    00000006                 : utils.obj (.text:UtilsDelay)
                  20008db4    00000006     rtsv7M4_T_le_eabi.lib : copy_decompress_rle.obj (.text:decompress:rle24)
                  20008dba    00000004                           : pre_init.obj (.text)

.const     0    20008dc0    0000032c     
                  20008dc0    00000101     rtsv7M4_T_le_eabi.lib : ctype.obj (.const:.string:_ctypes_)
                  20008ec1    00000003     --HOLE-- [fill = 0]
                  20008ec4    00000100     driverlib.a : pin.obj (.const:g_ulPinToPadMap)
                  20008fc4    000000a8                 : prcm.obj (.const:PRCM_PeriphRegsList)
                  2000906c    00000080                 : interrupt.obj (.const)

.cinit     0    200090f0    00000078     
                  200090f0    00000054     (.cinit..data.load) [load image, compression = rle]
                  20009144    0000000c     (__TI_handler_table)
                  20009150    00000008     (.cinit..bss.load) [load image, compression = zero_init]
                  20009158    00000010     (__TI_cinit_table)

.sysmem    0    20017000    00000800     UNINITIALIZED
                  20017000    00000008     rtsv7M4_T_le_eabi.lib : memory.obj (.sysmem)
                  20017008    000007f8     --HOLE--

.data      0    20017800    0000016c     UNINITIALIZED
                  20017800    000000b0     rtsv7M4_T_le_eabi.lib : signal.obj (.data:sigtable)
                  200178b0    00000080                           : xvalues.obj (.data)
                  20017930    0000000c                           : memory.obj (.data)
                  2001793c    00000008     L6472.obj (.data)
                  20017944    00000008     gcode.obj (.data)
                  2001794c    00000008     rtsv7M4_T_le_eabi.lib : _lock.obj (.data)
                  20017954    00000008                           : exit.obj (.data)
                  2001795c    00000008                           : feraiseexcept.obj (.data)
                  20017964    00000004                           : errno.obj (.data)
                  20017968    00000004                           : stkdepth_vars.obj (.data)

.TI.persistent 
*          0    20017800    00000000     UNINITIALIZED

.bss       0    2001796c    000000cd     UNINITIALIZED
                  2001796c    00000064     L6472.obj (.bss:g_ucRxBuff)
                  200179d0    00000064     L6472.obj (.bss:g_ucTxBuff)
                  20017a34    00000004     (.common:__Errorlog)
                  20017a38    00000001     (.common:s_m3_m5)

.TI.noinit 
*          0    2001796c    00000000     UNINITIALIZED

.stack     0    2002f800    00000800     UNINITIALIZED
                  2002f800    00000800     --HOLE--


LINKER GENERATED COPY TABLES

__TI_cinit_table @ 20009158 records: 2, size/record: 8, table size: 16
	.data: load addr=200090f0, load size=00000054 bytes, run addr=20017800, run size=0000016c bytes, compression=rle
	.bss: load addr=20009150, load size=00000008 bytes, run addr=2001796c, run size=000000cd bytes, compression=zero_init


LINKER GENERATED HANDLER TABLE

__TI_handler_table @ 20009144 records: 3, size/record: 4, table size: 12
	index: 0, handler: __TI_decompress_rle24
	index: 1, handler: __TI_decompress_none
	index: 2, handler: __TI_zero_init


GLOBAL SYMBOLS: SORTED ALPHABETICALLY BY Name 

address   name                    
-------   ----                    
20008725  C$$EXIT                 
20008d2d  CPUcpsie                
20006b49  ClearTerm               
20006b53  Error                   
20005f19  G0_f                    
20005f2f  G0_xy                   
20005f7f  G1_f                    
20005f95  G1_xy                   
200064e5  G21                     
20006015  G2_xyij                 
2000629f  G3_xyij                 
200064cf  G4_p                    
200064fb  G90                     
20008915  GPIODirModeSet          
20008c73  GPIOPinRead             
20008bad  GPIOPinWrite            
20006b8b  GetCmd                  
20006b09  InitTerm                
20007ba9  IntEnable               
20008da5  IntMasterEnable         
20008d41  IntVTableBaseSet        
200054a9  L6472_init              
20005add  L6472_spi_txrx          
20006549  M18                     
2000650d  M3_s                    
2000652b  M5_s                    
20006b27  Message                 
200073ad  PRCMCC3200MCUInit       
20008cd5  PRCMHIBRegRead          
20008ceb  PRCMHIBRegWrite         
20008af9  PRCMPeripheralClkDisable
2000882d  PRCMPeripheralClkEnable 
20007d8d  PRCMPeripheralClockGet  
200084c1  PRCMPeripheralReset     
20008aa1  PRCMSysResetCauseGet    
20007eb5  PinConfigSet            
200087ad  PinModeSet              
20008c07  PinMuxConfig            
200089b5  PinTypeGPIO             
20008c3f  PinTypeSPI              
20008c59  PinTypeUART             
20006cc9  Report                  
20008d8b  ResetISR                
UNDEFED   SHT$$INIT_ARRAY$$Base   
UNDEFED   SHT$$INIT_ARRAY$$Limit  
20007c51  SPIConfigSetExpClk      
20008c8b  SPIEnable               
20008b69  SPIReset                
20007f3d  SPITransfer             
20006c31  TrimSpace               
20008d01  UARTCharGet             
20008beb  UARTCharGetNonBlocking  
20008bcd  UARTCharPut             
20008ca3  UARTCharsAvail          
2000824d  UARTConfigSetExpClk     
200089e5  UARTDisable             
20008b21  UARTEnable              
20008daf  UtilsDelay              
20008acd  _Dclass                 
200178b0  _Denorm                 
20007985  _Dnorm                  
200074e1  _Dscale                 
2000839b  _Dunscale               
200178c0  _Eps                    
20017964  _Errno                  
2001795c  _Fenv                   
20008a15  _Feraise                
200178d0  _Hugeval                
200178e0  _Inf                    
200178f0  _Nan                    
20017910  _Rteps                  
20017900  _Snan                   
20017960  _Tls_setup__Fenv        
20017920  _Xbig                   
20017928  _Zero                   
20030000  __STACK_END             
00000800  __STACK_SIZE            
00000800  __SYSMEM_SIZE           
20009158  __TI_CINIT_Base         
20009168  __TI_CINIT_Limit        
20009144  __TI_Handler_Table_Base 
20009150  __TI_Handler_Table_Limit
200082c5  __TI_auto_init          
20017954  __TI_cleanup_ptr        
20008d7d  __TI_decompress_none    
20008db5  __TI_decompress_rle24   
20017958  __TI_dtors_ptr          
200051a1  __TI_printfi            
200090f0  __TI_static_base__      
20008d99  __TI_zero_init          
2000804d  __aeabi_cdcmpeq         
2000804d  __aeabi_cdcmple         
200080d3  __aeabi_cdrcmple        
20008401  __aeabi_cfcmpeq         
20008401  __aeabi_cfcmple         
20008461  __aeabi_cfrcmple        
20008651  __aeabi_d2f             
20008609  __aeabi_d2iz            
20008769  __aeabi_d2uiz           
20006f87  __aeabi_dadd            
20007275  __aeabi_ddiv            
200075f1  __aeabi_dmul            
20006f7d  __aeabi_dsub            
200088a5  __aeabi_f2d             
200088dd  __aeabi_f2iz            
20008981  __aeabi_f2uiz           
200076f1  __aeabi_fadd            
20007e21  __aeabi_fdiv            
20008159  __aeabi_fmul            
200076ed  __aeabi_fsub            
20008a45  __aeabi_i2d             
200081d3  __aeabi_memclr          
200081d3  __aeabi_memclr4         
200081d3  __aeabi_memclr8         
20007cf1  __aeabi_memcpy          
20007cf1  __aeabi_memcpy4         
20007cf1  __aeabi_memcpy8         
200081d5  __aeabi_memset          
200081d5  __aeabi_memset4         
200081d5  __aeabi_memset8         
20006d89  __aeabi_uldivmod        
ffffffff  __binit__               
ffffffff  __c_args__              
2002f800  __stack                 
20008cbd  _args_main              
20008869  _c_int00                
20008dc0  _ctypes_                
2001794c  _lock                   
20008d63  _nop                    
20008d5b  _register_lock          
20008d55  _register_unlock        
20017000  _sys_memory             
20008dbb  _system_pre_init        
20017950  _unlock                 
20008729  abort                   
20008571  atoi                    
ffffffff  binit                   
20006ad5  calloc                  
20006627  clockwise_threshold     
200085bd  copy_in                 
2000655b  distance_xyij           
20008731  exit                    
2000894d  feraiseexcept           
20006823  free                    
20008b8b  frexp                   
20004000  g_pfnVectors            
20005aab  get_status              
20008699  laser_init              
200086bf  laser_off               
200086cf  laser_on                
200086df  ldexp                   
20008519  ltoa                    
20007b15  main                    
20017968  main_func_sp            
200067bb  malloc                  
200069f1  memalign                
20008c23  memccpy                 
20007cf1  memcpy                  
20008b45  memmove                 
200081db  memset                  
2000672d  minit                   
200056ad  move_coord              
20005671  move_coord_direct       
20008a73  raise                   
200068e5  realloc                 
200065b7  side_of_rad             
200087ed  signal                  
20007135  sqrt                    
20008d17  strchr                  
20008d69  strlen                  
20007fc5  vsnprintf               
20005cf1  x_busy                  
20005c85  x_byte_txrx             
20005a6d  x_get_max_speed         
20005849  x_get_position          
20005a1f  x_goto_origin           
20005ca9  x_move                  
2000598d  x_move_mm               
200059db  x_release_bridge        
20005983  x_reset                 
20005a3f  x_set_max_speed         
200059ed  x_set_origin            
20005c6f  x_set_run_current       
20005a2f  x_wait                  
20005b33  xy_byte_tx              
20005eb9  xy_get_accel_cur        
20005e03  xy_get_accel_speed      
20005efd  xy_get_config           
20005ea5  xy_get_const_cur        
20005ecd  xy_get_decel_cur        
20005e29  xy_get_decel_speed      
20005e89  xy_get_fullstep_speed   
20005e51  xy_get_max_speed        
20005e6d  xy_get_min_speed        
20005ee1  xy_get_status           
20005b4b  xy_move                 
200055b1  xy_move_mm              
20005d5b  xy_set_accel_speed      
20005daf  xy_set_decel_speed      
20005d07  xy_set_fs_speed         
20005561  xy_wait                 
20005c59  y_busy                  
20005bef  y_byte_txrx             
20005945  y_get_max_speed         
2000584f  y_get_position          
200058f3  y_goto_origin           
20005c15  y_move                  
2000585f  y_move_mm               
200058b1  y_release_bridge        
20005855  y_reset                 
20005919  y_set_max_speed         
200058c1  y_set_origin            
20005bd9  y_set_run_current       
20005903  y_wait                  


GLOBAL SYMBOLS: SORTED BY Symbol Address 

address   name                    
-------   ----                    
00000800  __STACK_SIZE            
00000800  __SYSMEM_SIZE           
20004000  g_pfnVectors            
200051a1  __TI_printfi            
200054a9  L6472_init              
20005561  xy_wait                 
200055b1  xy_move_mm              
20005671  move_coord_direct       
200056ad  move_coord              
20005849  x_get_position          
2000584f  y_get_position          
20005855  y_reset                 
2000585f  y_move_mm               
200058b1  y_release_bridge        
200058c1  y_set_origin            
200058f3  y_goto_origin           
20005903  y_wait                  
20005919  y_set_max_speed         
20005945  y_get_max_speed         
20005983  x_reset                 
2000598d  x_move_mm               
200059db  x_release_bridge        
200059ed  x_set_origin            
20005a1f  x_goto_origin           
20005a2f  x_wait                  
20005a3f  x_set_max_speed         
20005a6d  x_get_max_speed         
20005aab  get_status              
20005add  L6472_spi_txrx          
20005b33  xy_byte_tx              
20005b4b  xy_move                 
20005bd9  y_set_run_current       
20005bef  y_byte_txrx             
20005c15  y_move                  
20005c59  y_busy                  
20005c6f  x_set_run_current       
20005c85  x_byte_txrx             
20005ca9  x_move                  
20005cf1  x_busy                  
20005d07  xy_set_fs_speed         
20005d5b  xy_set_accel_speed      
20005daf  xy_set_decel_speed      
20005e03  xy_get_accel_speed      
20005e29  xy_get_decel_speed      
20005e51  xy_get_max_speed        
20005e6d  xy_get_min_speed        
20005e89  xy_get_fullstep_speed   
20005ea5  xy_get_const_cur        
20005eb9  xy_get_accel_cur        
20005ecd  xy_get_decel_cur        
20005ee1  xy_get_status           
20005efd  xy_get_config           
20005f19  G0_f                    
20005f2f  G0_xy                   
20005f7f  G1_f                    
20005f95  G1_xy                   
20006015  G2_xyij                 
2000629f  G3_xyij                 
200064cf  G4_p                    
200064e5  G21                     
200064fb  G90                     
2000650d  M3_s                    
2000652b  M5_s                    
20006549  M18                     
2000655b  distance_xyij           
200065b7  side_of_rad             
20006627  clockwise_threshold     
2000672d  minit                   
200067bb  malloc                  
20006823  free                    
200068e5  realloc                 
200069f1  memalign                
20006ad5  calloc                  
20006b09  InitTerm                
20006b27  Message                 
20006b49  ClearTerm               
20006b53  Error                   
20006b8b  GetCmd                  
20006c31  TrimSpace               
20006cc9  Report                  
20006d89  __aeabi_uldivmod        
20006f7d  __aeabi_dsub            
20006f87  __aeabi_dadd            
20007135  sqrt                    
20007275  __aeabi_ddiv            
200073ad  PRCMCC3200MCUInit       
200074e1  _Dscale                 
200075f1  __aeabi_dmul            
200076ed  __aeabi_fsub            
200076f1  __aeabi_fadd            
20007985  _Dnorm                  
20007b15  main                    
20007ba9  IntEnable               
20007c51  SPIConfigSetExpClk      
20007cf1  __aeabi_memcpy          
20007cf1  __aeabi_memcpy4         
20007cf1  __aeabi_memcpy8         
20007cf1  memcpy                  
20007d8d  PRCMPeripheralClockGet  
20007e21  __aeabi_fdiv            
20007eb5  PinConfigSet            
20007f3d  SPITransfer             
20007fc5  vsnprintf               
2000804d  __aeabi_cdcmpeq         
2000804d  __aeabi_cdcmple         
200080d3  __aeabi_cdrcmple        
20008159  __aeabi_fmul            
200081d3  __aeabi_memclr          
200081d3  __aeabi_memclr4         
200081d3  __aeabi_memclr8         
200081d5  __aeabi_memset          
200081d5  __aeabi_memset4         
200081d5  __aeabi_memset8         
200081db  memset                  
2000824d  UARTConfigSetExpClk     
200082c5  __TI_auto_init          
2000839b  _Dunscale               
20008401  __aeabi_cfcmpeq         
20008401  __aeabi_cfcmple         
20008461  __aeabi_cfrcmple        
200084c1  PRCMPeripheralReset     
20008519  ltoa                    
20008571  atoi                    
200085bd  copy_in                 
20008609  __aeabi_d2iz            
20008651  __aeabi_d2f             
20008699  laser_init              
200086bf  laser_off               
200086cf  laser_on                
200086df  ldexp                   
20008725  C$$EXIT                 
20008729  abort                   
20008731  exit                    
20008769  __aeabi_d2uiz           
200087ad  PinModeSet              
200087ed  signal                  
2000882d  PRCMPeripheralClkEnable 
20008869  _c_int00                
200088a5  __aeabi_f2d             
200088dd  __aeabi_f2iz            
20008915  GPIODirModeSet          
2000894d  feraiseexcept           
20008981  __aeabi_f2uiz           
200089b5  PinTypeGPIO             
200089e5  UARTDisable             
20008a15  _Feraise                
20008a45  __aeabi_i2d             
20008a73  raise                   
20008aa1  PRCMSysResetCauseGet    
20008acd  _Dclass                 
20008af9  PRCMPeripheralClkDisable
20008b21  UARTEnable              
20008b45  memmove                 
20008b69  SPIReset                
20008b8b  frexp                   
20008bad  GPIOPinWrite            
20008bcd  UARTCharPut             
20008beb  UARTCharGetNonBlocking  
20008c07  PinMuxConfig            
20008c23  memccpy                 
20008c3f  PinTypeSPI              
20008c59  PinTypeUART             
20008c73  GPIOPinRead             
20008c8b  SPIEnable               
20008ca3  UARTCharsAvail          
20008cbd  _args_main              
20008cd5  PRCMHIBRegRead          
20008ceb  PRCMHIBRegWrite         
20008d01  UARTCharGet             
20008d17  strchr                  
20008d2d  CPUcpsie                
20008d41  IntVTableBaseSet        
20008d55  _register_unlock        
20008d5b  _register_lock          
20008d63  _nop                    
20008d69  strlen                  
20008d7d  __TI_decompress_none    
20008d8b  ResetISR                
20008d99  __TI_zero_init          
20008da5  IntMasterEnable         
20008daf  UtilsDelay              
20008db5  __TI_decompress_rle24   
20008dbb  _system_pre_init        
20008dc0  _ctypes_                
200090f0  __TI_static_base__      
20009144  __TI_Handler_Table_Base 
20009150  __TI_Handler_Table_Limit
20009158  __TI_CINIT_Base         
20009168  __TI_CINIT_Limit        
20017000  _sys_memory             
200178b0  _Denorm                 
200178c0  _Eps                    
200178d0  _Hugeval                
200178e0  _Inf                    
200178f0  _Nan                    
20017900  _Snan                   
20017910  _Rteps                  
20017920  _Xbig                   
20017928  _Zero                   
2001794c  _lock                   
20017950  _unlock                 
20017954  __TI_cleanup_ptr        
20017958  __TI_dtors_ptr          
2001795c  _Fenv                   
20017960  _Tls_setup__Fenv        
20017964  _Errno                  
20017968  main_func_sp            
2002f800  __stack                 
20030000  __STACK_END             
ffffffff  __binit__               
ffffffff  __c_args__              
ffffffff  binit                   
UNDEFED   SHT$$INIT_ARRAY$$Base   
UNDEFED   SHT$$INIT_ARRAY$$Limit  

[214 symbols]
