******************************************************************************
                  TI ARM Linker PC v5.2.5                      
******************************************************************************
>> Linked Sun Apr 03 15:59:21 2016

OUTPUT FILE NAME:   <spi_demo.out>
ENTRY POINT SYMBOL: "_c_int00"  address: 200087f9


MEMORY CONFIGURATION

         name            origin    length      used     unused   attr    fill
----------------------  --------  ---------  --------  --------  ----  --------
  SRAM_CODE             20004000   00013000  000050f2  0000df0e  RW X
  SRAM_DATA             20017000   00019000  00001239  00017dc7  RW X


SEGMENT ALLOCATION MAP

run origin  load origin   length   init length attrs members
----------  ----------- ---------- ----------- ----- -------
20004000    20004000    000050f8   000050f8    r-x
  20004000    20004000    00000400   00000400    r-- .intvecs
  20004400    20004400    0000494e   0000494e    r-x .text
  20008d50    20008d50    0000032c   0000032c    r-- .const
  20009080    20009080    00000078   00000078    r-- .cinit
20017000    20017000    00000a39   00000000    rw-
  20017000    20017000    00000800   00000000    rw- .sysmem
  20017800    20017800    0000016c   00000000    rw- .data
  2001796c    2001796c    000000cd   00000000    rw- .bss
2002f800    2002f800    00000800   00000000    rw-
  2002f800    2002f800    00000800   00000000    rw- .stack


SECTION ALLOCATION MAP

 output                                  attributes/
section   page    origin      length       input sections
--------  ----  ----------  ----------   ----------------
.intvecs   0    20004000    00000400     
                  20004000    00000400     startup_ccs.obj (.intvecs)

.init_array 
*          0    20004000    00000000     UNINITIALIZED

.text      0    20004400    0000494e     
                  20004400    000010a6     rtsv7M4_T_le_eabi.lib : _printfi.obj (.text)
                  200054a6    00000002     --HOLE-- [fill = 0]
                  200054a8    00000a70     L6472.obj (.text)
                  20005f18    00000790     gcode.obj (.text)
                  200066a8    000003dc     rtsv7M4_T_le_eabi.lib : memory.obj (.text)
                  20006a84    00000280     uart_if.obj (.text)
                  20006d04    000001f4     rtsv7M4_T_le_eabi.lib : ull_div_t2.obj (.text)
                  20006ef8    000001b6                           : fd_add_t2.obj (.text)
                  200070ae    00000002     --HOLE-- [fill = 0]
                  200070b0    00000140                           : sqrt.obj (.text)
                  200071f0    00000136                           : fd_div_t2.obj (.text)
                  20007326    00000002     --HOLE-- [fill = 0]
                  20007328    00000134     driverlib.a : prcm.obj (.text:PRCMCC3200MCUInit)
                  2000745c    00000110     rtsv7M4_T_le_eabi.lib : xdscale.obj (.text)
                  2000756c    000000fc                           : fd_mul_t2.obj (.text)
                  20007668    000000fa                           : fs_add_t2.obj (.text)
                  20007762    000000d0     driverlib.a : spi.obj (.text:SPITransfer32)
                  20007832    000000ce                 : spi.obj (.text:SPITransfer16)
                  20007900    000000c0     main.obj (.text)
                  200079c0    000000be     rtsv7M4_T_le_eabi.lib : xdnorm.obj (.text)
                  20007a7e    000000b8     driverlib.a : spi.obj (.text:SPITransfer8)
                  20007b36    00000002     --HOLE-- [fill = 0]
                  20007b38    000000a8                 : interrupt.obj (.text:IntEnable)
                  20007be0    000000a0                 : spi.obj (.text:SPIConfigSetExpClk)
                  20007c80    0000009c     rtsv7M4_T_le_eabi.lib : memcpy_t2.obj (.text)
                  20007d1c    00000094     driverlib.a : prcm.obj (.text:PRCMPeripheralClockGet)
                  20007db0    00000092     rtsv7M4_T_le_eabi.lib : fs_div_t2.obj (.text)
                  20007e42    00000002     --HOLE-- [fill = 0]
                  20007e44    00000088     driverlib.a : pin.obj (.text:PinConfigSet)
                  20007ecc    00000088                 : spi.obj (.text:SPITransfer)
                  20007f54    00000088     rtsv7M4_T_le_eabi.lib : vsnprintf.obj (.text)
                  20007fdc    00000086                           : fd_cmp_t2.obj (.text:__aeabi_cdcmple)
                  20008062    00000086                           : fd_cmp_t2.obj (.text:__aeabi_cdrcmple)
                  200080e8    0000007a                           : fs_mul_t2.obj (.text)
                  20008162    0000007a                           : memset_t2.obj (.text)
                  200081dc    00000076     driverlib.a : uart.obj (.text:UARTConfigSetExpClk)
                  20008252    00000002     --HOLE-- [fill = 0]
                  20008254    0000006c     rtsv7M4_T_le_eabi.lib : autoinit.obj (.text)
                  200082c0    0000006a                           : copy_decompress_rle.obj (.text)
                  2000832a    00000066                           : xdunscal.obj (.text)
                  20008390    00000060                           : fs_cmp_t2.obj (.text:__aeabi_cfcmple)
                  200083f0    00000060                           : fs_cmp_t2.obj (.text:__aeabi_cfrcmple)
                  20008450    00000058     driverlib.a : prcm.obj (.text:PRCMPeripheralReset)
                  200084a8    00000056     rtsv7M4_T_le_eabi.lib : ltoa.obj (.text)
                  200084fe    00000002     --HOLE-- [fill = 0]
                  20008500    0000004c                           : atoi.obj (.text)
                  2000854c    0000004c                           : cpy_tbl.obj (.text)
                  20008598    00000048                           : fd_toi_t2.obj (.text)
                  200085e0    00000048                           : fd_tos_t2.obj (.text)
                  20008628    00000046     LaserBoard.obj (.text)
                  2000866e    00000046     rtsv7M4_T_le_eabi.lib : ldexp.obj (.text)
                  200086b4    00000044                           : exit.obj (.text)
                  200086f8    00000044                           : fd_tou_t2.obj (.text)
                  2000873c    00000040     driverlib.a : pin.obj (.text:PinModeSet)
                  2000877c    00000040     rtsv7M4_T_le_eabi.lib : signal.obj (.text)
                  200087bc    0000003c     driverlib.a : prcm.obj (.text:PRCMPeripheralClkEnable)
                  200087f8    0000003c     rtsv7M4_T_le_eabi.lib : boot.obj (.text)
                  20008834    00000038                           : fs_tod_t2.obj (.text)
                  2000886c    00000038                           : fs_toi_t2.obj (.text)
                  200088a4    00000036     driverlib.a : gpio.obj (.text:GPIODirModeSet)
                  200088da    00000002     --HOLE-- [fill = 0]
                  200088dc    00000034     rtsv7M4_T_le_eabi.lib : feraiseexcept.obj (.text)
                  20008910    00000034                           : fs_tou_t2.obj (.text)
                  20008944    00000030     driverlib.a : pin.obj (.text:PinTypeGPIO)
                  20008974    00000030                 : uart.obj (.text:UARTDisable)
                  200089a4    00000030     rtsv7M4_T_le_eabi.lib : xferaise.obj (.text)
                  200089d4    0000002e                           : i_tofd_t2.obj (.text)
                  20008a02    0000002e                           : raise.obj (.text)
                  20008a30    0000002c     driverlib.a : prcm.obj (.text:PRCMSysResetCauseGet)
                  20008a5c    0000002a     rtsv7M4_T_le_eabi.lib : xdclass.obj (.text)
                  20008a86    00000002     --HOLE-- [fill = 0]
                  20008a88    00000028     driverlib.a : prcm.obj (.text:PRCMPeripheralClkDisable)
                  20008ab0    00000024                 : uart.obj (.text:UARTEnable)
                  20008ad4    00000024     rtsv7M4_T_le_eabi.lib : memmov.obj (.text)
                  20008af8    00000022     driverlib.a : spi.obj (.text:SPIReset)
                  20008b1a    00000022     rtsv7M4_T_le_eabi.lib : frexp.obj (.text)
                  20008b3c    00000020     driverlib.a : gpio.obj (.text:GPIOPinWrite)
                  20008b5c    0000001e                 : uart.obj (.text:UARTCharPut)
                  20008b7a    0000001c                 : uart.obj (.text:UARTCharGetNonBlocking)
                  20008b96    0000001c     pinmux.obj (.text)
                  20008bb2    0000001c     rtsv7M4_T_le_eabi.lib : memccpy.obj (.text)
                  20008bce    0000001a     driverlib.a : pin.obj (.text:PinTypeSPI)
                  20008be8    0000001a                 : pin.obj (.text:PinTypeUART)
                  20008c02    00000018                 : gpio.obj (.text:GPIOPinRead)
                  20008c1a    00000018                 : spi.obj (.text:SPIEnable)
                  20008c32    00000018                 : uart.obj (.text:UARTCharsAvail)
                  20008c4a    00000002     --HOLE-- [fill = 0]
                  20008c4c    00000018     rtsv7M4_T_le_eabi.lib : args_main.obj (.text)
                  20008c64    00000016     driverlib.a : prcm.obj (.text:PRCMHIBRegRead)
                  20008c7a    00000016                 : prcm.obj (.text:PRCMHIBRegWrite)
                  20008c90    00000016                 : uart.obj (.text:UARTCharGet)
                  20008ca6    00000016     rtsv7M4_T_le_eabi.lib : strchr.obj (.text)
                  20008cbc    00000014     driverlib.a : cpu.obj (.text:CPUcpsie)
                  20008cd0    00000014                 : interrupt.obj (.text:IntVTableBaseSet)
                  20008ce4    00000014     rtsv7M4_T_le_eabi.lib : _lock.obj (.text)
                  20008cf8    00000014                           : strlen.obj (.text)
                  20008d0c    0000000e                           : copy_decompress_none.obj (.text:decompress:none)
                  20008d1a    0000000e     startup_ccs.obj (.text)
                  20008d28    0000000c     rtsv7M4_T_le_eabi.lib : copy_zero_init.obj (.text:decompress:ZI)
                  20008d34    0000000a     driverlib.a : interrupt.obj (.text:IntMasterEnable)
                  20008d3e    00000006                 : utils.obj (.text:UtilsDelay)
                  20008d44    00000006     rtsv7M4_T_le_eabi.lib : copy_decompress_rle.obj (.text:decompress:rle24)
                  20008d4a    00000004                           : pre_init.obj (.text)

.const     0    20008d50    0000032c     
                  20008d50    00000101     rtsv7M4_T_le_eabi.lib : ctype.obj (.const:.string:_ctypes_)
                  20008e51    00000003     --HOLE-- [fill = 0]
                  20008e54    00000100     driverlib.a : pin.obj (.const:g_ulPinToPadMap)
                  20008f54    000000a8                 : prcm.obj (.const:PRCM_PeriphRegsList)
                  20008ffc    00000080                 : interrupt.obj (.const)

.cinit     0    20009080    00000078     
                  20009080    00000054     (.cinit..data.load) [load image, compression = rle]
                  200090d4    0000000c     (__TI_handler_table)
                  200090e0    00000008     (.cinit..bss.load) [load image, compression = zero_init]
                  200090e8    00000010     (__TI_cinit_table)

.sysmem    0    20017000    00000800     UNINITIALIZED
                  20017000    00000008     rtsv7M4_T_le_eabi.lib : memory.obj (.sysmem)
                  20017008    000007f8     --HOLE--

.data      0    20017800    0000016c     UNINITIALIZED
                  20017800    000000b0     rtsv7M4_T_le_eabi.lib : signal.obj (.data:sigtable)
                  200178b0    00000080                           : xvalues.obj (.data)
                  20017930    0000000c                           : memory.obj (.data)
                  2001793c    00000008     L6472.obj (.data)
                  20017944    00000008     gcode.obj (.data)
                  2001794c    00000008     rtsv7M4_T_le_eabi.lib : _lock.obj (.data)
                  20017954    00000008                           : exit.obj (.data)
                  2001795c    00000008                           : feraiseexcept.obj (.data)
                  20017964    00000004                           : errno.obj (.data)
                  20017968    00000004                           : stkdepth_vars.obj (.data)

.TI.persistent 
*          0    20017800    00000000     UNINITIALIZED

.bss       0    2001796c    000000cd     UNINITIALIZED
                  2001796c    00000064     L6472.obj (.bss:g_ucRxBuff)
                  200179d0    00000064     L6472.obj (.bss:g_ucTxBuff)
                  20017a34    00000004     (.common:__Errorlog)
                  20017a38    00000001     (.common:s_m3_m5)

.TI.noinit 
*          0    2001796c    00000000     UNINITIALIZED

.stack     0    2002f800    00000800     UNINITIALIZED
                  2002f800    00000800     --HOLE--


LINKER GENERATED COPY TABLES

__TI_cinit_table @ 200090e8 records: 2, size/record: 8, table size: 16
	.data: load addr=20009080, load size=00000054 bytes, run addr=20017800, run size=0000016c bytes, compression=rle
	.bss: load addr=200090e0, load size=00000008 bytes, run addr=2001796c, run size=000000cd bytes, compression=zero_init


LINKER GENERATED HANDLER TABLE

__TI_handler_table @ 200090d4 records: 3, size/record: 4, table size: 12
	index: 0, handler: __TI_decompress_rle24
	index: 1, handler: __TI_decompress_none
	index: 2, handler: __TI_zero_init


GLOBAL SYMBOLS: SORTED ALPHABETICALLY BY Name 

address   name                    
-------   ----                    
200086b5  C$$EXIT                 
20008cbd  CPUcpsie                
20006ac5  ClearTerm               
20006acf  Error                   
20005f19  G0_f                    
20005f2f  G0_xy                   
20005f7f  G1_f                    
20005f95  G1_xy                   
2000652f  G21                     
20006015  G2_xyij                 
200062ab  G3_xyij                 
20006519  G4_p                    
20006539  G90                     
200088a5  GPIODirModeSet          
20008c03  GPIOPinRead             
20008b3d  GPIOPinWrite            
20006b07  GetCmd                  
20006a85  InitTerm                
20007b39  IntEnable               
20008d35  IntMasterEnable         
20008cd1  IntVTableBaseSet        
200054a9  L6472_init              
20005add  L6472_spi_txrx          
20006587  M18                     
2000654b  M3_s                    
20006569  M5_s                    
20006aa3  Message                 
20007329  PRCMCC3200MCUInit       
20008c65  PRCMHIBRegRead          
20008c7b  PRCMHIBRegWrite         
20008a89  PRCMPeripheralClkDisable
200087bd  PRCMPeripheralClkEnable 
20007d1d  PRCMPeripheralClockGet  
20008451  PRCMPeripheralReset     
20008a31  PRCMSysResetCauseGet    
20007e45  PinConfigSet            
2000873d  PinModeSet              
20008b97  PinMuxConfig            
20008945  PinTypeGPIO             
20008bcf  PinTypeSPI              
20008be9  PinTypeUART             
20006c45  Report                  
20008d1b  ResetISR                
UNDEFED   SHT$$INIT_ARRAY$$Base   
UNDEFED   SHT$$INIT_ARRAY$$Limit  
20007be1  SPIConfigSetExpClk      
20008c1b  SPIEnable               
20008af9  SPIReset                
20007ecd  SPITransfer             
20006bad  TrimSpace               
20008c91  UARTCharGet             
20008b7b  UARTCharGetNonBlocking  
20008b5d  UARTCharPut             
20008c33  UARTCharsAvail          
200081dd  UARTConfigSetExpClk     
20008975  UARTDisable             
20008ab1  UARTEnable              
20008d3f  UtilsDelay              
20008a5d  _Dclass                 
200178b0  _Denorm                 
200079c1  _Dnorm                  
2000745d  _Dscale                 
2000832b  _Dunscale               
200178c0  _Eps                    
20017964  _Errno                  
2001795c  _Fenv                   
200089a5  _Feraise                
200178d0  _Hugeval                
200178e0  _Inf                    
200178f0  _Nan                    
20017910  _Rteps                  
20017900  _Snan                   
20017960  _Tls_setup__Fenv        
20017920  _Xbig                   
20017928  _Zero                   
20030000  __STACK_END             
00000800  __STACK_SIZE            
00000800  __SYSMEM_SIZE           
200090e8  __TI_CINIT_Base         
200090f8  __TI_CINIT_Limit        
200090d4  __TI_Handler_Table_Base 
200090e0  __TI_Handler_Table_Limit
20008255  __TI_auto_init          
20017954  __TI_cleanup_ptr        
20008d0d  __TI_decompress_none    
20008d45  __TI_decompress_rle24   
20017958  __TI_dtors_ptr          
200051a1  __TI_printfi            
20009080  __TI_static_base__      
20008d29  __TI_zero_init          
20007fdd  __aeabi_cdcmpeq         
20007fdd  __aeabi_cdcmple         
20008063  __aeabi_cdrcmple        
20008391  __aeabi_cfcmpeq         
20008391  __aeabi_cfcmple         
200083f1  __aeabi_cfrcmple        
200085e1  __aeabi_d2f             
20008599  __aeabi_d2iz            
200086f9  __aeabi_d2uiz           
20006f03  __aeabi_dadd            
200071f1  __aeabi_ddiv            
2000756d  __aeabi_dmul            
20006ef9  __aeabi_dsub            
20008835  __aeabi_f2d             
2000886d  __aeabi_f2iz            
20008911  __aeabi_f2uiz           
2000766d  __aeabi_fadd            
20007db1  __aeabi_fdiv            
200080e9  __aeabi_fmul            
20007669  __aeabi_fsub            
200089d5  __aeabi_i2d             
20008163  __aeabi_memclr          
20008163  __aeabi_memclr4         
20008163  __aeabi_memclr8         
20007c81  __aeabi_memcpy          
20007c81  __aeabi_memcpy4         
20007c81  __aeabi_memcpy8         
20008165  __aeabi_memset          
20008165  __aeabi_memset4         
20008165  __aeabi_memset8         
20006d05  __aeabi_uldivmod        
ffffffff  __binit__               
ffffffff  __c_args__              
2002f800  __stack                 
20008c4d  _args_main              
200087f9  _c_int00                
20008d50  _ctypes_                
2001794c  _lock                   
20008cf3  _nop                    
20008ceb  _register_lock          
20008ce5  _register_unlock        
20017000  _sys_memory             
20008d4b  _system_pre_init        
20017950  _unlock                 
200086b9  abort                   
20008501  atoi                    
ffffffff  binit                   
20006a51  calloc                  
2000854d  copy_in                 
20006599  distance_xyij           
200086c1  exit                    
200088dd  feraiseexcept           
2000679f  free                    
20008b1b  frexp                   
20004000  g_pfnVectors            
20005aab  get_status              
20008629  laser_init              
2000864f  laser_off               
2000865f  laser_on                
2000866f  ldexp                   
200084a9  ltoa                    
20007919  main                    
20017968  main_func_sp            
20006737  malloc                  
2000696d  memalign                
20008bb3  memccpy                 
20007c81  memcpy                  
20008ad5  memmove                 
2000816b  memset                  
200066a9  minit                   
200056ad  move_coord              
20005671  move_coord_direct       
20008a03  raise                   
20006861  realloc                 
200065f5  side_of_rad             
2000877d  signal                  
200070b1  sqrt                    
20008ca7  strchr                  
20008cf9  strlen                  
20007f55  vsnprintf               
20005cf1  x_busy                  
20005c85  x_byte_txrx             
20005a6d  x_get_max_speed         
20005849  x_get_position          
20005a1f  x_goto_origin           
20005ca9  x_move                  
2000598d  x_move_mm               
200059db  x_release_bridge        
20005983  x_reset                 
20005a3f  x_set_max_speed         
200059ed  x_set_origin            
20005c6f  x_set_run_current       
20005a2f  x_wait                  
20005b33  xy_byte_tx              
20005eb9  xy_get_accel_cur        
20005e03  xy_get_accel_speed      
20005efd  xy_get_config           
20005ea5  xy_get_const_cur        
20005ecd  xy_get_decel_cur        
20005e29  xy_get_decel_speed      
20005e89  xy_get_fullstep_speed   
20005e51  xy_get_max_speed        
20005e6d  xy_get_min_speed        
20005ee1  xy_get_status           
20005b4b  xy_move                 
200055b1  xy_move_mm              
20005d5b  xy_set_accel_speed      
20005daf  xy_set_decel_speed      
20005d07  xy_set_fs_speed         
20005561  xy_wait                 
20005c59  y_busy                  
20005bef  y_byte_txrx             
20005945  y_get_max_speed         
2000584f  y_get_position          
200058f3  y_goto_origin           
20005c15  y_move                  
2000585f  y_move_mm               
200058b1  y_release_bridge        
20005855  y_reset                 
20005919  y_set_max_speed         
200058c1  y_set_origin            
20005bd9  y_set_run_current       
20005903  y_wait                  


GLOBAL SYMBOLS: SORTED BY Symbol Address 

address   name                    
-------   ----                    
00000800  __STACK_SIZE            
00000800  __SYSMEM_SIZE           
20004000  g_pfnVectors            
200051a1  __TI_printfi            
200054a9  L6472_init              
20005561  xy_wait                 
200055b1  xy_move_mm              
20005671  move_coord_direct       
200056ad  move_coord              
20005849  x_get_position          
2000584f  y_get_position          
20005855  y_reset                 
2000585f  y_move_mm               
200058b1  y_release_bridge        
200058c1  y_set_origin            
200058f3  y_goto_origin           
20005903  y_wait                  
20005919  y_set_max_speed         
20005945  y_get_max_speed         
20005983  x_reset                 
2000598d  x_move_mm               
200059db  x_release_bridge        
200059ed  x_set_origin            
20005a1f  x_goto_origin           
20005a2f  x_wait                  
20005a3f  x_set_max_speed         
20005a6d  x_get_max_speed         
20005aab  get_status              
20005add  L6472_spi_txrx          
20005b33  xy_byte_tx              
20005b4b  xy_move                 
20005bd9  y_set_run_current       
20005bef  y_byte_txrx             
20005c15  y_move                  
20005c59  y_busy                  
20005c6f  x_set_run_current       
20005c85  x_byte_txrx             
20005ca9  x_move                  
20005cf1  x_busy                  
20005d07  xy_set_fs_speed         
20005d5b  xy_set_accel_speed      
20005daf  xy_set_decel_speed      
20005e03  xy_get_accel_speed      
20005e29  xy_get_decel_speed      
20005e51  xy_get_max_speed        
20005e6d  xy_get_min_speed        
20005e89  xy_get_fullstep_speed   
20005ea5  xy_get_const_cur        
20005eb9  xy_get_accel_cur        
20005ecd  xy_get_decel_cur        
20005ee1  xy_get_status           
20005efd  xy_get_config           
20005f19  G0_f                    
20005f2f  G0_xy                   
20005f7f  G1_f                    
20005f95  G1_xy                   
20006015  G2_xyij                 
200062ab  G3_xyij                 
20006519  G4_p                    
2000652f  G21                     
20006539  G90                     
2000654b  M3_s                    
20006569  M5_s                    
20006587  M18                     
20006599  distance_xyij           
200065f5  side_of_rad             
200066a9  minit                   
20006737  malloc                  
2000679f  free                    
20006861  realloc                 
2000696d  memalign                
20006a51  calloc                  
20006a85  InitTerm                
20006aa3  Message                 
20006ac5  ClearTerm               
20006acf  Error                   
20006b07  GetCmd                  
20006bad  TrimSpace               
20006c45  Report                  
20006d05  __aeabi_uldivmod        
20006ef9  __aeabi_dsub            
20006f03  __aeabi_dadd            
200070b1  sqrt                    
200071f1  __aeabi_ddiv            
20007329  PRCMCC3200MCUInit       
2000745d  _Dscale                 
2000756d  __aeabi_dmul            
20007669  __aeabi_fsub            
2000766d  __aeabi_fadd            
20007919  main                    
200079c1  _Dnorm                  
20007b39  IntEnable               
20007be1  SPIConfigSetExpClk      
20007c81  __aeabi_memcpy          
20007c81  __aeabi_memcpy4         
20007c81  __aeabi_memcpy8         
20007c81  memcpy                  
20007d1d  PRCMPeripheralClockGet  
20007db1  __aeabi_fdiv            
20007e45  PinConfigSet            
20007ecd  SPITransfer             
20007f55  vsnprintf               
20007fdd  __aeabi_cdcmpeq         
20007fdd  __aeabi_cdcmple         
20008063  __aeabi_cdrcmple        
200080e9  __aeabi_fmul            
20008163  __aeabi_memclr          
20008163  __aeabi_memclr4         
20008163  __aeabi_memclr8         
20008165  __aeabi_memset          
20008165  __aeabi_memset4         
20008165  __aeabi_memset8         
2000816b  memset                  
200081dd  UARTConfigSetExpClk     
20008255  __TI_auto_init          
2000832b  _Dunscale               
20008391  __aeabi_cfcmpeq         
20008391  __aeabi_cfcmple         
200083f1  __aeabi_cfrcmple        
20008451  PRCMPeripheralReset     
200084a9  ltoa                    
20008501  atoi                    
2000854d  copy_in                 
20008599  __aeabi_d2iz            
200085e1  __aeabi_d2f             
20008629  laser_init              
2000864f  laser_off               
2000865f  laser_on                
2000866f  ldexp                   
200086b5  C$$EXIT                 
200086b9  abort                   
200086c1  exit                    
200086f9  __aeabi_d2uiz           
2000873d  PinModeSet              
2000877d  signal                  
200087bd  PRCMPeripheralClkEnable 
200087f9  _c_int00                
20008835  __aeabi_f2d             
2000886d  __aeabi_f2iz            
200088a5  GPIODirModeSet          
200088dd  feraiseexcept           
20008911  __aeabi_f2uiz           
20008945  PinTypeGPIO             
20008975  UARTDisable             
200089a5  _Feraise                
200089d5  __aeabi_i2d             
20008a03  raise                   
20008a31  PRCMSysResetCauseGet    
20008a5d  _Dclass                 
20008a89  PRCMPeripheralClkDisable
20008ab1  UARTEnable              
20008ad5  memmove                 
20008af9  SPIReset                
20008b1b  frexp                   
20008b3d  GPIOPinWrite            
20008b5d  UARTCharPut             
20008b7b  UARTCharGetNonBlocking  
20008b97  PinMuxConfig            
20008bb3  memccpy                 
20008bcf  PinTypeSPI              
20008be9  PinTypeUART             
20008c03  GPIOPinRead             
20008c1b  SPIEnable               
20008c33  UARTCharsAvail          
20008c4d  _args_main              
20008c65  PRCMHIBRegRead          
20008c7b  PRCMHIBRegWrite         
20008c91  UARTCharGet             
20008ca7  strchr                  
20008cbd  CPUcpsie                
20008cd1  IntVTableBaseSet        
20008ce5  _register_unlock        
20008ceb  _register_lock          
20008cf3  _nop                    
20008cf9  strlen                  
20008d0d  __TI_decompress_none    
20008d1b  ResetISR                
20008d29  __TI_zero_init          
20008d35  IntMasterEnable         
20008d3f  UtilsDelay              
20008d45  __TI_decompress_rle24   
20008d4b  _system_pre_init        
20008d50  _ctypes_                
20009080  __TI_static_base__      
200090d4  __TI_Handler_Table_Base 
200090e0  __TI_Handler_Table_Limit
200090e8  __TI_CINIT_Base         
200090f8  __TI_CINIT_Limit        
20017000  _sys_memory             
200178b0  _Denorm                 
200178c0  _Eps                    
200178d0  _Hugeval                
200178e0  _Inf                    
200178f0  _Nan                    
20017900  _Snan                   
20017910  _Rteps                  
20017920  _Xbig                   
20017928  _Zero                   
2001794c  _lock                   
20017950  _unlock                 
20017954  __TI_cleanup_ptr        
20017958  __TI_dtors_ptr          
2001795c  _Fenv                   
20017960  _Tls_setup__Fenv        
20017964  _Errno                  
20017968  main_func_sp            
2002f800  __stack                 
20030000  __STACK_END             
ffffffff  __binit__               
ffffffff  __c_args__              
ffffffff  binit                   
UNDEFED   SHT$$INIT_ARRAY$$Base   
UNDEFED   SHT$$INIT_ARRAY$$Limit  

[213 symbols]
