******************************************************************************
                  TI ARM Linker PC v5.2.5                      
******************************************************************************
>> Linked Fri Mar 18 17:19:33 2016

OUTPUT FILE NAME:   <spi_demo.out>
ENTRY POINT SYMBOL: "_c_int00"  address: 200075f9


MEMORY CONFIGURATION

         name            origin    length      used     unused   attr    fill
----------------------  --------  ---------  --------  --------  ----  --------
  SRAM_CODE             20004000   00013000  00003e86  0000f17a  RW X
  SRAM_DATA             20017000   00019000  00001228  00017dd8  RW X


SEGMENT ALLOCATION MAP

run origin  load origin   length   init length attrs members
----------  ----------- ---------- ----------- ----- -------
20004000    20004000    00003e88   00003e88    r-x
  20004000    20004000    00000400   00000400    r-- .intvecs
  20004400    20004400    000036e2   000036e2    r-x .text
  20007ae4    20007ae4    0000032c   0000032c    r-- .const
  20007e10    20007e10    00000078   00000078    r-- .cinit
20017000    20017000    00000a28   00000000    rw-
  20017000    20017000    00000800   00000000    rw- .sysmem
  20017800    20017800    0000015c   00000000    rw- .data
  2001795c    2001795c    000000cc   00000000    rw- .bss
2002f800    2002f800    00000800   00000000    rw-
  2002f800    2002f800    00000800   00000000    rw- .stack


SECTION ALLOCATION MAP

 output                                  attributes/
section   page    origin      length       input sections
--------  ----  ----------  ----------   ----------------
.intvecs   0    20004000    00000400     
                  20004000    00000400     startup_ccs.obj (.intvecs)

.init_array 
*          0    20004000    00000000     UNINITIALIZED

.text      0    20004400    000036e2     
                  20004400    000010a6     rtsv7M4_T_le_eabi.lib : _printfi.obj (.text)
                  200054a6    00000002     --HOLE-- [fill = 0]
                  200054a8    000003dc                           : memory.obj (.text)
                  20005884    00000390     L6472.obj (.text)
                  20005c14    00000280     uart_if.obj (.text)
                  20005e94    000001f4     rtsv7M4_T_le_eabi.lib : ull_div_t2.obj (.text)
                  20006088    000001b6                           : fd_add_t2.obj (.text)
                  2000623e    00000136                           : fd_div_t2.obj (.text)
                  20006374    00000134     driverlib.a : prcm.obj (.text:PRCMCC3200MCUInit)
                  200064a8    00000110     rtsv7M4_T_le_eabi.lib : xdscale.obj (.text)
                  200065b8    000000fc                           : fd_mul_t2.obj (.text)
                  200066b4    000000d0     driverlib.a : spi.obj (.text:SPITransfer32)
                  20006784    000000ce                 : spi.obj (.text:SPITransfer16)
                  20006852    000000be     rtsv7M4_T_le_eabi.lib : xdnorm.obj (.text)
                  20006910    000000b8     driverlib.a : spi.obj (.text:SPITransfer8)
                  200069c8    000000a8                 : interrupt.obj (.text:IntEnable)
                  20006a70    000000a0                 : spi.obj (.text:SPIConfigSetExpClk)
                  20006b10    0000009c     rtsv7M4_T_le_eabi.lib : memcpy_t2.obj (.text)
                  20006bac    00000094     driverlib.a : prcm.obj (.text:PRCMPeripheralClockGet)
                  20006c40    00000088                 : pin.obj (.text:PinConfigSet)
                  20006cc8    00000088                 : spi.obj (.text:SPITransfer)
                  20006d50    00000088     main.obj (.text)
                  20006dd8    00000088     rtsv7M4_T_le_eabi.lib : vsnprintf.obj (.text)
                  20006e60    00000086                           : fd_cmp_t2.obj (.text:__aeabi_cdcmple)
                  20006ee6    00000086                           : fd_cmp_t2.obj (.text:__aeabi_cdrcmple)
                  20006f6c    0000007a                           : fs_mul_t2.obj (.text)
                  20006fe6    0000007a                           : memset_t2.obj (.text)
                  20007060    00000076     driverlib.a : uart.obj (.text:UARTConfigSetExpClk)
                  200070d6    00000002     --HOLE-- [fill = 0]
                  200070d8    0000006c     rtsv7M4_T_le_eabi.lib : autoinit.obj (.text)
                  20007144    0000006a                           : copy_decompress_rle.obj (.text)
                  200071ae    00000066                           : xdunscal.obj (.text)
                  20007214    00000060                           : fs_cmp_t2.obj (.text:__aeabi_cfcmple)
                  20007274    00000060                           : fs_cmp_t2.obj (.text:__aeabi_cfrcmple)
                  200072d4    00000058     driverlib.a : prcm.obj (.text:PRCMPeripheralReset)
                  2000732c    00000056     rtsv7M4_T_le_eabi.lib : ltoa.obj (.text)
                  20007382    00000002     --HOLE-- [fill = 0]
                  20007384    0000004c     LaserBoard.obj (.text)
                  200073d0    0000004c     rtsv7M4_T_le_eabi.lib : atoi.obj (.text)
                  2000741c    0000004c                           : cpy_tbl.obj (.text)
                  20007468    00000048                           : fd_toi_t2.obj (.text)
                  200074b0    00000046                           : ldexp.obj (.text)
                  200074f6    00000002     --HOLE-- [fill = 0]
                  200074f8    00000044                           : exit.obj (.text)
                  2000753c    00000040     driverlib.a : pin.obj (.text:PinModeSet)
                  2000757c    00000040     rtsv7M4_T_le_eabi.lib : signal.obj (.text)
                  200075bc    0000003c     driverlib.a : prcm.obj (.text:PRCMPeripheralClkEnable)
                  200075f8    0000003c     rtsv7M4_T_le_eabi.lib : boot.obj (.text)
                  20007634    00000038                           : fs_toi_t2.obj (.text)
                  2000766c    00000036     driverlib.a : gpio.obj (.text:GPIODirModeSet)
                  200076a2    00000002     --HOLE-- [fill = 0]
                  200076a4    00000034     rtsv7M4_T_le_eabi.lib : feraiseexcept.obj (.text)
                  200076d8    00000030     driverlib.a : pin.obj (.text:PinTypeGPIO)
                  20007708    00000030                 : uart.obj (.text:UARTDisable)
                  20007738    00000030     rtsv7M4_T_le_eabi.lib : xferaise.obj (.text)
                  20007768    0000002e                           : i_tofd_t2.obj (.text)
                  20007796    0000002e                           : raise.obj (.text)
                  200077c4    0000002c     driverlib.a : prcm.obj (.text:PRCMSysResetCauseGet)
                  200077f0    0000002a     rtsv7M4_T_le_eabi.lib : xdclass.obj (.text)
                  2000781a    00000002     --HOLE-- [fill = 0]
                  2000781c    00000028     driverlib.a : prcm.obj (.text:PRCMPeripheralClkDisable)
                  20007844    00000024                 : uart.obj (.text:UARTEnable)
                  20007868    00000024     rtsv7M4_T_le_eabi.lib : memmov.obj (.text)
                  2000788c    00000022     driverlib.a : spi.obj (.text:SPIReset)
                  200078ae    00000022     rtsv7M4_T_le_eabi.lib : frexp.obj (.text)
                  200078d0    00000020     driverlib.a : gpio.obj (.text:GPIOPinWrite)
                  200078f0    0000001e                 : uart.obj (.text:UARTCharPut)
                  2000790e    0000001c                 : uart.obj (.text:UARTCharGetNonBlocking)
                  2000792a    0000001c     pinmux.obj (.text)
                  20007946    0000001c     rtsv7M4_T_le_eabi.lib : memccpy.obj (.text)
                  20007962    0000001a     driverlib.a : pin.obj (.text:PinTypeSPI)
                  2000797c    0000001a                 : pin.obj (.text:PinTypeUART)
                  20007996    00000018                 : gpio.obj (.text:GPIOPinRead)
                  200079ae    00000018                 : spi.obj (.text:SPIEnable)
                  200079c6    00000018                 : uart.obj (.text:UARTCharsAvail)
                  200079de    00000002     --HOLE-- [fill = 0]
                  200079e0    00000018     rtsv7M4_T_le_eabi.lib : args_main.obj (.text)
                  200079f8    00000016     driverlib.a : prcm.obj (.text:PRCMHIBRegRead)
                  20007a0e    00000016                 : prcm.obj (.text:PRCMHIBRegWrite)
                  20007a24    00000016                 : uart.obj (.text:UARTCharGet)
                  20007a3a    00000016     rtsv7M4_T_le_eabi.lib : strchr.obj (.text)
                  20007a50    00000014     driverlib.a : cpu.obj (.text:CPUcpsie)
                  20007a64    00000014                 : interrupt.obj (.text:IntVTableBaseSet)
                  20007a78    00000014     rtsv7M4_T_le_eabi.lib : _lock.obj (.text)
                  20007a8c    00000014                           : strlen.obj (.text)
                  20007aa0    0000000e                           : copy_decompress_none.obj (.text:decompress:none)
                  20007aae    0000000e     startup_ccs.obj (.text)
                  20007abc    0000000c     rtsv7M4_T_le_eabi.lib : copy_zero_init.obj (.text:decompress:ZI)
                  20007ac8    0000000a     driverlib.a : interrupt.obj (.text:IntMasterEnable)
                  20007ad2    00000006                 : utils.obj (.text:UtilsDelay)
                  20007ad8    00000006     rtsv7M4_T_le_eabi.lib : copy_decompress_rle.obj (.text:decompress:rle24)
                  20007ade    00000004                           : pre_init.obj (.text)

.const     0    20007ae4    0000032c     
                  20007ae4    00000101     rtsv7M4_T_le_eabi.lib : ctype.obj (.const:.string:_ctypes_)
                  20007be5    00000003     --HOLE-- [fill = 0]
                  20007be8    00000100     driverlib.a : pin.obj (.const:g_ulPinToPadMap)
                  20007ce8    000000a8                 : prcm.obj (.const:PRCM_PeriphRegsList)
                  20007d90    00000080                 : interrupt.obj (.const)

.cinit     0    20007e10    00000078     
                  20007e10    0000004e     (.cinit..data.load) [load image, compression = rle]
                  20007e5e    00000002     --HOLE-- [fill = 0]
                  20007e60    0000000c     (__TI_handler_table)
                  20007e6c    00000004     --HOLE-- [fill = 0]
                  20007e70    00000008     (.cinit..bss.load) [load image, compression = zero_init]
                  20007e78    00000010     (__TI_cinit_table)

.sysmem    0    20017000    00000800     UNINITIALIZED
                  20017000    00000008     rtsv7M4_T_le_eabi.lib : memory.obj (.sysmem)
                  20017008    000007f8     --HOLE--

.data      0    20017800    0000015c     UNINITIALIZED
                  20017800    000000b0     rtsv7M4_T_le_eabi.lib : signal.obj (.data:sigtable)
                  200178b0    00000080                           : xvalues.obj (.data)
                  20017930    0000000c                           : memory.obj (.data)
                  2001793c    00000008                           : _lock.obj (.data)
                  20017944    00000008                           : exit.obj (.data)
                  2001794c    00000008                           : feraiseexcept.obj (.data)
                  20017954    00000004                           : errno.obj (.data)
                  20017958    00000004                           : stkdepth_vars.obj (.data)

.TI.persistent 
*          0    20017800    00000000     UNINITIALIZED

.bss       0    2001795c    000000cc     UNINITIALIZED
                  2001795c    00000064     L6472.obj (.bss:g_ucRxBuff)
                  200179c0    00000064     L6472.obj (.bss:g_ucTxBuff)
                  20017a24    00000004     (.common:__Errorlog)

.TI.noinit 
*          0    2001795c    00000000     UNINITIALIZED

.stack     0    2002f800    00000800     UNINITIALIZED
                  2002f800    00000800     --HOLE--


LINKER GENERATED COPY TABLES

__TI_cinit_table @ 20007e78 records: 2, size/record: 8, table size: 16
	.data: load addr=20007e10, load size=0000004e bytes, run addr=20017800, run size=0000015c bytes, compression=rle
	.bss: load addr=20007e70, load size=00000008 bytes, run addr=2001795c, run size=000000cc bytes, compression=zero_init


LINKER GENERATED HANDLER TABLE

__TI_handler_table @ 20007e60 records: 3, size/record: 4, table size: 12
	index: 0, handler: __TI_decompress_rle24
	index: 1, handler: __TI_decompress_none
	index: 2, handler: __TI_zero_init


GLOBAL SYMBOLS: SORTED ALPHABETICALLY BY Name 

address   name                    
-------   ----                    
200074f9  C$$EXIT                 
20007a51  CPUcpsie                
20005c55  ClearTerm               
20005c5f  Error                   
2000766d  GPIODirModeSet          
20007997  GPIOPinRead             
200078d1  GPIOPinWrite            
20005c97  GetCmd                  
20005c15  InitTerm                
200069c9  IntEnable               
20007ac9  IntMasterEnable         
20007a65  IntVTableBaseSet        
20005885  L6472_init              
200059c5  L6472_spi_txrx          
20005c33  Message                 
20006375  PRCMCC3200MCUInit       
200079f9  PRCMHIBRegRead          
20007a0f  PRCMHIBRegWrite         
2000781d  PRCMPeripheralClkDisable
200075bd  PRCMPeripheralClkEnable 
20006bad  PRCMPeripheralClockGet  
200072d5  PRCMPeripheralReset     
200077c5  PRCMSysResetCauseGet    
20006c41  PinConfigSet            
2000753d  PinModeSet              
2000792b  PinMuxConfig            
200076d9  PinTypeGPIO             
20007963  PinTypeSPI              
2000797d  PinTypeUART             
20005dd5  Report                  
20007aaf  ResetISR                
UNDEFED   SHT$$INIT_ARRAY$$Base   
UNDEFED   SHT$$INIT_ARRAY$$Limit  
20006a71  SPIConfigSetExpClk      
200079af  SPIEnable               
2000788d  SPIReset                
20006cc9  SPITransfer             
20005d3d  TrimSpace               
20007a25  UARTCharGet             
2000790f  UARTCharGetNonBlocking  
200078f1  UARTCharPut             
200079c7  UARTCharsAvail          
20007061  UARTConfigSetExpClk     
20007709  UARTDisable             
20007845  UARTEnable              
20007ad3  UtilsDelay              
200077f1  _Dclass                 
200178b0  _Denorm                 
20006853  _Dnorm                  
200064a9  _Dscale                 
200071af  _Dunscale               
200178c0  _Eps                    
20017954  _Errno                  
2001794c  _Fenv                   
20007739  _Feraise                
200178d0  _Hugeval                
200178e0  _Inf                    
200178f0  _Nan                    
20017910  _Rteps                  
20017900  _Snan                   
20017950  _Tls_setup__Fenv        
20017920  _Xbig                   
20017928  _Zero                   
20030000  __STACK_END             
00000800  __STACK_SIZE            
00000800  __SYSMEM_SIZE           
20007e78  __TI_CINIT_Base         
20007e88  __TI_CINIT_Limit        
20007e60  __TI_Handler_Table_Base 
20007e6c  __TI_Handler_Table_Limit
200070d9  __TI_auto_init          
20017944  __TI_cleanup_ptr        
20007aa1  __TI_decompress_none    
20007ad9  __TI_decompress_rle24   
20017948  __TI_dtors_ptr          
200051a1  __TI_printfi            
20007e10  __TI_static_base__      
20007abd  __TI_zero_init          
20006e61  __aeabi_cdcmpeq         
20006e61  __aeabi_cdcmple         
20006ee7  __aeabi_cdrcmple        
20007215  __aeabi_cfcmpeq         
20007215  __aeabi_cfcmple         
20007275  __aeabi_cfrcmple        
20007469  __aeabi_d2iz            
20006093  __aeabi_dadd            
2000623f  __aeabi_ddiv            
200065b9  __aeabi_dmul            
20006089  __aeabi_dsub            
20007635  __aeabi_f2iz            
20006f6d  __aeabi_fmul            
20007769  __aeabi_i2d             
20006fe7  __aeabi_memclr          
20006fe7  __aeabi_memclr4         
20006fe7  __aeabi_memclr8         
20006b11  __aeabi_memcpy          
20006b11  __aeabi_memcpy4         
20006b11  __aeabi_memcpy8         
20006fe9  __aeabi_memset          
20006fe9  __aeabi_memset4         
20006fe9  __aeabi_memset8         
20005e95  __aeabi_uldivmod        
ffffffff  __binit__               
ffffffff  __c_args__              
2002f800  __stack                 
200079e1  _args_main              
200075f9  _c_int00                
20007ae4  _ctypes_                
2001793c  _lock                   
20007a87  _nop                    
20007a7f  _register_lock          
20007a79  _register_unlock        
20017000  _sys_memory             
20007adf  _system_pre_init        
20017940  _unlock                 
200074fd  abort                   
200073d1  atoi                    
ffffffff  binit                   
20005851  calloc                  
2000741d  copy_in                 
20007505  exit                    
200076a5  feraiseexcept           
2000559f  free                    
200078af  frexp                   
20004000  g_pfnVectors            
20005993  get_status              
20007385  laser_init              
200073b1  laser_off               
200073bf  laser_on                
200074b1  ldexp                   
2000732d  ltoa                    
20006d69  main                    
20017958  main_func_sp            
20005537  malloc                  
2000576d  memalign                
20007947  memccpy                 
20006b11  memcpy                  
20007869  memmove                 
20006fef  memset                  
200054a9  minit                   
20007797  raise                   
20005661  realloc                 
2000757d  signal                  
20007a3b  strchr                  
20007a8d  strlen                  
20006dd9  vsnprintf               
20005a1b  x_byte_txrx             
20005a7f  x_get_max_speed         
20005a59  x_set_max_speed         
2000593d  y_busy                  
20005a39  y_byte_txrx             
20005acf  y_get_max_speed         
20005b2b  y_get_speed             
20005989  y_goto_origin           
20005bb5  y_move                  
200058fd  y_move_mm               
20005b67  y_run                   
20005aa9  y_set_max_speed         
2000595d  y_set_origin            
20005af9  y_set_speed             
20005951  y_wait                  


GLOBAL SYMBOLS: SORTED BY Symbol Address 

address   name                    
-------   ----                    
00000800  __STACK_SIZE            
00000800  __SYSMEM_SIZE           
20004000  g_pfnVectors            
200051a1  __TI_printfi            
200054a9  minit                   
20005537  malloc                  
2000559f  free                    
20005661  realloc                 
2000576d  memalign                
20005851  calloc                  
20005885  L6472_init              
200058fd  y_move_mm               
2000593d  y_busy                  
20005951  y_wait                  
2000595d  y_set_origin            
20005989  y_goto_origin           
20005993  get_status              
200059c5  L6472_spi_txrx          
20005a1b  x_byte_txrx             
20005a39  y_byte_txrx             
20005a59  x_set_max_speed         
20005a7f  x_get_max_speed         
20005aa9  y_set_max_speed         
20005acf  y_get_max_speed         
20005af9  y_set_speed             
20005b2b  y_get_speed             
20005b67  y_run                   
20005bb5  y_move                  
20005c15  InitTerm                
20005c33  Message                 
20005c55  ClearTerm               
20005c5f  Error                   
20005c97  GetCmd                  
20005d3d  TrimSpace               
20005dd5  Report                  
20005e95  __aeabi_uldivmod        
20006089  __aeabi_dsub            
20006093  __aeabi_dadd            
2000623f  __aeabi_ddiv            
20006375  PRCMCC3200MCUInit       
200064a9  _Dscale                 
200065b9  __aeabi_dmul            
20006853  _Dnorm                  
200069c9  IntEnable               
20006a71  SPIConfigSetExpClk      
20006b11  __aeabi_memcpy          
20006b11  __aeabi_memcpy4         
20006b11  __aeabi_memcpy8         
20006b11  memcpy                  
20006bad  PRCMPeripheralClockGet  
20006c41  PinConfigSet            
20006cc9  SPITransfer             
20006d69  main                    
20006dd9  vsnprintf               
20006e61  __aeabi_cdcmpeq         
20006e61  __aeabi_cdcmple         
20006ee7  __aeabi_cdrcmple        
20006f6d  __aeabi_fmul            
20006fe7  __aeabi_memclr          
20006fe7  __aeabi_memclr4         
20006fe7  __aeabi_memclr8         
20006fe9  __aeabi_memset          
20006fe9  __aeabi_memset4         
20006fe9  __aeabi_memset8         
20006fef  memset                  
20007061  UARTConfigSetExpClk     
200070d9  __TI_auto_init          
200071af  _Dunscale               
20007215  __aeabi_cfcmpeq         
20007215  __aeabi_cfcmple         
20007275  __aeabi_cfrcmple        
200072d5  PRCMPeripheralReset     
2000732d  ltoa                    
20007385  laser_init              
200073b1  laser_off               
200073bf  laser_on                
200073d1  atoi                    
2000741d  copy_in                 
20007469  __aeabi_d2iz            
200074b1  ldexp                   
200074f9  C$$EXIT                 
200074fd  abort                   
20007505  exit                    
2000753d  PinModeSet              
2000757d  signal                  
200075bd  PRCMPeripheralClkEnable 
200075f9  _c_int00                
20007635  __aeabi_f2iz            
2000766d  GPIODirModeSet          
200076a5  feraiseexcept           
200076d9  PinTypeGPIO             
20007709  UARTDisable             
20007739  _Feraise                
20007769  __aeabi_i2d             
20007797  raise                   
200077c5  PRCMSysResetCauseGet    
200077f1  _Dclass                 
2000781d  PRCMPeripheralClkDisable
20007845  UARTEnable              
20007869  memmove                 
2000788d  SPIReset                
200078af  frexp                   
200078d1  GPIOPinWrite            
200078f1  UARTCharPut             
2000790f  UARTCharGetNonBlocking  
2000792b  PinMuxConfig            
20007947  memccpy                 
20007963  PinTypeSPI              
2000797d  PinTypeUART             
20007997  GPIOPinRead             
200079af  SPIEnable               
200079c7  UARTCharsAvail          
200079e1  _args_main              
200079f9  PRCMHIBRegRead          
20007a0f  PRCMHIBRegWrite         
20007a25  UARTCharGet             
20007a3b  strchr                  
20007a51  CPUcpsie                
20007a65  IntVTableBaseSet        
20007a79  _register_unlock        
20007a7f  _register_lock          
20007a87  _nop                    
20007a8d  strlen                  
20007aa1  __TI_decompress_none    
20007aaf  ResetISR                
20007abd  __TI_zero_init          
20007ac9  IntMasterEnable         
20007ad3  UtilsDelay              
20007ad9  __TI_decompress_rle24   
20007adf  _system_pre_init        
20007ae4  _ctypes_                
20007e10  __TI_static_base__      
20007e60  __TI_Handler_Table_Base 
20007e6c  __TI_Handler_Table_Limit
20007e78  __TI_CINIT_Base         
20007e88  __TI_CINIT_Limit        
20017000  _sys_memory             
200178b0  _Denorm                 
200178c0  _Eps                    
200178d0  _Hugeval                
200178e0  _Inf                    
200178f0  _Nan                    
20017900  _Snan                   
20017910  _Rteps                  
20017920  _Xbig                   
20017928  _Zero                   
2001793c  _lock                   
20017940  _unlock                 
20017944  __TI_cleanup_ptr        
20017948  __TI_dtors_ptr          
2001794c  _Fenv                   
20017950  _Tls_setup__Fenv        
20017954  _Errno                  
20017958  main_func_sp            
2002f800  __stack                 
20030000  __STACK_END             
ffffffff  __binit__               
ffffffff  __c_args__              
ffffffff  binit                   
UNDEFED   SHT$$INIT_ARRAY$$Base   
UNDEFED   SHT$$INIT_ARRAY$$Limit  

[161 symbols]
