******************************************************************************
                  TI ARM Linker PC v5.2.5                      
******************************************************************************
>> Linked Thu Mar 17 16:44:29 2016

OUTPUT FILE NAME:   <spi_demo.out>
ENTRY POINT SYMBOL: "_c_int00"  address: 2000756d


MEMORY CONFIGURATION

         name            origin    length      used     unused   attr    fill
----------------------  --------  ---------  --------  --------  ----  --------
  SRAM_CODE             20004000   00013000  00004202  0000edfe  RW X
  SRAM_DATA             20017000   00019000  0000128e  00017d72  RW X


SEGMENT ALLOCATION MAP

run origin  load origin   length   init length attrs members
----------  ----------- ---------- ----------- ----- -------
20004000    20004000    00004208   00004208    r-x
  20004000    20004000    00000400   00000400    r-- .intvecs
  20004400    20004400    00003a22   00003a22    r-x .text
  20007e24    20007e24    00000368   00000368    r-- .const
  20008190    20008190    00000078   00000078    r-- .cinit
20017000    20017000    00000a8e   00000000    rw-
  20017000    20017000    00000800   00000000    rw- .sysmem
  20017800    20017800    0000015c   00000000    rw- .data
  2001795c    2001795c    00000132   00000000    rw- .bss
2002f800    2002f800    00000800   00000000    rw-
  2002f800    2002f800    00000800   00000000    rw- .stack


SECTION ALLOCATION MAP

 output                                  attributes/
section   page    origin      length       input sections
--------  ----  ----------  ----------   ----------------
.intvecs   0    20004000    00000400     
                  20004000    00000400     startup_ccs.obj (.intvecs)

.init_array 
*          0    20004000    00000000     UNINITIALIZED

.text      0    20004400    00003a22     
                  20004400    000010ba     rtsv7M4_T_le_v4SPD16_eabi.lib : _printfi.obj (.text)
                  200054ba    00000002     --HOLE-- [fill = 0]
                  200054bc    000003dc                                   : memory.obj (.text)
                  20005898    00000370     main.obj (.text)
                  20005c08    000002ec     L6472.obj (.text)
                  20005ef4    00000280     uart_if.obj (.text)
                  20006174    000001f4     rtsv7M4_T_le_v4SPD16_eabi.lib : ull_div_t2.obj (.text)
                  20006368    000001b6                                   : fd_add_t2.obj (.text)
                  2000651e    00000136                                   : fd_div_t2.obj (.text)
                  20006654    00000134     driverlib.a : prcm.obj (.text:PRCMCC3200MCUInit)
                  20006788    00000110     rtsv7M4_T_le_v4SPD16_eabi.lib : xdscale.obj (.text)
                  20006898    000000fc                                   : fd_mul_t2.obj (.text)
                  20006994    000000d0     driverlib.a : spi.obj (.text:SPITransfer32)
                  20006a64    000000ce                 : spi.obj (.text:SPITransfer16)
                  20006b32    000000be     rtsv7M4_T_le_v4SPD16_eabi.lib : xdnorm.obj (.text)
                  20006bf0    000000b8     driverlib.a : spi.obj (.text:SPITransfer8)
                  20006ca8    000000a8                 : interrupt.obj (.text:IntEnable)
                  20006d50    000000a0                 : spi.obj (.text:SPIConfigSetExpClk)
                  20006df0    0000009c     rtsv7M4_T_le_v4SPD16_eabi.lib : memcpy_t2.obj (.text)
                  20006e8c    00000094     driverlib.a : prcm.obj (.text:PRCMPeripheralClockGet)
                  20006f20    00000088                 : pin.obj (.text:PinConfigSet)
                  20006fa8    00000088                 : spi.obj (.text:SPITransfer)
                  20007030    00000088     rtsv7M4_T_le_v4SPD16_eabi.lib : vsnprintf.obj (.text)
                  200070b8    00000086                                   : fd_cmp_t2.obj (.text:__aeabi_cdcmple)
                  2000713e    00000086                                   : fd_cmp_t2.obj (.text:__aeabi_cdrcmple)
                  200071c4    0000007c     driverlib.a : spi.obj (.text:SPIIntStatus)
                  20007240    0000007a     rtsv7M4_T_le_v4SPD16_eabi.lib : memset_t2.obj (.text)
                  200072ba    00000076     driverlib.a : uart.obj (.text:UARTConfigSetExpClk)
                  20007330    0000006c     rtsv7M4_T_le_v4SPD16_eabi.lib : autoinit.obj (.text)
                  2000739c    0000006a                                   : copy_decompress_rle.obj (.text)
                  20007406    00000066                                   : xdunscal.obj (.text)
                  2000746c    00000058     driverlib.a : prcm.obj (.text:PRCMPeripheralReset)
                  200074c4    00000056     rtsv7M4_T_le_v4SPD16_eabi.lib : ltoa.obj (.text)
                  2000751a    00000052                                   : ldexp.obj (.text)
                  2000756c    00000050                                   : boot.obj (.text)
                  200075bc    0000004c     driverlib.a : spi.obj (.text:SPIIntEnable)
                  20007608    0000004c                 : spi.obj (.text:SPIIntNumberGet)
                  20007654    0000004c     rtsv7M4_T_le_v4SPD16_eabi.lib : atoi.obj (.text)
                  200076a0    0000004c                                   : cpy_tbl.obj (.text)
                  200076ec    00000048     driverlib.a : spi.obj (.text:SPIIntClear)
                  20007734    00000048     rtsv7M4_T_le_v4SPD16_eabi.lib : fd_toi_t2.obj (.text)
                  2000777c    00000044     driverlib.a : spi.obj (.text:SPIDmaMaskGet)
                  200077c0    00000044     pinmux.obj (.text)
                  20007804    00000044     rtsv7M4_T_le_v4SPD16_eabi.lib : exit.obj (.text)
                  20007848    00000040     driverlib.a : pin.obj (.text:PinModeSet)
                  20007888    00000040     rtsv7M4_T_le_v4SPD16_eabi.lib : signal.obj (.text)
                  200078c8    0000003c     driverlib.a : prcm.obj (.text:PRCMPeripheralClkEnable)
                  20007904    00000036                 : gpio.obj (.text:GPIODirModeSet)
                  2000793a    00000002     --HOLE-- [fill = 0]
                  2000793c    00000034     rtsv7M4_T_le_v4SPD16_eabi.lib : feraiseexcept.obj (.text)
                  20007970    00000030     driverlib.a : pin.obj (.text:PinTypeGPIO)
                  200079a0    00000030                 : uart.obj (.text:UARTDisable)
                  200079d0    00000030     rtsv7M4_T_le_v4SPD16_eabi.lib : xdclass.obj (.text)
                  20007a00    00000030                                   : xferaise.obj (.text)
                  20007a30    0000002e                                   : i_tofd_t2.obj (.text)
                  20007a5e    0000002e                                   : raise.obj (.text)
                  20007a8c    0000002c     driverlib.a : prcm.obj (.text:PRCMSysResetCauseGet)
                  20007ab8    0000002a                 : spi.obj (.text:SPIDataGetNonBlocking)
                  20007ae2    0000002a     rtsv7M4_T_le_v4SPD16_eabi.lib : frexp.obj (.text)
                  20007b0c    00000028     driverlib.a : prcm.obj (.text:PRCMPeripheralClkDisable)
                  20007b34    00000024                 : uart.obj (.text:UARTEnable)
                  20007b58    00000024     rtsv7M4_T_le_v4SPD16_eabi.lib : memmov.obj (.text)
                  20007b7c    00000022     driverlib.a : spi.obj (.text:SPIReset)
                  20007b9e    00000002     --HOLE-- [fill = 0]
                  20007ba0    00000020                 : interrupt.obj (.text:IntRegister)
                  20007bc0    00000020                 : spi.obj (.text:SPIDataGet)
                  20007be0    0000001e                 : spi.obj (.text:SPIDataPut)
                  20007bfe    0000001e                 : spi.obj (.text:SPIIntRegister)
                  20007c1c    0000001e                 : uart.obj (.text:UARTCharPut)
                  20007c3a    0000001c                 : uart.obj (.text:UARTCharGetNonBlocking)
                  20007c56    0000001c     rtsv7M4_T_le_v4SPD16_eabi.lib : memccpy.obj (.text)
                  20007c72    0000001a     driverlib.a : pin.obj (.text:PinTypeSPI)
                  20007c8c    0000001a                 : pin.obj (.text:PinTypeUART)
                  20007ca6    00000018                 : gpio.obj (.text:GPIOPinRead)
                  20007cbe    00000018                 : spi.obj (.text:SPICSDisable)
                  20007cd6    00000018                 : spi.obj (.text:SPICSEnable)
                  20007cee    00000018                 : spi.obj (.text:SPIEnable)
                  20007d06    00000018                 : uart.obj (.text:UARTCharsAvail)
                  20007d1e    00000002     --HOLE-- [fill = 0]
                  20007d20    00000018     rtsv7M4_T_le_v4SPD16_eabi.lib : args_main.obj (.text)
                  20007d38    00000016     driverlib.a : prcm.obj (.text:PRCMHIBRegRead)
                  20007d4e    00000016                 : prcm.obj (.text:PRCMHIBRegWrite)
                  20007d64    00000016                 : uart.obj (.text:UARTCharGet)
                  20007d7a    00000016     rtsv7M4_T_le_v4SPD16_eabi.lib : strchr.obj (.text)
                  20007d90    00000014     driverlib.a : cpu.obj (.text:CPUcpsie)
                  20007da4    00000014                 : interrupt.obj (.text:IntVTableBaseSet)
                  20007db8    00000014     rtsv7M4_T_le_v4SPD16_eabi.lib : _lock.obj (.text)
                  20007dcc    00000014                                   : strlen.obj (.text)
                  20007de0    0000000e                                   : copy_decompress_none.obj (.text:decompress:none)
                  20007dee    0000000e     startup_ccs.obj (.text)
                  20007dfc    0000000c     rtsv7M4_T_le_v4SPD16_eabi.lib : copy_zero_init.obj (.text:decompress:ZI)
                  20007e08    0000000a     driverlib.a : interrupt.obj (.text:IntMasterEnable)
                  20007e12    00000006                 : utils.obj (.text:UtilsDelay)
                  20007e18    00000006     rtsv7M4_T_le_v4SPD16_eabi.lib : copy_decompress_rle.obj (.text:decompress:rle24)
                  20007e1e    00000004                                   : pre_init.obj (.text)

.const     0    20007e24    00000368     
                  20007e24    00000101     rtsv7M4_T_le_v4SPD16_eabi.lib : ctype.obj (.const:.string:_ctypes_)
                  20007f25    00000003     --HOLE-- [fill = 0]
                  20007f28    00000100     driverlib.a : pin.obj (.const:g_ulPinToPadMap)
                  20008028    000000a8                 : prcm.obj (.const:PRCM_PeriphRegsList)
                  200080d0    00000080                 : interrupt.obj (.const)
                  20008150    00000024                 : spi.obj (.const:g_ppulSPIIntMap)
                  20008174    00000018                 : spi.obj (.const)

.cinit     0    20008190    00000078     
                  20008190    0000004e     (.cinit..data.load) [load image, compression = rle]
                  200081de    00000002     --HOLE-- [fill = 0]
                  200081e0    0000000c     (__TI_handler_table)
                  200081ec    00000004     --HOLE-- [fill = 0]
                  200081f0    00000008     (.cinit..bss.load) [load image, compression = zero_init]
                  200081f8    00000010     (__TI_cinit_table)

.sysmem    0    20017000    00000800     UNINITIALIZED
                  20017000    00000008     rtsv7M4_T_le_v4SPD16_eabi.lib : memory.obj (.sysmem)
                  20017008    000007f8     --HOLE--

.data      0    20017800    0000015c     UNINITIALIZED
                  20017800    000000b0     rtsv7M4_T_le_v4SPD16_eabi.lib : signal.obj (.data:sigtable)
                  200178b0    00000080                                   : xvalues.obj (.data)
                  20017930    0000000c                                   : memory.obj (.data)
                  2001793c    00000008                                   : _lock.obj (.data)
                  20017944    00000008                                   : exit.obj (.data)
                  2001794c    00000008                                   : feraiseexcept.obj (.data)
                  20017954    00000004                                   : errno.obj (.data)
                  20017958    00000004                                   : stkdepth_vars.obj (.data)

.TI.persistent 
*          0    20017800    00000000     UNINITIALIZED

.bss       0    2001795c    00000132     UNINITIALIZED
                  2001795c    00000064     L6472.obj (.bss:g_ucRxBuff)
                  200179c0    00000064     L6472.obj (.bss:g_ucTxBuff)
                  20017a24    00000064     main.obj (.bss:g_ucTxBuff)
                  20017a88    00000004     (.common:__Errorlog)
                  20017a8c    00000001     (.common:ucRxBuffNdx)
                  20017a8d    00000001     (.common:ucTxBuffNdx)

.TI.noinit 
*          0    2001795c    00000000     UNINITIALIZED

.stack     0    2002f800    00000800     UNINITIALIZED
                  2002f800    00000800     --HOLE--


LINKER GENERATED COPY TABLES

__TI_cinit_table @ 200081f8 records: 2, size/record: 8, table size: 16
	.data: load addr=20008190, load size=0000004e bytes, run addr=20017800, run size=0000015c bytes, compression=rle
	.bss: load addr=200081f0, load size=00000008 bytes, run addr=2001795c, run size=00000132 bytes, compression=zero_init


LINKER GENERATED HANDLER TABLE

__TI_handler_table @ 200081e0 records: 3, size/record: 4, table size: 12
	index: 0, handler: __TI_decompress_rle24
	index: 1, handler: __TI_decompress_none
	index: 2, handler: __TI_zero_init


GLOBAL SYMBOLS: SORTED ALPHABETICALLY BY Name 

address   name                    
-------   ----                    
20007805  C$$EXIT                 
20007d91  CPUcpsie                
20005f35  ClearTerm               
20005f3f  Error                   
20007905  GPIODirModeSet          
20007ca7  GPIOPinRead             
20005f77  GetCmd                  
20005ef5  InitTerm                
20006ca9  IntEnable               
20007e09  IntMasterEnable         
20007ba1  IntRegister             
20007da5  IntVTableBaseSet        
20005c09  L6472_init              
20005cb1  L6472_spi_txrx          
20005909  MasterMain              
20005f13  Message                 
20006655  PRCMCC3200MCUInit       
20007d39  PRCMHIBRegRead          
20007d4f  PRCMHIBRegWrite         
20007b0d  PRCMPeripheralClkDisable
200078c9  PRCMPeripheralClkEnable 
20006e8d  PRCMPeripheralClockGet  
2000746d  PRCMPeripheralReset     
20007a8d  PRCMSysResetCauseGet    
20006f21  PinConfigSet            
20007849  PinModeSet              
200077c1  PinMuxConfig            
20007971  PinTypeGPIO             
20007c73  PinTypeSPI              
20007c8d  PinTypeUART             
200060b5  Report                  
20007def  ResetISR                
UNDEFED   SHT$$INIT_ARRAY$$Base   
UNDEFED   SHT$$INIT_ARRAY$$Limit  
20007cbf  SPICSDisable            
20007cd7  SPICSEnable             
20006d51  SPIConfigSetExpClk      
20007bc1  SPIDataGet              
20007ab9  SPIDataGetNonBlocking   
20007be1  SPIDataPut              
20007cef  SPIEnable               
200076ed  SPIIntClear             
200075bd  SPIIntEnable            
20007bff  SPIIntRegister          
200071c5  SPIIntStatus            
20007b7d  SPIReset                
20006fa9  SPITransfer             
200059cb  SlaveMain               
2000601d  TrimSpace               
20007d65  UARTCharGet             
20007c3b  UARTCharGetNonBlocking  
20007c1d  UARTCharPut             
20007d07  UARTCharsAvail          
200072bb  UARTConfigSetExpClk     
200079a1  UARTDisable             
20007b35  UARTEnable              
20007e13  UtilsDelay              
200079d1  _Dclass                 
200178b0  _Denorm                 
20006b33  _Dnorm                  
20006789  _Dscale                 
20007407  _Dunscale               
200178c0  _Eps                    
20017954  _Errno                  
2001794c  _Fenv                   
20007a01  _Feraise                
200178d0  _Hugeval                
200178e0  _Inf                    
200178f0  _Nan                    
20017910  _Rteps                  
20017900  _Snan                   
20017950  _Tls_setup__Fenv        
20017920  _Xbig                   
20017928  _Zero                   
20030000  __STACK_END             
00000800  __STACK_SIZE            
00000800  __SYSMEM_SIZE           
200081f8  __TI_CINIT_Base         
20008208  __TI_CINIT_Limit        
200081e0  __TI_Handler_Table_Base 
200081ec  __TI_Handler_Table_Limit
20007331  __TI_auto_init          
20017944  __TI_cleanup_ptr        
20007de1  __TI_decompress_none    
20007e19  __TI_decompress_rle24   
20017948  __TI_dtors_ptr          
200051b5  __TI_printfi            
20008190  __TI_static_base__      
20007dfd  __TI_zero_init          
200070b9  __aeabi_cdcmpeq         
200070b9  __aeabi_cdcmple         
2000713f  __aeabi_cdrcmple        
20007735  __aeabi_d2iz            
20006373  __aeabi_dadd            
2000651f  __aeabi_ddiv            
20006899  __aeabi_dmul            
20006369  __aeabi_dsub            
20007a31  __aeabi_i2d             
20007241  __aeabi_memclr          
20007241  __aeabi_memclr4         
20007241  __aeabi_memclr8         
20006df1  __aeabi_memcpy          
20006df1  __aeabi_memcpy4         
20006df1  __aeabi_memcpy8         
20007243  __aeabi_memset          
20007243  __aeabi_memset4         
20007243  __aeabi_memset8         
20006175  __aeabi_uldivmod        
ffffffff  __binit__               
ffffffff  __c_args__              
2002f800  __stack                 
20007d21  _args_main              
2000756d  _c_int00                
20007e24  _ctypes_                
2001793c  _lock                   
20007dc7  _nop                    
20007dbf  _register_lock          
20007db9  _register_unlock        
20017000  _sys_memory             
20007e1f  _system_pre_init        
20017940  _unlock                 
20007809  abort                   
20007655  atoi                    
ffffffff  binit                   
20005865  calloc                  
200076a1  copy_in                 
20007811  exit                    
2000793d  feraiseexcept           
200055b3  free                    
20007ae3  frexp                   
20004000  g_pfnVectors            
20005c7f  get_status              
2000751b  ldexp                   
200074c5  ltoa                    
20005a3d  main                    
20017958  main_func_sp            
2000554b  malloc                  
20005781  memalign                
20007c57  memccpy                 
20006df1  memcpy                  
20007b59  memmove                 
20007249  memset                  
200054bd  minit                   
20007a5f  raise                   
20005675  realloc                 
20007889  signal                  
20007d7b  strchr                  
20007dcd  strlen                  
20007031  vsnprintf               
20005d07  x_byte_txrx             
20005d6b  x_get_max_speed         
20005d45  x_set_max_speed         
20005c29  y_busy                  
20005d25  y_byte_txrx             
20005dbb  y_get_max_speed         
20005e17  y_get_speed             
20005c75  y_goto_origin           
20005e97  y_move                  
20005e53  y_run                   
20005d95  y_set_max_speed         
20005c49  y_set_origin            
20005de5  y_set_speed             
20005c3d  y_wait                  


GLOBAL SYMBOLS: SORTED BY Symbol Address 

address   name                    
-------   ----                    
00000800  __STACK_SIZE            
00000800  __SYSMEM_SIZE           
20004000  g_pfnVectors            
200051b5  __TI_printfi            
200054bd  minit                   
2000554b  malloc                  
200055b3  free                    
20005675  realloc                 
20005781  memalign                
20005865  calloc                  
20005909  MasterMain              
200059cb  SlaveMain               
20005a3d  main                    
20005c09  L6472_init              
20005c29  y_busy                  
20005c3d  y_wait                  
20005c49  y_set_origin            
20005c75  y_goto_origin           
20005c7f  get_status              
20005cb1  L6472_spi_txrx          
20005d07  x_byte_txrx             
20005d25  y_byte_txrx             
20005d45  x_set_max_speed         
20005d6b  x_get_max_speed         
20005d95  y_set_max_speed         
20005dbb  y_get_max_speed         
20005de5  y_set_speed             
20005e17  y_get_speed             
20005e53  y_run                   
20005e97  y_move                  
20005ef5  InitTerm                
20005f13  Message                 
20005f35  ClearTerm               
20005f3f  Error                   
20005f77  GetCmd                  
2000601d  TrimSpace               
200060b5  Report                  
20006175  __aeabi_uldivmod        
20006369  __aeabi_dsub            
20006373  __aeabi_dadd            
2000651f  __aeabi_ddiv            
20006655  PRCMCC3200MCUInit       
20006789  _Dscale                 
20006899  __aeabi_dmul            
20006b33  _Dnorm                  
20006ca9  IntEnable               
20006d51  SPIConfigSetExpClk      
20006df1  __aeabi_memcpy          
20006df1  __aeabi_memcpy4         
20006df1  __aeabi_memcpy8         
20006df1  memcpy                  
20006e8d  PRCMPeripheralClockGet  
20006f21  PinConfigSet            
20006fa9  SPITransfer             
20007031  vsnprintf               
200070b9  __aeabi_cdcmpeq         
200070b9  __aeabi_cdcmple         
2000713f  __aeabi_cdrcmple        
200071c5  SPIIntStatus            
20007241  __aeabi_memclr          
20007241  __aeabi_memclr4         
20007241  __aeabi_memclr8         
20007243  __aeabi_memset          
20007243  __aeabi_memset4         
20007243  __aeabi_memset8         
20007249  memset                  
200072bb  UARTConfigSetExpClk     
20007331  __TI_auto_init          
20007407  _Dunscale               
2000746d  PRCMPeripheralReset     
200074c5  ltoa                    
2000751b  ldexp                   
2000756d  _c_int00                
200075bd  SPIIntEnable            
20007655  atoi                    
200076a1  copy_in                 
200076ed  SPIIntClear             
20007735  __aeabi_d2iz            
200077c1  PinMuxConfig            
20007805  C$$EXIT                 
20007809  abort                   
20007811  exit                    
20007849  PinModeSet              
20007889  signal                  
200078c9  PRCMPeripheralClkEnable 
20007905  GPIODirModeSet          
2000793d  feraiseexcept           
20007971  PinTypeGPIO             
200079a1  UARTDisable             
200079d1  _Dclass                 
20007a01  _Feraise                
20007a31  __aeabi_i2d             
20007a5f  raise                   
20007a8d  PRCMSysResetCauseGet    
20007ab9  SPIDataGetNonBlocking   
20007ae3  frexp                   
20007b0d  PRCMPeripheralClkDisable
20007b35  UARTEnable              
20007b59  memmove                 
20007b7d  SPIReset                
20007ba1  IntRegister             
20007bc1  SPIDataGet              
20007be1  SPIDataPut              
20007bff  SPIIntRegister          
20007c1d  UARTCharPut             
20007c3b  UARTCharGetNonBlocking  
20007c57  memccpy                 
20007c73  PinTypeSPI              
20007c8d  PinTypeUART             
20007ca7  GPIOPinRead             
20007cbf  SPICSDisable            
20007cd7  SPICSEnable             
20007cef  SPIEnable               
20007d07  UARTCharsAvail          
20007d21  _args_main              
20007d39  PRCMHIBRegRead          
20007d4f  PRCMHIBRegWrite         
20007d65  UARTCharGet             
20007d7b  strchr                  
20007d91  CPUcpsie                
20007da5  IntVTableBaseSet        
20007db9  _register_unlock        
20007dbf  _register_lock          
20007dc7  _nop                    
20007dcd  strlen                  
20007de1  __TI_decompress_none    
20007def  ResetISR                
20007dfd  __TI_zero_init          
20007e09  IntMasterEnable         
20007e13  UtilsDelay              
20007e19  __TI_decompress_rle24   
20007e1f  _system_pre_init        
20007e24  _ctypes_                
20008190  __TI_static_base__      
200081e0  __TI_Handler_Table_Base 
200081ec  __TI_Handler_Table_Limit
200081f8  __TI_CINIT_Base         
20008208  __TI_CINIT_Limit        
20017000  _sys_memory             
200178b0  _Denorm                 
200178c0  _Eps                    
200178d0  _Hugeval                
200178e0  _Inf                    
200178f0  _Nan                    
20017900  _Snan                   
20017910  _Rteps                  
20017920  _Xbig                   
20017928  _Zero                   
2001793c  _lock                   
20017940  _unlock                 
20017944  __TI_cleanup_ptr        
20017948  __TI_dtors_ptr          
2001794c  _Fenv                   
20017950  _Tls_setup__Fenv        
20017954  _Errno                  
20017958  main_func_sp            
2002f800  __stack                 
20030000  __STACK_END             
ffffffff  __binit__               
ffffffff  __c_args__              
ffffffff  binit                   
UNDEFED   SHT$$INIT_ARRAY$$Base   
UNDEFED   SHT$$INIT_ARRAY$$Limit  

[163 symbols]
