******************************************************************************
                  TI ARM Linker PC v5.2.5                      
******************************************************************************
>> Linked Sun Mar 13 15:39:26 2016

OUTPUT FILE NAME:   <spi_demo.out>
ENTRY POINT SYMBOL: "_c_int00"  address: 200073f9


MEMORY CONFIGURATION

         name            origin    length      used     unused   attr    fill
----------------------  --------  ---------  --------  --------  ----  --------
  SRAM_CODE             20004000   00013000  0000400e  0000eff2  RW X
  SRAM_DATA             20017000   00019000  0000128e  00017d72  RW X


SEGMENT ALLOCATION MAP

run origin  load origin   length   init length attrs members
----------  ----------- ---------- ----------- ----- -------
20004000    20004000    00004010   00004010    r-x
  20004000    20004000    00000400   00000400    r-- .intvecs
  20004400    20004400    0000382e   0000382e    r-x .text
  20007c30    20007c30    00000368   00000368    r-- .const
  20007f98    20007f98    00000078   00000078    r-- .cinit
20017000    20017000    00000a8e   00000000    rw-
  20017000    20017000    00000800   00000000    rw- .sysmem
  20017800    20017800    0000015c   00000000    rw- .data
  2001795c    2001795c    00000132   00000000    rw- .bss
2002f800    2002f800    00000800   00000000    rw-
  2002f800    2002f800    00000800   00000000    rw- .stack


SECTION ALLOCATION MAP

 output                                  attributes/
section   page    origin      length       input sections
--------  ----  ----------  ----------   ----------------
.intvecs   0    20004000    00000400     
                  20004000    00000400     startup_ccs.obj (.intvecs)

.init_array 
*          0    20004000    00000000     UNINITIALIZED

.text      0    20004400    0000382e     
                  20004400    000010ba     rtsv7M4_T_le_v4SPD16_eabi.lib : _printfi.obj (.text)
                  200054ba    00000002     --HOLE-- [fill = 0]
                  200054bc    000003dc                                   : memory.obj (.text)
                  20005898    00000398     main.obj (.text)
                  20005c30    00000280     uart_if.obj (.text)
                  20005eb0    000001f4     rtsv7M4_T_le_v4SPD16_eabi.lib : ull_div_t2.obj (.text)
                  200060a4    000001b6                                   : fd_add_t2.obj (.text)
                  2000625a    00000002     --HOLE-- [fill = 0]
                  2000625c    0000014c     L6472.obj (.text)
                  200063a8    00000136     rtsv7M4_T_le_v4SPD16_eabi.lib : fd_div_t2.obj (.text)
                  200064de    00000002     --HOLE-- [fill = 0]
                  200064e0    00000134     driverlib.a : prcm.obj (.text:PRCMCC3200MCUInit)
                  20006614    00000110     rtsv7M4_T_le_v4SPD16_eabi.lib : xdscale.obj (.text)
                  20006724    000000fc                                   : fd_mul_t2.obj (.text)
                  20006820    000000d0     driverlib.a : spi.obj (.text:SPITransfer32)
                  200068f0    000000ce                 : spi.obj (.text:SPITransfer16)
                  200069be    000000be     rtsv7M4_T_le_v4SPD16_eabi.lib : xdnorm.obj (.text)
                  20006a7c    000000b8     driverlib.a : spi.obj (.text:SPITransfer8)
                  20006b34    000000a8                 : interrupt.obj (.text:IntEnable)
                  20006bdc    000000a0                 : spi.obj (.text:SPIConfigSetExpClk)
                  20006c7c    0000009c     rtsv7M4_T_le_v4SPD16_eabi.lib : memcpy_t2.obj (.text)
                  20006d18    00000094     driverlib.a : prcm.obj (.text:PRCMPeripheralClockGet)
                  20006dac    00000088                 : pin.obj (.text:PinConfigSet)
                  20006e34    00000088                 : spi.obj (.text:SPITransfer)
                  20006ebc    00000088     rtsv7M4_T_le_v4SPD16_eabi.lib : vsnprintf.obj (.text)
                  20006f44    00000086                                   : fd_cmp_t2.obj (.text:__aeabi_cdcmple)
                  20006fca    00000086                                   : fd_cmp_t2.obj (.text:__aeabi_cdrcmple)
                  20007050    0000007c     driverlib.a : spi.obj (.text:SPIIntStatus)
                  200070cc    0000007a     rtsv7M4_T_le_v4SPD16_eabi.lib : memset_t2.obj (.text)
                  20007146    00000076     driverlib.a : uart.obj (.text:UARTConfigSetExpClk)
                  200071bc    0000006c     rtsv7M4_T_le_v4SPD16_eabi.lib : autoinit.obj (.text)
                  20007228    0000006a                                   : copy_decompress_rle.obj (.text)
                  20007292    00000066                                   : xdunscal.obj (.text)
                  200072f8    00000058     driverlib.a : prcm.obj (.text:PRCMPeripheralReset)
                  20007350    00000056     rtsv7M4_T_le_v4SPD16_eabi.lib : ltoa.obj (.text)
                  200073a6    00000052                                   : ldexp.obj (.text)
                  200073f8    00000050                                   : boot.obj (.text)
                  20007448    0000004c     driverlib.a : spi.obj (.text:SPIIntEnable)
                  20007494    0000004c                 : spi.obj (.text:SPIIntNumberGet)
                  200074e0    0000004c     rtsv7M4_T_le_v4SPD16_eabi.lib : atoi.obj (.text)
                  2000752c    0000004c                                   : cpy_tbl.obj (.text)
                  20007578    00000048     driverlib.a : spi.obj (.text:SPIIntClear)
                  200075c0    00000048     rtsv7M4_T_le_v4SPD16_eabi.lib : fd_toi_t2.obj (.text)
                  20007608    00000044     driverlib.a : spi.obj (.text:SPIDmaMaskGet)
                  2000764c    00000044     pinmux.obj (.text)
                  20007690    00000044     rtsv7M4_T_le_v4SPD16_eabi.lib : exit.obj (.text)
                  200076d4    00000040     driverlib.a : pin.obj (.text:PinModeSet)
                  20007714    00000040     rtsv7M4_T_le_v4SPD16_eabi.lib : signal.obj (.text)
                  20007754    0000003c     driverlib.a : prcm.obj (.text:PRCMPeripheralClkEnable)
                  20007790    00000034     rtsv7M4_T_le_v4SPD16_eabi.lib : feraiseexcept.obj (.text)
                  200077c4    00000030     driverlib.a : uart.obj (.text:UARTDisable)
                  200077f4    00000030     rtsv7M4_T_le_v4SPD16_eabi.lib : xdclass.obj (.text)
                  20007824    00000030                                   : xferaise.obj (.text)
                  20007854    0000002e                                   : i_tofd_t2.obj (.text)
                  20007882    0000002e                                   : raise.obj (.text)
                  200078b0    0000002c     driverlib.a : prcm.obj (.text:PRCMSysResetCauseGet)
                  200078dc    0000002a                 : spi.obj (.text:SPIDataGetNonBlocking)
                  20007906    0000002a     rtsv7M4_T_le_v4SPD16_eabi.lib : frexp.obj (.text)
                  20007930    00000028     driverlib.a : prcm.obj (.text:PRCMPeripheralClkDisable)
                  20007958    00000024                 : uart.obj (.text:UARTEnable)
                  2000797c    00000024     rtsv7M4_T_le_v4SPD16_eabi.lib : memmov.obj (.text)
                  200079a0    00000022     driverlib.a : spi.obj (.text:SPIReset)
                  200079c2    00000002     --HOLE-- [fill = 0]
                  200079c4    00000020                 : interrupt.obj (.text:IntRegister)
                  200079e4    00000020                 : spi.obj (.text:SPIDataGet)
                  20007a04    0000001e                 : spi.obj (.text:SPIDataPut)
                  20007a22    0000001e                 : spi.obj (.text:SPIIntRegister)
                  20007a40    0000001e                 : uart.obj (.text:UARTCharPut)
                  20007a5e    0000001c                 : uart.obj (.text:UARTCharGetNonBlocking)
                  20007a7a    0000001c     rtsv7M4_T_le_v4SPD16_eabi.lib : memccpy.obj (.text)
                  20007a96    0000001a     driverlib.a : pin.obj (.text:PinTypeSPI)
                  20007ab0    0000001a                 : pin.obj (.text:PinTypeUART)
                  20007aca    00000018                 : spi.obj (.text:SPICSDisable)
                  20007ae2    00000018                 : spi.obj (.text:SPICSEnable)
                  20007afa    00000018                 : spi.obj (.text:SPIEnable)
                  20007b12    00000018                 : uart.obj (.text:UARTCharsAvail)
                  20007b2a    00000002     --HOLE-- [fill = 0]
                  20007b2c    00000018     rtsv7M4_T_le_v4SPD16_eabi.lib : args_main.obj (.text)
                  20007b44    00000016     driverlib.a : prcm.obj (.text:PRCMHIBRegRead)
                  20007b5a    00000016                 : prcm.obj (.text:PRCMHIBRegWrite)
                  20007b70    00000016                 : uart.obj (.text:UARTCharGet)
                  20007b86    00000016     rtsv7M4_T_le_v4SPD16_eabi.lib : strchr.obj (.text)
                  20007b9c    00000014     driverlib.a : cpu.obj (.text:CPUcpsie)
                  20007bb0    00000014                 : interrupt.obj (.text:IntVTableBaseSet)
                  20007bc4    00000014     rtsv7M4_T_le_v4SPD16_eabi.lib : _lock.obj (.text)
                  20007bd8    00000014                                   : strlen.obj (.text)
                  20007bec    0000000e                                   : copy_decompress_none.obj (.text:decompress:none)
                  20007bfa    0000000e     startup_ccs.obj (.text)
                  20007c08    0000000c     rtsv7M4_T_le_v4SPD16_eabi.lib : copy_zero_init.obj (.text:decompress:ZI)
                  20007c14    0000000a     driverlib.a : interrupt.obj (.text:IntMasterEnable)
                  20007c1e    00000006                 : utils.obj (.text:UtilsDelay)
                  20007c24    00000006     rtsv7M4_T_le_v4SPD16_eabi.lib : copy_decompress_rle.obj (.text:decompress:rle24)
                  20007c2a    00000004                                   : pre_init.obj (.text)

.const     0    20007c30    00000368     
                  20007c30    00000101     rtsv7M4_T_le_v4SPD16_eabi.lib : ctype.obj (.const:.string:_ctypes_)
                  20007d31    00000003     --HOLE-- [fill = 0]
                  20007d34    00000100     driverlib.a : pin.obj (.const:g_ulPinToPadMap)
                  20007e34    000000a8                 : prcm.obj (.const:PRCM_PeriphRegsList)
                  20007edc    00000080                 : interrupt.obj (.const)
                  20007f5c    00000024                 : spi.obj (.const:g_ppulSPIIntMap)
                  20007f80    00000018                 : spi.obj (.const)

.cinit     0    20007f98    00000078     
                  20007f98    0000004e     (.cinit..data.load) [load image, compression = rle]
                  20007fe6    00000002     --HOLE-- [fill = 0]
                  20007fe8    0000000c     (__TI_handler_table)
                  20007ff4    00000004     --HOLE-- [fill = 0]
                  20007ff8    00000008     (.cinit..bss.load) [load image, compression = zero_init]
                  20008000    00000010     (__TI_cinit_table)

.sysmem    0    20017000    00000800     UNINITIALIZED
                  20017000    00000008     rtsv7M4_T_le_v4SPD16_eabi.lib : memory.obj (.sysmem)
                  20017008    000007f8     --HOLE--

.data      0    20017800    0000015c     UNINITIALIZED
                  20017800    000000b0     rtsv7M4_T_le_v4SPD16_eabi.lib : signal.obj (.data:sigtable)
                  200178b0    00000080                                   : xvalues.obj (.data)
                  20017930    0000000c                                   : memory.obj (.data)
                  2001793c    00000008                                   : _lock.obj (.data)
                  20017944    00000008                                   : exit.obj (.data)
                  2001794c    00000008                                   : feraiseexcept.obj (.data)
                  20017954    00000004                                   : errno.obj (.data)
                  20017958    00000004                                   : stkdepth_vars.obj (.data)

.TI.persistent 
*          0    20017800    00000000     UNINITIALIZED

.bss       0    2001795c    00000132     UNINITIALIZED
                  2001795c    00000064     L6472.obj (.bss:g_ucRxBuff)
                  200179c0    00000064     L6472.obj (.bss:g_ucTxBuff)
                  20017a24    00000064     main.obj (.bss:g_ucTxBuff)
                  20017a88    00000004     (.common:__Errorlog)
                  20017a8c    00000001     (.common:ucRxBuffNdx)
                  20017a8d    00000001     (.common:ucTxBuffNdx)

.TI.noinit 
*          0    2001795c    00000000     UNINITIALIZED

.stack     0    2002f800    00000800     UNINITIALIZED
                  2002f800    00000800     --HOLE--


LINKER GENERATED COPY TABLES

__TI_cinit_table @ 20008000 records: 2, size/record: 8, table size: 16
	.data: load addr=20007f98, load size=0000004e bytes, run addr=20017800, run size=0000015c bytes, compression=rle
	.bss: load addr=20007ff8, load size=00000008 bytes, run addr=2001795c, run size=00000132 bytes, compression=zero_init


LINKER GENERATED HANDLER TABLE

__TI_handler_table @ 20007fe8 records: 3, size/record: 4, table size: 12
	index: 0, handler: __TI_decompress_rle24
	index: 1, handler: __TI_decompress_none
	index: 2, handler: __TI_zero_init


GLOBAL SYMBOLS: SORTED ALPHABETICALLY BY Name 

address   name                    
-------   ----                    
20007691  C$$EXIT                 
20007b9d  CPUcpsie                
20005c71  ClearTerm               
20005c7b  Error                   
20005cb3  GetCmd                  
20005c31  InitTerm                
20006b35  IntEnable               
20007c15  IntMasterEnable         
200079c5  IntRegister             
20007bb1  IntVTableBaseSet        
2000625d  L6472_init              
2000625f  L6472_spi_txrx          
20005909  MasterMain              
20005c4f  Message                 
200064e1  PRCMCC3200MCUInit       
20007b45  PRCMHIBRegRead          
20007b5b  PRCMHIBRegWrite         
20007931  PRCMPeripheralClkDisable
20007755  PRCMPeripheralClkEnable 
20006d19  PRCMPeripheralClockGet  
200072f9  PRCMPeripheralReset     
200078b1  PRCMSysResetCauseGet    
20006dad  PinConfigSet            
200076d5  PinModeSet              
2000764d  PinMuxConfig            
20007a97  PinTypeSPI              
20007ab1  PinTypeUART             
20005df1  Report                  
20007bfb  ResetISR                
UNDEFED   SHT$$INIT_ARRAY$$Base   
UNDEFED   SHT$$INIT_ARRAY$$Limit  
20007acb  SPICSDisable            
20007ae3  SPICSEnable             
20006bdd  SPIConfigSetExpClk      
200079e5  SPIDataGet              
200078dd  SPIDataGetNonBlocking   
20007a05  SPIDataPut              
20007afb  SPIEnable               
20007579  SPIIntClear             
20007449  SPIIntEnable            
20007a23  SPIIntRegister          
20007051  SPIIntStatus            
200079a1  SPIReset                
20006e35  SPITransfer             
200059d1  SlaveMain               
20005d59  TrimSpace               
20007b71  UARTCharGet             
20007a5f  UARTCharGetNonBlocking  
20007a41  UARTCharPut             
20007b13  UARTCharsAvail          
20007147  UARTConfigSetExpClk     
200077c5  UARTDisable             
20007959  UARTEnable              
20007c1f  UtilsDelay              
200077f5  _Dclass                 
200178b0  _Denorm                 
200069bf  _Dnorm                  
20006615  _Dscale                 
20007293  _Dunscale               
200178c0  _Eps                    
20017954  _Errno                  
2001794c  _Fenv                   
20007825  _Feraise                
200178d0  _Hugeval                
200178e0  _Inf                    
200178f0  _Nan                    
20017910  _Rteps                  
20017900  _Snan                   
20017950  _Tls_setup__Fenv        
20017920  _Xbig                   
20017928  _Zero                   
20030000  __STACK_END             
00000800  __STACK_SIZE            
00000800  __SYSMEM_SIZE           
20008000  __TI_CINIT_Base         
20008010  __TI_CINIT_Limit        
20007fe8  __TI_Handler_Table_Base 
20007ff4  __TI_Handler_Table_Limit
200071bd  __TI_auto_init          
20017944  __TI_cleanup_ptr        
20007bed  __TI_decompress_none    
20007c25  __TI_decompress_rle24   
20017948  __TI_dtors_ptr          
200051b5  __TI_printfi            
20007f98  __TI_static_base__      
20007c09  __TI_zero_init          
20006f45  __aeabi_cdcmpeq         
20006f45  __aeabi_cdcmple         
20006fcb  __aeabi_cdrcmple        
200075c1  __aeabi_d2iz            
200060af  __aeabi_dadd            
200063a9  __aeabi_ddiv            
20006725  __aeabi_dmul            
200060a5  __aeabi_dsub            
20007855  __aeabi_i2d             
200070cd  __aeabi_memclr          
200070cd  __aeabi_memclr4         
200070cd  __aeabi_memclr8         
20006c7d  __aeabi_memcpy          
20006c7d  __aeabi_memcpy4         
20006c7d  __aeabi_memcpy8         
200070cf  __aeabi_memset          
200070cf  __aeabi_memset4         
200070cf  __aeabi_memset8         
20005eb1  __aeabi_uldivmod        
ffffffff  __binit__               
ffffffff  __c_args__              
2002f800  __stack                 
20007b2d  _args_main              
200073f9  _c_int00                
20007c30  _ctypes_                
2001793c  _lock                   
20007bd3  _nop                    
20007bcb  _register_lock          
20007bc5  _register_unlock        
20017000  _sys_memory             
20007c2b  _system_pre_init        
20017940  _unlock                 
20007695  abort                   
200074e1  atoi                    
ffffffff  binit                   
20005865  calloc                  
2000752d  copy_in                 
2000769d  exit                    
20007791  feraiseexcept           
200055b3  free                    
20007907  frexp                   
20004000  g_pfnVectors            
200073a7  ldexp                   
20007351  ltoa                    
20005a43  main                    
20017958  main_func_sp            
2000554b  malloc                  
20005781  memalign                
20007a7b  memccpy                 
20006c7d  memcpy                  
2000797d  memmove                 
200070d5  memset                  
200054bd  minit                   
20007883  raise                   
20005675  realloc                 
20007715  signal                  
20007b87  strchr                  
20007bd9  strlen                  
20006ebd  vsnprintf               
200062b5  x_byte_txrx             
20006319  x_get_max_speed         
200062f3  x_set_max_speed         
200062d3  y_byte_txrx             
20006369  y_get_max_speed         
20006343  y_set_max_speed         


GLOBAL SYMBOLS: SORTED BY Symbol Address 

address   name                    
-------   ----                    
00000800  __STACK_SIZE            
00000800  __SYSMEM_SIZE           
20004000  g_pfnVectors            
200051b5  __TI_printfi            
200054bd  minit                   
2000554b  malloc                  
200055b3  free                    
20005675  realloc                 
20005781  memalign                
20005865  calloc                  
20005909  MasterMain              
200059d1  SlaveMain               
20005a43  main                    
20005c31  InitTerm                
20005c4f  Message                 
20005c71  ClearTerm               
20005c7b  Error                   
20005cb3  GetCmd                  
20005d59  TrimSpace               
20005df1  Report                  
20005eb1  __aeabi_uldivmod        
200060a5  __aeabi_dsub            
200060af  __aeabi_dadd            
2000625d  L6472_init              
2000625f  L6472_spi_txrx          
200062b5  x_byte_txrx             
200062d3  y_byte_txrx             
200062f3  x_set_max_speed         
20006319  x_get_max_speed         
20006343  y_set_max_speed         
20006369  y_get_max_speed         
200063a9  __aeabi_ddiv            
200064e1  PRCMCC3200MCUInit       
20006615  _Dscale                 
20006725  __aeabi_dmul            
200069bf  _Dnorm                  
20006b35  IntEnable               
20006bdd  SPIConfigSetExpClk      
20006c7d  __aeabi_memcpy          
20006c7d  __aeabi_memcpy4         
20006c7d  __aeabi_memcpy8         
20006c7d  memcpy                  
20006d19  PRCMPeripheralClockGet  
20006dad  PinConfigSet            
20006e35  SPITransfer             
20006ebd  vsnprintf               
20006f45  __aeabi_cdcmpeq         
20006f45  __aeabi_cdcmple         
20006fcb  __aeabi_cdrcmple        
20007051  SPIIntStatus            
200070cd  __aeabi_memclr          
200070cd  __aeabi_memclr4         
200070cd  __aeabi_memclr8         
200070cf  __aeabi_memset          
200070cf  __aeabi_memset4         
200070cf  __aeabi_memset8         
200070d5  memset                  
20007147  UARTConfigSetExpClk     
200071bd  __TI_auto_init          
20007293  _Dunscale               
200072f9  PRCMPeripheralReset     
20007351  ltoa                    
200073a7  ldexp                   
200073f9  _c_int00                
20007449  SPIIntEnable            
200074e1  atoi                    
2000752d  copy_in                 
20007579  SPIIntClear             
200075c1  __aeabi_d2iz            
2000764d  PinMuxConfig            
20007691  C$$EXIT                 
20007695  abort                   
2000769d  exit                    
200076d5  PinModeSet              
20007715  signal                  
20007755  PRCMPeripheralClkEnable 
20007791  feraiseexcept           
200077c5  UARTDisable             
200077f5  _Dclass                 
20007825  _Feraise                
20007855  __aeabi_i2d             
20007883  raise                   
200078b1  PRCMSysResetCauseGet    
200078dd  SPIDataGetNonBlocking   
20007907  frexp                   
20007931  PRCMPeripheralClkDisable
20007959  UARTEnable              
2000797d  memmove                 
200079a1  SPIReset                
200079c5  IntRegister             
200079e5  SPIDataGet              
20007a05  SPIDataPut              
20007a23  SPIIntRegister          
20007a41  UARTCharPut             
20007a5f  UARTCharGetNonBlocking  
20007a7b  memccpy                 
20007a97  PinTypeSPI              
20007ab1  PinTypeUART             
20007acb  SPICSDisable            
20007ae3  SPICSEnable             
20007afb  SPIEnable               
20007b13  UARTCharsAvail          
20007b2d  _args_main              
20007b45  PRCMHIBRegRead          
20007b5b  PRCMHIBRegWrite         
20007b71  UARTCharGet             
20007b87  strchr                  
20007b9d  CPUcpsie                
20007bb1  IntVTableBaseSet        
20007bc5  _register_unlock        
20007bcb  _register_lock          
20007bd3  _nop                    
20007bd9  strlen                  
20007bed  __TI_decompress_none    
20007bfb  ResetISR                
20007c09  __TI_zero_init          
20007c15  IntMasterEnable         
20007c1f  UtilsDelay              
20007c25  __TI_decompress_rle24   
20007c2b  _system_pre_init        
20007c30  _ctypes_                
20007f98  __TI_static_base__      
20007fe8  __TI_Handler_Table_Base 
20007ff4  __TI_Handler_Table_Limit
20008000  __TI_CINIT_Base         
20008010  __TI_CINIT_Limit        
20017000  _sys_memory             
200178b0  _Denorm                 
200178c0  _Eps                    
200178d0  _Hugeval                
200178e0  _Inf                    
200178f0  _Nan                    
20017900  _Snan                   
20017910  _Rteps                  
20017920  _Xbig                   
20017928  _Zero                   
2001793c  _lock                   
20017940  _unlock                 
20017944  __TI_cleanup_ptr        
20017948  __TI_dtors_ptr          
2001794c  _Fenv                   
20017950  _Tls_setup__Fenv        
20017954  _Errno                  
20017958  main_func_sp            
2002f800  __stack                 
20030000  __STACK_END             
ffffffff  __binit__               
ffffffff  __c_args__              
ffffffff  binit                   
UNDEFED   SHT$$INIT_ARRAY$$Base   
UNDEFED   SHT$$INIT_ARRAY$$Limit  

[151 symbols]
