******************************************************************************
                  TI ARM Linker PC v5.2.5                      
******************************************************************************
>> Linked Sat Mar 26 21:44:09 2016

OUTPUT FILE NAME:   <spi_demo.out>
ENTRY POINT SYMBOL: "_c_int00"  address: 2000775d


MEMORY CONFIGURATION

         name            origin    length      used     unused   attr    fill
----------------------  --------  ---------  --------  --------  ----  --------
  SRAM_CODE             20004000   00013000  00003fca  0000f036  RW X
  SRAM_DATA             20017000   00019000  00001228  00017dd8  RW X


SEGMENT ALLOCATION MAP

run origin  load origin   length   init length attrs members
----------  ----------- ---------- ----------- ----- -------
20004000    20004000    00003fd0   00003fd0    r-x
  20004000    20004000    00000400   00000400    r-- .intvecs
  20004400    20004400    00003826   00003826    r-x .text
  20007c28    20007c28    0000032c   0000032c    r-- .const
  20007f58    20007f58    00000078   00000078    r-- .cinit
20017000    20017000    00000a28   00000000    rw-
  20017000    20017000    00000800   00000000    rw- .sysmem
  20017800    20017800    0000015c   00000000    rw- .data
  2001795c    2001795c    000000cc   00000000    rw- .bss
2002f800    2002f800    00000800   00000000    rw-
  2002f800    2002f800    00000800   00000000    rw- .stack


SECTION ALLOCATION MAP

 output                                  attributes/
section   page    origin      length       input sections
--------  ----  ----------  ----------   ----------------
.intvecs   0    20004000    00000400     
                  20004000    00000400     startup_ccs.obj (.intvecs)

.init_array 
*          0    20004000    00000000     UNINITIALIZED

.text      0    20004400    00003826     
                  20004400    000010a6     rtsv7M4_T_le_eabi.lib : _printfi.obj (.text)
                  200054a6    00000002     --HOLE-- [fill = 0]
                  200054a8    00000480     L6472.obj (.text)
                  20005928    000003dc     rtsv7M4_T_le_eabi.lib : memory.obj (.text)
                  20005d04    00000280     uart_if.obj (.text)
                  20005f84    000001f4     rtsv7M4_T_le_eabi.lib : ull_div_t2.obj (.text)
                  20006178    000001b6                           : fd_add_t2.obj (.text)
                  2000632e    00000002     --HOLE-- [fill = 0]
                  20006330    00000144     main.obj (.text)
                  20006474    00000136     rtsv7M4_T_le_eabi.lib : fd_div_t2.obj (.text)
                  200065aa    00000002     --HOLE-- [fill = 0]
                  200065ac    00000134     driverlib.a : prcm.obj (.text:PRCMCC3200MCUInit)
                  200066e0    00000110     rtsv7M4_T_le_eabi.lib : xdscale.obj (.text)
                  200067f0    000000fc                           : fd_mul_t2.obj (.text)
                  200068ec    000000d0     driverlib.a : spi.obj (.text:SPITransfer32)
                  200069bc    000000ce                 : spi.obj (.text:SPITransfer16)
                  20006a8a    000000be     rtsv7M4_T_le_eabi.lib : xdnorm.obj (.text)
                  20006b48    000000b8     driverlib.a : spi.obj (.text:SPITransfer8)
                  20006c00    000000a8                 : interrupt.obj (.text:IntEnable)
                  20006ca8    000000a0                 : spi.obj (.text:SPIConfigSetExpClk)
                  20006d48    0000009c     rtsv7M4_T_le_eabi.lib : memcpy_t2.obj (.text)
                  20006de4    00000094     driverlib.a : prcm.obj (.text:PRCMPeripheralClockGet)
                  20006e78    00000088                 : pin.obj (.text:PinConfigSet)
                  20006f00    00000088                 : spi.obj (.text:SPITransfer)
                  20006f88    00000088     rtsv7M4_T_le_eabi.lib : vsnprintf.obj (.text)
                  20007010    00000086                           : fd_cmp_t2.obj (.text:__aeabi_cdcmple)
                  20007096    00000086                           : fd_cmp_t2.obj (.text:__aeabi_cdrcmple)
                  2000711c    0000007a                           : fs_mul_t2.obj (.text)
                  20007196    0000007a                           : memset_t2.obj (.text)
                  20007210    00000076     driverlib.a : uart.obj (.text:UARTConfigSetExpClk)
                  20007286    00000002     --HOLE-- [fill = 0]
                  20007288    0000006c     rtsv7M4_T_le_eabi.lib : autoinit.obj (.text)
                  200072f4    0000006a                           : copy_decompress_rle.obj (.text)
                  2000735e    00000066                           : xdunscal.obj (.text)
                  200073c4    00000060                           : fs_cmp_t2.obj (.text:__aeabi_cfcmple)
                  20007424    00000060                           : fs_cmp_t2.obj (.text:__aeabi_cfrcmple)
                  20007484    00000058     driverlib.a : prcm.obj (.text:PRCMPeripheralReset)
                  200074dc    00000056     rtsv7M4_T_le_eabi.lib : ltoa.obj (.text)
                  20007532    00000002     --HOLE-- [fill = 0]
                  20007534    0000004c                           : atoi.obj (.text)
                  20007580    0000004c                           : cpy_tbl.obj (.text)
                  200075cc    00000048                           : fd_toi_t2.obj (.text)
                  20007614    00000046                           : ldexp.obj (.text)
                  2000765a    00000002     --HOLE-- [fill = 0]
                  2000765c    00000044                           : exit.obj (.text)
                  200076a0    00000040     driverlib.a : pin.obj (.text:PinModeSet)
                  200076e0    00000040     rtsv7M4_T_le_eabi.lib : signal.obj (.text)
                  20007720    0000003c     driverlib.a : prcm.obj (.text:PRCMPeripheralClkEnable)
                  2000775c    0000003c     rtsv7M4_T_le_eabi.lib : boot.obj (.text)
                  20007798    00000038                           : fs_toi_t2.obj (.text)
                  200077d0    00000036     driverlib.a : gpio.obj (.text:GPIODirModeSet)
                  20007806    00000002     --HOLE-- [fill = 0]
                  20007808    00000034     rtsv7M4_T_le_eabi.lib : feraiseexcept.obj (.text)
                  2000783c    00000030     driverlib.a : pin.obj (.text:PinTypeGPIO)
                  2000786c    00000030                 : uart.obj (.text:UARTDisable)
                  2000789c    00000030     rtsv7M4_T_le_eabi.lib : xferaise.obj (.text)
                  200078cc    0000002e                           : i_tofd_t2.obj (.text)
                  200078fa    0000002e                           : raise.obj (.text)
                  20007928    0000002c     driverlib.a : prcm.obj (.text:PRCMSysResetCauseGet)
                  20007954    0000002a     rtsv7M4_T_le_eabi.lib : xdclass.obj (.text)
                  2000797e    00000002     --HOLE-- [fill = 0]
                  20007980    00000028     driverlib.a : prcm.obj (.text:PRCMPeripheralClkDisable)
                  200079a8    00000024                 : uart.obj (.text:UARTEnable)
                  200079cc    00000024     rtsv7M4_T_le_eabi.lib : memmov.obj (.text)
                  200079f0    00000022     driverlib.a : spi.obj (.text:SPIReset)
                  20007a12    00000022     rtsv7M4_T_le_eabi.lib : frexp.obj (.text)
                  20007a34    0000001e     driverlib.a : uart.obj (.text:UARTCharPut)
                  20007a52    0000001c                 : uart.obj (.text:UARTCharGetNonBlocking)
                  20007a6e    0000001c     pinmux.obj (.text)
                  20007a8a    0000001c     rtsv7M4_T_le_eabi.lib : memccpy.obj (.text)
                  20007aa6    0000001a     driverlib.a : pin.obj (.text:PinTypeSPI)
                  20007ac0    0000001a                 : pin.obj (.text:PinTypeUART)
                  20007ada    00000018                 : gpio.obj (.text:GPIOPinRead)
                  20007af2    00000018                 : spi.obj (.text:SPIEnable)
                  20007b0a    00000018                 : uart.obj (.text:UARTCharsAvail)
                  20007b22    00000002     --HOLE-- [fill = 0]
                  20007b24    00000018     rtsv7M4_T_le_eabi.lib : args_main.obj (.text)
                  20007b3c    00000016     driverlib.a : prcm.obj (.text:PRCMHIBRegRead)
                  20007b52    00000016                 : prcm.obj (.text:PRCMHIBRegWrite)
                  20007b68    00000016                 : uart.obj (.text:UARTCharGet)
                  20007b7e    00000016     rtsv7M4_T_le_eabi.lib : strchr.obj (.text)
                  20007b94    00000014     driverlib.a : cpu.obj (.text:CPUcpsie)
                  20007ba8    00000014                 : interrupt.obj (.text:IntVTableBaseSet)
                  20007bbc    00000014     rtsv7M4_T_le_eabi.lib : _lock.obj (.text)
                  20007bd0    00000014                           : strlen.obj (.text)
                  20007be4    0000000e                           : copy_decompress_none.obj (.text:decompress:none)
                  20007bf2    0000000e     startup_ccs.obj (.text)
                  20007c00    0000000c     rtsv7M4_T_le_eabi.lib : copy_zero_init.obj (.text:decompress:ZI)
                  20007c0c    0000000a     driverlib.a : interrupt.obj (.text:IntMasterEnable)
                  20007c16    00000006                 : utils.obj (.text:UtilsDelay)
                  20007c1c    00000006     rtsv7M4_T_le_eabi.lib : copy_decompress_rle.obj (.text:decompress:rle24)
                  20007c22    00000004                           : pre_init.obj (.text)

.const     0    20007c28    0000032c     
                  20007c28    00000101     rtsv7M4_T_le_eabi.lib : ctype.obj (.const:.string:_ctypes_)
                  20007d29    00000003     --HOLE-- [fill = 0]
                  20007d2c    00000100     driverlib.a : pin.obj (.const:g_ulPinToPadMap)
                  20007e2c    000000a8                 : prcm.obj (.const:PRCM_PeriphRegsList)
                  20007ed4    00000080                 : interrupt.obj (.const)

.cinit     0    20007f58    00000078     
                  20007f58    0000004e     (.cinit..data.load) [load image, compression = rle]
                  20007fa6    00000002     --HOLE-- [fill = 0]
                  20007fa8    0000000c     (__TI_handler_table)
                  20007fb4    00000004     --HOLE-- [fill = 0]
                  20007fb8    00000008     (.cinit..bss.load) [load image, compression = zero_init]
                  20007fc0    00000010     (__TI_cinit_table)

.sysmem    0    20017000    00000800     UNINITIALIZED
                  20017000    00000008     rtsv7M4_T_le_eabi.lib : memory.obj (.sysmem)
                  20017008    000007f8     --HOLE--

.data      0    20017800    0000015c     UNINITIALIZED
                  20017800    000000b0     rtsv7M4_T_le_eabi.lib : signal.obj (.data:sigtable)
                  200178b0    00000080                           : xvalues.obj (.data)
                  20017930    0000000c                           : memory.obj (.data)
                  2001793c    00000008                           : _lock.obj (.data)
                  20017944    00000008                           : exit.obj (.data)
                  2001794c    00000008                           : feraiseexcept.obj (.data)
                  20017954    00000004                           : errno.obj (.data)
                  20017958    00000004                           : stkdepth_vars.obj (.data)

.TI.persistent 
*          0    20017800    00000000     UNINITIALIZED

.bss       0    2001795c    000000cc     UNINITIALIZED
                  2001795c    00000064     L6472.obj (.bss:g_ucRxBuff)
                  200179c0    00000064     L6472.obj (.bss:g_ucTxBuff)
                  20017a24    00000004     (.common:__Errorlog)

.TI.noinit 
*          0    2001795c    00000000     UNINITIALIZED

.stack     0    2002f800    00000800     UNINITIALIZED
                  2002f800    00000800     --HOLE--


LINKER GENERATED COPY TABLES

__TI_cinit_table @ 20007fc0 records: 2, size/record: 8, table size: 16
	.data: load addr=20007f58, load size=0000004e bytes, run addr=20017800, run size=0000015c bytes, compression=rle
	.bss: load addr=20007fb8, load size=00000008 bytes, run addr=2001795c, run size=000000cc bytes, compression=zero_init


LINKER GENERATED HANDLER TABLE

__TI_handler_table @ 20007fa8 records: 3, size/record: 4, table size: 12
	index: 0, handler: __TI_decompress_rle24
	index: 1, handler: __TI_decompress_none
	index: 2, handler: __TI_zero_init


GLOBAL SYMBOLS: SORTED ALPHABETICALLY BY Name 

address   name                    
-------   ----                    
2000765d  C$$EXIT                 
20007b95  CPUcpsie                
20005d45  ClearTerm               
20005d4f  Error                   
200077d1  GPIODirModeSet          
20007adb  GPIOPinRead             
20005d87  GetCmd                  
20005d05  InitTerm                
20006c01  IntEnable               
20007c0d  IntMasterEnable         
20007ba9  IntVTableBaseSet        
200054a9  L6472_init              
2000578b  L6472_spi_txrx          
20005d23  Message                 
200065ad  PRCMCC3200MCUInit       
20007b3d  PRCMHIBRegRead          
20007b53  PRCMHIBRegWrite         
20007981  PRCMPeripheralClkDisable
20007721  PRCMPeripheralClkEnable 
20006de5  PRCMPeripheralClockGet  
20007485  PRCMPeripheralReset     
20007929  PRCMSysResetCauseGet    
20006e79  PinConfigSet            
200076a1  PinModeSet              
20007a6f  PinMuxConfig            
2000783d  PinTypeGPIO             
20007aa7  PinTypeSPI              
20007ac1  PinTypeUART             
20005ec5  Report                  
20007bf3  ResetISR                
UNDEFED   SHT$$INIT_ARRAY$$Base   
UNDEFED   SHT$$INIT_ARRAY$$Limit  
20006ca9  SPIConfigSetExpClk      
20007af3  SPIEnable               
200079f1  SPIReset                
20006f01  SPITransfer             
20005e2d  TrimSpace               
20007b69  UARTCharGet             
20007a53  UARTCharGetNonBlocking  
20007a35  UARTCharPut             
20007b0b  UARTCharsAvail          
20007211  UARTConfigSetExpClk     
2000786d  UARTDisable             
200079a9  UARTEnable              
20007c17  UtilsDelay              
20007955  _Dclass                 
200178b0  _Denorm                 
20006a8b  _Dnorm                  
200066e1  _Dscale                 
2000735f  _Dunscale               
200178c0  _Eps                    
20017954  _Errno                  
2001794c  _Fenv                   
2000789d  _Feraise                
200178d0  _Hugeval                
200178e0  _Inf                    
200178f0  _Nan                    
20017910  _Rteps                  
20017900  _Snan                   
20017950  _Tls_setup__Fenv        
20017920  _Xbig                   
20017928  _Zero                   
20030000  __STACK_END             
00000800  __STACK_SIZE            
00000800  __SYSMEM_SIZE           
20007fc0  __TI_CINIT_Base         
20007fd0  __TI_CINIT_Limit        
20007fa8  __TI_Handler_Table_Base 
20007fb4  __TI_Handler_Table_Limit
20007289  __TI_auto_init          
20017944  __TI_cleanup_ptr        
20007be5  __TI_decompress_none    
20007c1d  __TI_decompress_rle24   
20017948  __TI_dtors_ptr          
200051a1  __TI_printfi            
20007f58  __TI_static_base__      
20007c01  __TI_zero_init          
20007011  __aeabi_cdcmpeq         
20007011  __aeabi_cdcmple         
20007097  __aeabi_cdrcmple        
200073c5  __aeabi_cfcmpeq         
200073c5  __aeabi_cfcmple         
20007425  __aeabi_cfrcmple        
200075cd  __aeabi_d2iz            
20006183  __aeabi_dadd            
20006475  __aeabi_ddiv            
200067f1  __aeabi_dmul            
20006179  __aeabi_dsub            
20007799  __aeabi_f2iz            
2000711d  __aeabi_fmul            
200078cd  __aeabi_i2d             
20007197  __aeabi_memclr          
20007197  __aeabi_memclr4         
20007197  __aeabi_memclr8         
20006d49  __aeabi_memcpy          
20006d49  __aeabi_memcpy4         
20006d49  __aeabi_memcpy8         
20007199  __aeabi_memset          
20007199  __aeabi_memset4         
20007199  __aeabi_memset8         
20005f85  __aeabi_uldivmod        
ffffffff  __binit__               
ffffffff  __c_args__              
2002f800  __stack                 
20007b25  _args_main              
2000775d  _c_int00                
20007c28  _ctypes_                
2001793c  _lock                   
20007bcb  _nop                    
20007bc3  _register_lock          
20007bbd  _register_unlock        
20017000  _sys_memory             
20007c23  _system_pre_init        
20017940  _unlock                 
20007661  abort                   
20007535  atoi                    
ffffffff  binit                   
20005cd1  calloc                  
20007581  copy_in                 
20007669  exit                    
20007809  feraiseexcept           
20005a1f  free                    
20007a13  frexp                   
20004000  g_pfnVectors            
20005759  get_status              
20007615  ldexp                   
200074dd  ltoa                    
20006349  main                    
20017958  main_func_sp            
200059b7  malloc                  
20005bed  memalign                
20007a8b  memccpy                 
20006d49  memcpy                  
200079cd  memmove                 
2000719f  memset                  
20005929  minit                   
200078fb  raise                   
20005ae1  realloc                 
200076e1  signal                  
20007b7f  strchr                  
20007bd1  strlen                  
20006f89  vsnprintf               
20005901  x_busy                  
20005899  x_byte_txrx             
2000571b  x_get_max_speed         
200056df  x_goto_origin           
200058bd  x_move                  
20005669  x_move_mm               
200056a9  x_release_bridge        
2000565f  x_reset                 
200056f5  x_set_max_speed         
200056b3  x_set_origin            
2000587d  x_set_run_current       
200056e9  x_wait                  
20005551  xy_wait                 
20005869  y_busy                  
200057f7  y_byte_txrx             
20005621  y_get_max_speed         
200055e5  y_goto_origin           
20005825  y_move                  
2000556f  y_move_mm               
200055af  y_release_bridge        
20005565  y_reset                 
200055fb  y_set_max_speed         
200055b9  y_set_origin            
200057e1  y_set_run_current       
200055ef  y_wait                  


GLOBAL SYMBOLS: SORTED BY Symbol Address 

address   name                    
-------   ----                    
00000800  __STACK_SIZE            
00000800  __SYSMEM_SIZE           
20004000  g_pfnVectors            
200051a1  __TI_printfi            
200054a9  L6472_init              
20005551  xy_wait                 
20005565  y_reset                 
2000556f  y_move_mm               
200055af  y_release_bridge        
200055b9  y_set_origin            
200055e5  y_goto_origin           
200055ef  y_wait                  
200055fb  y_set_max_speed         
20005621  y_get_max_speed         
2000565f  x_reset                 
20005669  x_move_mm               
200056a9  x_release_bridge        
200056b3  x_set_origin            
200056df  x_goto_origin           
200056e9  x_wait                  
200056f5  x_set_max_speed         
2000571b  x_get_max_speed         
20005759  get_status              
2000578b  L6472_spi_txrx          
200057e1  y_set_run_current       
200057f7  y_byte_txrx             
20005825  y_move                  
20005869  y_busy                  
2000587d  x_set_run_current       
20005899  x_byte_txrx             
200058bd  x_move                  
20005901  x_busy                  
20005929  minit                   
200059b7  malloc                  
20005a1f  free                    
20005ae1  realloc                 
20005bed  memalign                
20005cd1  calloc                  
20005d05  InitTerm                
20005d23  Message                 
20005d45  ClearTerm               
20005d4f  Error                   
20005d87  GetCmd                  
20005e2d  TrimSpace               
20005ec5  Report                  
20005f85  __aeabi_uldivmod        
20006179  __aeabi_dsub            
20006183  __aeabi_dadd            
20006349  main                    
20006475  __aeabi_ddiv            
200065ad  PRCMCC3200MCUInit       
200066e1  _Dscale                 
200067f1  __aeabi_dmul            
20006a8b  _Dnorm                  
20006c01  IntEnable               
20006ca9  SPIConfigSetExpClk      
20006d49  __aeabi_memcpy          
20006d49  __aeabi_memcpy4         
20006d49  __aeabi_memcpy8         
20006d49  memcpy                  
20006de5  PRCMPeripheralClockGet  
20006e79  PinConfigSet            
20006f01  SPITransfer             
20006f89  vsnprintf               
20007011  __aeabi_cdcmpeq         
20007011  __aeabi_cdcmple         
20007097  __aeabi_cdrcmple        
2000711d  __aeabi_fmul            
20007197  __aeabi_memclr          
20007197  __aeabi_memclr4         
20007197  __aeabi_memclr8         
20007199  __aeabi_memset          
20007199  __aeabi_memset4         
20007199  __aeabi_memset8         
2000719f  memset                  
20007211  UARTConfigSetExpClk     
20007289  __TI_auto_init          
2000735f  _Dunscale               
200073c5  __aeabi_cfcmpeq         
200073c5  __aeabi_cfcmple         
20007425  __aeabi_cfrcmple        
20007485  PRCMPeripheralReset     
200074dd  ltoa                    
20007535  atoi                    
20007581  copy_in                 
200075cd  __aeabi_d2iz            
20007615  ldexp                   
2000765d  C$$EXIT                 
20007661  abort                   
20007669  exit                    
200076a1  PinModeSet              
200076e1  signal                  
20007721  PRCMPeripheralClkEnable 
2000775d  _c_int00                
20007799  __aeabi_f2iz            
200077d1  GPIODirModeSet          
20007809  feraiseexcept           
2000783d  PinTypeGPIO             
2000786d  UARTDisable             
2000789d  _Feraise                
200078cd  __aeabi_i2d             
200078fb  raise                   
20007929  PRCMSysResetCauseGet    
20007955  _Dclass                 
20007981  PRCMPeripheralClkDisable
200079a9  UARTEnable              
200079cd  memmove                 
200079f1  SPIReset                
20007a13  frexp                   
20007a35  UARTCharPut             
20007a53  UARTCharGetNonBlocking  
20007a6f  PinMuxConfig            
20007a8b  memccpy                 
20007aa7  PinTypeSPI              
20007ac1  PinTypeUART             
20007adb  GPIOPinRead             
20007af3  SPIEnable               
20007b0b  UARTCharsAvail          
20007b25  _args_main              
20007b3d  PRCMHIBRegRead          
20007b53  PRCMHIBRegWrite         
20007b69  UARTCharGet             
20007b7f  strchr                  
20007b95  CPUcpsie                
20007ba9  IntVTableBaseSet        
20007bbd  _register_unlock        
20007bc3  _register_lock          
20007bcb  _nop                    
20007bd1  strlen                  
20007be5  __TI_decompress_none    
20007bf3  ResetISR                
20007c01  __TI_zero_init          
20007c0d  IntMasterEnable         
20007c17  UtilsDelay              
20007c1d  __TI_decompress_rle24   
20007c23  _system_pre_init        
20007c28  _ctypes_                
20007f58  __TI_static_base__      
20007fa8  __TI_Handler_Table_Base 
20007fb4  __TI_Handler_Table_Limit
20007fc0  __TI_CINIT_Base         
20007fd0  __TI_CINIT_Limit        
20017000  _sys_memory             
200178b0  _Denorm                 
200178c0  _Eps                    
200178d0  _Hugeval                
200178e0  _Inf                    
200178f0  _Nan                    
20017900  _Snan                   
20017910  _Rteps                  
20017920  _Xbig                   
20017928  _Zero                   
2001793c  _lock                   
20017940  _unlock                 
20017944  __TI_cleanup_ptr        
20017948  __TI_dtors_ptr          
2001794c  _Fenv                   
20017950  _Tls_setup__Fenv        
20017954  _Errno                  
20017958  main_func_sp            
2002f800  __stack                 
20030000  __STACK_END             
ffffffff  __binit__               
ffffffff  __c_args__              
ffffffff  binit                   
UNDEFED   SHT$$INIT_ARRAY$$Base   
UNDEFED   SHT$$INIT_ARRAY$$Limit  

[167 symbols]
