******************************************************************************
                  TI ARM Linker PC v5.2.5                      
******************************************************************************
>> Linked Sun Apr 03 21:37:58 2016

OUTPUT FILE NAME:   <spi_demo.out>
ENTRY POINT SYMBOL: "_c_int00"  address: 20008921


MEMORY CONFIGURATION

         name            origin    length      used     unused   attr    fill
----------------------  --------  ---------  --------  --------  ----  --------
  SRAM_CODE             20004000   00013000  0000521a  0000dde6  RW X
  SRAM_DATA             20017000   00019000  00001239  00017dc7  RW X


SEGMENT ALLOCATION MAP

run origin  load origin   length   init length attrs members
----------  ----------- ---------- ----------- ----- -------
20004000    20004000    00005220   00005220    r-x
  20004000    20004000    00000400   00000400    r-- .intvecs
  20004400    20004400    00004a76   00004a76    r-x .text
  20008e78    20008e78    0000032c   0000032c    r-- .const
  200091a8    200091a8    00000078   00000078    r-- .cinit
20017000    20017000    00000a39   00000000    rw-
  20017000    20017000    00000800   00000000    rw- .sysmem
  20017800    20017800    0000016c   00000000    rw- .data
  2001796c    2001796c    000000cd   00000000    rw- .bss
2002f800    2002f800    00000800   00000000    rw-
  2002f800    2002f800    00000800   00000000    rw- .stack


SECTION ALLOCATION MAP

 output                                  attributes/
section   page    origin      length       input sections
--------  ----  ----------  ----------   ----------------
.intvecs   0    20004000    00000400     
                  20004000    00000400     startup_ccs.obj (.intvecs)

.init_array 
*          0    20004000    00000000     UNINITIALIZED

.text      0    20004400    00004a76     
                  20004400    000010a6     rtsv7M4_T_le_eabi.lib : _printfi.obj (.text)
                  200054a6    00000002     --HOLE-- [fill = 0]
                  200054a8    00000a70     L6472.obj (.text)
                  20005f18    000007b8     gcode.obj (.text)
                  200066d0    000003dc     rtsv7M4_T_le_eabi.lib : memory.obj (.text)
                  20006aac    00000280     uart_if.obj (.text)
                  20006d2c    000001f4     rtsv7M4_T_le_eabi.lib : ull_div_t2.obj (.text)
                  20006f20    000001c0     main.obj (.text)
                  200070e0    000001b6     rtsv7M4_T_le_eabi.lib : fd_add_t2.obj (.text)
                  20007296    00000002     --HOLE-- [fill = 0]
                  20007298    00000140                           : sqrt.obj (.text)
                  200073d8    00000136                           : fd_div_t2.obj (.text)
                  2000750e    00000002     --HOLE-- [fill = 0]
                  20007510    00000134     driverlib.a : prcm.obj (.text:PRCMCC3200MCUInit)
                  20007644    00000110     rtsv7M4_T_le_eabi.lib : xdscale.obj (.text)
                  20007754    000000fc                           : fd_mul_t2.obj (.text)
                  20007850    000000fa                           : fs_add_t2.obj (.text)
                  2000794a    000000d0     driverlib.a : spi.obj (.text:SPITransfer32)
                  20007a1a    000000ce                 : spi.obj (.text:SPITransfer16)
                  20007ae8    000000be     rtsv7M4_T_le_eabi.lib : xdnorm.obj (.text)
                  20007ba6    000000b8     driverlib.a : spi.obj (.text:SPITransfer8)
                  20007c5e    00000002     --HOLE-- [fill = 0]
                  20007c60    000000a8                 : interrupt.obj (.text:IntEnable)
                  20007d08    000000a0                 : spi.obj (.text:SPIConfigSetExpClk)
                  20007da8    0000009c     rtsv7M4_T_le_eabi.lib : memcpy_t2.obj (.text)
                  20007e44    00000094     driverlib.a : prcm.obj (.text:PRCMPeripheralClockGet)
                  20007ed8    00000092     rtsv7M4_T_le_eabi.lib : fs_div_t2.obj (.text)
                  20007f6a    00000002     --HOLE-- [fill = 0]
                  20007f6c    00000088     driverlib.a : pin.obj (.text:PinConfigSet)
                  20007ff4    00000088                 : spi.obj (.text:SPITransfer)
                  2000807c    00000088     rtsv7M4_T_le_eabi.lib : vsnprintf.obj (.text)
                  20008104    00000086                           : fd_cmp_t2.obj (.text:__aeabi_cdcmple)
                  2000818a    00000086                           : fd_cmp_t2.obj (.text:__aeabi_cdrcmple)
                  20008210    0000007a                           : fs_mul_t2.obj (.text)
                  2000828a    0000007a                           : memset_t2.obj (.text)
                  20008304    00000076     driverlib.a : uart.obj (.text:UARTConfigSetExpClk)
                  2000837a    00000002     --HOLE-- [fill = 0]
                  2000837c    0000006c     rtsv7M4_T_le_eabi.lib : autoinit.obj (.text)
                  200083e8    0000006a                           : copy_decompress_rle.obj (.text)
                  20008452    00000066                           : xdunscal.obj (.text)
                  200084b8    00000060                           : fs_cmp_t2.obj (.text:__aeabi_cfcmple)
                  20008518    00000060                           : fs_cmp_t2.obj (.text:__aeabi_cfrcmple)
                  20008578    00000058     driverlib.a : prcm.obj (.text:PRCMPeripheralReset)
                  200085d0    00000056     rtsv7M4_T_le_eabi.lib : ltoa.obj (.text)
                  20008626    00000002     --HOLE-- [fill = 0]
                  20008628    0000004c                           : atoi.obj (.text)
                  20008674    0000004c                           : cpy_tbl.obj (.text)
                  200086c0    00000048                           : fd_toi_t2.obj (.text)
                  20008708    00000048                           : fd_tos_t2.obj (.text)
                  20008750    00000046     LaserBoard.obj (.text)
                  20008796    00000046     rtsv7M4_T_le_eabi.lib : ldexp.obj (.text)
                  200087dc    00000044                           : exit.obj (.text)
                  20008820    00000044                           : fd_tou_t2.obj (.text)
                  20008864    00000040     driverlib.a : pin.obj (.text:PinModeSet)
                  200088a4    00000040     rtsv7M4_T_le_eabi.lib : signal.obj (.text)
                  200088e4    0000003c     driverlib.a : prcm.obj (.text:PRCMPeripheralClkEnable)
                  20008920    0000003c     rtsv7M4_T_le_eabi.lib : boot.obj (.text)
                  2000895c    00000038                           : fs_tod_t2.obj (.text)
                  20008994    00000038                           : fs_toi_t2.obj (.text)
                  200089cc    00000036     driverlib.a : gpio.obj (.text:GPIODirModeSet)
                  20008a02    00000002     --HOLE-- [fill = 0]
                  20008a04    00000034     rtsv7M4_T_le_eabi.lib : feraiseexcept.obj (.text)
                  20008a38    00000034                           : fs_tou_t2.obj (.text)
                  20008a6c    00000030     driverlib.a : pin.obj (.text:PinTypeGPIO)
                  20008a9c    00000030                 : uart.obj (.text:UARTDisable)
                  20008acc    00000030     rtsv7M4_T_le_eabi.lib : xferaise.obj (.text)
                  20008afc    0000002e                           : i_tofd_t2.obj (.text)
                  20008b2a    0000002e                           : raise.obj (.text)
                  20008b58    0000002c     driverlib.a : prcm.obj (.text:PRCMSysResetCauseGet)
                  20008b84    0000002a     rtsv7M4_T_le_eabi.lib : xdclass.obj (.text)
                  20008bae    00000002     --HOLE-- [fill = 0]
                  20008bb0    00000028     driverlib.a : prcm.obj (.text:PRCMPeripheralClkDisable)
                  20008bd8    00000024                 : uart.obj (.text:UARTEnable)
                  20008bfc    00000024     rtsv7M4_T_le_eabi.lib : memmov.obj (.text)
                  20008c20    00000022     driverlib.a : spi.obj (.text:SPIReset)
                  20008c42    00000022     rtsv7M4_T_le_eabi.lib : frexp.obj (.text)
                  20008c64    00000020     driverlib.a : gpio.obj (.text:GPIOPinWrite)
                  20008c84    0000001e                 : uart.obj (.text:UARTCharPut)
                  20008ca2    0000001c                 : uart.obj (.text:UARTCharGetNonBlocking)
                  20008cbe    0000001c     pinmux.obj (.text)
                  20008cda    0000001c     rtsv7M4_T_le_eabi.lib : memccpy.obj (.text)
                  20008cf6    0000001a     driverlib.a : pin.obj (.text:PinTypeSPI)
                  20008d10    0000001a                 : pin.obj (.text:PinTypeUART)
                  20008d2a    00000018                 : gpio.obj (.text:GPIOPinRead)
                  20008d42    00000018                 : spi.obj (.text:SPIEnable)
                  20008d5a    00000018                 : uart.obj (.text:UARTCharsAvail)
                  20008d72    00000002     --HOLE-- [fill = 0]
                  20008d74    00000018     rtsv7M4_T_le_eabi.lib : args_main.obj (.text)
                  20008d8c    00000016     driverlib.a : prcm.obj (.text:PRCMHIBRegRead)
                  20008da2    00000016                 : prcm.obj (.text:PRCMHIBRegWrite)
                  20008db8    00000016                 : uart.obj (.text:UARTCharGet)
                  20008dce    00000016     rtsv7M4_T_le_eabi.lib : strchr.obj (.text)
                  20008de4    00000014     driverlib.a : cpu.obj (.text:CPUcpsie)
                  20008df8    00000014                 : interrupt.obj (.text:IntVTableBaseSet)
                  20008e0c    00000014     rtsv7M4_T_le_eabi.lib : _lock.obj (.text)
                  20008e20    00000014                           : strlen.obj (.text)
                  20008e34    0000000e                           : copy_decompress_none.obj (.text:decompress:none)
                  20008e42    0000000e     startup_ccs.obj (.text)
                  20008e50    0000000c     rtsv7M4_T_le_eabi.lib : copy_zero_init.obj (.text:decompress:ZI)
                  20008e5c    0000000a     driverlib.a : interrupt.obj (.text:IntMasterEnable)
                  20008e66    00000006                 : utils.obj (.text:UtilsDelay)
                  20008e6c    00000006     rtsv7M4_T_le_eabi.lib : copy_decompress_rle.obj (.text:decompress:rle24)
                  20008e72    00000004                           : pre_init.obj (.text)

.const     0    20008e78    0000032c     
                  20008e78    00000101     rtsv7M4_T_le_eabi.lib : ctype.obj (.const:.string:_ctypes_)
                  20008f79    00000003     --HOLE-- [fill = 0]
                  20008f7c    00000100     driverlib.a : pin.obj (.const:g_ulPinToPadMap)
                  2000907c    000000a8                 : prcm.obj (.const:PRCM_PeriphRegsList)
                  20009124    00000080                 : interrupt.obj (.const)

.cinit     0    200091a8    00000078     
                  200091a8    00000054     (.cinit..data.load) [load image, compression = rle]
                  200091fc    0000000c     (__TI_handler_table)
                  20009208    00000008     (.cinit..bss.load) [load image, compression = zero_init]
                  20009210    00000010     (__TI_cinit_table)

.sysmem    0    20017000    00000800     UNINITIALIZED
                  20017000    00000008     rtsv7M4_T_le_eabi.lib : memory.obj (.sysmem)
                  20017008    000007f8     --HOLE--

.data      0    20017800    0000016c     UNINITIALIZED
                  20017800    000000b0     rtsv7M4_T_le_eabi.lib : signal.obj (.data:sigtable)
                  200178b0    00000080                           : xvalues.obj (.data)
                  20017930    0000000c                           : memory.obj (.data)
                  2001793c    00000008     L6472.obj (.data)
                  20017944    00000008     gcode.obj (.data)
                  2001794c    00000008     rtsv7M4_T_le_eabi.lib : _lock.obj (.data)
                  20017954    00000008                           : exit.obj (.data)
                  2001795c    00000008                           : feraiseexcept.obj (.data)
                  20017964    00000004                           : errno.obj (.data)
                  20017968    00000004                           : stkdepth_vars.obj (.data)

.TI.persistent 
*          0    20017800    00000000     UNINITIALIZED

.bss       0    2001796c    000000cd     UNINITIALIZED
                  2001796c    00000064     L6472.obj (.bss:g_ucRxBuff)
                  200179d0    00000064     L6472.obj (.bss:g_ucTxBuff)
                  20017a34    00000004     (.common:__Errorlog)
                  20017a38    00000001     (.common:s_m3_m5)

.TI.noinit 
*          0    2001796c    00000000     UNINITIALIZED

.stack     0    2002f800    00000800     UNINITIALIZED
                  2002f800    00000800     --HOLE--


LINKER GENERATED COPY TABLES

__TI_cinit_table @ 20009210 records: 2, size/record: 8, table size: 16
	.data: load addr=200091a8, load size=00000054 bytes, run addr=20017800, run size=0000016c bytes, compression=rle
	.bss: load addr=20009208, load size=00000008 bytes, run addr=2001796c, run size=000000cd bytes, compression=zero_init


LINKER GENERATED HANDLER TABLE

__TI_handler_table @ 200091fc records: 3, size/record: 4, table size: 12
	index: 0, handler: __TI_decompress_rle24
	index: 1, handler: __TI_decompress_none
	index: 2, handler: __TI_zero_init


GLOBAL SYMBOLS: SORTED ALPHABETICALLY BY Name 

address   name                    
-------   ----                    
200087dd  C$$EXIT                 
20008de5  CPUcpsie                
20006aed  ClearTerm               
20006af7  Error                   
20005f19  G0_f                    
20005f2f  G0_xy                   
20005f7f  G1_f                    
20005f95  G1_xy                   
20006557  G21                     
20006025  G2_xyij                 
200062bf  G3_xyij                 
20006541  G4_p                    
20006561  G90                     
200089cd  GPIODirModeSet          
20008d2b  GPIOPinRead             
20008c65  GPIOPinWrite            
20006b2f  GetCmd                  
20006aad  InitTerm                
20007c61  IntEnable               
20008e5d  IntMasterEnable         
20008df9  IntVTableBaseSet        
200054a9  L6472_init              
20005add  L6472_spi_txrx          
200065af  M18                     
20006573  M3_s                    
20006591  M5_s                    
20006acb  Message                 
20007511  PRCMCC3200MCUInit       
20008d8d  PRCMHIBRegRead          
20008da3  PRCMHIBRegWrite         
20008bb1  PRCMPeripheralClkDisable
200088e5  PRCMPeripheralClkEnable 
20007e45  PRCMPeripheralClockGet  
20008579  PRCMPeripheralReset     
20008b59  PRCMSysResetCauseGet    
20007f6d  PinConfigSet            
20008865  PinModeSet              
20008cbf  PinMuxConfig            
20008a6d  PinTypeGPIO             
20008cf7  PinTypeSPI              
20008d11  PinTypeUART             
20006c6d  Report                  
20008e43  ResetISR                
UNDEFED   SHT$$INIT_ARRAY$$Base   
UNDEFED   SHT$$INIT_ARRAY$$Limit  
20007d09  SPIConfigSetExpClk      
20008d43  SPIEnable               
20008c21  SPIReset                
20007ff5  SPITransfer             
20006bd5  TrimSpace               
20008db9  UARTCharGet             
20008ca3  UARTCharGetNonBlocking  
20008c85  UARTCharPut             
20008d5b  UARTCharsAvail          
20008305  UARTConfigSetExpClk     
20008a9d  UARTDisable             
20008bd9  UARTEnable              
20008e67  UtilsDelay              
20008b85  _Dclass                 
200178b0  _Denorm                 
20007ae9  _Dnorm                  
20007645  _Dscale                 
20008453  _Dunscale               
200178c0  _Eps                    
20017964  _Errno                  
2001795c  _Fenv                   
20008acd  _Feraise                
200178d0  _Hugeval                
200178e0  _Inf                    
200178f0  _Nan                    
20017910  _Rteps                  
20017900  _Snan                   
20017960  _Tls_setup__Fenv        
20017920  _Xbig                   
20017928  _Zero                   
20030000  __STACK_END             
00000800  __STACK_SIZE            
00000800  __SYSMEM_SIZE           
20009210  __TI_CINIT_Base         
20009220  __TI_CINIT_Limit        
200091fc  __TI_Handler_Table_Base 
20009208  __TI_Handler_Table_Limit
2000837d  __TI_auto_init          
20017954  __TI_cleanup_ptr        
20008e35  __TI_decompress_none    
20008e6d  __TI_decompress_rle24   
20017958  __TI_dtors_ptr          
200051a1  __TI_printfi            
200091a8  __TI_static_base__      
20008e51  __TI_zero_init          
20008105  __aeabi_cdcmpeq         
20008105  __aeabi_cdcmple         
2000818b  __aeabi_cdrcmple        
200084b9  __aeabi_cfcmpeq         
200084b9  __aeabi_cfcmple         
20008519  __aeabi_cfrcmple        
20008709  __aeabi_d2f             
200086c1  __aeabi_d2iz            
20008821  __aeabi_d2uiz           
200070eb  __aeabi_dadd            
200073d9  __aeabi_ddiv            
20007755  __aeabi_dmul            
200070e1  __aeabi_dsub            
2000895d  __aeabi_f2d             
20008995  __aeabi_f2iz            
20008a39  __aeabi_f2uiz           
20007855  __aeabi_fadd            
20007ed9  __aeabi_fdiv            
20008211  __aeabi_fmul            
20007851  __aeabi_fsub            
20008afd  __aeabi_i2d             
2000828b  __aeabi_memclr          
2000828b  __aeabi_memclr4         
2000828b  __aeabi_memclr8         
20007da9  __aeabi_memcpy          
20007da9  __aeabi_memcpy4         
20007da9  __aeabi_memcpy8         
2000828d  __aeabi_memset          
2000828d  __aeabi_memset4         
2000828d  __aeabi_memset8         
20006d2d  __aeabi_uldivmod        
ffffffff  __binit__               
ffffffff  __c_args__              
2002f800  __stack                 
20008d75  _args_main              
20008921  _c_int00                
20008e78  _ctypes_                
2001794c  _lock                   
20008e1b  _nop                    
20008e13  _register_lock          
20008e0d  _register_unlock        
20017000  _sys_memory             
20008e73  _system_pre_init        
20017950  _unlock                 
200087e1  abort                   
20008629  atoi                    
ffffffff  binit                   
20006a79  calloc                  
20008675  copy_in                 
200065c1  distance_xyij           
200087e9  exit                    
20008a05  feraiseexcept           
200067c7  free                    
20008c43  frexp                   
20004000  g_pfnVectors            
20005aab  get_status              
20008751  laser_init              
20008777  laser_off               
20008787  laser_on                
20008797  ldexp                   
200085d1  ltoa                    
20006f39  main                    
20017968  main_func_sp            
2000675f  malloc                  
20006995  memalign                
20008cdb  memccpy                 
20007da9  memcpy                  
20008bfd  memmove                 
20008293  memset                  
200066d1  minit                   
200056ad  move_coord              
20005671  move_coord_direct       
20008b2b  raise                   
20006889  realloc                 
2000661d  side_of_rad             
200088a5  signal                  
20007299  sqrt                    
20008dcf  strchr                  
20008e21  strlen                  
2000807d  vsnprintf               
20005cf1  x_busy                  
20005c85  x_byte_txrx             
20005a6d  x_get_max_speed         
20005849  x_get_position          
20005a1f  x_goto_origin           
20005ca9  x_move                  
2000598d  x_move_mm               
200059db  x_release_bridge        
20005983  x_reset                 
20005a3f  x_set_max_speed         
200059ed  x_set_origin            
20005c6f  x_set_run_current       
20005a2f  x_wait                  
20005b33  xy_byte_tx              
20005eb9  xy_get_accel_cur        
20005e03  xy_get_accel_speed      
20005efd  xy_get_config           
20005ea5  xy_get_const_cur        
20005ecd  xy_get_decel_cur        
20005e29  xy_get_decel_speed      
20005e89  xy_get_fullstep_speed   
20005e51  xy_get_max_speed        
20005e6d  xy_get_min_speed        
20005ee1  xy_get_status           
20005b4b  xy_move                 
200055b1  xy_move_mm              
20005d5b  xy_set_accel_speed      
20005daf  xy_set_decel_speed      
20005d07  xy_set_fs_speed         
20005561  xy_wait                 
20005c59  y_busy                  
20005bef  y_byte_txrx             
20005945  y_get_max_speed         
2000584f  y_get_position          
200058f3  y_goto_origin           
20005c15  y_move                  
2000585f  y_move_mm               
200058b1  y_release_bridge        
20005855  y_reset                 
20005919  y_set_max_speed         
200058c1  y_set_origin            
20005bd9  y_set_run_current       
20005903  y_wait                  


GLOBAL SYMBOLS: SORTED BY Symbol Address 

address   name                    
-------   ----                    
00000800  __STACK_SIZE            
00000800  __SYSMEM_SIZE           
20004000  g_pfnVectors            
200051a1  __TI_printfi            
200054a9  L6472_init              
20005561  xy_wait                 
200055b1  xy_move_mm              
20005671  move_coord_direct       
200056ad  move_coord              
20005849  x_get_position          
2000584f  y_get_position          
20005855  y_reset                 
2000585f  y_move_mm               
200058b1  y_release_bridge        
200058c1  y_set_origin            
200058f3  y_goto_origin           
20005903  y_wait                  
20005919  y_set_max_speed         
20005945  y_get_max_speed         
20005983  x_reset                 
2000598d  x_move_mm               
200059db  x_release_bridge        
200059ed  x_set_origin            
20005a1f  x_goto_origin           
20005a2f  x_wait                  
20005a3f  x_set_max_speed         
20005a6d  x_get_max_speed         
20005aab  get_status              
20005add  L6472_spi_txrx          
20005b33  xy_byte_tx              
20005b4b  xy_move                 
20005bd9  y_set_run_current       
20005bef  y_byte_txrx             
20005c15  y_move                  
20005c59  y_busy                  
20005c6f  x_set_run_current       
20005c85  x_byte_txrx             
20005ca9  x_move                  
20005cf1  x_busy                  
20005d07  xy_set_fs_speed         
20005d5b  xy_set_accel_speed      
20005daf  xy_set_decel_speed      
20005e03  xy_get_accel_speed      
20005e29  xy_get_decel_speed      
20005e51  xy_get_max_speed        
20005e6d  xy_get_min_speed        
20005e89  xy_get_fullstep_speed   
20005ea5  xy_get_const_cur        
20005eb9  xy_get_accel_cur        
20005ecd  xy_get_decel_cur        
20005ee1  xy_get_status           
20005efd  xy_get_config           
20005f19  G0_f                    
20005f2f  G0_xy                   
20005f7f  G1_f                    
20005f95  G1_xy                   
20006025  G2_xyij                 
200062bf  G3_xyij                 
20006541  G4_p                    
20006557  G21                     
20006561  G90                     
20006573  M3_s                    
20006591  M5_s                    
200065af  M18                     
200065c1  distance_xyij           
2000661d  side_of_rad             
200066d1  minit                   
2000675f  malloc                  
200067c7  free                    
20006889  realloc                 
20006995  memalign                
20006a79  calloc                  
20006aad  InitTerm                
20006acb  Message                 
20006aed  ClearTerm               
20006af7  Error                   
20006b2f  GetCmd                  
20006bd5  TrimSpace               
20006c6d  Report                  
20006d2d  __aeabi_uldivmod        
20006f39  main                    
200070e1  __aeabi_dsub            
200070eb  __aeabi_dadd            
20007299  sqrt                    
200073d9  __aeabi_ddiv            
20007511  PRCMCC3200MCUInit       
20007645  _Dscale                 
20007755  __aeabi_dmul            
20007851  __aeabi_fsub            
20007855  __aeabi_fadd            
20007ae9  _Dnorm                  
20007c61  IntEnable               
20007d09  SPIConfigSetExpClk      
20007da9  __aeabi_memcpy          
20007da9  __aeabi_memcpy4         
20007da9  __aeabi_memcpy8         
20007da9  memcpy                  
20007e45  PRCMPeripheralClockGet  
20007ed9  __aeabi_fdiv            
20007f6d  PinConfigSet            
20007ff5  SPITransfer             
2000807d  vsnprintf               
20008105  __aeabi_cdcmpeq         
20008105  __aeabi_cdcmple         
2000818b  __aeabi_cdrcmple        
20008211  __aeabi_fmul            
2000828b  __aeabi_memclr          
2000828b  __aeabi_memclr4         
2000828b  __aeabi_memclr8         
2000828d  __aeabi_memset          
2000828d  __aeabi_memset4         
2000828d  __aeabi_memset8         
20008293  memset                  
20008305  UARTConfigSetExpClk     
2000837d  __TI_auto_init          
20008453  _Dunscale               
200084b9  __aeabi_cfcmpeq         
200084b9  __aeabi_cfcmple         
20008519  __aeabi_cfrcmple        
20008579  PRCMPeripheralReset     
200085d1  ltoa                    
20008629  atoi                    
20008675  copy_in                 
200086c1  __aeabi_d2iz            
20008709  __aeabi_d2f             
20008751  laser_init              
20008777  laser_off               
20008787  laser_on                
20008797  ldexp                   
200087dd  C$$EXIT                 
200087e1  abort                   
200087e9  exit                    
20008821  __aeabi_d2uiz           
20008865  PinModeSet              
200088a5  signal                  
200088e5  PRCMPeripheralClkEnable 
20008921  _c_int00                
2000895d  __aeabi_f2d             
20008995  __aeabi_f2iz            
200089cd  GPIODirModeSet          
20008a05  feraiseexcept           
20008a39  __aeabi_f2uiz           
20008a6d  PinTypeGPIO             
20008a9d  UARTDisable             
20008acd  _Feraise                
20008afd  __aeabi_i2d             
20008b2b  raise                   
20008b59  PRCMSysResetCauseGet    
20008b85  _Dclass                 
20008bb1  PRCMPeripheralClkDisable
20008bd9  UARTEnable              
20008bfd  memmove                 
20008c21  SPIReset                
20008c43  frexp                   
20008c65  GPIOPinWrite            
20008c85  UARTCharPut             
20008ca3  UARTCharGetNonBlocking  
20008cbf  PinMuxConfig            
20008cdb  memccpy                 
20008cf7  PinTypeSPI              
20008d11  PinTypeUART             
20008d2b  GPIOPinRead             
20008d43  SPIEnable               
20008d5b  UARTCharsAvail          
20008d75  _args_main              
20008d8d  PRCMHIBRegRead          
20008da3  PRCMHIBRegWrite         
20008db9  UARTCharGet             
20008dcf  strchr                  
20008de5  CPUcpsie                
20008df9  IntVTableBaseSet        
20008e0d  _register_unlock        
20008e13  _register_lock          
20008e1b  _nop                    
20008e21  strlen                  
20008e35  __TI_decompress_none    
20008e43  ResetISR                
20008e51  __TI_zero_init          
20008e5d  IntMasterEnable         
20008e67  UtilsDelay              
20008e6d  __TI_decompress_rle24   
20008e73  _system_pre_init        
20008e78  _ctypes_                
200091a8  __TI_static_base__      
200091fc  __TI_Handler_Table_Base 
20009208  __TI_Handler_Table_Limit
20009210  __TI_CINIT_Base         
20009220  __TI_CINIT_Limit        
20017000  _sys_memory             
200178b0  _Denorm                 
200178c0  _Eps                    
200178d0  _Hugeval                
200178e0  _Inf                    
200178f0  _Nan                    
20017900  _Snan                   
20017910  _Rteps                  
20017920  _Xbig                   
20017928  _Zero                   
2001794c  _lock                   
20017950  _unlock                 
20017954  __TI_cleanup_ptr        
20017958  __TI_dtors_ptr          
2001795c  _Fenv                   
20017960  _Tls_setup__Fenv        
20017964  _Errno                  
20017968  main_func_sp            
2002f800  __stack                 
20030000  __STACK_END             
ffffffff  __binit__               
ffffffff  __c_args__              
ffffffff  binit                   
UNDEFED   SHT$$INIT_ARRAY$$Base   
UNDEFED   SHT$$INIT_ARRAY$$Limit  

[213 symbols]
