<?xml version="1.0"?>
<link_info>
   <banner>TI ARM Linker PC v5.2.7</banner>
   <copyright>Copyright (c) 1996-2015 Texas Instruments Incorporated</copyright>
   <link_time>0x5700a7a4</link_time>
   <link_errors>0x0</link_errors>
   <output_file>LaserCeenC.out</output_file>
   <entry_point>
      <name>_c_int00</name>
      <address>0x200106b1</address>
   </entry_point>
   <input_file_list>
      <input_file id="fl-2">
         <path>.\</path>
         <kind>object</kind>
         <file>fileparse.obj</file>
         <name>fileparse.obj</name>
      </input_file>
      <input_file id="fl-3">
         <path>.\</path>
         <kind>object</kind>
         <file>gpio_if.obj</file>
         <name>gpio_if.obj</name>
      </input_file>
      <input_file id="fl-4">
         <path>.\</path>
         <kind>object</kind>
         <file>main.obj</file>
         <name>main.obj</name>
      </input_file>
      <input_file id="fl-5">
         <path>.\</path>
         <kind>object</kind>
         <file>pinmux.obj</file>
         <name>pinmux.obj</name>
      </input_file>
      <input_file id="fl-6">
         <path>.\</path>
         <kind>object</kind>
         <file>smartconfig.obj</file>
         <name>smartconfig.obj</name>
      </input_file>
      <input_file id="fl-7">
         <path>.\</path>
         <kind>object</kind>
         <file>startup_ccs.obj</file>
         <name>startup_ccs.obj</name>
      </input_file>
      <input_file id="fl-8">
         <path>.\</path>
         <kind>object</kind>
         <file>uart_if.obj</file>
         <name>uart_if.obj</name>
      </input_file>
      <input_file id="fl-a">
         <path>C:\Users\Zachary\Documents\GitHub\LaserCeeNC\spi_demo\Release\</path>
         <kind>object</kind>
         <file>L6472.obj</file>
         <name>L6472.obj</name>
      </input_file>
      <input_file id="fl-b">
         <path>C:\Users\Zachary\Documents\GitHub\LaserCeeNC\spi_demo\Release\</path>
         <kind>object</kind>
         <file>LaserBoard.obj</file>
         <name>LaserBoard.obj</name>
      </input_file>
      <input_file id="fl-10">
         <path>C:\Users\Zachary\Documents\GitHub\LaserCeeNC\spi_demo\Release\</path>
         <kind>object</kind>
         <file>gcode.obj</file>
         <name>gcode.obj</name>
      </input_file>
      <input_file id="fl-134">
         <path>C:\ti\ccsv6\tools\compiler\ti-cgt-arm_5.2.7\lib\</path>
         <kind>archive</kind>
         <file>rtsv7M4_T_le_eabi.lib</file>
         <name>boot.obj</name>
      </input_file>
      <input_file id="fl-135">
         <path>C:\ti\ccsv6\tools\compiler\ti-cgt-arm_5.2.7\lib\</path>
         <kind>archive</kind>
         <file>rtsv7M4_T_le_eabi.lib</file>
         <name>copy_decompress_none.obj</name>
      </input_file>
      <input_file id="fl-136">
         <path>C:\ti\ccsv6\tools\compiler\ti-cgt-arm_5.2.7\lib\</path>
         <kind>archive</kind>
         <file>rtsv7M4_T_le_eabi.lib</file>
         <name>copy_decompress_rle.obj</name>
      </input_file>
      <input_file id="fl-137">
         <path>C:\ti\ccsv6\tools\compiler\ti-cgt-arm_5.2.7\lib\</path>
         <kind>archive</kind>
         <file>rtsv7M4_T_le_eabi.lib</file>
         <name>copy_zero_init.obj</name>
      </input_file>
      <input_file id="fl-138">
         <path>C:\ti\ccsv6\tools\compiler\ti-cgt-arm_5.2.7\lib\</path>
         <kind>archive</kind>
         <file>rtsv7M4_T_le_eabi.lib</file>
         <name>exit.obj</name>
      </input_file>
      <input_file id="fl-139">
         <path>C:\ti\ccsv6\tools\compiler\ti-cgt-arm_5.2.7\lib\</path>
         <kind>archive</kind>
         <file>rtsv7M4_T_le_eabi.lib</file>
         <name>fd_add_t2.obj</name>
      </input_file>
      <input_file id="fl-13a">
         <path>C:\ti\ccsv6\tools\compiler\ti-cgt-arm_5.2.7\lib\</path>
         <kind>archive</kind>
         <file>rtsv7M4_T_le_eabi.lib</file>
         <name>fd_cmp_t2.obj</name>
      </input_file>
      <input_file id="fl-13b">
         <path>C:\ti\ccsv6\tools\compiler\ti-cgt-arm_5.2.7\lib\</path>
         <kind>archive</kind>
         <file>rtsv7M4_T_le_eabi.lib</file>
         <name>fd_div_t2.obj</name>
      </input_file>
      <input_file id="fl-13c">
         <path>C:\ti\ccsv6\tools\compiler\ti-cgt-arm_5.2.7\lib\</path>
         <kind>archive</kind>
         <file>rtsv7M4_T_le_eabi.lib</file>
         <name>fd_toi_t2.obj</name>
      </input_file>
      <input_file id="fl-13d">
         <path>C:\ti\ccsv6\tools\compiler\ti-cgt-arm_5.2.7\lib\</path>
         <kind>archive</kind>
         <file>rtsv7M4_T_le_eabi.lib</file>
         <name>fd_tos_t2.obj</name>
      </input_file>
      <input_file id="fl-13e">
         <path>C:\ti\ccsv6\tools\compiler\ti-cgt-arm_5.2.7\lib\</path>
         <kind>archive</kind>
         <file>rtsv7M4_T_le_eabi.lib</file>
         <name>fs_add_t2.obj</name>
      </input_file>
      <input_file id="fl-13f">
         <path>C:\ti\ccsv6\tools\compiler\ti-cgt-arm_5.2.7\lib\</path>
         <kind>archive</kind>
         <file>rtsv7M4_T_le_eabi.lib</file>
         <name>fs_cmp_t2.obj</name>
      </input_file>
      <input_file id="fl-140">
         <path>C:\ti\ccsv6\tools\compiler\ti-cgt-arm_5.2.7\lib\</path>
         <kind>archive</kind>
         <file>rtsv7M4_T_le_eabi.lib</file>
         <name>fs_div_t2.obj</name>
      </input_file>
      <input_file id="fl-141">
         <path>C:\ti\ccsv6\tools\compiler\ti-cgt-arm_5.2.7\lib\</path>
         <kind>archive</kind>
         <file>rtsv7M4_T_le_eabi.lib</file>
         <name>fs_mul_t2.obj</name>
      </input_file>
      <input_file id="fl-142">
         <path>C:\ti\ccsv6\tools\compiler\ti-cgt-arm_5.2.7\lib\</path>
         <kind>archive</kind>
         <file>rtsv7M4_T_le_eabi.lib</file>
         <name>fs_tod_t2.obj</name>
      </input_file>
      <input_file id="fl-143">
         <path>C:\ti\ccsv6\tools\compiler\ti-cgt-arm_5.2.7\lib\</path>
         <kind>archive</kind>
         <file>rtsv7M4_T_le_eabi.lib</file>
         <name>fs_toi_t2.obj</name>
      </input_file>
      <input_file id="fl-144">
         <path>C:\ti\ccsv6\tools\compiler\ti-cgt-arm_5.2.7\lib\</path>
         <kind>archive</kind>
         <file>rtsv7M4_T_le_eabi.lib</file>
         <name>i_tofs_t2.obj</name>
      </input_file>
      <input_file id="fl-145">
         <path>C:\ti\ccsv6\tools\compiler\ti-cgt-arm_5.2.7\lib\</path>
         <kind>archive</kind>
         <file>rtsv7M4_T_le_eabi.lib</file>
         <name>memcmp.obj</name>
      </input_file>
      <input_file id="fl-146">
         <path>C:\ti\ccsv6\tools\compiler\ti-cgt-arm_5.2.7\lib\</path>
         <kind>archive</kind>
         <file>rtsv7M4_T_le_eabi.lib</file>
         <name>memcpy_t2.obj</name>
      </input_file>
      <input_file id="fl-147">
         <path>C:\ti\ccsv6\tools\compiler\ti-cgt-arm_5.2.7\lib\</path>
         <kind>archive</kind>
         <file>rtsv7M4_T_le_eabi.lib</file>
         <name>memmov.obj</name>
      </input_file>
      <input_file id="fl-148">
         <path>C:\ti\ccsv6\tools\compiler\ti-cgt-arm_5.2.7\lib\</path>
         <kind>archive</kind>
         <file>rtsv7M4_T_le_eabi.lib</file>
         <name>memory.obj</name>
      </input_file>
      <input_file id="fl-149">
         <path>C:\ti\ccsv6\tools\compiler\ti-cgt-arm_5.2.7\lib\</path>
         <kind>archive</kind>
         <file>rtsv7M4_T_le_eabi.lib</file>
         <name>memset_t2.obj</name>
      </input_file>
      <input_file id="fl-14a">
         <path>C:\ti\ccsv6\tools\compiler\ti-cgt-arm_5.2.7\lib\</path>
         <kind>archive</kind>
         <file>rtsv7M4_T_le_eabi.lib</file>
         <name>pre_init.obj</name>
      </input_file>
      <input_file id="fl-14b">
         <path>C:\ti\ccsv6\tools\compiler\ti-cgt-arm_5.2.7\lib\</path>
         <kind>archive</kind>
         <file>rtsv7M4_T_le_eabi.lib</file>
         <name>sscanf.obj</name>
      </input_file>
      <input_file id="fl-14c">
         <path>C:\ti\ccsv6\tools\compiler\ti-cgt-arm_5.2.7\lib\</path>
         <kind>archive</kind>
         <file>rtsv7M4_T_le_eabi.lib</file>
         <name>stkdepth_vars.obj</name>
      </input_file>
      <input_file id="fl-14d">
         <path>C:\ti\ccsv6\tools\compiler\ti-cgt-arm_5.2.7\lib\</path>
         <kind>archive</kind>
         <file>rtsv7M4_T_le_eabi.lib</file>
         <name>strlen.obj</name>
      </input_file>
      <input_file id="fl-14e">
         <path>C:\ti\ccsv6\tools\compiler\ti-cgt-arm_5.2.7\lib\</path>
         <kind>archive</kind>
         <file>rtsv7M4_T_le_eabi.lib</file>
         <name>vla_alloc.obj</name>
      </input_file>
      <input_file id="fl-14f">
         <path>C:\ti\ccsv6\tools\compiler\ti-cgt-arm_5.2.7\lib\</path>
         <kind>archive</kind>
         <file>rtsv7M4_T_le_eabi.lib</file>
         <name>vsnprintf.obj</name>
      </input_file>
      <input_file id="fl-150">
         <path>C:\ti\ccsv6\tools\compiler\ti-cgt-arm_5.2.7\lib\</path>
         <kind>archive</kind>
         <file>rtsv7M4_T_le_eabi.lib</file>
         <name>_lock.obj</name>
      </input_file>
      <input_file id="fl-151">
         <path>C:\ti\ccsv6\tools\compiler\ti-cgt-arm_5.2.7\lib\</path>
         <kind>archive</kind>
         <file>rtsv7M4_T_le_eabi.lib</file>
         <name>_printfi.obj</name>
      </input_file>
      <input_file id="fl-152">
         <path>C:\ti\ccsv6\tools\compiler\ti-cgt-arm_5.2.7\lib\</path>
         <kind>archive</kind>
         <file>rtsv7M4_T_le_eabi.lib</file>
         <name>_scanfi.obj</name>
      </input_file>
      <input_file id="fl-153">
         <path>C:\ti\ccsv6\tools\compiler\ti-cgt-arm_5.2.7\lib\</path>
         <kind>archive</kind>
         <file>rtsv7M4_T_le_eabi.lib</file>
         <name>args_main.obj</name>
      </input_file>
      <input_file id="fl-154">
         <path>C:\ti\ccsv6\tools\compiler\ti-cgt-arm_5.2.7\lib\</path>
         <kind>archive</kind>
         <file>rtsv7M4_T_le_eabi.lib</file>
         <name>atoi.obj</name>
      </input_file>
      <input_file id="fl-155">
         <path>C:\ti\ccsv6\tools\compiler\ti-cgt-arm_5.2.7\lib\</path>
         <kind>archive</kind>
         <file>rtsv7M4_T_le_eabi.lib</file>
         <name>autoinit.obj</name>
      </input_file>
      <input_file id="fl-156">
         <path>C:\ti\ccsv6\tools\compiler\ti-cgt-arm_5.2.7\lib\</path>
         <kind>archive</kind>
         <file>rtsv7M4_T_le_eabi.lib</file>
         <name>cpy_tbl.obj</name>
      </input_file>
      <input_file id="fl-157">
         <path>C:\ti\ccsv6\tools\compiler\ti-cgt-arm_5.2.7\lib\</path>
         <kind>archive</kind>
         <file>rtsv7M4_T_le_eabi.lib</file>
         <name>ctype.obj</name>
      </input_file>
      <input_file id="fl-158">
         <path>C:\ti\ccsv6\tools\compiler\ti-cgt-arm_5.2.7\lib\</path>
         <kind>archive</kind>
         <file>rtsv7M4_T_le_eabi.lib</file>
         <name>defs.obj</name>
      </input_file>
      <input_file id="fl-159">
         <path>C:\ti\ccsv6\tools\compiler\ti-cgt-arm_5.2.7\lib\</path>
         <kind>archive</kind>
         <file>rtsv7M4_T_le_eabi.lib</file>
         <name>error.obj</name>
      </input_file>
      <input_file id="fl-15a">
         <path>C:\ti\ccsv6\tools\compiler\ti-cgt-arm_5.2.7\lib\</path>
         <kind>archive</kind>
         <file>rtsv7M4_T_le_eabi.lib</file>
         <name>fd_mul_t2.obj</name>
      </input_file>
      <input_file id="fl-15b">
         <path>C:\ti\ccsv6\tools\compiler\ti-cgt-arm_5.2.7\lib\</path>
         <kind>archive</kind>
         <file>rtsv7M4_T_le_eabi.lib</file>
         <name>fprintf.obj</name>
      </input_file>
      <input_file id="fl-15c">
         <path>C:\ti\ccsv6\tools\compiler\ti-cgt-arm_5.2.7\lib\</path>
         <kind>archive</kind>
         <file>rtsv7M4_T_le_eabi.lib</file>
         <name>fputc.obj</name>
      </input_file>
      <input_file id="fl-15d">
         <path>C:\ti\ccsv6\tools\compiler\ti-cgt-arm_5.2.7\lib\</path>
         <kind>archive</kind>
         <file>rtsv7M4_T_le_eabi.lib</file>
         <name>fputs.obj</name>
      </input_file>
      <input_file id="fl-15e">
         <path>C:\ti\ccsv6\tools\compiler\ti-cgt-arm_5.2.7\lib\</path>
         <kind>archive</kind>
         <file>rtsv7M4_T_le_eabi.lib</file>
         <name>frexp.obj</name>
      </input_file>
      <input_file id="fl-15f">
         <path>C:\ti\ccsv6\tools\compiler\ti-cgt-arm_5.2.7\lib\</path>
         <kind>archive</kind>
         <file>rtsv7M4_T_le_eabi.lib</file>
         <name>i_tofd_t2.obj</name>
      </input_file>
      <input_file id="fl-160">
         <path>C:\ti\ccsv6\tools\compiler\ti-cgt-arm_5.2.7\lib\</path>
         <kind>archive</kind>
         <file>rtsv7M4_T_le_eabi.lib</file>
         <name>ldexp.obj</name>
      </input_file>
      <input_file id="fl-161">
         <path>C:\ti\ccsv6\tools\compiler\ti-cgt-arm_5.2.7\lib\</path>
         <kind>archive</kind>
         <file>rtsv7M4_T_le_eabi.lib</file>
         <name>lowlev.obj</name>
      </input_file>
      <input_file id="fl-162">
         <path>C:\ti\ccsv6\tools\compiler\ti-cgt-arm_5.2.7\lib\</path>
         <kind>archive</kind>
         <file>rtsv7M4_T_le_eabi.lib</file>
         <name>ltoa.obj</name>
      </input_file>
      <input_file id="fl-163">
         <path>C:\ti\ccsv6\tools\compiler\ti-cgt-arm_5.2.7\lib\</path>
         <kind>archive</kind>
         <file>rtsv7M4_T_le_eabi.lib</file>
         <name>memccpy.obj</name>
      </input_file>
      <input_file id="fl-164">
         <path>C:\ti\ccsv6\tools\compiler\ti-cgt-arm_5.2.7\lib\</path>
         <kind>archive</kind>
         <file>rtsv7M4_T_le_eabi.lib</file>
         <name>memchr.obj</name>
      </input_file>
      <input_file id="fl-165">
         <path>C:\ti\ccsv6\tools\compiler\ti-cgt-arm_5.2.7\lib\</path>
         <kind>archive</kind>
         <file>rtsv7M4_T_le_eabi.lib</file>
         <name>strchr.obj</name>
      </input_file>
      <input_file id="fl-166">
         <path>C:\ti\ccsv6\tools\compiler\ti-cgt-arm_5.2.7\lib\</path>
         <kind>archive</kind>
         <file>rtsv7M4_T_le_eabi.lib</file>
         <name>strcmp.obj</name>
      </input_file>
      <input_file id="fl-167">
         <path>C:\ti\ccsv6\tools\compiler\ti-cgt-arm_5.2.7\lib\</path>
         <kind>archive</kind>
         <file>rtsv7M4_T_le_eabi.lib</file>
         <name>strcpy.obj</name>
      </input_file>
      <input_file id="fl-168">
         <path>C:\ti\ccsv6\tools\compiler\ti-cgt-arm_5.2.7\lib\</path>
         <kind>archive</kind>
         <file>rtsv7M4_T_le_eabi.lib</file>
         <name>strncpy.obj</name>
      </input_file>
      <input_file id="fl-169">
         <path>C:\ti\ccsv6\tools\compiler\ti-cgt-arm_5.2.7\lib\</path>
         <kind>archive</kind>
         <file>rtsv7M4_T_le_eabi.lib</file>
         <name>strrchr.obj</name>
      </input_file>
      <input_file id="fl-16a">
         <path>C:\ti\ccsv6\tools\compiler\ti-cgt-arm_5.2.7\lib\</path>
         <kind>archive</kind>
         <file>rtsv7M4_T_le_eabi.lib</file>
         <name>strtod.obj</name>
      </input_file>
      <input_file id="fl-16b">
         <path>C:\ti\ccsv6\tools\compiler\ti-cgt-arm_5.2.7\lib\</path>
         <kind>archive</kind>
         <file>rtsv7M4_T_le_eabi.lib</file>
         <name>strtol.obj</name>
      </input_file>
      <input_file id="fl-16c">
         <path>C:\ti\ccsv6\tools\compiler\ti-cgt-arm_5.2.7\lib\</path>
         <kind>archive</kind>
         <file>rtsv7M4_T_le_eabi.lib</file>
         <name>strtoll.obj</name>
      </input_file>
      <input_file id="fl-16d">
         <path>C:\ti\ccsv6\tools\compiler\ti-cgt-arm_5.2.7\lib\</path>
         <kind>archive</kind>
         <file>rtsv7M4_T_le_eabi.lib</file>
         <name>strtoul.obj</name>
      </input_file>
      <input_file id="fl-16e">
         <path>C:\ti\ccsv6\tools\compiler\ti-cgt-arm_5.2.7\lib\</path>
         <kind>archive</kind>
         <file>rtsv7M4_T_le_eabi.lib</file>
         <name>strtoull.obj</name>
      </input_file>
      <input_file id="fl-16f">
         <path>C:\ti\ccsv6\tools\compiler\ti-cgt-arm_5.2.7\lib\</path>
         <kind>archive</kind>
         <file>rtsv7M4_T_le_eabi.lib</file>
         <name>trgdrv.obj</name>
      </input_file>
      <input_file id="fl-170">
         <path>C:\ti\ccsv6\tools\compiler\ti-cgt-arm_5.2.7\lib\</path>
         <kind>archive</kind>
         <file>rtsv7M4_T_le_eabi.lib</file>
         <name>trgmsg.obj</name>
      </input_file>
      <input_file id="fl-171">
         <path>C:\ti\ccsv6\tools\compiler\ti-cgt-arm_5.2.7\lib\</path>
         <kind>archive</kind>
         <file>rtsv7M4_T_le_eabi.lib</file>
         <name>ull_div_t2.obj</name>
      </input_file>
      <input_file id="fl-172">
         <path>C:\ti\ccsv6\tools\compiler\ti-cgt-arm_5.2.7\lib\</path>
         <kind>archive</kind>
         <file>rtsv7M4_T_le_eabi.lib</file>
         <name>xdclass.obj</name>
      </input_file>
      <input_file id="fl-173">
         <path>C:\ti\ccsv6\tools\compiler\ti-cgt-arm_5.2.7\lib\</path>
         <kind>archive</kind>
         <file>rtsv7M4_T_le_eabi.lib</file>
         <name>xdscale.obj</name>
      </input_file>
      <input_file id="fl-174">
         <path>C:\ti\ccsv6\tools\compiler\ti-cgt-arm_5.2.7\lib\</path>
         <kind>archive</kind>
         <file>rtsv7M4_T_le_eabi.lib</file>
         <name>xdunscal.obj</name>
      </input_file>
      <input_file id="fl-175">
         <path>C:\ti\ccsv6\tools\compiler\ti-cgt-arm_5.2.7\lib\</path>
         <kind>archive</kind>
         <file>rtsv7M4_T_le_eabi.lib</file>
         <name>xferaise.obj</name>
      </input_file>
      <input_file id="fl-176">
         <path>C:\ti\ccsv6\tools\compiler\ti-cgt-arm_5.2.7\lib\</path>
         <kind>archive</kind>
         <file>rtsv7M4_T_le_eabi.lib</file>
         <name>xvalues.obj</name>
      </input_file>
      <input_file id="fl-177">
         <path>C:\ti\ccsv6\tools\compiler\ti-cgt-arm_5.2.7\lib\</path>
         <kind>archive</kind>
         <file>rtsv7M4_T_le_eabi.lib</file>
         <name>_io_perm.obj</name>
      </input_file>
      <input_file id="fl-178">
         <path>C:\ti\ccsv6\tools\compiler\ti-cgt-arm_5.2.7\lib\</path>
         <kind>archive</kind>
         <file>rtsv7M4_T_le_eabi.lib</file>
         <name>errno.obj</name>
      </input_file>
      <input_file id="fl-179">
         <path>C:\ti\ccsv6\tools\compiler\ti-cgt-arm_5.2.7\lib\</path>
         <kind>archive</kind>
         <file>rtsv7M4_T_le_eabi.lib</file>
         <name>feraiseexcept.obj</name>
      </input_file>
      <input_file id="fl-17a">
         <path>C:\ti\ccsv6\tools\compiler\ti-cgt-arm_5.2.7\lib\</path>
         <kind>archive</kind>
         <file>rtsv7M4_T_le_eabi.lib</file>
         <name>fflush.obj</name>
      </input_file>
      <input_file id="fl-17b">
         <path>C:\ti\ccsv6\tools\compiler\ti-cgt-arm_5.2.7\lib\</path>
         <kind>archive</kind>
         <file>rtsv7M4_T_le_eabi.lib</file>
         <name>fseek.obj</name>
      </input_file>
      <input_file id="fl-17c">
         <path>C:\ti\ccsv6\tools\compiler\ti-cgt-arm_5.2.7\lib\</path>
         <kind>archive</kind>
         <file>rtsv7M4_T_le_eabi.lib</file>
         <name>ll_mul_t2.obj</name>
      </input_file>
      <input_file id="fl-17d">
         <path>C:\ti\ccsv6\tools\compiler\ti-cgt-arm_5.2.7\lib\</path>
         <kind>archive</kind>
         <file>rtsv7M4_T_le_eabi.lib</file>
         <name>raise.obj</name>
      </input_file>
      <input_file id="fl-17e">
         <path>C:\ti\ccsv6\tools\compiler\ti-cgt-arm_5.2.7\lib\</path>
         <kind>archive</kind>
         <file>rtsv7M4_T_le_eabi.lib</file>
         <name>setvbuf.obj</name>
      </input_file>
      <input_file id="fl-17f">
         <path>C:\ti\ccsv6\tools\compiler\ti-cgt-arm_5.2.7\lib\</path>
         <kind>archive</kind>
         <file>rtsv7M4_T_le_eabi.lib</file>
         <name>signal.obj</name>
      </input_file>
      <input_file id="fl-180">
         <path>C:\ti\ccsv6\tools\compiler\ti-cgt-arm_5.2.7\lib\</path>
         <kind>archive</kind>
         <file>rtsv7M4_T_le_eabi.lib</file>
         <name>xdnorm.obj</name>
      </input_file>
      <input_file id="fl-181">
         <path>C:\ti\ccsv6\tools\compiler\ti-cgt-arm_5.2.7\lib\</path>
         <kind>archive</kind>
         <file>rtsv7M4_T_le_eabi.lib</file>
         <name>fopen.obj</name>
      </input_file>
      <input_file id="fl-182">
         <path>C:\ti\ccsv6\tools\compiler\ti-cgt-arm_5.2.7\lib\</path>
         <kind>archive</kind>
         <file>rtsv7M4_T_le_eabi.lib</file>
         <name>fclose.obj</name>
      </input_file>
      <input_file id="fl-183">
         <path>C:\ti\ccsv6\tools\compiler\ti-cgt-arm_5.2.7\lib\</path>
         <kind>archive</kind>
         <file>rtsv7M4_T_le_eabi.lib</file>
         <name>remove.obj</name>
      </input_file>
      <input_file id="fl-184">
         <path>C:\ti\CC3200SDK_1.1.0\cc3200-sdk\simplelink\ccs\OS\</path>
         <kind>archive</kind>
         <file>simplelink.a</file>
         <name>device.obj</name>
      </input_file>
      <input_file id="fl-185">
         <path>C:\ti\CC3200SDK_1.1.0\cc3200-sdk\simplelink\ccs\OS\</path>
         <kind>archive</kind>
         <file>simplelink.a</file>
         <name>driver.obj</name>
      </input_file>
      <input_file id="fl-186">
         <path>C:\ti\CC3200SDK_1.1.0\cc3200-sdk\simplelink\ccs\OS\</path>
         <kind>archive</kind>
         <file>simplelink.a</file>
         <name>fs.obj</name>
      </input_file>
      <input_file id="fl-187">
         <path>C:\ti\CC3200SDK_1.1.0\cc3200-sdk\simplelink\ccs\OS\</path>
         <kind>archive</kind>
         <file>simplelink.a</file>
         <name>netapp.obj</name>
      </input_file>
      <input_file id="fl-188">
         <path>C:\ti\CC3200SDK_1.1.0\cc3200-sdk\simplelink\ccs\OS\</path>
         <kind>archive</kind>
         <file>simplelink.a</file>
         <name>netcfg.obj</name>
      </input_file>
      <input_file id="fl-189">
         <path>C:\ti\CC3200SDK_1.1.0\cc3200-sdk\simplelink\ccs\OS\</path>
         <kind>archive</kind>
         <file>simplelink.a</file>
         <name>socket.obj</name>
      </input_file>
      <input_file id="fl-18a">
         <path>C:\ti\CC3200SDK_1.1.0\cc3200-sdk\simplelink\ccs\OS\</path>
         <kind>archive</kind>
         <file>simplelink.a</file>
         <name>wlan.obj</name>
      </input_file>
      <input_file id="fl-18b">
         <path>C:\ti\CC3200SDK_1.1.0\cc3200-sdk\simplelink\ccs\OS\</path>
         <kind>archive</kind>
         <file>simplelink.a</file>
         <name>cc_pal.obj</name>
      </input_file>
      <input_file id="fl-18c">
         <path>C:\ti\CC3200SDK_1.1.0\cc3200-sdk\driverlib\ccs\Release\</path>
         <kind>archive</kind>
         <file>driverlib.a</file>
         <name>gpio.obj</name>
      </input_file>
      <input_file id="fl-18d">
         <path>C:\ti\CC3200SDK_1.1.0\cc3200-sdk\driverlib\ccs\Release\</path>
         <kind>archive</kind>
         <file>driverlib.a</file>
         <name>interrupt.obj</name>
      </input_file>
      <input_file id="fl-18e">
         <path>C:\ti\CC3200SDK_1.1.0\cc3200-sdk\driverlib\ccs\Release\</path>
         <kind>archive</kind>
         <file>driverlib.a</file>
         <name>pin.obj</name>
      </input_file>
      <input_file id="fl-18f">
         <path>C:\ti\CC3200SDK_1.1.0\cc3200-sdk\driverlib\ccs\Release\</path>
         <kind>archive</kind>
         <file>driverlib.a</file>
         <name>prcm.obj</name>
      </input_file>
      <input_file id="fl-190">
         <path>C:\ti\CC3200SDK_1.1.0\cc3200-sdk\driverlib\ccs\Release\</path>
         <kind>archive</kind>
         <file>driverlib.a</file>
         <name>spi.obj</name>
      </input_file>
      <input_file id="fl-191">
         <path>C:\ti\CC3200SDK_1.1.0\cc3200-sdk\driverlib\ccs\Release\</path>
         <kind>archive</kind>
         <file>driverlib.a</file>
         <name>uart.obj</name>
      </input_file>
      <input_file id="fl-192">
         <path>C:\ti\CC3200SDK_1.1.0\cc3200-sdk\driverlib\ccs\Release\</path>
         <kind>archive</kind>
         <file>driverlib.a</file>
         <name>udma.obj</name>
      </input_file>
      <input_file id="fl-193">
         <path>C:\ti\CC3200SDK_1.1.0\cc3200-sdk\driverlib\ccs\Release\</path>
         <kind>archive</kind>
         <file>driverlib.a</file>
         <name>utils.obj</name>
      </input_file>
      <input_file id="fl-194">
         <path>C:\ti\CC3200SDK_1.1.0\cc3200-sdk\driverlib\ccs\Release\</path>
         <kind>archive</kind>
         <file>driverlib.a</file>
         <name>cpu.obj</name>
      </input_file>
      <input_file id="fl-195">
         <path>C:\ti\CC3200SDK_1.1.0\cc3200-sdk\driverlib\ccs\Release\</path>
         <kind>archive</kind>
         <file>driverlib.a</file>
         <name>flash.obj</name>
      </input_file>
      <input_file id="fl-196">
         <path>C:\ti\CC3200SDK_1.1.0\cc3200-sdk\oslib\ccs\free_rtos\</path>
         <kind>archive</kind>
         <file>free_rtos.a</file>
         <name>osi_freertos.obj</name>
      </input_file>
      <input_file id="fl-197">
         <path>C:\ti\CC3200SDK_1.1.0\cc3200-sdk\oslib\ccs\free_rtos\</path>
         <kind>archive</kind>
         <file>free_rtos.a</file>
         <name>port.obj</name>
      </input_file>
      <input_file id="fl-198">
         <path>C:\ti\CC3200SDK_1.1.0\cc3200-sdk\oslib\ccs\free_rtos\</path>
         <kind>archive</kind>
         <file>free_rtos.a</file>
         <name>portasm.obj</name>
      </input_file>
      <input_file id="fl-199">
         <path>C:\ti\CC3200SDK_1.1.0\cc3200-sdk\oslib\ccs\free_rtos\</path>
         <kind>archive</kind>
         <file>free_rtos.a</file>
         <name>queue.obj</name>
      </input_file>
      <input_file id="fl-19a">
         <path>C:\ti\CC3200SDK_1.1.0\cc3200-sdk\oslib\ccs\free_rtos\</path>
         <kind>archive</kind>
         <file>free_rtos.a</file>
         <name>tasks.obj</name>
      </input_file>
      <input_file id="fl-19b">
         <path>C:\ti\CC3200SDK_1.1.0\cc3200-sdk\oslib\ccs\free_rtos\</path>
         <kind>archive</kind>
         <file>free_rtos.a</file>
         <name>heap_3.obj</name>
      </input_file>
      <input_file id="fl-19c">
         <path>C:\ti\CC3200SDK_1.1.0\cc3200-sdk\oslib\ccs\free_rtos\</path>
         <kind>archive</kind>
         <file>free_rtos.a</file>
         <name>list.obj</name>
      </input_file>
      <input_file id="fl-19d">
         <path>C:\ti\ccsv6\tools\compiler\ti-cgt-arm_5.2.7\lib\</path>
         <kind>archive</kind>
         <file>rtsv7M4_T_le_eabi.lib</file>
         <name>fs_tou_t2.obj</name>
      </input_file>
   </input_file_list>
   <object_component_list>
      <object_component id="oc-f">
         <name>.intvecs</name>
         <load_address>0x20004000</load_address>
         <run_address>0x20004000</run_address>
         <size>0x400</size>
         <input_file_ref idref="fl-7"/>
      </object_component>
      <object_component id="oc-c3">
         <name>.text</name>
         <load_address>0x20004400</load_address>
         <run_address>0x20004400</run_address>
         <size>0x184e</size>
         <input_file_ref idref="fl-4"/>
      </object_component>
      <object_component id="oc-48e">
         <name>.text:IntDefaultHandler</name>
         <load_address>0x20005c4e</load_address>
         <run_address>0x20005c4e</run_address>
         <size>0x2</size>
         <input_file_ref idref="fl-18d"/>
      </object_component>
      <object_component id="oc-87">
         <name>.text</name>
         <load_address>0x20005c50</load_address>
         <run_address>0x20005c50</run_address>
         <size>0x125c</size>
         <input_file_ref idref="fl-19a"/>
      </object_component>
      <object_component id="oc-46d">
         <name>.text</name>
         <load_address>0x20006eac</load_address>
         <run_address>0x20006eac</run_address>
         <size>0x10a6</size>
         <input_file_ref idref="fl-151"/>
      </object_component>
      <object_component id="oc-2dd">
         <name>.text</name>
         <load_address>0x20007f54</load_address>
         <run_address>0x20007f54</run_address>
         <size>0xb24</size>
         <input_file_ref idref="fl-199"/>
      </object_component>
      <object_component id="oc-3fd">
         <name>.text</name>
         <load_address>0x20008a78</load_address>
         <run_address>0x20008a78</run_address>
         <size>0x906</size>
         <input_file_ref idref="fl-152"/>
      </object_component>
      <object_component id="oc-6d6">
         <name>.text:_SlDrvMsgRead</name>
         <load_address>0x20009380</load_address>
         <run_address>0x20009380</run_address>
         <size>0x5ec</size>
         <input_file_ref idref="fl-185"/>
      </object_component>
      <object_component id="oc-3e1">
         <name>.text</name>
         <load_address>0x2000996c</load_address>
         <run_address>0x2000996c</run_address>
         <size>0x4</size>
         <input_file_ref idref="fl-159"/>
      </object_component>
      <object_component id="oc-19c">
         <name>.text</name>
         <load_address>0x20009970</load_address>
         <run_address>0x20009970</run_address>
         <size>0x4ac</size>
         <input_file_ref idref="fl-3"/>
      </object_component>
      <object_component id="oc-13b">
         <name>.text</name>
         <load_address>0x20009e1c</load_address>
         <run_address>0x20009e1c</run_address>
         <size>0x45c</size>
         <input_file_ref idref="fl-196"/>
      </object_component>
      <object_component id="oc-256">
         <name>.text</name>
         <load_address>0x2000a278</load_address>
         <run_address>0x2000a278</run_address>
         <size>0x3dc</size>
         <input_file_ref idref="fl-148"/>
      </object_component>
      <object_component id="oc-66">
         <name>.text</name>
         <load_address>0x2000a654</load_address>
         <run_address>0x2000a654</run_address>
         <size>0x4</size>
         <input_file_ref idref="fl-14a"/>
      </object_component>
      <object_component id="oc-128">
         <name>.text</name>
         <load_address>0x2000a658</load_address>
         <run_address>0x2000a658</run_address>
         <size>0x32a</size>
         <input_file_ref idref="fl-8"/>
      </object_component>
      <object_component id="oc-703">
         <name>.text</name>
         <load_address>0x2000a984</load_address>
         <run_address>0x2000a984</run_address>
         <size>0x30c</size>
         <input_file_ref idref="fl-161"/>
      </object_component>
      <object_component id="oc-1df">
         <name>.text</name>
         <load_address>0x2000ac90</load_address>
         <run_address>0x2000ac90</run_address>
         <size>0x2f6</size>
         <input_file_ref idref="fl-2"/>
      </object_component>
      <object_component id="oc-865">
         <name>.text</name>
         <load_address>0x2000af88</load_address>
         <run_address>0x2000af88</run_address>
         <size>0x2d4</size>
         <input_file_ref idref="fl-16f"/>
      </object_component>
      <object_component id="oc-1bf">
         <name>.text</name>
         <load_address>0x2000b25c</load_address>
         <run_address>0x2000b25c</run_address>
         <size>0x298</size>
         <input_file_ref idref="fl-14e"/>
      </object_component>
      <object_component id="oc-774">
         <name>.text:_SlDrvRxHdrRead</name>
         <load_address>0x2000b4f4</load_address>
         <run_address>0x2000b4f4</run_address>
         <size>0x248</size>
         <input_file_ref idref="fl-185"/>
      </object_component>
      <object_component id="oc-5d9">
         <name>.text</name>
         <load_address>0x2000b73c</load_address>
         <run_address>0x2000b73c</run_address>
         <size>0x238</size>
         <input_file_ref idref="fl-16a"/>
      </object_component>
      <object_component id="oc-633">
         <name>.text</name>
         <load_address>0x2000b974</load_address>
         <run_address>0x2000b974</run_address>
         <size>0x1f4</size>
         <input_file_ref idref="fl-171"/>
      </object_component>
      <object_component id="oc-5ea">
         <name>.text</name>
         <load_address>0x2000bb68</load_address>
         <run_address>0x2000bb68</run_address>
         <size>0x1e4</size>
         <input_file_ref idref="fl-16c"/>
      </object_component>
      <object_component id="oc-31b">
         <name>.text:_SlDrvReleasePoolObj</name>
         <load_address>0x2000bd4c</load_address>
         <run_address>0x2000bd4c</run_address>
         <size>0x1d0</size>
         <input_file_ref idref="fl-185"/>
      </object_component>
      <object_component id="oc-551">
         <name>.text:_SlDrvMsgWrite</name>
         <load_address>0x2000bf1c</load_address>
         <run_address>0x2000bf1c</run_address>
         <size>0x1cc</size>
         <input_file_ref idref="fl-185"/>
      </object_component>
      <object_component id="oc-84e">
         <name>.text</name>
         <load_address>0x2000c0e8</load_address>
         <run_address>0x2000c0e8</run_address>
         <size>0x1c4</size>
         <input_file_ref idref="fl-181"/>
      </object_component>
      <object_component id="oc-65c">
         <name>.text</name>
         <load_address>0x2000c2ac</load_address>
         <run_address>0x2000c2ac</run_address>
         <size>0x1b6</size>
         <input_file_ref idref="fl-139"/>
      </object_component>
      <object_component id="oc-501">
         <name>.text:_SlDrvWaitForPoolObj</name>
         <load_address>0x2000c464</load_address>
         <run_address>0x2000c464</run_address>
         <size>0x190</size>
         <input_file_ref idref="fl-185"/>
      </object_component>
      <object_component id="oc-2f1">
         <name>.text:_SlDrvDriverCBInit</name>
         <load_address>0x2000c5f4</load_address>
         <run_address>0x2000c5f4</run_address>
         <size>0x174</size>
         <input_file_ref idref="fl-185"/>
      </object_component>
      <object_component id="oc-786">
         <name>.text:_SlFindAndSetActiveObj</name>
         <load_address>0x2000c768</load_address>
         <run_address>0x2000c768</run_address>
         <size>0x170</size>
         <input_file_ref idref="fl-185"/>
      </object_component>
      <object_component id="oc-5d3">
         <name>.text</name>
         <load_address>0x2000c8d8</load_address>
         <run_address>0x2000c8d8</run_address>
         <size>0x16c</size>
         <input_file_ref idref="fl-16e"/>
      </object_component>
      <object_component id="oc-2f7">
         <name>.text:spi_Open</name>
         <load_address>0x2000ca44</load_address>
         <run_address>0x2000ca44</run_address>
         <size>0x150</size>
         <input_file_ref idref="fl-18b"/>
      </object_component>
      <object_component id="oc-642">
         <name>.text</name>
         <load_address>0x2000cb94</load_address>
         <run_address>0x2000cb94</run_address>
         <size>0x136</size>
         <input_file_ref idref="fl-13b"/>
      </object_component>
      <object_component id="oc-1f7">
         <name>.text:PRCMCC3200MCUInit</name>
         <load_address>0x2000cccc</load_address>
         <run_address>0x2000cccc</run_address>
         <size>0x134</size>
         <input_file_ref idref="fl-18f"/>
      </object_component>
      <object_component id="oc-5a3">
         <name>.text</name>
         <load_address>0x2000ce00</load_address>
         <run_address>0x2000ce00</run_address>
         <size>0x134</size>
         <input_file_ref idref="fl-15d"/>
      </object_component>
      <object_component id="oc-5e4">
         <name>.text</name>
         <load_address>0x2000cf34</load_address>
         <run_address>0x2000cf34</run_address>
         <size>0x134</size>
         <input_file_ref idref="fl-16b"/>
      </object_component>
      <object_component id="oc-e2">
         <name>.text</name>
         <load_address>0x2000d068</load_address>
         <run_address>0x2000d068</run_address>
         <size>0x12a</size>
         <input_file_ref idref="fl-19c"/>
      </object_component>
      <object_component id="oc-5cd">
         <name>.text</name>
         <load_address>0x2000d194</load_address>
         <run_address>0x2000d194</run_address>
         <size>0x114</size>
         <input_file_ref idref="fl-16d"/>
      </object_component>
      <object_component id="oc-38">
         <name>.text</name>
         <load_address>0x2000d2a8</load_address>
         <run_address>0x2000d2a8</run_address>
         <size>0x110</size>
         <input_file_ref idref="fl-197"/>
      </object_component>
      <object_component id="oc-754">
         <name>.text</name>
         <load_address>0x2000d3b8</load_address>
         <run_address>0x2000d3b8</run_address>
         <size>0x110</size>
         <input_file_ref idref="fl-173"/>
      </object_component>
      <object_component id="oc-820">
         <name>.text:_SlDrvNetAppEventHandler</name>
         <load_address>0x2000d4c8</load_address>
         <run_address>0x2000d4c8</run_address>
         <size>0xfe</size>
         <input_file_ref idref="fl-187"/>
      </object_component>
      <object_component id="oc-1a2">
         <name>.text</name>
         <load_address>0x2000d5c8</load_address>
         <run_address>0x2000d5c8</run_address>
         <size>0xfe</size>
         <input_file_ref idref="fl-6"/>
      </object_component>
      <object_component id="oc-63d">
         <name>.text</name>
         <load_address>0x2000d6c6</load_address>
         <run_address>0x2000d6c6</run_address>
         <size>0xfc</size>
         <input_file_ref idref="fl-15a"/>
      </object_component>
      <object_component id="oc-34d">
         <name>.text:_SlDrvDriverCBDeinit</name>
         <load_address>0x2000d7c4</load_address>
         <run_address>0x2000d7c4</run_address>
         <size>0xf4</size>
         <input_file_ref idref="fl-185"/>
      </object_component>
      <object_component id="oc-1d3">
         <name>.text:sl_FsRead</name>
         <load_address>0x2000d8b8</load_address>
         <run_address>0x2000d8b8</run_address>
         <size>0xf4</size>
         <input_file_ref idref="fl-186"/>
      </object_component>
      <object_component id="oc-8cb">
         <name>.text:uDMAChannelTransferSet</name>
         <load_address>0x2000d9ac</load_address>
         <run_address>0x2000d9ac</run_address>
         <size>0xf0</size>
         <input_file_ref idref="fl-192"/>
      </object_component>
      <object_component id="oc-1b9">
         <name>.text:sl_FsWrite</name>
         <load_address>0x2000da9c</load_address>
         <run_address>0x2000da9c</run_address>
         <size>0xec</size>
         <input_file_ref idref="fl-186"/>
      </object_component>
      <object_component id="oc-7bd">
         <name>.text</name>
         <load_address>0x2000db88</load_address>
         <run_address>0x2000db88</run_address>
         <size>0xdc</size>
         <input_file_ref idref="fl-17e"/>
      </object_component>
      <object_component id="oc-780">
         <name>.text:spi_Read</name>
         <load_address>0x2000dc64</load_address>
         <run_address>0x2000dc64</run_address>
         <size>0xdc</size>
         <input_file_ref idref="fl-18b"/>
      </object_component>
      <object_component id="oc-77a">
         <name>.text:_SlDrvClassifyRxMsg</name>
         <load_address>0x2000dd40</load_address>
         <run_address>0x2000dd40</run_address>
         <size>0xd8</size>
         <input_file_ref idref="fl-185"/>
      </object_component>
      <object_component id="oc-156">
         <name>.text:sl_Stop</name>
         <load_address>0x2000de18</load_address>
         <run_address>0x2000de18</run_address>
         <size>0xd4</size>
         <input_file_ref idref="fl-184"/>
      </object_component>
      <object_component id="oc-1d9">
         <name>.text</name>
         <load_address>0x2000deec</load_address>
         <run_address>0x2000deec</run_address>
         <size>0xcc</size>
         <input_file_ref idref="fl-14b"/>
      </object_component>
      <object_component id="oc-895">
         <name>.text:_sl_HandleAsync_DnsGetHostByService</name>
         <load_address>0x2000dfb8</load_address>
         <run_address>0x2000dfb8</run_address>
         <size>0xc8</size>
         <input_file_ref idref="fl-187"/>
      </object_component>
      <object_component id="oc-6fd">
         <name>.text</name>
         <load_address>0x2000e080</load_address>
         <run_address>0x2000e080</run_address>
         <size>0xc8</size>
         <input_file_ref idref="fl-17a"/>
      </object_component>
      <object_component id="oc-52a">
         <name>.text:_SlRemoveFromList</name>
         <load_address>0x2000e148</load_address>
         <run_address>0x2000e148</run_address>
         <size>0xc4</size>
         <input_file_ref idref="fl-185"/>
      </object_component>
      <object_component id="oc-800">
         <name>.text</name>
         <load_address>0x2000e20c</load_address>
         <run_address>0x2000e20c</run_address>
         <size>0xbe</size>
         <input_file_ref idref="fl-180"/>
      </object_component>
      <object_component id="oc-557">
         <name>.text:_SlDrvMsgReadCmdCtx</name>
         <load_address>0x2000e2cc</load_address>
         <run_address>0x2000e2cc</run_address>
         <size>0xbc</size>
         <input_file_ref idref="fl-185"/>
      </object_component>
      <object_component id="oc-149">
         <name>.text:sl_Start</name>
         <load_address>0x2000e388</load_address>
         <run_address>0x2000e388</run_address>
         <size>0xbc</size>
         <input_file_ref idref="fl-184"/>
      </object_component>
      <object_component id="oc-33">
         <name>.text</name>
         <load_address>0x2000e444</load_address>
         <run_address>0x2000e444</run_address>
         <size>0xba</size>
         <input_file_ref idref="fl-198"/>
      </object_component>
      <object_component id="oc-6dc">
         <name>.text:_SlAsyncEventGenericHandler</name>
         <load_address>0x2000e500</load_address>
         <run_address>0x2000e500</run_address>
         <size>0xb8</size>
         <input_file_ref idref="fl-185"/>
      </object_component>
      <object_component id="oc-37c">
         <name>.text:sl_NetAppMDNSRegisterUnregisterService</name>
         <load_address>0x2000e5b8</load_address>
         <run_address>0x2000e5b8</run_address>
         <size>0xb4</size>
         <input_file_ref idref="fl-187"/>
      </object_component>
      <object_component id="oc-6f7">
         <name>.text</name>
         <load_address>0x2000e66c</load_address>
         <run_address>0x2000e66c</run_address>
         <size>0xac</size>
         <input_file_ref idref="fl-177"/>
      </object_component>
      <object_component id="oc-2d1">
         <name>.text:IntDisable</name>
         <load_address>0x2000e718</load_address>
         <run_address>0x2000e718</run_address>
         <size>0xa8</size>
         <input_file_ref idref="fl-18d"/>
      </object_component>
      <object_component id="oc-1f1">
         <name>.text:IntEnable</name>
         <load_address>0x2000e7c0</load_address>
         <run_address>0x2000e7c0</run_address>
         <size>0xa8</size>
         <input_file_ref idref="fl-18d"/>
      </object_component>
      <object_component id="oc-4bc">
         <name>.text:SPIConfigSetExpClk</name>
         <load_address>0x2000e868</load_address>
         <run_address>0x2000e868</run_address>
         <size>0xa0</size>
         <input_file_ref idref="fl-190"/>
      </object_component>
      <object_component id="oc-53d">
         <name>.text:_SlDrvMsgReadSpawnCtx</name>
         <load_address>0x2000e908</load_address>
         <run_address>0x2000e908</run_address>
         <size>0x9c</size>
         <input_file_ref idref="fl-185"/>
      </object_component>
      <object_component id="oc-41">
         <name>.text</name>
         <load_address>0x2000e9a4</load_address>
         <run_address>0x2000e9a4</run_address>
         <size>0x9c</size>
         <input_file_ref idref="fl-146"/>
      </object_component>
      <object_component id="oc-15c">
         <name>.text:sl_DevGet</name>
         <load_address>0x2000ea40</load_address>
         <run_address>0x2000ea40</run_address>
         <size>0x9c</size>
         <input_file_ref idref="fl-184"/>
      </object_component>
      <object_component id="oc-1b3">
         <name>.text:_sl_GetCreateFsMode</name>
         <load_address>0x2000eadc</load_address>
         <run_address>0x2000eadc</run_address>
         <size>0x98</size>
         <input_file_ref idref="fl-186"/>
      </object_component>
      <object_component id="oc-1fd">
         <name>.text</name>
         <load_address>0x2000eb78</load_address>
         <run_address>0x2000eb78</run_address>
         <size>0x98</size>
         <input_file_ref idref="fl-5"/>
      </object_component>
      <object_component id="oc-8da">
         <name>.text</name>
         <load_address>0x2000ec10</load_address>
         <run_address>0x2000ec10</run_address>
         <size>0x98</size>
         <input_file_ref idref="fl-182"/>
      </object_component>
      <object_component id="oc-59d">
         <name>.text</name>
         <load_address>0x2000eca8</load_address>
         <run_address>0x2000eca8</run_address>
         <size>0x98</size>
         <input_file_ref idref="fl-15c"/>
      </object_component>
      <object_component id="oc-20f">
         <name>.text:PRCMPeripheralClockGet</name>
         <load_address>0x2000ed40</load_address>
         <run_address>0x2000ed40</run_address>
         <size>0x94</size>
         <input_file_ref idref="fl-18f"/>
      </object_component>
      <object_component id="oc-3b9">
         <name>.text:sl_WlanSmartConfigStart</name>
         <load_address>0x2000edd4</load_address>
         <run_address>0x2000edd4</run_address>
         <size>0x90</size>
         <input_file_ref idref="fl-18a"/>
      </object_component>
      <object_component id="oc-82d">
         <name>.text:SetupDMAReceive</name>
         <load_address>0x2000ee64</load_address>
         <run_address>0x2000ee64</run_address>
         <size>0x8c</size>
         <input_file_ref idref="fl-18b"/>
      </object_component>
      <object_component id="oc-791">
         <name>.text:SetupDMASend</name>
         <load_address>0x2000eef0</load_address>
         <run_address>0x2000eef0</run_address>
         <size>0x8c</size>
         <input_file_ref idref="fl-18b"/>
      </object_component>
      <object_component id="oc-88f">
         <name>.text:_sl_HandleAsync_DnsGetHostByName</name>
         <load_address>0x2000ef7c</load_address>
         <run_address>0x2000ef7c</run_address>
         <size>0x8c</size>
         <input_file_ref idref="fl-187"/>
      </object_component>
      <object_component id="oc-826">
         <name>.text:_sl_HandleAsync_PingResponse</name>
         <load_address>0x2000f008</load_address>
         <run_address>0x2000f008</run_address>
         <size>0x8c</size>
         <input_file_ref idref="fl-187"/>
      </object_component>
      <object_component id="oc-6e4">
         <name>.text:spi_Write</name>
         <load_address>0x2000f094</load_address>
         <run_address>0x2000f094</run_address>
         <size>0x8c</size>
         <input_file_ref idref="fl-18b"/>
      </object_component>
      <object_component id="oc-203">
         <name>.text:PinConfigSet</name>
         <load_address>0x2000f120</load_address>
         <run_address>0x2000f120</run_address>
         <size>0x88</size>
         <input_file_ref idref="fl-18e"/>
      </object_component>
      <object_component id="oc-2a3">
         <name>.text</name>
         <load_address>0x2000f1a8</load_address>
         <run_address>0x2000f1a8</run_address>
         <size>0x88</size>
         <input_file_ref idref="fl-14f"/>
      </object_component>
      <object_component id="oc-1c5">
         <name>.text:sl_FsClose</name>
         <load_address>0x2000f230</load_address>
         <run_address>0x2000f230</run_address>
         <size>0x88</size>
         <input_file_ref idref="fl-186"/>
      </object_component>
      <object_component id="oc-638">
         <name>.text:__aeabi_cdcmple</name>
         <load_address>0x2000f2b8</load_address>
         <run_address>0x2000f2b8</run_address>
         <size>0x86</size>
         <input_file_ref idref="fl-13a"/>
      </object_component>
      <object_component id="oc-647">
         <name>.text:__aeabi_cdrcmple</name>
         <load_address>0x2000f33e</load_address>
         <run_address>0x2000f33e</run_address>
         <size>0x86</size>
         <input_file_ref idref="fl-13a"/>
      </object_component>
      <object_component id="oc-2eb">
         <name>.text:NwpPowerOnPreamble</name>
         <load_address>0x2000f3c4</load_address>
         <run_address>0x2000f3c4</run_address>
         <size>0x84</size>
         <input_file_ref idref="fl-18b"/>
      </object_component>
      <object_component id="oc-399">
         <name>.text:GPIOIntTypeSet</name>
         <load_address>0x2000f448</load_address>
         <run_address>0x2000f448</run_address>
         <size>0x82</size>
         <input_file_ref idref="fl-18c"/>
      </object_component>
      <object_component id="oc-337">
         <name>.text:_SlDrvCmdOp</name>
         <load_address>0x2000f4cc</load_address>
         <run_address>0x2000f4cc</run_address>
         <size>0x80</size>
         <input_file_ref idref="fl-185"/>
      </object_component>
      <object_component id="oc-833">
         <name>.text:spi_Read_CPU</name>
         <load_address>0x2000f54c</load_address>
         <run_address>0x2000f54c</run_address>
         <size>0x80</size>
         <input_file_ref idref="fl-18b"/>
      </object_component>
      <object_component id="oc-7a3">
         <name>.text:spi_Write_CPU</name>
         <load_address>0x2000f5cc</load_address>
         <run_address>0x2000f5cc</run_address>
         <size>0x80</size>
         <input_file_ref idref="fl-18b"/>
      </object_component>
      <object_component id="oc-7aa">
         <name>.text:_sl_HandleAsync_InitComplete</name>
         <load_address>0x2000f64c</load_address>
         <run_address>0x2000f64c</run_address>
         <size>0x7c</size>
         <input_file_ref idref="fl-184"/>
      </object_component>
      <object_component id="oc-1cb">
         <name>.text:sl_FsGetInfo</name>
         <load_address>0x2000f6c8</load_address>
         <run_address>0x2000f6c8</run_address>
         <size>0x7c</size>
         <input_file_ref idref="fl-186"/>
      </object_component>
      <object_component id="oc-5a">
         <name>.text</name>
         <load_address>0x2000f744</load_address>
         <run_address>0x2000f744</run_address>
         <size>0x7a</size>
         <input_file_ref idref="fl-149"/>
      </object_component>
      <object_component id="oc-8b1">
         <name>.text:_sl_HandleAsync_Connect</name>
         <load_address>0x2000f7c0</load_address>
         <run_address>0x2000f7c0</run_address>
         <size>0x78</size>
         <input_file_ref idref="fl-189"/>
      </object_component>
      <object_component id="oc-1ad">
         <name>.text:sl_FsOpen</name>
         <load_address>0x2000f838</load_address>
         <run_address>0x2000f838</run_address>
         <size>0x78</size>
         <input_file_ref idref="fl-186"/>
      </object_component>
      <object_component id="oc-347">
         <name>.text:spi_Close</name>
         <load_address>0x2000f8b0</load_address>
         <run_address>0x2000f8b0</run_address>
         <size>0x78</size>
         <input_file_ref idref="fl-18b"/>
      </object_component>
      <object_component id="oc-215">
         <name>.text:UARTConfigSetExpClk</name>
         <load_address>0x2000f928</load_address>
         <run_address>0x2000f928</run_address>
         <size>0x76</size>
         <input_file_ref idref="fl-191"/>
      </object_component>
      <object_component id="oc-5df">
         <name>.text</name>
         <load_address>0x2000f99e</load_address>
         <run_address>0x2000f99e</run_address>
         <size>0x6e</size>
         <input_file_ref idref="fl-13d"/>
      </object_component>
      <object_component id="oc-90d">
         <name>.text:_SlDrvCmdSend</name>
         <load_address>0x2000fa0c</load_address>
         <run_address>0x2000fa0c</run_address>
         <size>0x6c</size>
         <input_file_ref idref="fl-185"/>
      </object_component>
      <object_component id="oc-6c">
         <name>.text</name>
         <load_address>0x2000fa78</load_address>
         <run_address>0x2000fa78</run_address>
         <size>0x6c</size>
         <input_file_ref idref="fl-155"/>
      </object_component>
      <object_component id="oc-3db">
         <name>.text</name>
         <load_address>0x2000fae4</load_address>
         <run_address>0x2000fae4</run_address>
         <size>0x6c</size>
         <input_file_ref idref="fl-15b"/>
      </object_component>
      <object_component id="oc-4d">
         <name>.text</name>
         <load_address>0x2000fb50</load_address>
         <run_address>0x2000fb50</run_address>
         <size>0x6a</size>
         <input_file_ref idref="fl-136"/>
      </object_component>
      <object_component id="oc-89b">
         <name>.text:_sl_NetAppSendTokenValue</name>
         <load_address>0x2000fbbc</load_address>
         <run_address>0x2000fbbc</run_address>
         <size>0x68</size>
         <input_file_ref idref="fl-187"/>
      </object_component>
      <object_component id="oc-8e9">
         <name>.text</name>
         <load_address>0x2000fc24</load_address>
         <run_address>0x2000fc24</run_address>
         <size>0x68</size>
         <input_file_ref idref="fl-170"/>
      </object_component>
      <object_component id="oc-174">
         <name>.text:sl_NetCfgSet</name>
         <load_address>0x2000fc8c</load_address>
         <run_address>0x2000fc8c</run_address>
         <size>0x68</size>
         <input_file_ref idref="fl-188"/>
      </object_component>
      <object_component id="oc-17a">
         <name>.text:sl_WlanSet</name>
         <load_address>0x2000fcf4</load_address>
         <run_address>0x2000fcf4</run_address>
         <size>0x68</size>
         <input_file_ref idref="fl-18a"/>
      </object_component>
      <object_component id="oc-74c">
         <name>.text</name>
         <load_address>0x2000fd5c</load_address>
         <run_address>0x2000fd5c</run_address>
         <size>0x66</size>
         <input_file_ref idref="fl-174"/>
      </object_component>
      <object_component id="oc-7b7">
         <name>.text</name>
         <load_address>0x2000fdc4</load_address>
         <run_address>0x2000fdc4</run_address>
         <size>0x64</size>
         <input_file_ref idref="fl-17b"/>
      </object_component>
      <object_component id="oc-6a7">
         <name>.text:uDMAChannelAttributeDisable</name>
         <load_address>0x2000fe28</load_address>
         <run_address>0x2000fe28</run_address>
         <size>0x64</size>
         <input_file_ref idref="fl-192"/>
      </object_component>
      <object_component id="oc-8c5">
         <name>.text:uDMAChannelAttributeEnable</name>
         <load_address>0x2000fe8c</load_address>
         <run_address>0x2000fe8c</run_address>
         <size>0x64</size>
         <input_file_ref idref="fl-192"/>
      </object_component>
      <object_component id="oc-8ab">
         <name>.text:_sl_HandleAsync_Accept</name>
         <load_address>0x2000fef0</load_address>
         <run_address>0x2000fef0</run_address>
         <size>0x60</size>
         <input_file_ref idref="fl-189"/>
      </object_component>
      <object_component id="oc-162">
         <name>.text:sl_WlanPolicySet</name>
         <load_address>0x2000ff50</load_address>
         <run_address>0x2000ff50</run_address>
         <size>0x60</size>
         <input_file_ref idref="fl-18a"/>
      </object_component>
      <object_component id="oc-51b">
         <name>.text:IntPendClear</name>
         <load_address>0x2000ffb0</load_address>
         <run_address>0x2000ffb0</run_address>
         <size>0x58</size>
         <input_file_ref idref="fl-18d"/>
      </object_component>
      <object_component id="oc-209">
         <name>.text:PRCMPeripheralReset</name>
         <load_address>0x20010008</load_address>
         <run_address>0x20010008</run_address>
         <size>0x58</size>
         <input_file_ref idref="fl-18f"/>
      </object_component>
      <object_component id="oc-651">
         <name>.text</name>
         <load_address>0x20010060</load_address>
         <run_address>0x20010060</run_address>
         <size>0x56</size>
         <input_file_ref idref="fl-162"/>
      </object_component>
      <object_component id="oc-2cb">
         <name>.text:IntPrioritySet</name>
         <load_address>0x200100b8</load_address>
         <run_address>0x200100b8</run_address>
         <size>0x54</size>
         <input_file_ref idref="fl-18d"/>
      </object_component>
      <object_component id="oc-8b7">
         <name>.text:_sl_HandleAsync_Select</name>
         <load_address>0x2001010c</load_address>
         <run_address>0x2001010c</run_address>
         <size>0x54</size>
         <input_file_ref idref="fl-189"/>
      </object_component>
      <object_component id="oc-186">
         <name>.text:sl_WlanRxFilterSet</name>
         <load_address>0x20010160</load_address>
         <run_address>0x20010160</run_address>
         <size>0x54</size>
         <input_file_ref idref="fl-18a"/>
      </object_component>
      <object_component id="oc-7b0">
         <name>.text:_sl_HandleAsync_Stop</name>
         <load_address>0x200101b4</load_address>
         <run_address>0x200101b4</run_address>
         <size>0x50</size>
         <input_file_ref idref="fl-184"/>
      </object_component>
      <object_component id="oc-4e0">
         <name>.text:SPIIntEnable</name>
         <load_address>0x20010204</load_address>
         <run_address>0x20010204</run_address>
         <size>0x4c</size>
         <input_file_ref idref="fl-190"/>
      </object_component>
      <object_component id="oc-2fd">
         <name>.text:_SlDrvProtectAsyncRespSetting</name>
         <load_address>0x20010250</load_address>
         <run_address>0x20010250</run_address>
         <size>0x4c</size>
         <input_file_ref idref="fl-185"/>
      </object_component>
      <object_component id="oc-32a">
         <name>.text:_SlDrvRxIrqHandler</name>
         <load_address>0x2001029c</load_address>
         <run_address>0x2001029c</run_address>
         <size>0x4c</size>
         <input_file_ref idref="fl-185"/>
      </object_component>
      <object_component id="oc-5fd">
         <name>.text</name>
         <load_address>0x200102e8</load_address>
         <run_address>0x200102e8</run_address>
         <size>0x4c</size>
         <input_file_ref idref="fl-154"/>
      </object_component>
      <object_component id="oc-bb">
         <name>.text</name>
         <load_address>0x20010334</load_address>
         <run_address>0x20010334</run_address>
         <size>0x4c</size>
         <input_file_ref idref="fl-156"/>
      </object_component>
      <object_component id="oc-6a1">
         <name>.text:uDMAChannelAssign</name>
         <load_address>0x20010380</load_address>
         <run_address>0x20010380</run_address>
         <size>0x4c</size>
         <input_file_ref idref="fl-192"/>
      </object_component>
      <object_component id="oc-6bd">
         <name>.text:SPIIntClear</name>
         <load_address>0x200103cc</load_address>
         <run_address>0x200103cc</run_address>
         <size>0x48</size>
         <input_file_ref idref="fl-190"/>
      </object_component>
      <object_component id="oc-36a">
         <name>.text:_SlDrvBasicCmd</name>
         <load_address>0x20010414</load_address>
         <run_address>0x20010414</run_address>
         <size>0x48</size>
         <input_file_ref idref="fl-185"/>
      </object_component>
      <object_component id="oc-64c">
         <name>.text</name>
         <load_address>0x2001045c</load_address>
         <run_address>0x2001045c</run_address>
         <size>0x48</size>
         <input_file_ref idref="fl-13c"/>
      </object_component>
      <object_component id="oc-667">
         <name>.text</name>
         <load_address>0x200104a4</load_address>
         <run_address>0x200104a4</run_address>
         <size>0x46</size>
         <input_file_ref idref="fl-160"/>
      </object_component>
      <object_component id="oc-6b1">
         <name>.text:SPIDmaMaskGet</name>
         <load_address>0x200104ec</load_address>
         <run_address>0x200104ec</run_address>
         <size>0x44</size>
         <input_file_ref idref="fl-190"/>
      </object_component>
      <object_component id="oc-840">
         <name>.text:cc_SetupTransfer</name>
         <load_address>0x20010530</load_address>
         <run_address>0x20010530</run_address>
         <size>0x44</size>
         <input_file_ref idref="fl-18b"/>
      </object_component>
      <object_component id="oc-78">
         <name>.text</name>
         <load_address>0x20010574</load_address>
         <run_address>0x20010574</run_address>
         <size>0x44</size>
         <input_file_ref idref="fl-138"/>
      </object_component>
      <object_component id="oc-61a">
         <name>.text:PinModeSet</name>
         <load_address>0x200105b8</load_address>
         <run_address>0x200105b8</run_address>
         <size>0x40</size>
         <input_file_ref idref="fl-18e"/>
      </object_component>
      <object_component id="oc-8fa">
         <name>.text</name>
         <load_address>0x200105f8</load_address>
         <run_address>0x200105f8</run_address>
         <size>0x40</size>
         <input_file_ref idref="fl-17f"/>
      </object_component>
      <object_component id="oc-8a2">
         <name>.text:CopyPingResultsToReport</name>
         <load_address>0x20010638</load_address>
         <run_address>0x20010638</run_address>
         <size>0x3c</size>
         <input_file_ref idref="fl-187"/>
      </object_component>
      <object_component id="oc-422">
         <name>.text:PRCMPeripheralClkEnable</name>
         <load_address>0x20010674</load_address>
         <run_address>0x20010674</run_address>
         <size>0x3c</size>
         <input_file_ref idref="fl-18f"/>
      </object_component>
      <object_component id="oc-24">
         <name>.text</name>
         <load_address>0x200106b0</load_address>
         <run_address>0x200106b0</run_address>
         <size>0x3c</size>
         <input_file_ref idref="fl-134"/>
      </object_component>
      <object_component id="oc-8bf">
         <name>.text:uDMAChannelControlSet</name>
         <load_address>0x200106ec</load_address>
         <run_address>0x200106ec</run_address>
         <size>0x3c</size>
         <input_file_ref idref="fl-192"/>
      </object_component>
      <object_component id="oc-303">
         <name>.text:NwpPowerOff</name>
         <load_address>0x20010728</load_address>
         <run_address>0x20010728</run_address>
         <size>0x38</size>
         <input_file_ref idref="fl-18b"/>
      </object_component>
      <object_component id="oc-f2">
         <name>.text</name>
         <load_address>0x20010760</load_address>
         <run_address>0x20010760</run_address>
         <size>0x38</size>
         <input_file_ref idref="fl-19b"/>
      </object_component>
      <object_component id="oc-441">
         <name>.text:GPIODirModeSet</name>
         <load_address>0x20010798</load_address>
         <run_address>0x20010798</run_address>
         <size>0x36</size>
         <input_file_ref idref="fl-18c"/>
      </object_component>
      <object_component id="oc-180">
         <name>.text:sl_NetAppMDNSUnRegisterService</name>
         <load_address>0x200107ce</load_address>
         <run_address>0x200107ce</run_address>
         <size>0x36</size>
         <input_file_ref idref="fl-187"/>
      </object_component>
      <object_component id="oc-4c2">
         <name>.text:PRCMPeripheralStatusGet</name>
         <load_address>0x20010804</load_address>
         <run_address>0x20010804</run_address>
         <size>0x34</size>
         <input_file_ref idref="fl-18f"/>
      </object_component>
      <object_component id="oc-4da">
         <name>.text:SPIFIFOLevelSet</name>
         <load_address>0x20010838</load_address>
         <run_address>0x20010838</run_address>
         <size>0x34</size>
         <input_file_ref idref="fl-190"/>
      </object_component>
      <object_component id="oc-80f">
         <name>.text</name>
         <load_address>0x2001086c</load_address>
         <run_address>0x2001086c</run_address>
         <size>0x34</size>
         <input_file_ref idref="fl-179"/>
      </object_component>
      <object_component id="oc-43b">
         <name>.text:PinTypeGPIO</name>
         <load_address>0x200108a0</load_address>
         <run_address>0x200108a0</run_address>
         <size>0x30</size>
         <input_file_ref idref="fl-18e"/>
      </object_component>
      <object_component id="oc-452">
         <name>.text:UARTDisable</name>
         <load_address>0x200108d0</load_address>
         <run_address>0x200108d0</run_address>
         <size>0x30</size>
         <input_file_ref idref="fl-191"/>
      </object_component>
      <object_component id="oc-6ef">
         <name>.text:_SlDrvDeviceEventHandler</name>
         <load_address>0x20010900</load_address>
         <run_address>0x20010900</run_address>
         <size>0x30</size>
         <input_file_ref idref="fl-184"/>
      </object_component>
      <object_component id="oc-3c9">
         <name>.text:_sl_Strlen</name>
         <load_address>0x20010930</load_address>
         <run_address>0x20010930</run_address>
         <size>0x30</size>
         <input_file_ref idref="fl-186"/>
      </object_component>
      <object_component id="oc-7d0">
         <name>.text</name>
         <load_address>0x20010960</load_address>
         <run_address>0x20010960</run_address>
         <size>0x30</size>
         <input_file_ref idref="fl-168"/>
      </object_component>
      <object_component id="oc-75a">
         <name>.text</name>
         <load_address>0x20010990</load_address>
         <run_address>0x20010990</run_address>
         <size>0x30</size>
         <input_file_ref idref="fl-175"/>
      </object_component>
      <object_component id="oc-168">
         <name>.text:sl_WlanProfileDel</name>
         <load_address>0x200109c0</load_address>
         <run_address>0x200109c0</run_address>
         <size>0x30</size>
         <input_file_ref idref="fl-18a"/>
      </object_component>
      <object_component id="oc-150">
         <name>.text:sl_WlanSetMode</name>
         <load_address>0x200109f0</load_address>
         <run_address>0x200109f0</run_address>
         <size>0x30</size>
         <input_file_ref idref="fl-18a"/>
      </object_component>
      <object_component id="oc-657">
         <name>.text</name>
         <load_address>0x20010a20</load_address>
         <run_address>0x20010a20</run_address>
         <size>0x2e</size>
         <input_file_ref idref="fl-15f"/>
      </object_component>
      <object_component id="oc-883">
         <name>.text</name>
         <load_address>0x20010a4e</load_address>
         <run_address>0x20010a4e</run_address>
         <size>0x2e</size>
         <input_file_ref idref="fl-17d"/>
      </object_component>
      <object_component id="oc-4f2">
         <name>.text:DmaSpiSwIntHandler</name>
         <load_address>0x20010a7c</load_address>
         <run_address>0x20010a7c</run_address>
         <size>0x2c</size>
         <input_file_ref idref="fl-18b"/>
      </object_component>
      <object_component id="oc-30f">
         <name>.text:NwpPowerOn</name>
         <load_address>0x20010aa8</load_address>
         <run_address>0x20010aa8</run_address>
         <size>0x2c</size>
         <input_file_ref idref="fl-18b"/>
      </object_component>
      <object_component id="oc-42e">
         <name>.text:PRCMSysResetCauseGet</name>
         <load_address>0x20010ad4</load_address>
         <run_address>0x20010ad4</run_address>
         <size>0x2c</size>
         <input_file_ref idref="fl-18f"/>
      </object_component>
      <object_component id="oc-66d">
         <name>.text</name>
         <load_address>0x20010b00</load_address>
         <run_address>0x20010b00</run_address>
         <size>0x2a</size>
         <input_file_ref idref="fl-172"/>
      </object_component>
      <object_component id="oc-428">
         <name>.text:PRCMPeripheralClkDisable</name>
         <load_address>0x20010b2c</load_address>
         <run_address>0x20010b2c</run_address>
         <size>0x28</size>
         <input_file_ref idref="fl-18f"/>
      </object_component>
      <object_component id="oc-193">
         <name>.text:sl_NetAppStart</name>
         <load_address>0x20010b54</load_address>
         <run_address>0x20010b54</run_address>
         <size>0x28</size>
         <input_file_ref idref="fl-187"/>
      </object_component>
      <object_component id="oc-18d">
         <name>.text:sl_NetAppStop</name>
         <load_address>0x20010b7c</load_address>
         <run_address>0x20010b7c</run_address>
         <size>0x28</size>
         <input_file_ref idref="fl-187"/>
      </object_component>
      <object_component id="oc-309">
         <name>.text:NwpRegisterInterruptHandler</name>
         <load_address>0x20010ba4</load_address>
         <run_address>0x20010ba4</run_address>
         <size>0x26</size>
         <input_file_ref idref="fl-18b"/>
      </object_component>
      <object_component id="oc-2d7">
         <name>.text:IntUnregister</name>
         <load_address>0x20010bcc</load_address>
         <run_address>0x20010bcc</run_address>
         <size>0x24</size>
         <input_file_ref idref="fl-18d"/>
      </object_component>
      <object_component id="oc-458">
         <name>.text:UARTEnable</name>
         <load_address>0x20010bf0</load_address>
         <run_address>0x20010bf0</run_address>
         <size>0x24</size>
         <input_file_ref idref="fl-191"/>
      </object_component>
      <object_component id="oc-507">
         <name>.text:_SlDrvProtectionObjLockWaitForever</name>
         <load_address>0x20010c14</load_address>
         <run_address>0x20010c14</run_address>
         <size>0x24</size>
         <input_file_ref idref="fl-185"/>
      </object_component>
      <object_component id="oc-2b5">
         <name>.text</name>
         <load_address>0x20010c38</load_address>
         <run_address>0x20010c38</run_address>
         <size>0x24</size>
         <input_file_ref idref="fl-147"/>
      </object_component>
      <object_component id="oc-4b6">
         <name>.text:SPIReset</name>
         <load_address>0x20010c5c</load_address>
         <run_address>0x20010c5c</run_address>
         <size>0x22</size>
         <input_file_ref idref="fl-190"/>
      </object_component>
      <object_component id="oc-79d">
         <name>.text:SPIWordCountSet</name>
         <load_address>0x20010c7e</load_address>
         <run_address>0x20010c7e</run_address>
         <size>0x22</size>
         <input_file_ref idref="fl-190"/>
      </object_component>
      <object_component id="oc-661">
         <name>.text</name>
         <load_address>0x20010ca0</load_address>
         <run_address>0x20010ca0</run_address>
         <size>0x22</size>
         <input_file_ref idref="fl-15e"/>
      </object_component>
      <object_component id="oc-134">
         <name>.text</name>
         <load_address>0x20010cc2</load_address>
         <run_address>0x20010cc2</run_address>
         <size>0x22</size>
         <input_file_ref idref="fl-145"/>
      </object_component>
      <object_component id="oc-2d">
         <name>.text</name>
         <load_address>0x20010ce8</load_address>
         <run_address>0x20010ce8</run_address>
         <size>0x22</size>
         <input_file_ref idref="fl-7"/>
      </object_component>
      <object_component id="oc-3ab">
         <name>.text:GPIOPinWrite</name>
         <load_address>0x20010d0a</load_address>
         <run_address>0x20010d0a</run_address>
         <size>0x20</size>
         <input_file_ref idref="fl-18c"/>
      </object_component>
      <object_component id="oc-2c5">
         <name>.text:IntRegister</name>
         <load_address>0x20010d2c</load_address>
         <run_address>0x20010d2c</run_address>
         <size>0x20</size>
         <input_file_ref idref="fl-18d"/>
      </object_component>
      <object_component id="oc-50d">
         <name>.text:_SlDrvProtectionObjUnLock</name>
         <load_address>0x20010d4c</load_address>
         <run_address>0x20010d4c</run_address>
         <size>0x20</size>
         <input_file_ref idref="fl-185"/>
      </object_component>
      <object_component id="oc-70b">
         <name>.text</name>
         <load_address>0x20010d6c</load_address>
         <run_address>0x20010d6c</run_address>
         <size>0x20</size>
         <input_file_ref idref="fl-164"/>
      </object_component>
      <object_component id="oc-29d">
         <name>.text:UARTCharPut</name>
         <load_address>0x20010d8c</load_address>
         <run_address>0x20010d8c</run_address>
         <size>0x1e</size>
         <input_file_ref idref="fl-191"/>
      </object_component>
      <object_component id="oc-4c8">
         <name>.text:cc_UDMAChannelSelect</name>
         <load_address>0x20010daa</load_address>
         <run_address>0x20010daa</run_address>
         <size>0x1e</size>
         <input_file_ref idref="fl-18b"/>
      </object_component>
      <object_component id="oc-2af">
         <name>.text:UARTCharGetNonBlocking</name>
         <load_address>0x20010dc8</load_address>
         <run_address>0x20010dc8</run_address>
         <size>0x1c</size>
         <input_file_ref idref="fl-191"/>
      </object_component>
      <object_component id="oc-54b">
         <name>.text:_SlDrvObjLockWaitForever</name>
         <load_address>0x20010de4</load_address>
         <run_address>0x20010de4</run_address>
         <size>0x1c</size>
         <input_file_ref idref="fl-185"/>
      </object_component>
      <object_component id="oc-315">
         <name>.text:_SlDrvSyncObjWaitForever</name>
         <load_address>0x20010e00</load_address>
         <run_address>0x20010e00</run_address>
         <size>0x1c</size>
         <input_file_ref idref="fl-185"/>
      </object_component>
      <object_component id="oc-673">
         <name>.text</name>
         <load_address>0x20010e1c</load_address>
         <run_address>0x20010e1c</run_address>
         <size>0x1c</size>
         <input_file_ref idref="fl-163"/>
      </object_component>
      <object_component id="oc-8d1">
         <name>.text:uDMAChannelEnable</name>
         <load_address>0x20010e38</load_address>
         <run_address>0x20010e38</run_address>
         <size>0x1c</size>
         <input_file_ref idref="fl-192"/>
      </object_component>
      <object_component id="oc-3a5">
         <name>.text:GPIOIntEnable</name>
         <load_address>0x20010e54</load_address>
         <run_address>0x20010e54</run_address>
         <size>0x1a</size>
         <input_file_ref idref="fl-18c"/>
      </object_component>
      <object_component id="oc-435">
         <name>.text:PinTypeUART</name>
         <load_address>0x20010e6e</load_address>
         <run_address>0x20010e6e</run_address>
         <size>0x1a</size>
         <input_file_ref idref="fl-18e"/>
      </object_component>
      <object_component id="oc-56e">
         <name>.text:SPIDmaDisable</name>
         <load_address>0x20010e88</load_address>
         <run_address>0x20010e88</run_address>
         <size>0x1a</size>
         <input_file_ref idref="fl-190"/>
      </object_component>
      <object_component id="oc-4d4">
         <name>.text:SPIDmaEnable</name>
         <load_address>0x20010ea2</load_address>
         <run_address>0x20010ea2</run_address>
         <size>0x1a</size>
         <input_file_ref idref="fl-190"/>
      </object_component>
      <object_component id="oc-568">
         <name>.text:SPIFIFODisable</name>
         <load_address>0x20010ebc</load_address>
         <run_address>0x20010ebc</run_address>
         <size>0x1a</size>
         <input_file_ref idref="fl-190"/>
      </object_component>
      <object_component id="oc-4ce">
         <name>.text:SPIFIFOEnable</name>
         <load_address>0x20010ed6</load_address>
         <run_address>0x20010ed6</run_address>
         <size>0x1a</size>
         <input_file_ref idref="fl-190"/>
      </object_component>
      <object_component id="oc-3b1">
         <name>.text:GPIOPinRead</name>
         <load_address>0x20010ef0</load_address>
         <run_address>0x20010ef0</run_address>
         <size>0x18</size>
         <input_file_ref idref="fl-18c"/>
      </object_component>
      <object_component id="oc-4aa">
         <name>.text:SPICSDisable</name>
         <load_address>0x20010f08</load_address>
         <run_address>0x20010f08</run_address>
         <size>0x18</size>
         <input_file_ref idref="fl-190"/>
      </object_component>
      <object_component id="oc-797">
         <name>.text:SPICSEnable</name>
         <load_address>0x20010f20</load_address>
         <run_address>0x20010f20</run_address>
         <size>0x18</size>
         <input_file_ref idref="fl-190"/>
      </object_component>
      <object_component id="oc-4b0">
         <name>.text:SPIDisable</name>
         <load_address>0x20010f38</load_address>
         <run_address>0x20010f38</run_address>
         <size>0x18</size>
         <input_file_ref idref="fl-190"/>
      </object_component>
      <object_component id="oc-4e6">
         <name>.text:SPIEnable</name>
         <load_address>0x20010f50</load_address>
         <run_address>0x20010f50</run_address>
         <size>0x18</size>
         <input_file_ref idref="fl-190"/>
      </object_component>
      <object_component id="oc-2a9">
         <name>.text:UARTCharsAvail</name>
         <load_address>0x20010f68</load_address>
         <run_address>0x20010f68</run_address>
         <size>0x18</size>
         <input_file_ref idref="fl-191"/>
      </object_component>
      <object_component id="oc-55d">
         <name>.text:_SlDrvObjUnLock</name>
         <load_address>0x20010f80</load_address>
         <run_address>0x20010f80</run_address>
         <size>0x18</size>
         <input_file_ref idref="fl-185"/>
      </object_component>
      <object_component id="oc-530">
         <name>.text:_SlDrvSyncObjSignal</name>
         <load_address>0x20010f98</load_address>
         <run_address>0x20010f98</run_address>
         <size>0x18</size>
         <input_file_ref idref="fl-185"/>
      </object_component>
      <object_component id="oc-321">
         <name>.text:_sl_GetStartResponseConvert</name>
         <load_address>0x20010fb0</load_address>
         <run_address>0x20010fb0</run_address>
         <size>0x18</size>
         <input_file_ref idref="fl-184"/>
      </object_component>
      <object_component id="oc-72">
         <name>.text</name>
         <load_address>0x20010fc8</load_address>
         <run_address>0x20010fc8</run_address>
         <size>0x18</size>
         <input_file_ref idref="fl-153"/>
      </object_component>
      <object_component id="oc-723">
         <name>.text</name>
         <load_address>0x20010fe0</load_address>
         <run_address>0x20010fe0</run_address>
         <size>0x18</size>
         <input_file_ref idref="fl-17c"/>
      </object_component>
      <object_component id="oc-7ca">
         <name>.text</name>
         <load_address>0x20010ff8</load_address>
         <run_address>0x20010ff8</run_address>
         <size>0x18</size>
         <input_file_ref idref="fl-166"/>
      </object_component>
      <object_component id="oc-5f1">
         <name>.text</name>
         <load_address>0x20011010</load_address>
         <run_address>0x20011010</run_address>
         <size>0x18</size>
[...]
      </symbol>
      <symbol id="sm-15b3">
         <name>osi_TaskDelete</name>
         <value>0x20009fb3</value>
         <object_component_ref idref="oc-13b"/>
      </symbol>
      <symbol id="sm-15b4">
         <name>xHigherPriorityTaskWoken</name>
         <value>0x2001f950</value>
         <object_component_ref idref="oc-2e3"/>
      </symbol>
      <symbol id="sm-15b5">
         <name>osi_InterruptRegister</name>
         <value>0x20009e1d</value>
         <object_component_ref idref="oc-13b"/>
      </symbol>
      <symbol id="sm-15b6">
         <name>mem_set</name>
         <value>0x2000a1f5</value>
         <object_component_ref idref="oc-13b"/>
      </symbol>
      <symbol id="sm-15b7">
         <name>osi_LockObjCreate</name>
         <value>0x20009f4d</value>
         <object_component_ref idref="oc-13b"/>
      </symbol>
      <symbol id="sm-15b8">
         <name>osi_SyncObjSignal</name>
         <value>0x20009e9f</value>
         <object_component_ref idref="oc-13b"/>
      </symbol>
      <symbol id="sm-15b9">
         <name>mem_Malloc</name>
         <value>0x2000a1dd</value>
         <object_component_ref idref="oc-13b"/>
      </symbol>
      <symbol id="sm-15ba">
         <name>osi_SyncObjCreate</name>
         <value>0x20009e55</value>
         <object_component_ref idref="oc-13b"/>
      </symbol>
      <symbol id="sm-15bb">
         <name>osi_SyncObjWait</name>
         <value>0x20009eff</value>
         <object_component_ref idref="oc-13b"/>
      </symbol>
      <symbol id="sm-15bc">
         <name>osi_SyncObjSignalFromISR</name>
         <value>0x20009ec7</value>
         <object_component_ref idref="oc-13b"/>
      </symbol>
      <symbol id="sm-15bd">
         <name>osi_ContextRestore</name>
         <value>0x2000a25f</value>
         <object_component_ref idref="oc-13b"/>
      </symbol>
      <symbol id="sm-15be">
         <name>osi_start</name>
         <value>0x2000a231</value>
         <object_component_ref idref="oc-13b"/>
      </symbol>
      <symbol id="sm-15bf">
         <name>osi_EnterCritical</name>
         <value>0x2000a21d</value>
         <object_component_ref idref="oc-13b"/>
      </symbol>
      <symbol id="sm-15c0">
         <name>osi_TaskCreate</name>
         <value>0x20009f73</value>
         <object_component_ref idref="oc-13b"/>
      </symbol>
      <symbol id="sm-15c1">
         <name>osi_MsgQRead</name>
         <value>0x2000a1a1</value>
         <object_component_ref idref="oc-13b"/>
      </symbol>
      <symbol id="sm-15c2">
         <name>osi_MsgQCreate</name>
         <value>0x2000a111</value>
         <object_component_ref idref="oc-13b"/>
      </symbol>
      <symbol id="sm-15c3">
         <name>osi_ExitCritical</name>
         <value>0x2000a227</value>
         <object_component_ref idref="oc-13b"/>
      </symbol>
      <symbol id="sm-15c4">
         <name>osi_LockObjLock</name>
         <value>0x20009fd1</value>
         <object_component_ref idref="oc-13b"/>
      </symbol>
      <symbol id="sm-15c5">
         <name>VDeleteSimpleLinkSpawnTask</name>
         <value>0x2000a0e5</value>
         <object_component_ref idref="oc-13b"/>
      </symbol>
      <symbol id="sm-15c6">
         <name>osi_SyncObjClear</name>
         <value>0x20009f2b</value>
         <object_component_ref idref="oc-13b"/>
      </symbol>
      <symbol id="sm-15c7">
         <name>VStartSimpleLinkSpawnTask</name>
         <value>0x2000a095</value>
         <object_component_ref idref="oc-13b"/>
      </symbol>
      <symbol id="sm-15c8">
         <name>osi_MsgQWrite</name>
         <value>0x2000a16f</value>
         <object_component_ref idref="oc-13b"/>
      </symbol>
      <symbol id="sm-15c9">
         <name>osi_Sleep</name>
         <value>0x2000a239</value>
         <object_component_ref idref="oc-13b"/>
      </symbol>
      <symbol id="sm-15ca">
         <name>osi_SyncObjDelete</name>
         <value>0x20009e85</value>
         <object_component_ref idref="oc-13b"/>
      </symbol>
      <symbol id="sm-15cb">
         <name>osi_TaskDisable</name>
         <value>0x2000a249</value>
         <object_component_ref idref="oc-13b"/>
      </symbol>
      <symbol id="sm-15cc">
         <name>osi_Spawn</name>
         <value>0x2000a027</value>
         <object_component_ref idref="oc-13b"/>
      </symbol>
      <symbol id="sm-15cd">
         <name>mem_Free</name>
         <value>0x2000a1e9</value>
         <object_component_ref idref="oc-13b"/>
      </symbol>
      <symbol id="sm-15ce">
         <name>osi_ContextSave</name>
         <value>0x2000a25d</value>
         <object_component_ref idref="oc-13b"/>
      </symbol>
      <symbol id="sm-15cf">
         <name>xSimpleLinkSpawnQueue</name>
         <value>0x2001f954</value>
         <object_component_ref idref="oc-2e3"/>
      </symbol>
      <symbol id="sm-15d0">
         <name>xSimpleLinkSpawnTaskHndl</name>
         <value>0x2001f958</value>
         <object_component_ref idref="oc-2e3"/>
      </symbol>
      <symbol id="sm-15f8">
         <name>vPortSetupTimerInterrupt</name>
         <value>0x2000d385</value>
         <object_component_ref idref="oc-38"/>
      </symbol>
      <symbol id="sm-15f9">
         <name>vPortEndScheduler</name>
         <value>0x2000d325</value>
         <object_component_ref idref="oc-38"/>
      </symbol>
      <symbol id="sm-15fa">
         <name>vPortYield</name>
         <value>0x2000d327</value>
         <object_component_ref idref="oc-38"/>
      </symbol>
      <symbol id="sm-15fb">
         <name>xPortSysTickHandler</name>
         <value>0x2000d369</value>
         <object_component_ref idref="oc-38"/>
      </symbol>
      <symbol id="sm-15fc">
         <name>pxPortInitialiseStack</name>
         <value>0x2000d2a9</value>
         <object_component_ref idref="oc-38"/>
      </symbol>
      <symbol id="sm-15fd">
         <name>vPortExitCritical</name>
         <value>0x2000d351</value>
         <object_component_ref idref="oc-38"/>
      </symbol>
      <symbol id="sm-15fe">
         <name>xPortStartScheduler</name>
         <value>0x2000d2f9</value>
         <object_component_ref idref="oc-38"/>
      </symbol>
      <symbol id="sm-15ff">
         <name>vPortEnterCritical</name>
         <value>0x2000d339</value>
         <object_component_ref idref="oc-38"/>
      </symbol>
      <symbol id="sm-1610">
         <name>portCLZ</name>
         <value>0x2000e4f9</value>
         <object_component_ref idref="oc-33"/>
      </symbol>
      <symbol id="sm-1611">
         <name>xPortPendSVHandler</name>
         <value>0x2000e46d</value>
         <object_component_ref idref="oc-33"/>
      </symbol>
      <symbol id="sm-1612">
         <name>vPortClearInterruptMask</name>
         <value>0x2000e45f</value>
         <object_component_ref idref="oc-33"/>
      </symbol>
      <symbol id="sm-1613">
         <name>ulPortSetInterruptMask</name>
         <value>0x2000e449</value>
         <object_component_ref idref="oc-33"/>
      </symbol>
      <symbol id="sm-1614">
         <name>prvPortStartFirstTask</name>
         <value>0x2000e4e1</value>
         <object_component_ref idref="oc-33"/>
      </symbol>
      <symbol id="sm-1615">
         <name>vPortSVCHandler</name>
         <value>0x2000e4b9</value>
         <object_component_ref idref="oc-33"/>
      </symbol>
      <symbol id="sm-16c4">
         <name>xQueuePeekFromISR</name>
         <value>0x20008605</value>
         <object_component_ref idref="oc-2dd"/>
      </symbol>
      <symbol id="sm-16c5">
         <name>xQueueIsQueueEmptyFromISR</name>
         <value>0x2000888b</value>
         <object_component_ref idref="oc-2dd"/>
      </symbol>
      <symbol id="sm-16c6">
         <name>xQueueGenericSendFromISR</name>
         <value>0x200083af</value>
         <object_component_ref idref="oc-2dd"/>
      </symbol>
      <symbol id="sm-16c7">
         <name>uxQueueMessagesWaiting</name>
         <value>0x20008649</value>
         <object_component_ref idref="oc-2dd"/>
      </symbol>
      <symbol id="sm-16c8">
         <name>vQueueAddToRegistry</name>
         <value>0x200088ef</value>
         <object_component_ref idref="oc-2dd"/>
      </symbol>
      <symbol id="sm-16c9">
         <name>xQueueIsQueueFullFromISR</name>
         <value>0x200088cd</value>
         <object_component_ref idref="oc-2dd"/>
      </symbol>
      <symbol id="sm-16ca">
         <name>xQueueSelectFromSet</name>
         <value>0x200089f5</value>
         <object_component_ref idref="oc-2dd"/>
      </symbol>
      <symbol id="sm-16cb">
         <name>xQueueGenericCreate</name>
         <value>0x20007fe5</value>
         <object_component_ref idref="oc-2dd"/>
      </symbol>
      <symbol id="sm-16cc">
         <name>xQueueSelectFromSetFromISR</name>
         <value>0x20008a0f</value>
         <object_component_ref idref="oc-2dd"/>
      </symbol>
      <symbol id="sm-16cd">
         <name>xQueueCreateMutex</name>
         <value>0x2000805b</value>
         <object_component_ref idref="oc-2dd"/>
      </symbol>
      <symbol id="sm-16ce">
         <name>vQueueSetQueueNumber</name>
         <value>0x200086c3</value>
         <object_component_ref idref="oc-2dd"/>
      </symbol>
      <symbol id="sm-16cf">
         <name>xQueueGenericSend</name>
         <value>0x200080f9</value>
         <object_component_ref idref="oc-2dd"/>
      </symbol>
      <symbol id="sm-16d0">
         <name>xQueueGenericReset</name>
         <value>0x20007f55</value>
         <object_component_ref idref="oc-2dd"/>
      </symbol>
      <symbol id="sm-16d1">
         <name>xQueueReceiveFromISR</name>
         <value>0x2000858d</value>
         <object_component_ref idref="oc-2dd"/>
      </symbol>
      <symbol id="sm-16d2">
         <name>uxQueueSpacesAvailable</name>
         <value>0x2000865f</value>
         <object_component_ref idref="oc-2dd"/>
      </symbol>
      <symbol id="sm-16d3">
         <name>xQueueRegistry</name>
         <value>0x2001f450</value>
         <object_component_ref idref="oc-495"/>
      </symbol>
      <symbol id="sm-16d4">
         <name>vQueueUnregisterQueue</name>
         <value>0x20008931</value>
         <object_component_ref idref="oc-2dd"/>
      </symbol>
      <symbol id="sm-16d5">
         <name>xQueueAltGenericReceive</name>
         <value>0x200082b1</value>
         <object_component_ref idref="oc-2dd"/>
      </symbol>
      <symbol id="sm-16d6">
         <name>uxQueueMessagesWaitingFromISR</name>
         <value>0x2000867f</value>
         <object_component_ref idref="oc-2dd"/>
      </symbol>
      <symbol id="sm-16d7">
         <name>uxQueueGetQueueNumber</name>
         <value>0x200086b5</value>
         <object_component_ref idref="oc-2dd"/>
      </symbol>
      <symbol id="sm-16d8">
         <name>xQueueGenericReceive</name>
         <value>0x2000844b</value>
         <object_component_ref idref="oc-2dd"/>
      </symbol>
      <symbol id="sm-16d9">
         <name>xQueueCreateCountingSemaphore</name>
         <value>0x200080d9</value>
         <object_component_ref idref="oc-2dd"/>
      </symbol>
      <symbol id="sm-16da">
         <name>vQueueDelete</name>
         <value>0x20008691</value>
         <object_component_ref idref="oc-2dd"/>
      </symbol>
      <symbol id="sm-16db">
         <name>xQueueAddToSet</name>
         <value>0x2000897f</value>
         <object_component_ref idref="oc-2dd"/>
      </symbol>
      <symbol id="sm-16dc">
         <name>xQueueAltGenericSend</name>
         <value>0x20008205</value>
         <object_component_ref idref="oc-2dd"/>
      </symbol>
      <symbol id="sm-16dd">
         <name>xQueueCreateSet</name>
         <value>0x2000896b</value>
         <object_component_ref idref="oc-2dd"/>
      </symbol>
      <symbol id="sm-16de">
         <name>xQueueRemoveFromSet</name>
         <value>0x200089b3</value>
         <object_component_ref idref="oc-2dd"/>
      </symbol>
      <symbol id="sm-16df">
         <name>ucQueueGetQueueType</name>
         <value>0x200086d5</value>
         <object_component_ref idref="oc-2dd"/>
      </symbol>
      <symbol id="sm-1852">
         <name>vTaskDelay</name>
         <value>0x20005e8b</value>
         <object_component_ref idref="oc-87"/>
      </symbol>
      <symbol id="sm-1853">
         <name>vTaskSuspendAll</name>
         <value>0x200062ef</value>
         <object_component_ref idref="oc-87"/>
      </symbol>
      <symbol id="sm-1854">
         <name>vTaskPriorityInherit</name>
         <value>0x20006d31</value>
         <object_component_ref idref="oc-87"/>
      </symbol>
      <symbol id="sm-1855">
         <name>vTaskPlaceOnEventList</name>
         <value>0x200066a5</value>
         <object_component_ref idref="oc-87"/>
      </symbol>
      <symbol id="sm-1856">
         <name>vTaskSetTaskNumber</name>
         <value>0x2000693d</value>
         <object_component_ref idref="oc-87"/>
      </symbol>
      <symbol id="sm-1857">
         <name>xTaskCheckForTimeOut</name>
         <value>0x20006895</value>
         <object_component_ref idref="oc-87"/>
      </symbol>
      <symbol id="sm-1858">
         <name>xTaskRemoveFromUnorderedEventList</name>
         <value>0x20006801</value>
         <object_component_ref idref="oc-87"/>
      </symbol>
      <symbol id="sm-1859">
         <name>vTaskPrioritySet</name>
         <value>0x20005fad</value>
         <object_component_ref idref="oc-87"/>
      </symbol>
      <symbol id="sm-185a">
         <name>vTaskStartScheduler</name>
         <value>0x20006293</value>
         <object_component_ref idref="oc-87"/>
      </symbol>
      <symbol id="sm-185b">
         <name>pcTaskGetTaskName</name>
         <value>0x20006405</value>
         <object_component_ref idref="oc-87"/>
      </symbol>
      <symbol id="sm-185c">
         <name>vTaskPriorityDisinherit</name>
         <value>0x20006deb</value>
         <object_component_ref idref="oc-87"/>
      </symbol>
      <symbol id="sm-185d">
         <name>vTaskDelayUntil</name>
         <value>0x20005def</value>
         <object_component_ref idref="oc-87"/>
      </symbol>
      <symbol id="sm-185e">
         <name>uxTaskGetTaskNumber</name>
         <value>0x2000691d</value>
         <object_component_ref idref="oc-87"/>
      </symbol>
      <symbol id="sm-185f">
         <name>vTaskEndScheduler</name>
         <value>0x200062dd</value>
         <object_component_ref idref="oc-87"/>
      </symbol>
      <symbol id="sm-1860">
         <name>vTaskMissedYield</name>
         <value>0x2000690f</value>
         <object_component_ref idref="oc-87"/>
      </symbol>
      <symbol id="sm-1861">
         <name>uxTaskGetNumberOfTasks</name>
         <value>0x200063f9</value>
         <object_component_ref idref="oc-87"/>
      </symbol>
      <symbol id="sm-1862">
         <name>uxTaskPriorityGet</name>
         <value>0x20005f75</value>
         <object_component_ref idref="oc-87"/>
      </symbol>
      <symbol id="sm-1863">
         <name>xTaskResumeAll</name>
         <value>0x20006301</value>
         <object_component_ref idref="oc-87"/>
      </symbol>
      <symbol id="sm-1864">
         <name>xTaskGetTickCount</name>
         <value>0x200063cd</value>
         <object_component_ref idref="oc-87"/>
      </symbol>
      <symbol id="sm-1865">
         <name>xTaskGenericCreate</name>
         <value>0x20005c51</value>
         <object_component_ref idref="oc-87"/>
      </symbol>
      <symbol id="sm-1866">
         <name>uxTaskGetSystemState</name>
         <value>0x20006429</value>
         <object_component_ref idref="oc-87"/>
      </symbol>
      <symbol id="sm-1867">
         <name>vTaskDelete</name>
         <value>0x20005d5f</value>
         <object_component_ref idref="oc-87"/>
      </symbol>
      <symbol id="sm-1868">
         <name>pxCurrentTCB</name>
         <value>0x2001f8ec</value>
         <object_component_ref idref="oc-8d"/>
      </symbol>
      <symbol id="sm-1869">
         <name>eTaskGetState</name>
         <value>0x20005ee1</value>
         <object_component_ref idref="oc-87"/>
      </symbol>
      <symbol id="sm-186a">
         <name>vTaskSuspend</name>
         <value>0x200060b1</value>
         <object_component_ref idref="oc-87"/>
      </symbol>
      <symbol id="sm-186b">
         <name>xTaskGetIdleTaskHandle</name>
         <value>0x200064e7</value>
         <object_component_ref idref="oc-87"/>
      </symbol>
      <symbol id="sm-186c">
         <name>xTaskGetTickCountFromISR</name>
         <value>0x200063e1</value>
         <object_component_ref idref="oc-87"/>
      </symbol>
      <symbol id="sm-186d">
         <name>vTaskResume</name>
         <value>0x200061a5</value>
         <object_component_ref idref="oc-87"/>
      </symbol>
      <symbol id="sm-186e">
         <name>vTaskSetTimeOutState</name>
         <value>0x2000686f</value>
         <object_component_ref idref="oc-87"/>
      </symbol>
      <symbol id="sm-186f">
         <name>xTaskIncrementTick</name>
         <value>0x20006501</value>
         <object_component_ref idref="oc-87"/>
      </symbol>
      <symbol id="sm-1870">
         <name>vTaskSwitchContext</name>
         <value>0x20006625</value>
         <object_component_ref idref="oc-87"/>
      </symbol>
      <symbol id="sm-1871">
         <name>uxTaskResetEventItemValue</name>
         <value>0x20006e75</value>
         <object_component_ref idref="oc-87"/>
      </symbol>
      <symbol id="sm-1872">
         <name>xTaskGetSchedulerState</name>
         <value>0x20006cf9</value>
         <object_component_ref idref="oc-87"/>
      </symbol>
      <symbol id="sm-1873">
         <name>xTaskResumeFromISR</name>
         <value>0x20006219</value>
         <object_component_ref idref="oc-87"/>
      </symbol>
      <symbol id="sm-1874">
         <name>xTaskGetCurrentTaskHandle</name>
         <value>0x20006ce5</value>
         <object_component_ref idref="oc-87"/>
      </symbol>
      <symbol id="sm-1875">
         <name>vTaskPlaceOnUnorderedEventList</name>
         <value>0x20006709</value>
         <object_component_ref idref="oc-87"/>
      </symbol>
      <symbol id="sm-1876">
         <name>xTaskRemoveFromEventList</name>
         <value>0x2000677d</value>
         <object_component_ref idref="oc-87"/>
      </symbol>
      <symbol id="sm-1886">
         <name>pvPortMalloc</name>
         <value>0x20010761</value>
         <object_component_ref idref="oc-f2"/>
      </symbol>
      <symbol id="sm-1887">
         <name>vPortFree</name>
         <value>0x20010781</value>
         <object_component_ref idref="oc-f2"/>
      </symbol>
      <symbol id="sm-189d">
         <name>uxListRemove</name>
         <value>0x2000d14b</value>
         <object_component_ref idref="oc-e2"/>
      </symbol>
      <symbol id="sm-189e">
         <name>vListInsert</name>
         <value>0x2000d0e5</value>
         <object_component_ref idref="oc-e2"/>
      </symbol>
      <symbol id="sm-189f">
         <name>vListInitialiseItem</name>
         <value>0x2000d099</value>
         <object_component_ref idref="oc-e2"/>
      </symbol>
      <symbol id="sm-18a0">
         <name>vListInsertEnd</name>
         <value>0x2000d0a9</value>
         <object_component_ref idref="oc-e2"/>
      </symbol>
      <symbol id="sm-18a1">
         <name>vListInitialise</name>
         <value>0x2000d069</value>
         <object_component_ref idref="oc-e2"/>
      </symbol>
      <symbol id="sm-18a4">
         <name>__TI_static_base__</name>
         <value>0x20011858</value>
      </symbol>
      <symbol id="sm-18a7">
         <name>SHT$$INIT_ARRAY$$Limit</name>
         <value>0x0</value>
      </symbol>
      <symbol id="sm-18a8">
         <name>SHT$$INIT_ARRAY$$Base</name>
         <value>0x0</value>
      </symbol>
      <symbol id="sm-18a9">
         <name>remove</name>
         <value>0x2000aa15</value>
      </symbol>
   </symbol_table>
   <title>Link successful</title>
</link_info>
