******************************************************************************
                  TI ARM Linker PC v5.2.6                      
******************************************************************************
>> Linked Fri Feb 26 20:08:22 2016

OUTPUT FILE NAME:   <httpserver.out>
ENTRY POINT SYMBOL: "_c_int00"  address: 2000d44d


MEMORY CONFIGURATION

         name            origin    length      used     unused   attr    fill
----------------------  --------  ---------  --------  --------  ----  --------
  SRAM_CODE             20004000   00013000  0000a4ca  00008b36  RW X
  SRAM_DATA             20017000   00019000  00008dc8  00010238  RW X


SEGMENT ALLOCATION MAP

run origin  load origin   length   init length attrs members
----------  ----------- ---------- ----------- ----- -------
20004000    20004000    0000a4d0   0000a4d0    r-x
  20004000    20004000    00000400   00000400    r-- .intvecs
  20004400    20004400    00009a12   00009a12    r-x .text
  2000de14    2000de14    000005f0   000005f0    r-- .const
  2000e408    2000e408    000000c8   000000c8    r-- .cinit
20017000    20017000    000085c8   00000000    rw-
  20017000    20017000    00008000   00000000    rw- .sysmem
  2001f000    2001f000    000003b0   00000000    rw- .bss
  2001f3b0    2001f3b0    00000218   00000000    rw- .data
2002f800    2002f800    00000800   00000000    rw-
  2002f800    2002f800    00000800   00000000    rw- .stack


SECTION ALLOCATION MAP

 output                                  attributes/
section   page    origin      length       input sections
--------  ----  ----------  ----------   ----------------
.intvecs   0    20004000    00000400     
                  20004000    00000400     startup_ccs.obj (.intvecs)

.init_array 
*          0    20004000    00000000     UNINITIALIZED

.text      0    20004400    00009a12     
                  20004400    0000125c     free_rtos.a : tasks.obj (.text)
                  2000565c    000010a6     rtsv7M4_T_le_eabi.lib : _printfi.obj (.text)
                  20006702    00000002     driverlib.a : interrupt.obj (.text:IntDefaultHandler)
                  20006704    00001068     main.obj (.text)
                  2000776c    00000b24     free_rtos.a : queue.obj (.text)
                  20008290    000005ec     simplelink.a : driver.obj (.text:_SlDrvMsgRead)
                  2000887c    0000045c     free_rtos.a : osi_freertos.obj (.text)
                  20008cd8    000003dc     rtsv7M4_T_le_eabi.lib : memory.obj (.text)
                  200090b4    00000394     gpio_if.obj (.text)
                  20009448    00000290     uart_if.obj (.text)
                  200096d8    00000248     simplelink.a : driver.obj (.text:_SlDrvRxHdrRead)
                  20009920    000001f4     rtsv7M4_T_le_eabi.lib : ull_div_t2.obj (.text)
                  20009b14    000001d0     simplelink.a : driver.obj (.text:_SlDrvReleasePoolObj)
                  20009ce4    000001cc                  : driver.obj (.text:_SlDrvMsgWrite)
                  20009eb0    000001b6     rtsv7M4_T_le_eabi.lib : fd_add_t2.obj (.text)
                  2000a066    00000002     --HOLE-- [fill = 0]
                  2000a068    00000190     simplelink.a : driver.obj (.text:_SlDrvWaitForPoolObj)
                  2000a1f8    00000174                  : driver.obj (.text:_SlDrvDriverCBInit)
                  2000a36c    00000170                  : driver.obj (.text:_SlFindAndSetActiveObj)
                  2000a4dc    00000150                  : cc_pal.obj (.text:spi_Open)
                  2000a62c    00000136     rtsv7M4_T_le_eabi.lib : fd_div_t2.obj (.text)
                  2000a762    00000002     --HOLE-- [fill = 0]
                  2000a764    00000134     driverlib.a : prcm.obj (.text:PRCMCC3200MCUInit)
                  2000a898    0000012a     free_rtos.a : list.obj (.text)
                  2000a9c2    00000002     --HOLE-- [fill = 0]
                  2000a9c4    00000110                 : port.obj (.text)
                  2000aad4    00000110     rtsv7M4_T_le_eabi.lib : xdscale.obj (.text)
                  2000abe4    000000fe     simplelink.a : netapp.obj (.text:_SlDrvNetAppEventHandler)
                  2000ace2    000000fc     rtsv7M4_T_le_eabi.lib : fd_mul_t2.obj (.text)
                  2000adde    00000002     --HOLE-- [fill = 0]
                  2000ade0    000000f4     simplelink.a : driver.obj (.text:_SlDrvDriverCBDeinit)
                  2000aed4    000000f0     driverlib.a : udma.obj (.text:uDMAChannelTransferSet)
                  2000afc4    000000e8     smartconfig.obj (.text)
                  2000b0ac    000000dc     simplelink.a : cc_pal.obj (.text:spi_Read)
                  2000b188    000000d8                  : driver.obj (.text:_SlDrvClassifyRxMsg)
                  2000b260    000000d4                  : device.obj (.text:sl_Stop)
                  2000b334    000000c8                  : netapp.obj (.text:_sl_HandleAsync_DnsGetHostByService)
                  2000b3fc    000000c4                  : driver.obj (.text:_SlRemoveFromList)
                  2000b4c0    000000be     rtsv7M4_T_le_eabi.lib : xdnorm.obj (.text)
                  2000b57e    00000002     --HOLE-- [fill = 0]
                  2000b580    000000bc     simplelink.a : driver.obj (.text:_SlDrvMsgReadCmdCtx)
                  2000b63c    000000bc                  : device.obj (.text:sl_Start)
                  2000b6f8    000000ba     free_rtos.a : portasm.obj (.text)
                  2000b7b2    00000002     --HOLE-- [fill = 0]
                  2000b7b4    000000b8     simplelink.a : driver.obj (.text:_SlAsyncEventGenericHandler)
                  2000b86c    000000b4                  : netapp.obj (.text:sl_NetAppMDNSRegisterUnregisterService)
                  2000b920    000000a8     driverlib.a : interrupt.obj (.text:IntDisable)
                  2000b9c8    000000a8                 : interrupt.obj (.text:IntEnable)
                  2000ba70    000000a0                 : spi.obj (.text:SPIConfigSetExpClk)
                  2000bb10    0000009c     simplelink.a : driver.obj (.text:_SlDrvMsgReadSpawnCtx)
                  2000bbac    0000009c     rtsv7M4_T_le_eabi.lib : memcpy_t2.obj (.text)
                  2000bc48    0000009c     simplelink.a : device.obj (.text:sl_DevGet)
                  2000bce4    00000094     driverlib.a : prcm.obj (.text:PRCMPeripheralClockGet)
                  2000bd78    00000094     simplelink.a : wlan.obj (.text:sl_WlanGet)
                  2000be0c    00000090                  : wlan.obj (.text:sl_WlanSmartConfigStart)
                  2000be9c    0000008c                  : cc_pal.obj (.text:SetupDMAReceive)
                  2000bf28    0000008c                  : cc_pal.obj (.text:SetupDMASend)
                  2000bfb4    0000008c                  : netapp.obj (.text:_sl_HandleAsync_DnsGetHostByName)
                  2000c040    0000008c                  : netapp.obj (.text:_sl_HandleAsync_PingResponse)
                  2000c0cc    0000008c                  : cc_pal.obj (.text:spi_Write)
                  2000c158    00000088     driverlib.a : pin.obj (.text:PinConfigSet)
                  2000c1e0    00000088     rtsv7M4_T_le_eabi.lib : vsnprintf.obj (.text)
                  2000c268    00000086                           : fd_cmp_t2.obj (.text:__aeabi_cdcmple)
                  2000c2ee    00000086                           : fd_cmp_t2.obj (.text:__aeabi_cdrcmple)
                  2000c374    00000084     simplelink.a : cc_pal.obj (.text:NwpPowerOnPreamble)
                  2000c3f8    00000084     pinmux.obj (.text)
                  2000c47c    00000082     driverlib.a : gpio.obj (.text:GPIOIntTypeSet)
                  2000c4fe    00000002     --HOLE-- [fill = 0]
                  2000c500    00000080     simplelink.a : driver.obj (.text:_SlDrvCmdOp)
                  2000c580    00000080                  : cc_pal.obj (.text:spi_Read_CPU)
                  2000c600    00000080                  : cc_pal.obj (.text:spi_Write_CPU)
                  2000c680    0000007c                  : device.obj (.text:_sl_HandleAsync_InitComplete)
                  2000c6fc    0000007a     rtsv7M4_T_le_eabi.lib : memset_t2.obj (.text)
                  2000c776    00000002     --HOLE-- [fill = 0]
                  2000c778    00000078     simplelink.a : socket.obj (.text:_sl_HandleAsync_Connect)
                  2000c7f0    00000078                  : cc_pal.obj (.text:spi_Close)
                  2000c868    00000076     driverlib.a : uart.obj (.text:UARTConfigSetExpClk)
                  2000c8de    00000002     --HOLE-- [fill = 0]
                  2000c8e0    0000006c     simplelink.a : driver.obj (.text:_SlDrvCmdSend)
                  2000c94c    0000006c     rtsv7M4_T_le_eabi.lib : autoinit.obj (.text)
                  2000c9b8    0000006a                           : copy_decompress_rle.obj (.text)
                  2000ca22    00000002     --HOLE-- [fill = 0]
                  2000ca24    00000068     simplelink.a : netapp.obj (.text:_sl_NetAppSendTokenValue)
                  2000ca8c    00000068                  : netcfg.obj (.text:sl_NetCfgSet)
                  2000caf4    00000068                  : wlan.obj (.text:sl_WlanSet)
                  2000cb5c    00000066     rtsv7M4_T_le_eabi.lib : xdunscal.obj (.text)
                  2000cbc2    00000002     --HOLE-- [fill = 0]
                  2000cbc4    00000064     driverlib.a : udma.obj (.text:uDMAChannelAttributeDisable)
                  2000cc28    00000064                 : udma.obj (.text:uDMAChannelAttributeEnable)
                  2000cc8c    00000060     simplelink.a : socket.obj (.text:_sl_HandleAsync_Accept)
                  2000ccec    00000060                  : wlan.obj (.text:sl_WlanPolicySet)
                  2000cd4c    00000058     driverlib.a : interrupt.obj (.text:IntPendClear)
                  2000cda4    00000058                 : prcm.obj (.text:PRCMPeripheralReset)
                  2000cdfc    00000056     rtsv7M4_T_le_eabi.lib : ltoa.obj (.text)
                  2000ce52    00000002     --HOLE-- [fill = 0]
                  2000ce54    00000054     driverlib.a : interrupt.obj (.text:IntPrioritySet)
                  2000cea8    00000054     simplelink.a : socket.obj (.text:_sl_HandleAsync_Select)
                  2000cefc    00000054                  : wlan.obj (.text:sl_WlanRxFilterSet)
                  2000cf50    00000050                  : device.obj (.text:_sl_HandleAsync_Stop)
                  2000cfa0    0000004c     driverlib.a : spi.obj (.text:SPIIntEnable)
                  2000cfec    0000004c     simplelink.a : driver.obj (.text:_SlDrvProtectAsyncRespSetting)
                  2000d038    0000004c                  : driver.obj (.text:_SlDrvRxIrqHandler)
                  2000d084    0000004c     rtsv7M4_T_le_eabi.lib : atoi.obj (.text)
                  2000d0d0    0000004c                           : cpy_tbl.obj (.text)
                  2000d11c    0000004c     driverlib.a : udma.obj (.text:uDMAChannelAssign)
                  2000d168    00000048                 : spi.obj (.text:SPIIntClear)
                  2000d1b0    00000048     simplelink.a : driver.obj (.text:_SlDrvBasicCmd)
                  2000d1f8    00000048     rtsv7M4_T_le_eabi.lib : fd_toi_t2.obj (.text)
                  2000d240    00000046                           : ldexp.obj (.text)
                  2000d286    00000002     --HOLE-- [fill = 0]
                  2000d288    00000044     driverlib.a : spi.obj (.text:SPIDmaMaskGet)
                  2000d2cc    00000044     simplelink.a : cc_pal.obj (.text:cc_SetupTransfer)
                  2000d310    00000044     rtsv7M4_T_le_eabi.lib : exit.obj (.text)
                  2000d354    00000040     driverlib.a : pin.obj (.text:PinModeSet)
                  2000d394    00000040     rtsv7M4_T_le_eabi.lib : signal.obj (.text)
                  2000d3d4    0000003c     simplelink.a : netapp.obj (.text:CopyPingResultsToReport)
                  2000d410    0000003c     driverlib.a : prcm.obj (.text:PRCMPeripheralClkEnable)
                  2000d44c    0000003c     rtsv7M4_T_le_eabi.lib : boot.obj (.text)
                  2000d488    0000003c     driverlib.a : udma.obj (.text:uDMAChannelControlSet)
                  2000d4c4    00000038     simplelink.a : cc_pal.obj (.text:NwpPowerOff)
                  2000d4fc    00000038     free_rtos.a : heap_3.obj (.text)
                  2000d534    00000036     driverlib.a : gpio.obj (.text:GPIODirModeSet)
                  2000d56a    00000036     simplelink.a : netapp.obj (.text:sl_NetAppMDNSUnRegisterService)
                  2000d5a0    00000034     driverlib.a : prcm.obj (.text:PRCMPeripheralStatusGet)
                  2000d5d4    00000034                 : spi.obj (.text:SPIFIFOLevelSet)
                  2000d608    00000034     rtsv7M4_T_le_eabi.lib : feraiseexcept.obj (.text)
                  2000d63c    00000030     driverlib.a : pin.obj (.text:PinTypeGPIO)
                  2000d66c    00000030                 : uart.obj (.text:UARTDisable)
                  2000d69c    00000030     simplelink.a : device.obj (.text:_SlDrvDeviceEventHandler)
                  2000d6cc    00000030     rtsv7M4_T_le_eabi.lib : xferaise.obj (.text)
                  2000d6fc    00000030     simplelink.a : wlan.obj (.text:sl_WlanProfileDel)
                  2000d72c    00000030                  : wlan.obj (.text:sl_WlanSetMode)
                  2000d75c    0000002e     rtsv7M4_T_le_eabi.lib : i_tofd_t2.obj (.text)
                  2000d78a    0000002e                           : raise.obj (.text)
                  2000d7b8    0000002c     simplelink.a : cc_pal.obj (.text:DmaSpiSwIntHandler)
                  2000d7e4    0000002c                  : cc_pal.obj (.text:NwpPowerOn)
                  2000d810    0000002c     driverlib.a : prcm.obj (.text:PRCMSysResetCauseGet)
                  2000d83c    0000002a     rtsv7M4_T_le_eabi.lib : xdclass.obj (.text)
                  2000d866    00000002     --HOLE-- [fill = 0]
                  2000d868    00000028     driverlib.a : prcm.obj (.text:PRCMPeripheralClkDisable)
                  2000d890    00000028     simplelink.a : netapp.obj (.text:sl_NetAppStart)
                  2000d8b8    00000028                  : netapp.obj (.text:sl_NetAppStop)
                  2000d8e0    00000026                  : cc_pal.obj (.text:NwpRegisterInterruptHandler)
                  2000d906    00000002     --HOLE-- [fill = 0]
                  2000d908    00000024     driverlib.a : interrupt.obj (.text:IntUnregister)
                  2000d92c    00000024                 : uart.obj (.text:UARTEnable)
                  2000d950    00000024     simplelink.a : driver.obj (.text:_SlDrvProtectionObjLockWaitForever)
                  2000d974    00000024     rtsv7M4_T_le_eabi.lib : memmov.obj (.text)
                  2000d998    00000022     driverlib.a : spi.obj (.text:SPIReset)
                  2000d9ba    00000022                 : spi.obj (.text:SPIWordCountSet)
                  2000d9dc    00000022     rtsv7M4_T_le_eabi.lib : frexp.obj (.text)
                  2000d9fe    00000022                           : memcmp.obj (.text)
                  2000da20    00000020     driverlib.a : gpio.obj (.text:GPIOPinWrite)
                  2000da40    00000020                 : interrupt.obj (.text:IntRegister)
                  2000da60    00000020     simplelink.a : driver.obj (.text:_SlDrvProtectionObjUnLock)
                  2000da80    0000001e     driverlib.a : uart.obj (.text:UARTCharPut)
                  2000da9e    0000001e     simplelink.a : cc_pal.obj (.text:cc_UDMAChannelSelect)
                  2000dabc    0000001c     driverlib.a : uart.obj (.text:UARTCharGetNonBlocking)
                  2000dad8    0000001c     simplelink.a : driver.obj (.text:_SlDrvObjLockWaitForever)
                  2000daf4    0000001c                  : driver.obj (.text:_SlDrvSyncObjWaitForever)
                  2000db10    0000001c     rtsv7M4_T_le_eabi.lib : memccpy.obj (.text)
                  2000db2c    0000001c     driverlib.a : udma.obj (.text:uDMAChannelEnable)
                  2000db48    0000001a                 : gpio.obj (.text:GPIOIntEnable)
                  2000db62    0000001a                 : pin.obj (.text:PinTypeUART)
                  2000db7c    0000001a                 : spi.obj (.text:SPIDmaDisable)
                  2000db96    0000001a                 : spi.obj (.text:SPIDmaEnable)
                  2000dbb0    0000001a                 : spi.obj (.text:SPIFIFODisable)
                  2000dbca    0000001a                 : spi.obj (.text:SPIFIFOEnable)
                  2000dbe4    00000018                 : gpio.obj (.text:GPIOPinRead)
                  2000dbfc    00000018                 : spi.obj (.text:SPICSDisable)
                  2000dc14    00000018                 : spi.obj (.text:SPICSEnable)
                  2000dc2c    00000018                 : spi.obj (.text:SPIDisable)
                  2000dc44    00000018                 : spi.obj (.text:SPIEnable)
                  2000dc5c    00000018                 : uart.obj (.text:UARTCharsAvail)
                  2000dc74    00000018     simplelink.a : driver.obj (.text:_SlDrvObjUnLock)
                  2000dc8c    00000018                  : driver.obj (.text:_SlDrvSyncObjSignal)
                  2000dca4    00000018                  : device.obj (.text:_sl_GetStartResponseConvert)
                  2000dcbc    00000018     rtsv7M4_T_le_eabi.lib : args_main.obj (.text)
                  2000dcd4    00000016     driverlib.a : prcm.obj (.text:PRCMHIBRegRead)
                  2000dcea    00000016                 : prcm.obj (.text:PRCMHIBRegWrite)
                  2000dd00    00000016     simplelink.a : driver.obj (.text:_SlDrvMemZero)
                  2000dd16    00000016     rtsv7M4_T_le_eabi.lib : strchr.obj (.text)
                  2000dd2c    00000014     driverlib.a : cpu.obj (.text:CPUcpsie)
                  2000dd40    00000014                 : gpio.obj (.text:GPIOIntClear)
                  2000dd54    00000014                 : interrupt.obj (.text:IntVTableBaseSet)
                  2000dd68    00000014     rtsv7M4_T_le_eabi.lib : _lock.obj (.text)
                  2000dd7c    00000014                           : strlen.obj (.text)
                  2000dd90    0000000e     simplelink.a : driver.obj (.text:_SlDrvResetCmdExt)
                  2000dd9e    0000000e     rtsv7M4_T_le_eabi.lib : copy_decompress_none.obj (.text:decompress:none)
                  2000ddac    0000000e     startup_ccs.obj (.text)
                  2000ddba    00000002     --HOLE-- [fill = 0]
                  2000ddbc    0000000c     simplelink.a : cc_pal.obj (.text:NwpMaskInterrupt)
                  2000ddc8    0000000c                  : cc_pal.obj (.text:NwpUnMaskInterrupt)
                  2000ddd4    0000000c     rtsv7M4_T_le_eabi.lib : copy_zero_init.obj (.text:decompress:ZI)
                  2000dde0    0000000c     simplelink.a : wlan.obj (.text:sl_WlanDisconnect)
                  2000ddec    0000000c                  : wlan.obj (.text:sl_WlanSmartConfigStop)
                  2000ddf8    0000000a     driverlib.a : interrupt.obj (.text:IntMasterEnable)
                  2000de02    00000006                 : utils.obj (.text:UtilsDelay)
                  2000de08    00000006     rtsv7M4_T_le_eabi.lib : copy_decompress_rle.obj (.text:decompress:rle24)
                  2000de0e    00000004                           : pre_init.obj (.text)

.const     0    2000de14    000005f0     
                  2000de14    00000101     rtsv7M4_T_le_eabi.lib : ctype.obj (.const:.string:_ctypes_)
                  2000df15    00000003     --HOLE-- [fill = 0]
                  2000df18    00000100     driverlib.a : pin.obj (.const:g_ulPinToPadMap)
                  2000e018    000000d4                 : interrupt.obj (.const:g_pulRegs)
                  2000e0ec    000000a8                 : prcm.obj (.const:PRCM_PeriphRegsList)
                  2000e194    00000080                 : interrupt.obj (.const)
                  2000e214    0000003c     simplelink.a : driver.obj (.const:OpcodeTranslateTable)
                  2000e250    0000003c                  : wlan.obj (.const)
                  2000e28c    00000038                  : driver.obj (.const:_SlActionLookupTable)
                  2000e2c4    00000034                  : driver.obj (.const)
                  2000e2f8    0000002c     main.obj (.const:$P$T1$2)
                  2000e324    00000028     simplelink.a : netapp.obj (.const)
                  2000e34c    00000023     smartconfig.obj (.const:.string)
                  2000e36f    00000022     main.obj (.const:.string:$P$T0$1)
                  2000e391    00000020     main.obj (.const:.string)
                  2000e3b1    00000003     --HOLE-- [fill = 0]
                  2000e3b4    00000018     driverlib.a : spi.obj (.const)
                  2000e3cc    00000014     main.obj (.const)
                  2000e3e0    00000014     simplelink.a : device.obj (.const)
                  2000e3f4    00000008                  : device.obj (.const:.string)
                  2000e3fc    00000008                  : netcfg.obj (.const)

.cinit     0    2000e408    000000c8     
                  2000e408    0000009d     (.cinit..data.load) [load image, compression = rle]
                  2000e4a5    00000003     --HOLE-- [fill = 0]
                  2000e4a8    0000000c     (__TI_handler_table)
                  2000e4b4    00000004     --HOLE-- [fill = 0]
                  2000e4b8    00000008     (.cinit..bss.load) [load image, compression = zero_init]
                  2000e4c0    00000010     (__TI_cinit_table)

.sysmem    0    20017000    00008000     UNINITIALIZED
                  20017000    00000008     rtsv7M4_T_le_eabi.lib : memory.obj (.sysmem)
                  20017008    00007ff8     --HOLE--

.bss       0    2001f000    000003b0     UNINITIALIZED
                  2001f000    00000178     simplelink.a : driver.obj (.bss:g_StatMem)
                  2001f178    000000c8     free_rtos.a : tasks.obj (.bss:pxReadyTasksLists)
                  2001f240    00000050     simplelink.a : cc_pal.obj (.bss:g_ucDinDout)
                  2001f290    00000050     free_rtos.a : queue.obj (.bss:xQueueRegistry)
                  2001f2e0    00000024     main.obj (.bss:g_ucConnectionSSID)
                  2001f304    00000024     main.obj (.bss:g_ucSSID)
                  2001f328    00000014     (.common:xDelayedTaskList1)
                  2001f33c    00000014     (.common:xDelayedTaskList2)
                  2001f350    00000014     (.common:xPendingReadyList)
                  2001f364    00000014     (.common:xSuspendedTaskList)
                  2001f378    00000014     (.common:xTasksWaitingTermination)
                  2001f38c    00000008     (.common:g_ucConnectionBSSID)
                  2001f394    00000004     (.common:DMAMsgQ)
                  2001f398    00000004     (.common:G_FILE)
                  2001f39c    00000004     (.common:__Errorlog)
                  2001f3a0    00000004     (.common:g_cDummy)
                  2001f3a4    00000004     (.common:pxDelayedTaskList)
                  2001f3a8    00000004     (.common:pxOverflowDelayedTaskList)
                  2001f3ac    00000001     (.common:RxIrqCnt)
                  2001f3ad    00000001     (.common:g_ucLED1Pin)
                  2001f3ae    00000001     (.common:g_ucLED2Pin)
                  2001f3af    00000001     (.common:g_ucLED3Pin)

.TI.noinit 
*          0    2001f000    00000000     UNINITIALIZED

.data      0    2001f3b0    00000218     UNINITIALIZED
                  2001f3b0    000000b0     rtsv7M4_T_le_eabi.lib : signal.obj (.data:sigtable)
                  2001f460    00000080                           : xvalues.obj (.data)
                  2001f4e0    0000003d     main.obj (.data)
                  2001f51d    00000003     --HOLE--
                  2001f520    00000034     free_rtos.a : tasks.obj (.data)
                  2001f554    00000020     gpio_if.obj (.data)
                  2001f574    0000000c     free_rtos.a : osi_freertos.obj (.data)
                  2001f580    0000000c     rtsv7M4_T_le_eabi.lib : memory.obj (.data)
                  2001f58c    00000009     simplelink.a : cc_pal.obj (.data)
                  2001f595    00000003     --HOLE--
                  2001f598    00000009                  : driver.obj (.data)
                  2001f5a1    00000003     --HOLE--
                  2001f5a4    00000008     rtsv7M4_T_le_eabi.lib : _lock.obj (.data)
                  2001f5ac    00000008                           : exit.obj (.data)
                  2001f5b4    00000008                           : feraiseexcept.obj (.data)
                  2001f5bc    00000004     free_rtos.a : port.obj (.data)
                  2001f5c0    00000004     rtsv7M4_T_le_eabi.lib : errno.obj (.data)
                  2001f5c4    00000004                           : stkdepth_vars.obj (.data)

.TI.persistent 
*          0    2001f3b0    00000000     UNINITIALIZED

.stack     0    2002f800    00000800     UNINITIALIZED
                  2002f800    00000800     --HOLE--


LINKER GENERATED COPY TABLES

__TI_cinit_table @ 2000e4c0 records: 2, size/record: 8, table size: 16
	.data: load addr=2000e408, load size=0000009d bytes, run addr=2001f3b0, run size=00000218 bytes, compression=rle
	.bss: load addr=2000e4b8, load size=00000008 bytes, run addr=2001f000, run size=000003b0 bytes, compression=zero_init


LINKER GENERATED HANDLER TABLE

__TI_handler_table @ 2000e4a8 records: 3, size/record: 4, table size: 12
	index: 0, handler: __TI_decompress_rle24
	index: 1, handler: __TI_decompress_none
	index: 2, handler: __TI_zero_init


GLOBAL SYMBOLS: SORTED ALPHABETICALLY BY Name 

address   name                                  
-------   ----                                  
2000d311  C$$EXIT                               
2000dd2d  CPUcpsie                              
20009489  ClearTerm                             
2000704d  ConnectToNetwork                      
2000d3d5  CopyPingResultsToReport               
2001f394  DMAMsgQ                               
2000d7b9  DmaSpiSwIntHandler                    
20009493  Error                                 
2001f4f7  GET_token                             
2000d535  GPIODirModeSet                        
2000dd41  GPIOIntClear                          
2000db49  GPIOIntEnable                         
2000c47d  GPIOIntTypeSet                        
2000dbe5  GPIOPinRead                           
2000da21  GPIOPinWrite                          
20009375  GPIO_IF_ConfigureNIntEnable           
200093f1  GPIO_IF_Get                           
2000932f  GPIO_IF_GetPortNPin                   
200090f1  GPIO_IF_LedConfigure                  
200091e3  GPIO_IF_LedOff                        
2000912f  GPIO_IF_LedOn                         
20009297  GPIO_IF_LedStatus                     
20009301  GPIO_IF_LedToggle                     
200093b7  GPIO_IF_Set                           
2001f398  G_FILE                                
200094cb  GetCmd                                
20009449  InitTerm                              
2000b921  IntDisable                            
2000b9c9  IntEnable                             
2000ddf9  IntMasterEnable                       
2000cd4d  IntPendClear                          
2000ce55  IntPrioritySet                        
2000da41  IntRegister                           
2000d909  IntUnregister                         
2000dd55  IntVTableBaseSet                      
20009467  Message                               
2000ddbd  NwpMaskInterrupt                      
2000d4c5  NwpPowerOff                           
2000d7e5  NwpPowerOn                            
2000c375  NwpPowerOnPreamble                    
2000d8e1  NwpRegisterInterruptHandler           
2000ddc9  NwpUnMaskInterrupt                    
2000e214  OpcodeTranslateTable                  
2001f4ec  POST_token                            
2000a765  PRCMCC3200MCUInit                     
2000dcd5  PRCMHIBRegRead                        
2000dceb  PRCMHIBRegWrite                       
2000d869  PRCMPeripheralClkDisable              
2000d411  PRCMPeripheralClkEnable               
2000bce5  PRCMPeripheralClockGet                
2000cda5  PRCMPeripheralReset                   
2000d5a1  PRCMPeripheralStatusGet               
2000d811  PRCMSysResetCauseGet                  
2000c159  PinConfigSet                          
2000d355  PinModeSet                            
2000c3f9  PinMuxConfig                          
2000d63d  PinTypeGPIO                           
2000db63  PinTypeUART                           
20009619  Report                                
2000ddad  ResetISR                              
2001f3ac  RxIrqCnt                              
2000e2d4  RxMsgClassLUT                         
UNDEFED   SHT$$INIT_ARRAY$$Base                 
UNDEFED   SHT$$INIT_ARRAY$$Limit                
2000dbfd  SPICSDisable                          
2000dc15  SPICSEnable                           
2000ba71  SPIConfigSetExpClk                    
2000dc2d  SPIDisable                            
2000db7d  SPIDmaDisable                         
2000db97  SPIDmaEnable                          
2000dc45  SPIEnable                             
2000dbb1  SPIFIFODisable                        
2000dbcb  SPIFIFOEnable                         
2000d5d5  SPIFIFOLevelSet                       
2000d169  SPIIntClear                           
2000cfa1  SPIIntEnable                          
2000d999  SPIReset                              
2000d9bb  SPIWordCountSet                       
20006a95  SimpleLinkHttpServerCallback          
200068d5  SimpleLinkNetAppEventHandler          
20006949  SimpleLinkSockEventHandler            
2000671d  SimpleLinkWlanEventHandler            
2000afc5  SmartConfigConnect                    
2000b04d  SmartConfigStop                       
2000e3f4  StartResponseLUT                      
2001f50c  TASK_WAIT_TIME                        
20009581  TrimSpace                             
2000dabd  UARTCharGetNonBlocking                
2000da81  UARTCharPut                           
2000dc5d  UARTCharsAvail                        
2000c869  UARTConfigSetExpClk                   
2000d66d  UARTDisable                           
2000d92d  UARTEnable                            
2000de03  UtilsDelay                            
20008b45  VDeleteSimpleLinkSpawnTask            
20008af5  VStartSimpleLinkSpawnTask             
2000d83d  _Dclass                               
2001f460  _Denorm                               
2000b4c1  _Dnorm                                
2000aad5  _Dscale                               
2000cb5d  _Dunscale                             
2001f470  _Eps                                  
2001f5c0  _Errno                                
2001f5b4  _Fenv                                 
2000d6cd  _Feraise                              
2001f480  _Hugeval                              
2001f490  _Inf                                  
2001f4a0  _Nan                                  
2001f4c0  _Rteps                                
2000e28c  _SlActionLookupTable                  
2000b7b5  _SlAsyncEventGenericHandler           
2000e3ec  _SlDeviceGetCmdCtrl                   
2000e3f0  _SlDeviceSetCmdCtrl                   
2000d1b1  _SlDrvBasicCmd                        
2000b189  _SlDrvClassifyRxMsg                   
2000c501  _SlDrvCmdOp                           
2000c8e1  _SlDrvCmdSend                         
2000d69d  _SlDrvDeviceEventHandler              
2000ade1  _SlDrvDriverCBDeinit                  
2000a1f9  _SlDrvDriverCBInit                    
2000dd01  _SlDrvMemZero                         
20008291  _SlDrvMsgRead                         
2000b581  _SlDrvMsgReadCmdCtx                   
2000bb11  _SlDrvMsgReadSpawnCtx                 
20009ce5  _SlDrvMsgWrite                        
2000abe5  _SlDrvNetAppEventHandler              
2000dad9  _SlDrvObjLockWaitForever              
2000dc75  _SlDrvObjUnLock                       
2000cfed  _SlDrvProtectAsyncRespSetting         
2000d951  _SlDrvProtectionObjLockWaitForever    
2000da61  _SlDrvProtectionObjUnLock             
20009b15  _SlDrvReleasePoolObj                  
2000dd91  _SlDrvResetCmdExt                     
200096d9  _SlDrvRxHdrRead                       
2000d039  _SlDrvRxIrqHandler                    
2000dc8d  _SlDrvSyncObjSignal                   
2000daf5  _SlDrvSyncObjWaitForever              
2000a069  _SlDrvWaitForPoolObj                  
2000e3e8  _SlEventMaskGetCmdCtrl                
2000e3e4  _SlEventMaskSetCmdCtrl                
2000a36d  _SlFindAndSetActiveObj                
2000e338  _SlGetHostByNameCtrl                  
2000e334  _SlGetHostByServiceCtrl               
2000e32c  _SlGetServiceListeCtrl                
2000e344  _SlNetAppGetCmdCtrl                   
2000e340  _SlNetAppSendTokenValueCmdCtrl        
2000e33c  _SlNetAppSetCmdCtrl                   
2000e324  _SlNetAppStartCtrl                    
2000e328  _SlNetAppStopCtrl                     
2000e400  _SlNetCfgGetCmdCtrl                   
2000e3fc  _SlNetCfgSetCmdCtrl                   
2000e254  _SlPolicyGetCmdCtrl                   
2000e250  _SlPolicySetCmdCtrl                   
2000e25c  _SlProfileDelCmdCtrl                  
2000e258  _SlProfileGetCmdCtrl                  
2000e330  _SlRegisterServiceCtrl                
2000b3fd  _SlRemoveFromList                     
2000e264  _SlRxFilterAddtCmdCtrl                
2000e26c  _SlRxFilterGetCmdCtrl                 
2000e268  _SlRxFilterSetCmdCtrl                 
2000e270  _SlSmartConfigStartCmdCtrl            
2000e3e0  _SlStopCmdCtrl                        
2000e27c  _SlWlanCfgGetCmdCtrl                  
2000e278  _SlWlanCfgSetCmdCtrl                  
2000e260  _SlWlanGetNetworkListCtrl             
2000e274  _SlWlanSetModeCmdCtrl                 
2001f4b0  _Snan                                 
2001f5b8  _Tls_setup__Fenv                      
2001f4d0  _Xbig                                 
2001f4d8  _Zero                                 
20030000  __STACK_END                           
00000800  __STACK_SIZE                          
00008000  __SYSMEM_SIZE                         
2000e4c0  __TI_CINIT_Base                       
2000e4d0  __TI_CINIT_Limit                      
2000e4a8  __TI_Handler_Table_Base               
2000e4b4  __TI_Handler_Table_Limit              
2000c94d  __TI_auto_init                        
2001f5ac  __TI_cleanup_ptr                      
2000dd9f  __TI_decompress_none                  
2000de09  __TI_decompress_rle24                 
2001f5b0  __TI_dtors_ptr                        
200063fd  __TI_printfi                          
2000e408  __TI_static_base__                    
2000ddd5  __TI_zero_init                        
2000c269  __aeabi_cdcmpeq                       
2000c269  __aeabi_cdcmple                       
2000c2ef  __aeabi_cdrcmple                      
2000d1f9  __aeabi_d2iz                          
20009ebb  __aeabi_dadd                          
2000a62d  __aeabi_ddiv                          
2000ace3  __aeabi_dmul                          
20009eb1  __aeabi_dsub                          
2000d75d  __aeabi_i2d                           
2000c6fd  __aeabi_memclr                        
2000c6fd  __aeabi_memclr4                       
2000c6fd  __aeabi_memclr8                       
2000bbad  __aeabi_memcpy                        
2000bbad  __aeabi_memcpy4                       
2000bbad  __aeabi_memcpy8                       
2000c6ff  __aeabi_memset                        
2000c6ff  __aeabi_memset4                       
2000c6ff  __aeabi_memset8                       
20009921  __aeabi_uldivmod                      
ffffffff  __binit__                             
ffffffff  __c_args__                            
2002f800  __stack                               
2000dcbd  _args_main                            
2000d44d  _c_int00                              
2000de14  _ctypes_                              
2001f5a4  _lock                                 
2000dd77  _nop                                  
2000dd6f  _register_lock                        
2000dd69  _register_unlock                      
2000dca5  _sl_GetStartResponseConvert           
2000cc8d  _sl_HandleAsync_Accept                
2000c779  _sl_HandleAsync_Connect               
2000bfb5  _sl_HandleAsync_DnsGetHostByName      
2000b335  _sl_HandleAsync_DnsGetHostByService   
2000c681  _sl_HandleAsync_InitComplete          
2000c041  _sl_HandleAsync_PingResponse          
2000cea9  _sl_HandleAsync_Select                
2000cf51  _sl_HandleAsync_Stop                  
2000ca25  _sl_NetAppSendTokenValue              
20017000  _sys_memory                           
2000de0f  _system_pre_init                      
2001f5a8  _unlock                               
2000d315  abort                                 
2000d085  atoi                                  
ffffffff  binit                                 
20009081  calloc                                
2000d0d1  copy_in                               
20004691  eTaskGetState                         
2000d31d  exit                                  
2000d609  feraiseexcept                         
20008dcf  free                                  
2000d9dd  frexp                                 
2001f5a0  gFirstCmdMode                         
2000e2cc  g_H2NCnysPattern                      
2000e2c4  g_H2NSyncPattern                      
2001f58c  g_SpiFd                               
2001f000  g_StatMem                             
2001f3a0  g_cDummy                              
2001f504  g_iSimplelinkRole                     
2001f598  g_pCB                                 
2001f590  g_pHostIntHdl                         
20004000  g_pfnVectors                          
2001f51c  g_ucConnectTimeout                    
2001f38c  g_ucConnectionBSSID                   
2001f2e0  g_ucConnectionSSID                    
2001f594  g_ucDMAEnabled                        
2001f240  g_ucDinDout                           
2001f3ad  g_ucLED1Pin                           
2001f3ae  g_ucLED2Pin                           
2001f3af  g_ucLED3Pin                           
2001f304  g_ucSSID                              
2001f518  g_uiDeviceModeConfig                  
2001f508  g_uiIpAddress                         
2001f568  g_uiLED1Port                          
2001f56c  g_uiLED2Port                          
2001f570  g_uiLED3Port                          
2001f514  g_uiSimplelinkRole                    
2001f4e8  g_ulGatewayIP                         
2001f4e4  g_ulPingPacketsRecv                   
2001f4e0  g_ulStatus                            
2001f510  g_usMCNetworkUstate                   
2000d241  ldexp                                 
2000cdfd  ltoa                                  
20007461  main                                  
2001f5c4  main_func_sp                          
20008d67  malloc                                
20008c49  mem_Free                              
20008c3d  mem_Malloc                            
20008c69  mem_copy                              
20008c55  mem_set                               
20008f9d  memalign                              
2000db11  memccpy                               
2000d9ff  memcmp                                
2000bbad  memcpy                                
2000d975  memmove                               
2000c705  memset                                
20008cd9  minit                                 
20008cbf  osi_ContextRestore                    
20008cbd  osi_ContextSave                       
20008c7d  osi_EnterCritical                     
20008c87  osi_ExitCritical                      
200088a3  osi_InterruptDeRegister               
2000887d  osi_InterruptRegister                 
200089ad  osi_LockObjCreate                     
20008a21  osi_LockObjDelete                     
20008a31  osi_LockObjLock                       
20008a5d  osi_LockObjUnlock                     
20008b71  osi_MsgQCreate                        
20008bb5  osi_MsgQDelete                        
20008c01  osi_MsgQRead                          
20008bcf  osi_MsgQWrite                         
20008c99  osi_Sleep                             
20008a87  osi_Spawn                             
2000898b  osi_SyncObjClear                      
200088b5  osi_SyncObjCreate                     
200088e5  osi_SyncObjDelete                     
200088ff  osi_SyncObjSignal                     
20008927  osi_SyncObjSignalFromISR              
2000895f  osi_SyncObjWait                       
200089d3  osi_TaskCreate                        
20008a13  osi_TaskDelete                        
20008ca9  osi_TaskDisable                       
20008cb3  osi_TaskEnable                        
20008c91  osi_start                             
2001f59c  pPingCallBackFunc                     
20004bb5  pcTaskGetTaskName                     
2000b7ad  portCLZ                               
2000b795  prvPortStartFirstTask                 
2000d4fd  pvPortMalloc                          
2001f520  pxCurrentTCB                          
2000a9c5  pxPortInitialiseStack                 
2000d78b  raise                                 
20008e91  realloc                               
2000d395  signal                                
2000bc49  sl_DevGet                             
2000b86d  sl_NetAppMDNSRegisterUnregisterService
2000d56b  sl_NetAppMDNSUnRegisterService        
2000d891  sl_NetAppStart                        
2000d8b9  sl_NetAppStop                         
2000ca8d  sl_NetCfgSet                          
2000b63d  sl_Start                              
2000b261  sl_Stop                               
2000dde1  sl_WlanDisconnect                     
2000bd79  sl_WlanGet                            
2000cced  sl_WlanPolicySet                      
2000d6fd  sl_WlanProfileDel                     
2000cefd  sl_WlanRxFilterSet                    
2000caf5  sl_WlanSet                            
2000d72d  sl_WlanSetMode                        
2000be0d  sl_WlanSmartConfigStart               
2000dded  sl_WlanSmartConfigStop                
2000c7f1  spi_Close                             
2000a4dd  spi_Open                              
2000b0ad  spi_Read                              
2000c0cd  spi_Write                             
2000dd17  strchr                                
2000dd7d  strlen                                
2000d11d  uDMAChannelAssign                     
2000cbc5  uDMAChannelAttributeDisable           
2000cc29  uDMAChannelAttributeEnable            
2000d489  uDMAChannelControlSet                 
2000db2d  uDMAChannelEnable                     
2000aed5  uDMAChannelTransferSet                
20007eed  ucQueueGetQueueType                   
2000b6fd  ulPortSetInterruptMask                
2000a97b  uxListRemove                          
20007ecd  uxQueueGetQueueNumber                 
20007e61  uxQueueMessagesWaiting                
20007e97  uxQueueMessagesWaitingFromISR         
20007e77  uxQueueSpacesAvailable                
20004ba9  uxTaskGetNumberOfTasks                
20004bd9  uxTaskGetSystemState                  
200050cd  uxTaskGetTaskNumber                   
20004725  uxTaskPriorityGet                     
20005625  uxTaskResetEventItemValue             
2000670f  vApplicationIdleHook                  
20006711  vApplicationMallocFailedHook          
20006713  vApplicationStackOverflowHook         
20006705  vAssertCalled                         
2000a899  vListInitialise                       
2000a8c9  vListInitialiseItem                   
2000a915  vListInsert                           
2000a8d9  vListInsertEnd                        
2000b713  vPortClearInterruptMask               
2000aa41  vPortEndScheduler                     
2000aa55  vPortEnterCritical                    
2000aa6d  vPortExitCritical                     
2000d51d  vPortFree                             
2000b76d  vPortSVCHandler                       
2000aaa1  vPortSetupTimerInterrupt              
2000aa43  vPortYield                            
20008107  vQueueAddToRegistry                   
20007ea9  vQueueDelete                          
20007edb  vQueueSetQueueNumber                  
20008149  vQueueUnregisterQueue                 
2000463b  vTaskDelay                            
2000459f  vTaskDelayUntil                       
2000450f  vTaskDelete                           
20004a8d  vTaskEndScheduler                     
200050bf  vTaskMissedYield                      
20004e55  vTaskPlaceOnEventList                 
20004eb9  vTaskPlaceOnUnorderedEventList        
2000559b  vTaskPriorityDisinherit               
200054e1  vTaskPriorityInherit                  
2000475d  vTaskPrioritySet                      
20004955  vTaskResume                           
200050ed  vTaskSetTaskNumber                    
2000501f  vTaskSetTimeOutState                  
20004a43  vTaskStartScheduler                   
20004861  vTaskSuspend                          
20004a9f  vTaskSuspendAll                       
20004dd5  vTaskSwitchContext                    
2000c1e1  vsnprintf                             
2001f574  xHigherPriorityTaskWoken              
2000b721  xPortPendSVHandler                    
2000aa15  xPortStartScheduler                   
2000aa85  xPortSysTickHandler                   
20008197  xQueueAddToSet                        
20007ac9  xQueueAltGenericReceive               
20007a1d  xQueueAltGenericSend                  
200078f1  xQueueCreateCountingSemaphore         
20007873  xQueueCreateMutex                     
20008183  xQueueCreateSet                       
200077fd  xQueueGenericCreate                   
20007c63  xQueueGenericReceive                  
2000776d  xQueueGenericReset                    
20007911  xQueueGenericSend                     
20007bc7  xQueueGenericSendFromISR              
200080a3  xQueueIsQueueEmptyFromISR             
200080e5  xQueueIsQueueFullFromISR              
20007e1d  xQueuePeekFromISR                     
20007da5  xQueueReceiveFromISR                  
2001f290  xQueueRegistry                        
200081cb  xQueueRemoveFromSet                   
2000820d  xQueueSelectFromSet                   
20008227  xQueueSelectFromSetFromISR            
2001f578  xSimpleLinkSpawnQueue                 
2001f57c  xSimpleLinkSpawnTaskHndl              
20005045  xTaskCheckForTimeOut                  
20004401  xTaskGenericCreate                    
20005495  xTaskGetCurrentTaskHandle             
20004c97  xTaskGetIdleTaskHandle                
200054a9  xTaskGetSchedulerState                
20004b7d  xTaskGetTickCount                     
20004b91  xTaskGetTickCountFromISR              
20004cb1  xTaskIncrementTick                    
20004f2d  xTaskRemoveFromEventList              
20004fb1  xTaskRemoveFromUnorderedEventList     
20004ab1  xTaskResumeAll                        
200049c9  xTaskResumeFromISR                    


GLOBAL SYMBOLS: SORTED BY Symbol Address 

address   name                                  
-------   ----                                  
00000800  __STACK_SIZE                          
00008000  __SYSMEM_SIZE                         
20004000  g_pfnVectors                          
20004401  xTaskGenericCreate                    
2000450f  vTaskDelete                           
2000459f  vTaskDelayUntil                       
2000463b  vTaskDelay                            
20004691  eTaskGetState                         
20004725  uxTaskPriorityGet                     
2000475d  vTaskPrioritySet                      
20004861  vTaskSuspend                          
20004955  vTaskResume                           
200049c9  xTaskResumeFromISR                    
20004a43  vTaskStartScheduler                   
20004a8d  vTaskEndScheduler                     
20004a9f  vTaskSuspendAll                       
20004ab1  xTaskResumeAll                        
20004b7d  xTaskGetTickCount                     
20004b91  xTaskGetTickCountFromISR              
20004ba9  uxTaskGetNumberOfTasks                
20004bb5  pcTaskGetTaskName                     
20004bd9  uxTaskGetSystemState                  
20004c97  xTaskGetIdleTaskHandle                
20004cb1  xTaskIncrementTick                    
20004dd5  vTaskSwitchContext                    
20004e55  vTaskPlaceOnEventList                 
20004eb9  vTaskPlaceOnUnorderedEventList        
20004f2d  xTaskRemoveFromEventList              
20004fb1  xTaskRemoveFromUnorderedEventList     
2000501f  vTaskSetTimeOutState                  
20005045  xTaskCheckForTimeOut                  
200050bf  vTaskMissedYield                      
200050cd  uxTaskGetTaskNumber                   
200050ed  vTaskSetTaskNumber                    
20005495  xTaskGetCurrentTaskHandle             
200054a9  xTaskGetSchedulerState                
200054e1  vTaskPriorityInherit                  
2000559b  vTaskPriorityDisinherit               
20005625  uxTaskResetEventItemValue             
200063fd  __TI_printfi                          
20006705  vAssertCalled                         
2000670f  vApplicationIdleHook                  
20006711  vApplicationMallocFailedHook          
20006713  vApplicationStackOverflowHook         
2000671d  SimpleLinkWlanEventHandler            
200068d5  SimpleLinkNetAppEventHandler          
20006949  SimpleLinkSockEventHandler            
20006a95  SimpleLinkHttpServerCallback          
2000704d  ConnectToNetwork                      
20007461  main                                  
2000776d  xQueueGenericReset                    
200077fd  xQueueGenericCreate                   
20007873  xQueueCreateMutex                     
200078f1  xQueueCreateCountingSemaphore         
20007911  xQueueGenericSend                     
20007a1d  xQueueAltGenericSend                  
20007ac9  xQueueAltGenericReceive               
20007bc7  xQueueGenericSendFromISR              
20007c63  xQueueGenericReceive                  
20007da5  xQueueReceiveFromISR                  
20007e1d  xQueuePeekFromISR                     
20007e61  uxQueueMessagesWaiting                
20007e77  uxQueueSpacesAvailable                
20007e97  uxQueueMessagesWaitingFromISR         
20007ea9  vQueueDelete                          
20007ecd  uxQueueGetQueueNumber                 
20007edb  vQueueSetQueueNumber                  
20007eed  ucQueueGetQueueType                   
200080a3  xQueueIsQueueEmptyFromISR             
200080e5  xQueueIsQueueFullFromISR              
20008107  vQueueAddToRegistry                   
20008149  vQueueUnregisterQueue                 
20008183  xQueueCreateSet                       
20008197  xQueueAddToSet                        
200081cb  xQueueRemoveFromSet                   
2000820d  xQueueSelectFromSet                   
20008227  xQueueSelectFromSetFromISR            
20008291  _SlDrvMsgRead                         
2000887d  osi_InterruptRegister                 
200088a3  osi_InterruptDeRegister               
200088b5  osi_SyncObjCreate                     
200088e5  osi_SyncObjDelete                     
200088ff  osi_SyncObjSignal                     
20008927  osi_SyncObjSignalFromISR              
2000895f  osi_SyncObjWait                       
2000898b  osi_SyncObjClear                      
200089ad  osi_LockObjCreate                     
200089d3  osi_TaskCreate                        
20008a13  osi_TaskDelete                        
20008a21  osi_LockObjDelete                     
20008a31  osi_LockObjLock                       
20008a5d  osi_LockObjUnlock                     
20008a87  osi_Spawn                             
20008af5  VStartSimpleLinkSpawnTask             
20008b45  VDeleteSimpleLinkSpawnTask            
20008b71  osi_MsgQCreate                        
20008bb5  osi_MsgQDelete                        
20008bcf  osi_MsgQWrite                         
20008c01  osi_MsgQRead                          
20008c3d  mem_Malloc                            
20008c49  mem_Free                              
20008c55  mem_set                               
20008c69  mem_copy                              
20008c7d  osi_EnterCritical                     
20008c87  osi_ExitCritical                      
20008c91  osi_start                             
20008c99  osi_Sleep                             
20008ca9  osi_TaskDisable                       
20008cb3  osi_TaskEnable                        
20008cbd  osi_ContextSave                       
20008cbf  osi_ContextRestore                    
20008cd9  minit                                 
20008d67  malloc                                
20008dcf  free                                  
20008e91  realloc                               
20008f9d  memalign                              
20009081  calloc                                
200090f1  GPIO_IF_LedConfigure                  
2000912f  GPIO_IF_LedOn                         
200091e3  GPIO_IF_LedOff                        
20009297  GPIO_IF_LedStatus                     
20009301  GPIO_IF_LedToggle                     
2000932f  GPIO_IF_GetPortNPin                   
20009375  GPIO_IF_ConfigureNIntEnable           
200093b7  GPIO_IF_Set                           
200093f1  GPIO_IF_Get                           
20009449  InitTerm                              
20009467  Message                               
20009489  ClearTerm                             
20009493  Error                                 
200094cb  GetCmd                                
20009581  TrimSpace                             
20009619  Report                                
200096d9  _SlDrvRxHdrRead                       
20009921  __aeabi_uldivmod                      
20009b15  _SlDrvReleasePoolObj                  
20009ce5  _SlDrvMsgWrite                        
20009eb1  __aeabi_dsub                          
20009ebb  __aeabi_dadd                          
2000a069  _SlDrvWaitForPoolObj                  
2000a1f9  _SlDrvDriverCBInit                    
2000a36d  _SlFindAndSetActiveObj                
2000a4dd  spi_Open                              
2000a62d  __aeabi_ddiv                          
2000a765  PRCMCC3200MCUInit                     
2000a899  vListInitialise                       
2000a8c9  vListInitialiseItem                   
2000a8d9  vListInsertEnd                        
2000a915  vListInsert                           
2000a97b  uxListRemove                          
2000a9c5  pxPortInitialiseStack                 
2000aa15  xPortStartScheduler                   
2000aa41  vPortEndScheduler                     
2000aa43  vPortYield                            
2000aa55  vPortEnterCritical                    
2000aa6d  vPortExitCritical                     
2000aa85  xPortSysTickHandler                   
2000aaa1  vPortSetupTimerInterrupt              
2000aad5  _Dscale                               
2000abe5  _SlDrvNetAppEventHandler              
2000ace3  __aeabi_dmul                          
2000ade1  _SlDrvDriverCBDeinit                  
2000aed5  uDMAChannelTransferSet                
2000afc5  SmartConfigConnect                    
2000b04d  SmartConfigStop                       
2000b0ad  spi_Read                              
2000b189  _SlDrvClassifyRxMsg                   
2000b261  sl_Stop                               
2000b335  _sl_HandleAsync_DnsGetHostByService   
2000b3fd  _SlRemoveFromList                     
2000b4c1  _Dnorm                                
2000b581  _SlDrvMsgReadCmdCtx                   
2000b63d  sl_Start                              
2000b6fd  ulPortSetInterruptMask                
2000b713  vPortClearInterruptMask               
2000b721  xPortPendSVHandler                    
2000b76d  vPortSVCHandler                       
2000b795  prvPortStartFirstTask                 
2000b7ad  portCLZ                               
2000b7b5  _SlAsyncEventGenericHandler           
2000b86d  sl_NetAppMDNSRegisterUnregisterService
2000b921  IntDisable                            
2000b9c9  IntEnable                             
2000ba71  SPIConfigSetExpClk                    
2000bb11  _SlDrvMsgReadSpawnCtx                 
2000bbad  __aeabi_memcpy                        
2000bbad  __aeabi_memcpy4                       
2000bbad  __aeabi_memcpy8                       
2000bbad  memcpy                                
2000bc49  sl_DevGet                             
2000bce5  PRCMPeripheralClockGet                
2000bd79  sl_WlanGet                            
2000be0d  sl_WlanSmartConfigStart               
2000bfb5  _sl_HandleAsync_DnsGetHostByName      
2000c041  _sl_HandleAsync_PingResponse          
2000c0cd  spi_Write                             
2000c159  PinConfigSet                          
2000c1e1  vsnprintf                             
2000c269  __aeabi_cdcmpeq                       
2000c269  __aeabi_cdcmple                       
2000c2ef  __aeabi_cdrcmple                      
2000c375  NwpPowerOnPreamble                    
2000c3f9  PinMuxConfig                          
2000c47d  GPIOIntTypeSet                        
2000c501  _SlDrvCmdOp                           
2000c681  _sl_HandleAsync_InitComplete          
2000c6fd  __aeabi_memclr                        
2000c6fd  __aeabi_memclr4                       
2000c6fd  __aeabi_memclr8                       
2000c6ff  __aeabi_memset                        
2000c6ff  __aeabi_memset4                       
2000c6ff  __aeabi_memset8                       
2000c705  memset                                
2000c779  _sl_HandleAsync_Connect               
2000c7f1  spi_Close                             
2000c869  UARTConfigSetExpClk                   
2000c8e1  _SlDrvCmdSend                         
2000c94d  __TI_auto_init                        
2000ca25  _sl_NetAppSendTokenValue              
2000ca8d  sl_NetCfgSet                          
2000caf5  sl_WlanSet                            
2000cb5d  _Dunscale                             
2000cbc5  uDMAChannelAttributeDisable           
2000cc29  uDMAChannelAttributeEnable            
2000cc8d  _sl_HandleAsync_Accept                
2000cced  sl_WlanPolicySet                      
2000cd4d  IntPendClear                          
2000cda5  PRCMPeripheralReset                   
2000cdfd  ltoa                                  
2000ce55  IntPrioritySet                        
2000cea9  _sl_HandleAsync_Select                
2000cefd  sl_WlanRxFilterSet                    
2000cf51  _sl_HandleAsync_Stop                  
2000cfa1  SPIIntEnable                          
2000cfed  _SlDrvProtectAsyncRespSetting         
2000d039  _SlDrvRxIrqHandler                    
2000d085  atoi                                  
2000d0d1  copy_in                               
2000d11d  uDMAChannelAssign                     
2000d169  SPIIntClear                           
2000d1b1  _SlDrvBasicCmd                        
2000d1f9  __aeabi_d2iz                          
2000d241  ldexp                                 
2000d311  C$$EXIT                               
2000d315  abort                                 
2000d31d  exit                                  
2000d355  PinModeSet                            
2000d395  signal                                
2000d3d5  CopyPingResultsToReport               
2000d411  PRCMPeripheralClkEnable               
2000d44d  _c_int00                              
2000d489  uDMAChannelControlSet                 
2000d4c5  NwpPowerOff                           
2000d4fd  pvPortMalloc                          
2000d51d  vPortFree                             
2000d535  GPIODirModeSet                        
2000d56b  sl_NetAppMDNSUnRegisterService        
2000d5a1  PRCMPeripheralStatusGet               
2000d5d5  SPIFIFOLevelSet                       
2000d609  feraiseexcept                         
2000d63d  PinTypeGPIO                           
2000d66d  UARTDisable                           
2000d69d  _SlDrvDeviceEventHandler              
2000d6cd  _Feraise                              
2000d6fd  sl_WlanProfileDel                     
2000d72d  sl_WlanSetMode                        
2000d75d  __aeabi_i2d                           
2000d78b  raise                                 
2000d7b9  DmaSpiSwIntHandler                    
2000d7e5  NwpPowerOn                            
2000d811  PRCMSysResetCauseGet                  
2000d83d  _Dclass                               
2000d869  PRCMPeripheralClkDisable              
2000d891  sl_NetAppStart                        
2000d8b9  sl_NetAppStop                         
2000d8e1  NwpRegisterInterruptHandler           
2000d909  IntUnregister                         
2000d92d  UARTEnable                            
2000d951  _SlDrvProtectionObjLockWaitForever    
2000d975  memmove                               
2000d999  SPIReset                              
2000d9bb  SPIWordCountSet                       
2000d9dd  frexp                                 
2000d9ff  memcmp                                
2000da21  GPIOPinWrite                          
2000da41  IntRegister                           
2000da61  _SlDrvProtectionObjUnLock             
2000da81  UARTCharPut                           
2000dabd  UARTCharGetNonBlocking                
2000dad9  _SlDrvObjLockWaitForever              
2000daf5  _SlDrvSyncObjWaitForever              
2000db11  memccpy                               
2000db2d  uDMAChannelEnable                     
2000db49  GPIOIntEnable                         
2000db63  PinTypeUART                           
2000db7d  SPIDmaDisable                         
2000db97  SPIDmaEnable                          
2000dbb1  SPIFIFODisable                        
2000dbcb  SPIFIFOEnable                         
2000dbe5  GPIOPinRead                           
2000dbfd  SPICSDisable                          
2000dc15  SPICSEnable                           
2000dc2d  SPIDisable                            
2000dc45  SPIEnable                             
2000dc5d  UARTCharsAvail                        
2000dc75  _SlDrvObjUnLock                       
2000dc8d  _SlDrvSyncObjSignal                   
2000dca5  _sl_GetStartResponseConvert           
2000dcbd  _args_main                            
2000dcd5  PRCMHIBRegRead                        
2000dceb  PRCMHIBRegWrite                       
2000dd01  _SlDrvMemZero                         
2000dd17  strchr                                
2000dd2d  CPUcpsie                              
2000dd41  GPIOIntClear                          
2000dd55  IntVTableBaseSet                      
2000dd69  _register_unlock                      
2000dd6f  _register_lock                        
2000dd77  _nop                                  
2000dd7d  strlen                                
2000dd91  _SlDrvResetCmdExt                     
2000dd9f  __TI_decompress_none                  
2000ddad  ResetISR                              
2000ddbd  NwpMaskInterrupt                      
2000ddc9  NwpUnMaskInterrupt                    
2000ddd5  __TI_zero_init                        
2000dde1  sl_WlanDisconnect                     
2000dded  sl_WlanSmartConfigStop                
2000ddf9  IntMasterEnable                       
2000de03  UtilsDelay                            
2000de09  __TI_decompress_rle24                 
2000de0f  _system_pre_init                      
2000de14  _ctypes_                              
2000e214  OpcodeTranslateTable                  
2000e250  _SlPolicySetCmdCtrl                   
2000e254  _SlPolicyGetCmdCtrl                   
2000e258  _SlProfileGetCmdCtrl                  
2000e25c  _SlProfileDelCmdCtrl                  
2000e260  _SlWlanGetNetworkListCtrl             
2000e264  _SlRxFilterAddtCmdCtrl                
2000e268  _SlRxFilterSetCmdCtrl                 
2000e26c  _SlRxFilterGetCmdCtrl                 
2000e270  _SlSmartConfigStartCmdCtrl            
2000e274  _SlWlanSetModeCmdCtrl                 
2000e278  _SlWlanCfgSetCmdCtrl                  
2000e27c  _SlWlanCfgGetCmdCtrl                  
2000e28c  _SlActionLookupTable                  
2000e2c4  g_H2NSyncPattern                      
2000e2cc  g_H2NCnysPattern                      
2000e2d4  RxMsgClassLUT                         
2000e324  _SlNetAppStartCtrl                    
2000e328  _SlNetAppStopCtrl                     
2000e32c  _SlGetServiceListeCtrl                
2000e330  _SlRegisterServiceCtrl                
2000e334  _SlGetHostByServiceCtrl               
2000e338  _SlGetHostByNameCtrl                  
2000e33c  _SlNetAppSetCmdCtrl                   
2000e340  _SlNetAppSendTokenValueCmdCtrl        
2000e344  _SlNetAppGetCmdCtrl                   
2000e3e0  _SlStopCmdCtrl                        
2000e3e4  _SlEventMaskSetCmdCtrl                
2000e3e8  _SlEventMaskGetCmdCtrl                
2000e3ec  _SlDeviceGetCmdCtrl                   
2000e3f0  _SlDeviceSetCmdCtrl                   
2000e3f4  StartResponseLUT                      
2000e3fc  _SlNetCfgSetCmdCtrl                   
2000e400  _SlNetCfgGetCmdCtrl                   
2000e408  __TI_static_base__                    
2000e4a8  __TI_Handler_Table_Base               
2000e4b4  __TI_Handler_Table_Limit              
2000e4c0  __TI_CINIT_Base                       
2000e4d0  __TI_CINIT_Limit                      
20017000  _sys_memory                           
2001f000  g_StatMem                             
2001f240  g_ucDinDout                           
2001f290  xQueueRegistry                        
2001f2e0  g_ucConnectionSSID                    
2001f304  g_ucSSID                              
2001f38c  g_ucConnectionBSSID                   
2001f394  DMAMsgQ                               
2001f398  G_FILE                                
2001f3a0  g_cDummy                              
2001f3ac  RxIrqCnt                              
2001f3ad  g_ucLED1Pin                           
2001f3ae  g_ucLED2Pin                           
2001f3af  g_ucLED3Pin                           
2001f460  _Denorm                               
2001f470  _Eps                                  
2001f480  _Hugeval                              
2001f490  _Inf                                  
2001f4a0  _Nan                                  
2001f4b0  _Snan                                 
2001f4c0  _Rteps                                
2001f4d0  _Xbig                                 
2001f4d8  _Zero                                 
2001f4e0  g_ulStatus                            
2001f4e4  g_ulPingPacketsRecv                   
2001f4e8  g_ulGatewayIP                         
2001f4ec  POST_token                            
2001f4f7  GET_token                             
2001f504  g_iSimplelinkRole                     
2001f508  g_uiIpAddress                         
2001f50c  TASK_WAIT_TIME                        
2001f510  g_usMCNetworkUstate                   
2001f514  g_uiSimplelinkRole                    
2001f518  g_uiDeviceModeConfig                  
2001f51c  g_ucConnectTimeout                    
2001f520  pxCurrentTCB                          
2001f568  g_uiLED1Port                          
2001f56c  g_uiLED2Port                          
2001f570  g_uiLED3Port                          
2001f574  xHigherPriorityTaskWoken              
2001f578  xSimpleLinkSpawnQueue                 
2001f57c  xSimpleLinkSpawnTaskHndl              
2001f58c  g_SpiFd                               
2001f590  g_pHostIntHdl                         
2001f594  g_ucDMAEnabled                        
2001f598  g_pCB                                 
2001f59c  pPingCallBackFunc                     
2001f5a0  gFirstCmdMode                         
2001f5a4  _lock                                 
2001f5a8  _unlock                               
2001f5ac  __TI_cleanup_ptr                      
2001f5b0  __TI_dtors_ptr                        
2001f5b4  _Fenv                                 
2001f5b8  _Tls_setup__Fenv                      
2001f5c0  _Errno                                
2001f5c4  main_func_sp                          
2002f800  __stack                               
20030000  __STACK_END                           
ffffffff  __binit__                             
ffffffff  __c_args__                            
ffffffff  binit                                 
UNDEFED   SHT$$INIT_ARRAY$$Base                 
UNDEFED   SHT$$INIT_ARRAY$$Limit                

[435 symbols]
