******************************************************************************
                  TI ARM Linker PC v5.2.7                      
******************************************************************************
>> Linked Sun Apr 03 12:31:13 2016

OUTPUT FILE NAME:   <LaserCeenC.out>
ENTRY POINT SYMBOL: "_c_int00"  address: 20010151


MEMORY CONFIGURATION

         name            origin    length      used     unused   attr    fill
----------------------  --------  ---------  --------  --------  ----  --------
  SRAM_CODE             20004000   00013000  0000d426  00005bda  RW X
  SRAM_DATA             20017000   00019000  000091a4  0000fe5c  RW X


SEGMENT ALLOCATION MAP

run origin  load origin   length   init length attrs members
----------  ----------- ---------- ----------- ----- -------
20004000    20004000    0000d428   0000d428    r-x
  20004000    20004000    00000400   00000400    r-- .intvecs
  20004400    20004400    0000c82e   0000c82e    r-x .text
  20010c30    20010c30    000006d0   000006d0    r-- .const
  20011300    20011300    00000128   00000128    r-- .cinit
20017000    20017000    000089a8   00000000    rw-
  20017000    20017000    00008000   00000000    rw- .sysmem
  2001f000    2001f000    000005ac   00000000    rw- .bss
  2001f5b0    2001f5b0    000003f8   00000000    rw- .data
2002f800    2002f800    00000800   00000000    rw-
  2002f800    2002f800    00000800   00000000    rw- .stack


SECTION ALLOCATION MAP

 output                                  attributes/
section   page    origin      length       input sections
--------  ----  ----------  ----------   ----------------
.intvecs   0    20004000    00000400     
                  20004000    00000400     startup_ccs.obj (.intvecs)

.init_array 
*          0    20004000    00000000     UNINITIALIZED

.text      0    20004400    0000c82e     
                  20004400    00001424     main.obj (.text)
                  20005824    0000125c     free_rtos.a : tasks.obj (.text)
                  20006a80    000010a6     rtsv7M4_T_le_eabi.lib : _printfi.obj (.text)
                  20007b26    00000002     driverlib.a : interrupt.obj (.text:IntDefaultHandler)
                  20007b28    00000b24     free_rtos.a : queue.obj (.text)
                  2000864c    00000906     rtsv7M4_T_le_eabi.lib : _scanfi.obj (.text)
                  20008f52    00000002     --HOLE-- [fill = 0]
                  20008f54    000005ec     simplelink.a : driver.obj (.text:_SlDrvMsgRead)
                  20009540    0000045c     free_rtos.a : osi_freertos.obj (.text)
                  2000999c    000003dc     rtsv7M4_T_le_eabi.lib : memory.obj (.text)
                  20009d78    00000394     gpio_if.obj (.text)
                  2000a10c    00000312     fileparse.obj (.text)
                  2000a41e    00000002     --HOLE-- [fill = 0]
                  2000a420    0000030c     rtsv7M4_T_le_eabi.lib : lowlev.obj (.text)
                  2000a72c    000002d4                           : trgdrv.obj (.text)
                  2000aa00    00000298                           : vla_alloc.obj (.text)
                  2000ac98    00000290     uart_if.obj (.text)
                  2000af28    00000248     simplelink.a : driver.obj (.text:_SlDrvRxHdrRead)
                  2000b170    00000238     rtsv7M4_T_le_eabi.lib : strtod.obj (.text)
                  2000b3a8    000001f4                           : ull_div_t2.obj (.text)
                  2000b59c    000001e4                           : strtoll.obj (.text)
                  2000b780    000001d0     simplelink.a : driver.obj (.text:_SlDrvReleasePoolObj)
                  2000b950    000001cc                  : driver.obj (.text:_SlDrvMsgWrite)
                  2000bb1c    000001c4     rtsv7M4_T_le_eabi.lib : fopen.obj (.text)
                  2000bce0    000001b6                           : fd_add_t2.obj (.text)
                  2000be96    00000002     --HOLE-- [fill = 0]
                  2000be98    00000190     simplelink.a : driver.obj (.text:_SlDrvWaitForPoolObj)
                  2000c028    00000174                  : driver.obj (.text:_SlDrvDriverCBInit)
                  2000c19c    00000170                  : driver.obj (.text:_SlFindAndSetActiveObj)
                  2000c30c    0000016c     rtsv7M4_T_le_eabi.lib : strtoull.obj (.text)
                  2000c478    00000150     simplelink.a : cc_pal.obj (.text:spi_Open)
                  2000c5c8    00000136     rtsv7M4_T_le_eabi.lib : fd_div_t2.obj (.text)
                  2000c6fe    00000002     --HOLE-- [fill = 0]
                  2000c700    00000134     driverlib.a : prcm.obj (.text:PRCMCC3200MCUInit)
                  2000c834    00000134     rtsv7M4_T_le_eabi.lib : fputs.obj (.text)
                  2000c968    00000134                           : strtol.obj (.text)
                  2000ca9c    0000012a     free_rtos.a : list.obj (.text)
                  2000cbc6    00000002     --HOLE-- [fill = 0]
                  2000cbc8    00000114     rtsv7M4_T_le_eabi.lib : strtoul.obj (.text)
                  2000ccdc    00000110     free_rtos.a : port.obj (.text)
                  2000cdec    00000110     rtsv7M4_T_le_eabi.lib : xdscale.obj (.text)
                  2000cefc    000000fe     simplelink.a : netapp.obj (.text:_SlDrvNetAppEventHandler)
                  2000cffa    000000fc     rtsv7M4_T_le_eabi.lib : fd_mul_t2.obj (.text)
                  2000d0f6    00000002     --HOLE-- [fill = 0]
                  2000d0f8    000000f4     simplelink.a : driver.obj (.text:_SlDrvDriverCBDeinit)
                  2000d1ec    000000f4                  : fs.obj (.text:sl_FsRead)
                  2000d2e0    000000f0     driverlib.a : udma.obj (.text:uDMAChannelTransferSet)
                  2000d3d0    000000ec     simplelink.a : fs.obj (.text:sl_FsWrite)
                  2000d4bc    000000e8     smartconfig.obj (.text)
                  2000d5a4    000000dc     rtsv7M4_T_le_eabi.lib : setvbuf.obj (.text)
                  2000d680    000000dc     simplelink.a : cc_pal.obj (.text:spi_Read)
                  2000d75c    000000d8                  : driver.obj (.text:_SlDrvClassifyRxMsg)
                  2000d834    000000d4                  : device.obj (.text:sl_Stop)
                  2000d908    000000cc     rtsv7M4_T_le_eabi.lib : sscanf.obj (.text)
                  2000d9d4    000000c8     simplelink.a : netapp.obj (.text:_sl_HandleAsync_DnsGetHostByService)
                  2000da9c    000000c8     rtsv7M4_T_le_eabi.lib : fflush.obj (.text)
                  2000db64    000000c4     simplelink.a : driver.obj (.text:_SlRemoveFromList)
                  2000dc28    000000be     rtsv7M4_T_le_eabi.lib : xdnorm.obj (.text)
                  2000dce6    00000002     --HOLE-- [fill = 0]
                  2000dce8    000000bc     simplelink.a : driver.obj (.text:_SlDrvMsgReadCmdCtx)
                  2000dda4    000000bc                  : device.obj (.text:sl_Start)
                  2000de60    000000ba     free_rtos.a : portasm.obj (.text)
                  2000df1a    00000002     --HOLE-- [fill = 0]
                  2000df1c    000000b8     simplelink.a : driver.obj (.text:_SlAsyncEventGenericHandler)
                  2000dfd4    000000b4                  : netapp.obj (.text:sl_NetAppMDNSRegisterUnregisterService)
                  2000e088    000000ac     rtsv7M4_T_le_eabi.lib : _io_perm.obj (.text)
                  2000e134    000000a8     driverlib.a : interrupt.obj (.text:IntDisable)
                  2000e1dc    000000a8                 : interrupt.obj (.text:IntEnable)
                  2000e284    000000a0                 : spi.obj (.text:SPIConfigSetExpClk)
                  2000e324    0000009c     simplelink.a : driver.obj (.text:_SlDrvMsgReadSpawnCtx)
                  2000e3c0    0000009c     rtsv7M4_T_le_eabi.lib : memcpy_t2.obj (.text)
                  2000e45c    0000009c     simplelink.a : device.obj (.text:sl_DevGet)
                  2000e4f8    00000098                  : fs.obj (.text:_sl_GetCreateFsMode)
                  2000e590    00000098     rtsv7M4_T_le_eabi.lib : fclose.obj (.text)
                  2000e628    00000098                           : fputc.obj (.text)
                  2000e6c0    00000094     driverlib.a : prcm.obj (.text:PRCMPeripheralClockGet)
                  2000e754    00000094     simplelink.a : wlan.obj (.text:sl_WlanGet)
                  2000e7e8    00000090                  : wlan.obj (.text:sl_WlanSmartConfigStart)
                  2000e878    0000008c                  : cc_pal.obj (.text:SetupDMAReceive)
                  2000e904    0000008c                  : cc_pal.obj (.text:SetupDMASend)
                  2000e990    0000008c                  : netapp.obj (.text:_sl_HandleAsync_DnsGetHostByName)
                  2000ea1c    0000008c                  : netapp.obj (.text:_sl_HandleAsync_PingResponse)
                  2000eaa8    0000008c     pinmux.obj (.text)
                  2000eb34    0000008c     simplelink.a : cc_pal.obj (.text:spi_Write)
                  2000ebc0    00000088     driverlib.a : pin.obj (.text:PinConfigSet)
                  2000ec48    00000088     rtsv7M4_T_le_eabi.lib : vsnprintf.obj (.text)
                  2000ecd0    00000088     simplelink.a : fs.obj (.text:sl_FsClose)
                  2000ed58    00000086     rtsv7M4_T_le_eabi.lib : fd_cmp_t2.obj (.text:__aeabi_cdcmple)
                  2000edde    00000086                           : fd_cmp_t2.obj (.text:__aeabi_cdrcmple)
                  2000ee64    00000084     simplelink.a : cc_pal.obj (.text:NwpPowerOnPreamble)
                  2000eee8    00000082     driverlib.a : gpio.obj (.text:GPIOIntTypeSet)
                  2000ef6a    00000002     --HOLE-- [fill = 0]
                  2000ef6c    00000080     simplelink.a : driver.obj (.text:_SlDrvCmdOp)
                  2000efec    00000080                  : cc_pal.obj (.text:spi_Read_CPU)
                  2000f06c    00000080                  : cc_pal.obj (.text:spi_Write_CPU)
                  2000f0ec    0000007c                  : device.obj (.text:_sl_HandleAsync_InitComplete)
                  2000f168    0000007c                  : fs.obj (.text:sl_FsGetInfo)
                  2000f1e4    0000007a     rtsv7M4_T_le_eabi.lib : memset_t2.obj (.text)
                  2000f25e    00000002     --HOLE-- [fill = 0]
                  2000f260    00000078     simplelink.a : socket.obj (.text:_sl_HandleAsync_Connect)
                  2000f2d8    00000078                  : fs.obj (.text:sl_FsOpen)
                  2000f350    00000078                  : cc_pal.obj (.text:spi_Close)
                  2000f3c8    00000076     driverlib.a : uart.obj (.text:UARTConfigSetExpClk)
                  2000f43e    0000006e     rtsv7M4_T_le_eabi.lib : fd_tos_t2.obj (.text)
                  2000f4ac    0000006c     simplelink.a : driver.obj (.text:_SlDrvCmdSend)
                  2000f518    0000006c     rtsv7M4_T_le_eabi.lib : autoinit.obj (.text)
                  2000f584    0000006c                           : fprintf.obj (.text)
                  2000f5f0    0000006a                           : copy_decompress_rle.obj (.text)
                  2000f65a    00000002     --HOLE-- [fill = 0]
                  2000f65c    00000068     simplelink.a : netapp.obj (.text:_sl_NetAppSendTokenValue)
                  2000f6c4    00000068     rtsv7M4_T_le_eabi.lib : trgmsg.obj (.text)
                  2000f72c    00000068     simplelink.a : netcfg.obj (.text:sl_NetCfgSet)
                  2000f794    00000068                  : wlan.obj (.text:sl_WlanSet)
                  2000f7fc    00000066     rtsv7M4_T_le_eabi.lib : xdunscal.obj (.text)
                  2000f862    00000002     --HOLE-- [fill = 0]
                  2000f864    00000064                           : fseek.obj (.text)
                  2000f8c8    00000064     driverlib.a : udma.obj (.text:uDMAChannelAttributeDisable)
                  2000f92c    00000064                 : udma.obj (.text:uDMAChannelAttributeEnable)
                  2000f990    00000060     simplelink.a : socket.obj (.text:_sl_HandleAsync_Accept)
                  2000f9f0    00000060                  : wlan.obj (.text:sl_WlanPolicySet)
                  2000fa50    00000058     driverlib.a : interrupt.obj (.text:IntPendClear)
                  2000faa8    00000058                 : prcm.obj (.text:PRCMPeripheralReset)
                  2000fb00    00000056     rtsv7M4_T_le_eabi.lib : ltoa.obj (.text)
                  2000fb56    00000002     --HOLE-- [fill = 0]
                  2000fb58    00000054     driverlib.a : interrupt.obj (.text:IntPrioritySet)
                  2000fbac    00000054     simplelink.a : socket.obj (.text:_sl_HandleAsync_Select)
                  2000fc00    00000054                  : wlan.obj (.text:sl_WlanRxFilterSet)
                  2000fc54    00000050                  : device.obj (.text:_sl_HandleAsync_Stop)
                  2000fca4    0000004c     driverlib.a : spi.obj (.text:SPIIntEnable)
                  2000fcf0    0000004c     simplelink.a : driver.obj (.text:_SlDrvProtectAsyncRespSetting)
                  2000fd3c    0000004c                  : driver.obj (.text:_SlDrvRxIrqHandler)
                  2000fd88    0000004c     rtsv7M4_T_le_eabi.lib : atoi.obj (.text)
                  2000fdd4    0000004c                           : cpy_tbl.obj (.text)
                  2000fe20    0000004c     driverlib.a : udma.obj (.text:uDMAChannelAssign)
                  2000fe6c    00000048                 : spi.obj (.text:SPIIntClear)
                  2000feb4    00000048     simplelink.a : driver.obj (.text:_SlDrvBasicCmd)
                  2000fefc    00000048     rtsv7M4_T_le_eabi.lib : fd_toi_t2.obj (.text)
                  2000ff44    00000046                           : ldexp.obj (.text)
                  2000ff8a    00000002     --HOLE-- [fill = 0]
                  2000ff8c    00000044     driverlib.a : spi.obj (.text:SPIDmaMaskGet)
                  2000ffd0    00000044     simplelink.a : cc_pal.obj (.text:cc_SetupTransfer)
                  20010014    00000044     rtsv7M4_T_le_eabi.lib : exit.obj (.text)
                  20010058    00000040     driverlib.a : pin.obj (.text:PinModeSet)
                  20010098    00000040     rtsv7M4_T_le_eabi.lib : signal.obj (.text)
                  200100d8    0000003c     simplelink.a : netapp.obj (.text:CopyPingResultsToReport)
                  20010114    0000003c     driverlib.a : prcm.obj (.text:PRCMPeripheralClkEnable)
                  20010150    0000003c     rtsv7M4_T_le_eabi.lib : boot.obj (.text)
                  2001018c    0000003c     driverlib.a : udma.obj (.text:uDMAChannelControlSet)
                  200101c8    00000038     simplelink.a : cc_pal.obj (.text:NwpPowerOff)
                  20010200    00000038     free_rtos.a : heap_3.obj (.text)
                  20010238    00000038     rtsv7M4_T_le_eabi.lib : fs_tod_t2.obj (.text)
                  20010270    00000036     driverlib.a : gpio.obj (.text:GPIODirModeSet)
                  200102a6    00000036     simplelink.a : netapp.obj (.text:sl_NetAppMDNSUnRegisterService)
                  200102dc    00000034     driverlib.a : prcm.obj (.text:PRCMPeripheralStatusGet)
                  20010310    00000034                 : spi.obj (.text:SPIFIFOLevelSet)
                  20010344    00000034     rtsv7M4_T_le_eabi.lib : feraiseexcept.obj (.text)
                  20010378    00000030     driverlib.a : pin.obj (.text:PinTypeGPIO)
                  200103a8    00000030                 : uart.obj (.text:UARTDisable)
                  200103d8    00000030     simplelink.a : device.obj (.text:_SlDrvDeviceEventHandler)
                  20010408    00000030                  : fs.obj (.text:_sl_Strlen)
                  20010438    00000030     rtsv7M4_T_le_eabi.lib : strncpy.obj (.text)
                  20010468    00000030                           : xferaise.obj (.text)
                  20010498    00000030     simplelink.a : wlan.obj (.text:sl_WlanProfileDel)
                  200104c8    00000030                  : wlan.obj (.text:sl_WlanSetMode)
                  200104f8    0000002e     rtsv7M4_T_le_eabi.lib : i_tofd_t2.obj (.text)
                  20010526    0000002e                           : raise.obj (.text)
                  20010554    0000002c     simplelink.a : cc_pal.obj (.text:DmaSpiSwIntHandler)
                  20010580    0000002c                  : cc_pal.obj (.text:NwpPowerOn)
                  200105ac    0000002c     driverlib.a : prcm.obj (.text:PRCMSysResetCauseGet)
                  200105d8    0000002a     rtsv7M4_T_le_eabi.lib : xdclass.obj (.text)
                  20010602    00000002     --HOLE-- [fill = 0]
                  20010604    00000028     driverlib.a : prcm.obj (.text:PRCMPeripheralClkDisable)
                  2001062c    00000028     simplelink.a : netapp.obj (.text:sl_NetAppStart)
                  20010654    00000028                  : netapp.obj (.text:sl_NetAppStop)
                  2001067c    00000026                  : cc_pal.obj (.text:NwpRegisterInterruptHandler)
                  200106a2    00000002     --HOLE-- [fill = 0]
                  200106a4    00000024     driverlib.a : interrupt.obj (.text:IntUnregister)
                  200106c8    00000024                 : uart.obj (.text:UARTEnable)
                  200106ec    00000024     simplelink.a : driver.obj (.text:_SlDrvProtectionObjLockWaitForever)
                  20010710    00000024     rtsv7M4_T_le_eabi.lib : memmov.obj (.text)
                  20010734    00000022     driverlib.a : spi.obj (.text:SPIReset)
                  20010756    00000022                 : spi.obj (.text:SPIWordCountSet)
                  20010778    00000022     rtsv7M4_T_le_eabi.lib : frexp.obj (.text)
                  2001079a    00000022                           : memcmp.obj (.text)
                  200107bc    00000020     driverlib.a : gpio.obj (.text:GPIOPinWrite)
                  200107dc    00000020                 : interrupt.obj (.text:IntRegister)
                  200107fc    00000020     simplelink.a : driver.obj (.text:_SlDrvProtectionObjUnLock)
                  2001081c    00000020     rtsv7M4_T_le_eabi.lib : memchr.obj (.text)
                  2001083c    0000001e     driverlib.a : uart.obj (.text:UARTCharPut)
                  2001085a    0000001e     simplelink.a : cc_pal.obj (.text:cc_UDMAChannelSelect)
                  20010878    0000001c     driverlib.a : uart.obj (.text:UARTCharGetNonBlocking)
                  20010894    0000001c     simplelink.a : driver.obj (.text:_SlDrvObjLockWaitForever)
                  200108b0    0000001c                  : driver.obj (.text:_SlDrvSyncObjWaitForever)
                  200108cc    0000001c     rtsv7M4_T_le_eabi.lib : memccpy.obj (.text)
                  200108e8    0000001c     driverlib.a : udma.obj (.text:uDMAChannelEnable)
                  20010904    0000001a                 : gpio.obj (.text:GPIOIntEnable)
                  2001091e    0000001a                 : pin.obj (.text:PinTypeUART)
                  20010938    0000001a                 : spi.obj (.text:SPIDmaDisable)
                  20010952    0000001a                 : spi.obj (.text:SPIDmaEnable)
                  2001096c    0000001a                 : spi.obj (.text:SPIFIFODisable)
                  20010986    0000001a                 : spi.obj (.text:SPIFIFOEnable)
                  200109a0    00000018                 : gpio.obj (.text:GPIOPinRead)
                  200109b8    00000018                 : spi.obj (.text:SPICSDisable)
                  200109d0    00000018                 : spi.obj (.text:SPICSEnable)
                  200109e8    00000018                 : spi.obj (.text:SPIDisable)
                  20010a00    00000018                 : spi.obj (.text:SPIEnable)
                  20010a18    00000018                 : uart.obj (.text:UARTCharsAvail)
                  20010a30    00000018     simplelink.a : driver.obj (.text:_SlDrvObjUnLock)
                  20010a48    00000018                  : driver.obj (.text:_SlDrvSyncObjSignal)
                  20010a60    00000018                  : device.obj (.text:_sl_GetStartResponseConvert)
                  20010a78    00000018     rtsv7M4_T_le_eabi.lib : args_main.obj (.text)
                  20010a90    00000018                           : ll_mul_t2.obj (.text)
                  20010aa8    00000018                           : strcmp.obj (.text)
                  20010ac0    00000018                           : strrchr.obj (.text)
                  20010ad8    00000016     driverlib.a : prcm.obj (.text:PRCMHIBRegRead)
                  20010aee    00000016                 : prcm.obj (.text:PRCMHIBRegWrite)
                  20010b04    00000016     simplelink.a : driver.obj (.text:_SlDrvMemZero)
                  20010b1a    00000016     rtsv7M4_T_le_eabi.lib : strchr.obj (.text)
                  20010b30    00000014     driverlib.a : cpu.obj (.text:CPUcpsie)
                  20010b44    00000014                 : gpio.obj (.text:GPIOIntClear)
                  20010b58    00000014                 : interrupt.obj (.text:IntVTableBaseSet)
                  20010b6c    00000014     rtsv7M4_T_le_eabi.lib : _lock.obj (.text)
                  20010b80    00000014                           : strcpy.obj (.text)
                  20010b94    00000014                           : strlen.obj (.text)
                  20010ba8    0000000e     simplelink.a : driver.obj (.text:_SlDrvResetCmdExt)
                  20010bb6    0000000e     rtsv7M4_T_le_eabi.lib : copy_decompress_none.obj (.text:decompress:none)
                  20010bc4    0000000e     startup_ccs.obj (.text)
                  20010bd2    00000002     --HOLE-- [fill = 0]
                  20010bd4    0000000c     simplelink.a : cc_pal.obj (.text:NwpMaskInterrupt)
                  20010be0    0000000c                  : cc_pal.obj (.text:NwpUnMaskInterrupt)
                  20010bec    0000000c     rtsv7M4_T_le_eabi.lib : copy_zero_init.obj (.text:decompress:ZI)
                  20010bf8    0000000c     simplelink.a : wlan.obj (.text:sl_WlanDisconnect)
                  20010c04    0000000c                  : wlan.obj (.text:sl_WlanSmartConfigStop)
                  20010c10    0000000a     driverlib.a : interrupt.obj (.text:IntMasterEnable)
                  20010c1a    00000006                 : utils.obj (.text:UtilsDelay)
                  20010c20    00000006     rtsv7M4_T_le_eabi.lib : copy_decompress_rle.obj (.text:decompress:rle24)
                  20010c26    00000004                           : error.obj (.text)
                  20010c2a    00000004                           : pre_init.obj (.text)

.const     0    20010c30    000006d0     
                  20010c30    00000101     rtsv7M4_T_le_eabi.lib : ctype.obj (.const:.string:_ctypes_)
                  20010d31    00000003     --HOLE-- [fill = 0]
                  20010d34    00000100     driverlib.a : pin.obj (.const:g_ulPinToPadMap)
                  20010e34    000000d4                 : interrupt.obj (.const:g_pulRegs)
                  20010f08    000000a8                 : prcm.obj (.const:PRCM_PeriphRegsList)
                  20010fb0    00000098     rtsv7M4_T_le_eabi.lib : strtod.obj (.const)
                  20011048    00000080     driverlib.a : interrupt.obj (.const)
                  200110c8    0000003c     simplelink.a : driver.obj (.const:OpcodeTranslateTable)
                  20011104    0000003c                  : wlan.obj (.const)
                  20011140    00000038                  : driver.obj (.const:_SlActionLookupTable)
                  20011178    00000038                  : fs.obj (.const)
                  200111b0    00000034                  : driver.obj (.const)
                  200111e4    0000002c     main.obj (.const:$P$T1$2)
                  20011210    00000028     simplelink.a : netapp.obj (.const)
                  20011238    00000023     smartconfig.obj (.const:.string)
                  2001125b    00000022     main.obj (.const:.string:$P$T0$1)
                  2001127d    00000020     main.obj (.const:.string)
                  2001129d    00000003     --HOLE-- [fill = 0]
                  200112a0    00000018     driverlib.a : spi.obj (.const)
                  200112b8    00000014     main.obj (.const)
                  200112cc    00000014     simplelink.a : device.obj (.const)
                  200112e0    00000010     rtsv7M4_T_le_eabi.lib : _scanfi.obj (.const)
                  200112f0    00000008     simplelink.a : device.obj (.const:.string)
                  200112f8    00000008                  : netcfg.obj (.const)

.cinit     0    20011300    00000128     
                  20011300    00000102     (.cinit..data.load) [load image, compression = rle]
                  20011402    00000002     --HOLE-- [fill = 0]
                  20011404    0000000c     (__TI_handler_table)
                  20011410    00000008     (.cinit..bss.load) [load image, compression = zero_init]
                  20011418    00000010     (__TI_cinit_table)

.sysmem    0    20017000    00008000     UNINITIALIZED
                  20017000    00000008     rtsv7M4_T_le_eabi.lib : memory.obj (.sysmem)
                  20017008    00007ff8     --HOLE--

.bss       0    2001f000    000005ac     UNINITIALIZED
                  2001f000    00000178     simplelink.a : driver.obj (.bss:g_StatMem)
                  2001f178    00000120     rtsv7M4_T_le_eabi.lib : trgmsg.obj (.bss:__CIOBUF_)
                  2001f298    000000c8     free_rtos.a : tasks.obj (.bss:pxReadyTasksLists)
                  2001f360    000000a0     rtsv7M4_T_le_eabi.lib : defs.obj (.bss:__TI_tmpnams)
                  2001f400    00000050     simplelink.a : cc_pal.obj (.bss:g_ucDinDout)
                  2001f450    00000050     free_rtos.a : queue.obj (.bss:xQueueRegistry)
                  2001f4a0    00000024     main.obj (.bss:g_ucConnectionSSID)
                  2001f4c4    00000024     main.obj (.bss:g_ucSSID)
                  2001f4e8    0000001c     rtsv7M4_T_le_eabi.lib : vla_alloc.obj (.bss)
                  2001f504    00000014     (.common:xDelayedTaskList1)
                  2001f518    00000014     (.common:xDelayedTaskList2)
                  2001f52c    00000014     (.common:xPendingReadyList)
                  2001f540    00000014     (.common:xSuspendedTaskList)
                  2001f554    00000014     (.common:xTasksWaitingTermination)
                  2001f568    00000008     (.common:g_ucConnectionBSSID)
                  2001f570    00000008     (.common:parmbuf)
                  2001f578    00000004     (.common:DMAMsgQ)
                  2001f57c    00000004     (.common:FileAvail)
                  2001f580    00000004     (.common:FileSaved)
                  2001f584    00000004     (.common:G_FILE)
                  2001f588    00000004     (.common:OpenFile)
                  2001f58c    00000004     (.common:Processing)
                  2001f590    00000004     (.common:__Errorlog)
                  2001f594    00000004     (.common:blocks)
                  2001f598    00000004     (.common:bytesRead)
                  2001f59c    00000004     (.common:g_cDummy)
                  2001f5a0    00000004     (.common:pxDelayedTaskList)
                  2001f5a4    00000004     (.common:pxOverflowDelayedTaskList)
                  2001f5a8    00000001     (.common:RxIrqCnt)
                  2001f5a9    00000001     (.common:g_ucLED1Pin)
                  2001f5aa    00000001     (.common:g_ucLED2Pin)
                  2001f5ab    00000001     (.common:g_ucLED3Pin)

.TI.noinit 
*          0    2001f000    00000000     UNINITIALIZED

.data      0    2001f5b0    000003f8     UNINITIALIZED
                  2001f5b0    000000f0     rtsv7M4_T_le_eabi.lib : defs.obj (.data:_ftable)
                  2001f6a0    000000d0                           : lowlev.obj (.data)
                  2001f770    000000b0                           : signal.obj (.data:sigtable)
                  2001f820    00000080                           : xvalues.obj (.data)
                  2001f8a0    00000049     main.obj (.data)
                  2001f8e9    00000003     --HOLE--
                  2001f8ec    00000034     free_rtos.a : tasks.obj (.data)
                  2001f920    00000020     gpio_if.obj (.data)
                  2001f940    00000010     rtsv7M4_T_le_eabi.lib : defs.obj (.data)
                  2001f950    0000000c     free_rtos.a : osi_freertos.obj (.data)
                  2001f95c    0000000c     rtsv7M4_T_le_eabi.lib : memory.obj (.data)
                  2001f968    00000009     simplelink.a : cc_pal.obj (.data)
                  2001f971    00000003     --HOLE--
                  2001f974    00000009                  : driver.obj (.data)
                  2001f97d    00000003     --HOLE--
                  2001f980    00000008     rtsv7M4_T_le_eabi.lib : _lock.obj (.data)
                  2001f988    00000008                           : exit.obj (.data)
                  2001f990    00000008                           : feraiseexcept.obj (.data)
                  2001f998    00000004     free_rtos.a : port.obj (.data)
                  2001f99c    00000004     rtsv7M4_T_le_eabi.lib : errno.obj (.data)
                  2001f9a0    00000004                           : fopen.obj (.data)
                  2001f9a4    00000004                           : stkdepth_vars.obj (.data)

.TI.persistent 
*          0    2001f5b0    00000000     UNINITIALIZED

.stack     0    2002f800    00000800     UNINITIALIZED
                  2002f800    00000800     --HOLE--


LINKER GENERATED COPY TABLES

__TI_cinit_table @ 20011418 records: 2, size/record: 8, table size: 16
	.data: load addr=20011300, load size=00000102 bytes, run addr=2001f5b0, run size=000003f8 bytes, compression=rle
	.bss: load addr=20011410, load size=00000008 bytes, run addr=2001f000, run size=000005ac bytes, compression=zero_init


LINKER GENERATED HANDLER TABLE

__TI_handler_table @ 20011404 records: 3, size/record: 4, table size: 12
	index: 0, handler: __TI_decompress_rle24
	index: 1, handler: __TI_decompress_none
	index: 2, handler: __TI_zero_init


GLOBAL SYMBOLS: SORTED ALPHABETICALLY BY Name 

address   name                                  
-------   ----                                  
20010015  C$$EXIT                               
2000f6f3  C$$IO$$                               
20010b31  CPUcpsie                              
2000acd9  ClearTerm                             
20004d45  ConnectToNetwork                      
200100d9  CopyPingResultsToReport               
2001f578  DMAMsgQ                               
20010555  DmaSpiSwIntHandler                    
2000ace3  Error                                 
2001f57c  FileAvail                             
2001f580  FileSaved                             
2001f8b7  GET_token                             
20010271  GPIODirModeSet                        
20010b45  GPIOIntClear                          
20010905  GPIOIntEnable                         
2000eee9  GPIOIntTypeSet                        
200109a1  GPIOPinRead                           
200107bd  GPIOPinWrite                          
2000a039  GPIO_IF_ConfigureNIntEnable           
2000a0b5  GPIO_IF_Get                           
20009ff3  GPIO_IF_GetPortNPin                   
20009db5  GPIO_IF_LedConfigure                  
20009ea7  GPIO_IF_LedOff                        
20009df3  GPIO_IF_LedOn                         
20009f5b  GPIO_IF_LedStatus                     
20009fc5  GPIO_IF_LedToggle                     
2000a07b  GPIO_IF_Set                           
2001f584  G_FILE                                
2000ad1b  GetCmd                                
2000a9b9  HOSTclock                             
2000a981  HOSTclose                             
2000a943  HOSTgetenv                            
2000a8e7  HOSTlseek                             
2000a895  HOSTopen                              
2000a849  HOSTread                              
2000a7eb  HOSTrename                            
2000a7b1  HOSTtime                              
2000a779  HOSTunlink                            
2000a72d  HOSTwrite                             
2000ac99  InitTerm                              
2000e135  IntDisable                            
2000e1dd  IntEnable                             
20010c11  IntMasterEnable                       
2000fa51  IntPendClear                          
2000fb59  IntPrioritySet                        
200107dd  IntRegister                           
200106a5  IntUnregister                         
20010b59  IntVTableBaseSet                      
2000acb7  Message                               
20010bd5  NwpMaskInterrupt                      
200101c9  NwpPowerOff                           
20010581  NwpPowerOn                            
2000ee65  NwpPowerOnPreamble                    
2001067d  NwpRegisterInterruptHandler           
20010be1  NwpUnMaskInterrupt                    
2001f8cc  OP_STATUS                             
200110c8  OpcodeTranslateTable                  
2001f588  OpenFile                              
2001f8ac  POST_token                            
2000c701  PRCMCC3200MCUInit                     
20010ad9  PRCMHIBRegRead                        
20010aef  PRCMHIBRegWrite                       
20010605  PRCMPeripheralClkDisable              
20010115  PRCMPeripheralClkEnable               
2000e6c1  PRCMPeripheralClockGet                
2000faa9  PRCMPeripheralReset                   
200102dd  PRCMPeripheralStatusGet               
200105ad  PRCMSysResetCauseGet                  
2000ebc1  PinConfigSet                          
20010059  PinModeSet                            
2000eaa9  PinMuxConfig                          
20010379  PinTypeGPIO                           
2001091f  PinTypeUART                           
2001f58c  Processing                            
2000ae69  Report                                
20010bc5  ResetISR                              
2001f5a8  RxIrqCnt                              
200111c0  RxMsgClassLUT                         
UNDEFED   SHT$$INIT_ARRAY$$Base                 
UNDEFED   SHT$$INIT_ARRAY$$Limit                
200109b9  SPICSDisable                          
200109d1  SPICSEnable                           
2000e285  SPIConfigSetExpClk                    
200109e9  SPIDisable                            
20010939  SPIDmaDisable                         
20010953  SPIDmaEnable                          
20010a01  SPIEnable                             
2001096d  SPIFIFODisable                        
20010987  SPIFIFOEnable                         
20010311  SPIFIFOLevelSet                       
2000fe6d  SPIIntClear                           
2000fca5  SPIIntEnable                          
20010735  SPIReset                              
20010757  SPIWordCountSet                       
20004791  SimpleLinkHttpServerCallback          
200045d1  SimpleLinkNetAppEventHandler          
20004645  SimpleLinkSockEventHandler            
20004419  SimpleLinkWlanEventHandler            
2000d4bd  SmartConfigConnect                    
2000d545  SmartConfigStop                       
200112f0  StartResponseLUT                      
2001f8d4  Token                                 
2000add1  TrimSpace                             
20010879  UARTCharGetNonBlocking                
2001083d  UARTCharPut                           
20010a19  UARTCharsAvail                        
2000f3c9  UARTConfigSetExpClk                   
200103a9  UARTDisable                           
200106c9  UARTEnable                            
20010c1b  UtilsDelay                            
20009809  VDeleteSimpleLinkSpawnTask            
200097b9  VStartSimpleLinkSpawnTask             
200105d9  _Dclass                               
2001f820  _Denorm                               
2000dc29  _Dnorm                                
2000cded  _Dscale                               
2000f7fd  _Dunscale                             
2001f830  _Eps                                  
2001f99c  _Errno                                
2001f990  _Fenv                                 
20010469  _Feraise                              
2001f840  _Hugeval                              
2001f850  _Inf                                  
2001f860  _Nan                                  
2001f880  _Rteps                                
20011140  _SlActionLookupTable                  
2000df1d  _SlAsyncEventGenericHandler           
200112d8  _SlDeviceGetCmdCtrl                   
200112dc  _SlDeviceSetCmdCtrl                   
2000feb5  _SlDrvBasicCmd                        
2000d75d  _SlDrvClassifyRxMsg                   
2000ef6d  _SlDrvCmdOp                           
2000f4ad  _SlDrvCmdSend                         
200103d9  _SlDrvDeviceEventHandler              
2000d0f9  _SlDrvDriverCBDeinit                  
2000c029  _SlDrvDriverCBInit                    
20010b05  _SlDrvMemZero                         
20008f55  _SlDrvMsgRead                         
2000dce9  _SlDrvMsgReadCmdCtx                   
2000e325  _SlDrvMsgReadSpawnCtx                 
2000b951  _SlDrvMsgWrite                        
2000cefd  _SlDrvNetAppEventHandler              
20010895  _SlDrvObjLockWaitForever              
20010a31  _SlDrvObjUnLock                       
2000fcf1  _SlDrvProtectAsyncRespSetting         
200106ed  _SlDrvProtectionObjLockWaitForever    
200107fd  _SlDrvProtectionObjUnLock             
2000b781  _SlDrvReleasePoolObj                  
20010ba9  _SlDrvResetCmdExt                     
2000af29  _SlDrvRxHdrRead                       
2000fd3d  _SlDrvRxIrqHandler                    
20010a49  _SlDrvSyncObjSignal                   
200108b1  _SlDrvSyncObjWaitForever              
2000be99  _SlDrvWaitForPoolObj                  
200112d4  _SlEventMaskGetCmdCtrl                
200112d0  _SlEventMaskSetCmdCtrl                
2000c19d  _SlFindAndSetActiveObj                
2001117c  _SlFsCloseCmdCtrl                     
2001118c  _SlFsDeleteCmdCtrl                    
20011188  _SlFsGetInfoCmdCtrl                   
20011178  _SlFsOpenCmdCtrl                      
20011180  _SlFsReadCmdCtrl                      
20011184  _SlFsWriteCmdCtrl                     
20011224  _SlGetHostByNameCtrl                  
20011220  _SlGetHostByServiceCtrl               
20011218  _SlGetServiceListeCtrl                
20011230  _SlNetAppGetCmdCtrl                   
2001122c  _SlNetAppSendTokenValueCmdCtrl        
20011228  _SlNetAppSetCmdCtrl                   
20011210  _SlNetAppStartCtrl                    
20011214  _SlNetAppStopCtrl                     
200112fc  _SlNetCfgGetCmdCtrl                   
200112f8  _SlNetCfgSetCmdCtrl                   
20011108  _SlPolicyGetCmdCtrl                   
20011104  _SlPolicySetCmdCtrl                   
20011110  _SlProfileDelCmdCtrl                  
2001110c  _SlProfileGetCmdCtrl                  
2001121c  _SlRegisterServiceCtrl                
2000db65  _SlRemoveFromList                     
20011118  _SlRxFilterAddtCmdCtrl                
20011120  _SlRxFilterGetCmdCtrl                 
2001111c  _SlRxFilterSetCmdCtrl                 
20011124  _SlSmartConfigStartCmdCtrl            
200112cc  _SlStopCmdCtrl                        
20011130  _SlWlanCfgGetCmdCtrl                  
2001112c  _SlWlanCfgSetCmdCtrl                  
20011114  _SlWlanGetNetworkListCtrl             
20011128  _SlWlanSetModeCmdCtrl                 
2001f870  _Snan                                 
2001f994  _Tls_setup__Fenv                      
2001f890  _Xbig                                 
2001f898  _Zero                                 
2001f178  __CIOBUF_                             
20030000  __STACK_END                           
00000800  __STACK_SIZE                          
00008000  __SYSMEM_SIZE                         
20011418  __TI_CINIT_Base                       
20011428  __TI_CINIT_Limit                      
20011404  __TI_Handler_Table_Base               
20011410  __TI_Handler_Table_Limit              
2000f519  __TI_auto_init                        
2000bbe5  __TI_cleanup                          
2001f988  __TI_cleanup_ptr                      
2000e591  __TI_closefile                        
20010bb7  __TI_decompress_none                  
20010c21  __TI_decompress_rle24                 
2000da9d  __TI_doflush                          
2001f98c  __TI_dtors_ptr                        
2001f940  __TI_ft_end                           
20007821  __TI_printfi                          
2000e0eb  __TI_rd_ok                            
2000f6f7  __TI_readmsg                          
20008aa5  __TI_scanfi                           
20011300  __TI_static_base__                    
2001f360  __TI_tmpnams                          
2000f6c5  __TI_writemsg                         
2000e089  __TI_wrt_ok                           
20010bed  __TI_zero_init                        
20010c27  __abort_execution                     
2000ed59  __aeabi_cdcmpeq                       
2000ed59  __aeabi_cdcmple                       
2000eddf  __aeabi_cdrcmple                      
2000f43f  __aeabi_d2f                           
2000fefd  __aeabi_d2iz                          
2000bceb  __aeabi_dadd                          
2000c5c9  __aeabi_ddiv                          
2000cffb  __aeabi_dmul                          
2000bce1  __aeabi_dsub                          
20010239  __aeabi_f2d                           
200104f9  __aeabi_i2d                           
20010a91  __aeabi_lmul                          
2000f1e5  __aeabi_memclr                        
2000f1e5  __aeabi_memclr4                       
2000f1e5  __aeabi_memclr8                       
2000e3c1  __aeabi_memcpy                        
2000e3c1  __aeabi_memcpy4                       
2000e3c1  __aeabi_memcpy8                       
2000f1e7  __aeabi_memset                        
2000f1e7  __aeabi_memset4                       
2000f1e7  __aeabi_memset8                       
2001f94c  __aeabi_stderr                        
2001f944  __aeabi_stdin                         
2001f948  __aeabi_stdout                        
2000b3a9  __aeabi_uldivmod                      
ffffffff  __binit__                             
ffffffff  __c_args__                            
2002f800  __stack                               
2000ab09  __vla_alloc                           
2000aa01  __vla_dealloc                         
2000aa89  __vla_dealloc_eh                      
20010a79  _args_main                            
20010151  _c_int00                              
20010c30  _ctypes_                              
2001f5b0  _ftable                               
2001f980  _lock                                 
20010b7b  _nop                                  
20010b73  _register_lock                        
20010b6d  _register_unlock                      
2000e4f9  _sl_GetCreateFsMode                   
20010a61  _sl_GetStartResponseConvert           
2000f991  _sl_HandleAsync_Accept                
2000f261  _sl_HandleAsync_Connect               
2000e991  _sl_HandleAsync_DnsGetHostByName      
2000d9d5  _sl_HandleAsync_DnsGetHostByService   
2000f0ed  _sl_HandleAsync_InitComplete          
2000ea1d  _sl_HandleAsync_PingResponse          
2000fbad  _sl_HandleAsync_Select                
2000fc55  _sl_HandleAsync_Stop                  
2000f65d  _sl_NetAppSendTokenValue              
20010409  _sl_Strlen                            
20017000  _sys_memory                           
20010c2b  _system_pre_init                      
2001f984  _unlock                               
20010019  abort                                 
2000a681  add_device                            
2000fd89  atoi                                  
ffffffff  binit                                 
2001f594  blocks                                
2001f598  bytesRead                             
2001f8d8  bytesReceived                         
20009d45  calloc                                
2000a631  close                                 
2000fdd5  copy_in                               
20005ab5  eTaskGetState                         
20010021  exit                                  
2000e5f7  fclose                                
20010345  feraiseexcept                         
2000dae9  fflush                                
2001f8d0  fileHandle                            
2000a10d  fileparse                             
2000bc3b  fopen                                 
2000f58d  fprintf                               
2000e629  fputc                                 
2000c835  fputs                                 
20009a93  free                                  
2000bc11  freopen                               
20010779  frexp                                 
2000f865  fseek                                 
2001f97c  gFirstCmdMode                         
200111b8  g_H2NCnysPattern                      
200111b0  g_H2NSyncPattern                      
2001f968  g_SpiFd                               
2001f000  g_StatMem                             
2001f59c  g_cDummy                              
2001f8c4  g_iSimplelinkRole                     
2001f974  g_pCB                                 
2001f96c  g_pHostIntHdl                         
20004000  g_pfnVectors                          
2001f8e8  g_ucConnectTimeout                    
2001f568  g_ucConnectionBSSID                   
2001f4a0  g_ucConnectionSSID                    
2001f970  g_ucDMAEnabled                        
2001f400  g_ucDinDout                           
2001f5a9  g_ucLED1Pin                           
2001f5aa  g_ucLED2Pin                           
2001f5ab  g_ucLED3Pin                           
2001f4c4  g_ucSSID                              
2001f8e4  g_uiDeviceModeConfig                  
2001f8c8  g_uiIpAddress                         
2001f934  g_uiLED1Port                          
2001f938  g_uiLED2Port                          
2001f93c  g_uiLED3Port                          
2001f8e0  g_uiSimplelinkRole                    
2001f8a8  g_ulGatewayIP                         
2001f8a4  g_ulPingPacketsRecv                   
2001f8a0  g_ulStatus                            
2001f8dc  g_usMCNetworkUstate                   
2000a181  gcommand                              
2000ff45  ldexp                                 
2000a60d  lseek                                 
2000fb01  ltoa                                  
20005539  main                                  
2001f9a4  main_func_sp                          
20009a2b  malloc                                
2000a327  mcommand                              
2000990d  mem_Free                              
20009901  mem_Malloc                            
2000992d  mem_copy                              
20009919  mem_set                               
20009c61  memalign                              
200108cd  memccpy                               
2001081d  memchr                                
2001079b  memcmp                                
2000e3c1  memcpy                                
20010711  memmove                               
2000f1ed  memset                                
2000999d  minit                                 
2000a55f  open                                  
20009983  osi_ContextRestore                    
20009981  osi_ContextSave                       
20009941  osi_EnterCritical                     
2000994b  osi_ExitCritical                      
20009567  osi_InterruptDeRegister               
20009541  osi_InterruptRegister                 
20009671  osi_LockObjCreate                     
200096e5  osi_LockObjDelete                     
200096f5  osi_LockObjLock                       
20009721  osi_LockObjUnlock                     
20009835  osi_MsgQCreate                        
20009879  osi_MsgQDelete                        
200098c5  osi_MsgQRead                          
20009893  osi_MsgQWrite                         
2000995d  osi_Sleep                             
2000974b  osi_Spawn                             
2000964f  osi_SyncObjClear                      
20009579  osi_SyncObjCreate                     
200095a9  osi_SyncObjDelete                     
200095c3  osi_SyncObjSignal                     
200095eb  osi_SyncObjSignalFromISR              
20009623  osi_SyncObjWait                       
20009697  osi_TaskCreate                        
200096d7  osi_TaskDelete                        
2000996d  osi_TaskDisable                       
20009977  osi_TaskEnable                        
20009955  osi_start                             
2001f978  pPingCallBackFunc                     
20005fd9  pcTaskGetTaskName                     
2000df15  portCLZ                               
2000defd  prvPortStartFirstTask                 
2000e629  putc                                  
2000e6ad  putchar                               
2000c941  puts                                  
20010201  pvPortMalloc                          
2001f8ec  pxCurrentTCB                          
2000ccdd  pxPortInitialiseStack                 
20010527  raise                                 
2000a53b  read                                  
20009b55  realloc                               
2000a4b1  remove                                
2000a513  remove_device                         
2000a4d5  rename                                
2000d5a5  setvbuf                               
20010099  signal                                
2000e45d  sl_DevGet                             
2000ecd1  sl_FsClose                            
2000f169  sl_FsGetInfo                          
2000f2d9  sl_FsOpen                             
2000d1ed  sl_FsRead                             
2000d3d1  sl_FsWrite                            
2000dfd5  sl_NetAppMDNSRegisterUnregisterService
200102a7  sl_NetAppMDNSUnRegisterService        
2001062d  sl_NetAppStart                        
20010655  sl_NetAppStop                         
2000f72d  sl_NetCfgSet                          
2000dda5  sl_Start                              
2000d835  sl_Stop                               
20010bf9  sl_WlanDisconnect                     
2000e755  sl_WlanGet                            
2000f9f1  sl_WlanPolicySet                      
20010499  sl_WlanProfileDel                     
2000fc01  sl_WlanRxFilterSet                    
2000f795  sl_WlanSet                            
200104c9  sl_WlanSetMode                        
2000e7e9  sl_WlanSmartConfigStart               
20010c05  sl_WlanSmartConfigStop                
2000f351  spi_Close                             
2000c479  spi_Open                              
2000d681  spi_Read                              
2000eb35  spi_Write                             
2000d91b  sscanf                                
20010b1b  strchr                                
20010aa9  strcmp                                
20010b81  strcpy                                
20010b95  strlen                                
20010439  strncpy                               
20010ac1  strrchr                               
2000b171  strtod                                
2000c969  strtol                                
2000b171  strtold                               
2000b59d  strtoll                               
2000cbc9  strtoul                               
2000c30d  strtoull                              
2000fe21  uDMAChannelAssign                     
2000f8c9  uDMAChannelAttributeDisable           
2000f92d  uDMAChannelAttributeEnable            
2001018d  uDMAChannelControlSet                 
200108e9  uDMAChannelEnable                     
2000d2e1  uDMAChannelTransferSet                
200082a9  ucQueueGetQueueType                   
2000de65  ulPortSetInterruptMask                
2000a4b1  unlink                                
2000cb7f  uxListRemove                          
20008289  uxQueueGetQueueNumber                 
2000821d  uxQueueMessagesWaiting                
20008253  uxQueueMessagesWaitingFromISR         
20008233  uxQueueSpacesAvailable                
20005fcd  uxTaskGetNumberOfTasks                
20005ffd  uxTaskGetSystemState                  
200064f1  uxTaskGetTaskNumber                   
20005b49  uxTaskPriorityGet                     
20006a49  uxTaskResetEventItemValue             
2000440b  vApplicationIdleHook                  
2000440d  vApplicationMallocFailedHook          
2000440f  vApplicationStackOverflowHook         
20004401  vAssertCalled                         
2000ca9d  vListInitialise                       
2000cacd  vListInitialiseItem                   
2000cb19  vListInsert                           
2000cadd  vListInsertEnd                        
2000de7b  vPortClearInterruptMask               
2000cd59  vPortEndScheduler                     
2000cd6d  vPortEnterCritical                    
2000cd85  vPortExitCritical                     
20010221  vPortFree                             
2000ded5  vPortSVCHandler                       
2000cdb9  vPortSetupTimerInterrupt              
2000cd5b  vPortYield                            
200084c3  vQueueAddToRegistry                   
20008265  vQueueDelete                          
20008297  vQueueSetQueueNumber                  
20008505  vQueueUnregisterQueue                 
20005a5f  vTaskDelay                            
200059c3  vTaskDelayUntil                       
20005933  vTaskDelete                           
20005eb1  vTaskEndScheduler                     
200064e3  vTaskMissedYield                      
20006279  vTaskPlaceOnEventList                 
200062dd  vTaskPlaceOnUnorderedEventList        
200069bf  vTaskPriorityDisinherit               
20006905  vTaskPriorityInherit                  
20005b81  vTaskPrioritySet                      
20005d79  vTaskResume                           
20006511  vTaskSetTaskNumber                    
20006443  vTaskSetTimeOutState                  
20005e67  vTaskStartScheduler                   
20005c85  vTaskSuspend                          
20005ec3  vTaskSuspendAll                       
200061f9  vTaskSwitchContext                    
2000ec49  vsnprintf                             
2000d909  vsscanf                               
2000a421  write                                 
2001f950  xHigherPriorityTaskWoken              
2000de89  xPortPendSVHandler                    
2000cd2d  xPortStartScheduler                   
2000cd9d  xPortSysTickHandler                   
20008553  xQueueAddToSet                        
20007e85  xQueueAltGenericReceive               
20007dd9  xQueueAltGenericSend                  
20007cad  xQueueCreateCountingSemaphore         
20007c2f  xQueueCreateMutex                     
2000853f  xQueueCreateSet                       
20007bb9  xQueueGenericCreate                   
2000801f  xQueueGenericReceive                  
20007b29  xQueueGenericReset                    
20007ccd  xQueueGenericSend                     
20007f83  xQueueGenericSendFromISR              
2000845f  xQueueIsQueueEmptyFromISR             
200084a1  xQueueIsQueueFullFromISR              
200081d9  xQueuePeekFromISR                     
20008161  xQueueReceiveFromISR                  
2001f450  xQueueRegistry                        
20008587  xQueueRemoveFromSet                   
200085c9  xQueueSelectFromSet                   
200085e3  xQueueSelectFromSetFromISR            
2001f954  xSimpleLinkSpawnQueue                 
2001f958  xSimpleLinkSpawnTaskHndl              
20006469  xTaskCheckForTimeOut                  
20005825  xTaskGenericCreate                    
200068b9  xTaskGetCurrentTaskHandle             
200060bb  xTaskGetIdleTaskHandle                
200068cd  xTaskGetSchedulerState                
20005fa1  xTaskGetTickCount                     
20005fb5  xTaskGetTickCountFromISR              
200060d5  xTaskIncrementTick                    
20006351  xTaskRemoveFromEventList              
200063d5  xTaskRemoveFromUnorderedEventList     
20005ed5  xTaskResumeAll                        
20005ded  xTaskResumeFromISR                    


GLOBAL SYMBOLS: SORTED BY Symbol Address 

address   name                                  
-------   ----                                  
00000800  __STACK_SIZE                          
00008000  __SYSMEM_SIZE                         
20004000  g_pfnVectors                          
20004401  vAssertCalled                         
2000440b  vApplicationIdleHook                  
2000440d  vApplicationMallocFailedHook          
2000440f  vApplicationStackOverflowHook         
20004419  SimpleLinkWlanEventHandler            
200045d1  SimpleLinkNetAppEventHandler          
20004645  SimpleLinkSockEventHandler            
20004791  SimpleLinkHttpServerCallback          
20004d45  ConnectToNetwork                      
20005539  main                                  
20005825  xTaskGenericCreate                    
20005933  vTaskDelete                           
200059c3  vTaskDelayUntil                       
20005a5f  vTaskDelay                            
20005ab5  eTaskGetState                         
20005b49  uxTaskPriorityGet                     
20005b81  vTaskPrioritySet                      
20005c85  vTaskSuspend                          
20005d79  vTaskResume                           
20005ded  xTaskResumeFromISR                    
20005e67  vTaskStartScheduler                   
20005eb1  vTaskEndScheduler                     
20005ec3  vTaskSuspendAll                       
20005ed5  xTaskResumeAll                        
20005fa1  xTaskGetTickCount                     
20005fb5  xTaskGetTickCountFromISR              
20005fcd  uxTaskGetNumberOfTasks                
20005fd9  pcTaskGetTaskName                     
20005ffd  uxTaskGetSystemState                  
200060bb  xTaskGetIdleTaskHandle                
200060d5  xTaskIncrementTick                    
200061f9  vTaskSwitchContext                    
20006279  vTaskPlaceOnEventList                 
200062dd  vTaskPlaceOnUnorderedEventList        
20006351  xTaskRemoveFromEventList              
200063d5  xTaskRemoveFromUnorderedEventList     
20006443  vTaskSetTimeOutState                  
20006469  xTaskCheckForTimeOut                  
200064e3  vTaskMissedYield                      
200064f1  uxTaskGetTaskNumber                   
20006511  vTaskSetTaskNumber                    
200068b9  xTaskGetCurrentTaskHandle             
200068cd  xTaskGetSchedulerState                
20006905  vTaskPriorityInherit                  
200069bf  vTaskPriorityDisinherit               
20006a49  uxTaskResetEventItemValue             
20007821  __TI_printfi                          
20007b29  xQueueGenericReset                    
20007bb9  xQueueGenericCreate                   
20007c2f  xQueueCreateMutex                     
20007cad  xQueueCreateCountingSemaphore         
20007ccd  xQueueGenericSend                     
20007dd9  xQueueAltGenericSend                  
20007e85  xQueueAltGenericReceive               
20007f83  xQueueGenericSendFromISR              
2000801f  xQueueGenericReceive                  
20008161  xQueueReceiveFromISR                  
200081d9  xQueuePeekFromISR                     
2000821d  uxQueueMessagesWaiting                
20008233  uxQueueSpacesAvailable                
20008253  uxQueueMessagesWaitingFromISR         
20008265  vQueueDelete                          
20008289  uxQueueGetQueueNumber                 
20008297  vQueueSetQueueNumber                  
200082a9  ucQueueGetQueueType                   
2000845f  xQueueIsQueueEmptyFromISR             
200084a1  xQueueIsQueueFullFromISR              
200084c3  vQueueAddToRegistry                   
20008505  vQueueUnregisterQueue                 
2000853f  xQueueCreateSet                       
20008553  xQueueAddToSet                        
20008587  xQueueRemoveFromSet                   
200085c9  xQueueSelectFromSet                   
200085e3  xQueueSelectFromSetFromISR            
20008aa5  __TI_scanfi                           
20008f55  _SlDrvMsgRead                         
20009541  osi_InterruptRegister                 
20009567  osi_InterruptDeRegister               
20009579  osi_SyncObjCreate                     
200095a9  osi_SyncObjDelete                     
200095c3  osi_SyncObjSignal                     
200095eb  osi_SyncObjSignalFromISR              
20009623  osi_SyncObjWait                       
2000964f  osi_SyncObjClear                      
20009671  osi_LockObjCreate                     
20009697  osi_TaskCreate                        
200096d7  osi_TaskDelete                        
200096e5  osi_LockObjDelete                     
200096f5  osi_LockObjLock                       
20009721  osi_LockObjUnlock                     
2000974b  osi_Spawn                             
200097b9  VStartSimpleLinkSpawnTask             
20009809  VDeleteSimpleLinkSpawnTask            
20009835  osi_MsgQCreate                        
20009879  osi_MsgQDelete                        
20009893  osi_MsgQWrite                         
200098c5  osi_MsgQRead                          
20009901  mem_Malloc                            
2000990d  mem_Free                              
20009919  mem_set                               
2000992d  mem_copy                              
20009941  osi_EnterCritical                     
2000994b  osi_ExitCritical                      
20009955  osi_start                             
2000995d  osi_Sleep                             
2000996d  osi_TaskDisable                       
20009977  osi_TaskEnable                        
20009981  osi_ContextSave                       
20009983  osi_ContextRestore                    
2000999d  minit                                 
20009a2b  malloc                                
20009a93  free                                  
20009b55  realloc                               
20009c61  memalign                              
20009d45  calloc                                
20009db5  GPIO_IF_LedConfigure                  
20009df3  GPIO_IF_LedOn                         
20009ea7  GPIO_IF_LedOff                        
20009f5b  GPIO_IF_LedStatus                     
20009fc5  GPIO_IF_LedToggle                     
20009ff3  GPIO_IF_GetPortNPin                   
2000a039  GPIO_IF_ConfigureNIntEnable           
2000a07b  GPIO_IF_Set                           
2000a0b5  GPIO_IF_Get                           
2000a10d  fileparse                             
2000a181  gcommand                              
2000a327  mcommand                              
2000a421  write                                 
2000a4b1  remove                                
2000a4b1  unlink                                
2000a4d5  rename                                
2000a513  remove_device                         
2000a53b  read                                  
2000a55f  open                                  
2000a60d  lseek                                 
2000a631  close                                 
2000a681  add_device                            
2000a72d  HOSTwrite                             
2000a779  HOSTunlink                            
2000a7b1  HOSTtime                              
2000a7eb  HOSTrename                            
2000a849  HOSTread                              
2000a895  HOSTopen                              
2000a8e7  HOSTlseek                             
2000a943  HOSTgetenv                            
2000a981  HOSTclose                             
2000a9b9  HOSTclock                             
2000aa01  __vla_dealloc                         
2000aa89  __vla_dealloc_eh                      
2000ab09  __vla_alloc                           
2000ac99  InitTerm                              
2000acb7  Message                               
2000acd9  ClearTerm                             
2000ace3  Error                                 
2000ad1b  GetCmd                                
2000add1  TrimSpace                             
2000ae69  Report                                
2000af29  _SlDrvRxHdrRead                       
2000b171  strtod                                
2000b171  strtold                               
2000b3a9  __aeabi_uldivmod                      
2000b59d  strtoll                               
2000b781  _SlDrvReleasePoolObj                  
2000b951  _SlDrvMsgWrite                        
2000bbe5  __TI_cleanup                          
2000bc11  freopen                               
2000bc3b  fopen                                 
2000bce1  __aeabi_dsub                          
2000bceb  __aeabi_dadd                          
2000be99  _SlDrvWaitForPoolObj                  
2000c029  _SlDrvDriverCBInit                    
2000c19d  _SlFindAndSetActiveObj                
2000c30d  strtoull                              
2000c479  spi_Open                              
2000c5c9  __aeabi_ddiv                          
2000c701  PRCMCC3200MCUInit                     
2000c835  fputs                                 
2000c941  puts                                  
2000c969  strtol                                
2000ca9d  vListInitialise                       
2000cacd  vListInitialiseItem                   
2000cadd  vListInsertEnd                        
2000cb19  vListInsert                           
2000cb7f  uxListRemove                          
2000cbc9  strtoul                               
2000ccdd  pxPortInitialiseStack                 
2000cd2d  xPortStartScheduler                   
2000cd59  vPortEndScheduler                     
2000cd5b  vPortYield                            
2000cd6d  vPortEnterCritical                    
2000cd85  vPortExitCritical                     
2000cd9d  xPortSysTickHandler                   
2000cdb9  vPortSetupTimerInterrupt              
2000cded  _Dscale                               
2000cefd  _SlDrvNetAppEventHandler              
2000cffb  __aeabi_dmul                          
2000d0f9  _SlDrvDriverCBDeinit                  
2000d1ed  sl_FsRead                             
2000d2e1  uDMAChannelTransferSet                
2000d3d1  sl_FsWrite                            
2000d4bd  SmartConfigConnect                    
2000d545  SmartConfigStop                       
2000d5a5  setvbuf                               
2000d681  spi_Read                              
2000d75d  _SlDrvClassifyRxMsg                   
2000d835  sl_Stop                               
2000d909  vsscanf                               
2000d91b  sscanf                                
2000d9d5  _sl_HandleAsync_DnsGetHostByService   
2000da9d  __TI_doflush                          
2000dae9  fflush                                
2000db65  _SlRemoveFromList                     
2000dc29  _Dnorm                                
2000dce9  _SlDrvMsgReadCmdCtx                   
2000dda5  sl_Start                              
2000de65  ulPortSetInterruptMask                
2000de7b  vPortClearInterruptMask               
2000de89  xPortPendSVHandler                    
2000ded5  vPortSVCHandler                       
2000defd  prvPortStartFirstTask                 
2000df15  portCLZ                               
2000df1d  _SlAsyncEventGenericHandler           
2000dfd5  sl_NetAppMDNSRegisterUnregisterService
2000e089  __TI_wrt_ok                           
2000e0eb  __TI_rd_ok                            
2000e135  IntDisable                            
2000e1dd  IntEnable                             
2000e285  SPIConfigSetExpClk                    
2000e325  _SlDrvMsgReadSpawnCtx                 
2000e3c1  __aeabi_memcpy                        
2000e3c1  __aeabi_memcpy4                       
2000e3c1  __aeabi_memcpy8                       
2000e3c1  memcpy                                
2000e45d  sl_DevGet                             
2000e4f9  _sl_GetCreateFsMode                   
2000e591  __TI_closefile                        
2000e5f7  fclose                                
2000e629  fputc                                 
2000e629  putc                                  
2000e6ad  putchar                               
2000e6c1  PRCMPeripheralClockGet                
2000e755  sl_WlanGet                            
2000e7e9  sl_WlanSmartConfigStart               
2000e991  _sl_HandleAsync_DnsGetHostByName      
2000ea1d  _sl_HandleAsync_PingResponse          
2000eaa9  PinMuxConfig                          
2000eb35  spi_Write                             
2000ebc1  PinConfigSet                          
2000ec49  vsnprintf                             
2000ecd1  sl_FsClose                            
2000ed59  __aeabi_cdcmpeq                       
2000ed59  __aeabi_cdcmple                       
2000eddf  __aeabi_cdrcmple                      
2000ee65  NwpPowerOnPreamble                    
2000eee9  GPIOIntTypeSet                        
2000ef6d  _SlDrvCmdOp                           
2000f0ed  _sl_HandleAsync_InitComplete          
2000f169  sl_FsGetInfo                          
2000f1e5  __aeabi_memclr                        
2000f1e5  __aeabi_memclr4                       
2000f1e5  __aeabi_memclr8                       
2000f1e7  __aeabi_memset                        
2000f1e7  __aeabi_memset4                       
2000f1e7  __aeabi_memset8                       
2000f1ed  memset                                
2000f261  _sl_HandleAsync_Connect               
2000f2d9  sl_FsOpen                             
2000f351  spi_Close                             
2000f3c9  UARTConfigSetExpClk                   
2000f43f  __aeabi_d2f                           
2000f4ad  _SlDrvCmdSend                         
2000f519  __TI_auto_init                        
2000f58d  fprintf                               
2000f65d  _sl_NetAppSendTokenValue              
2000f6c5  __TI_writemsg                         
2000f6f3  C$$IO$$                               
2000f6f7  __TI_readmsg                          
2000f72d  sl_NetCfgSet                          
2000f795  sl_WlanSet                            
2000f7fd  _Dunscale                             
2000f865  fseek                                 
2000f8c9  uDMAChannelAttributeDisable           
2000f92d  uDMAChannelAttributeEnable            
2000f991  _sl_HandleAsync_Accept                
2000f9f1  sl_WlanPolicySet                      
2000fa51  IntPendClear                          
2000faa9  PRCMPeripheralReset                   
2000fb01  ltoa                                  
2000fb59  IntPrioritySet                        
2000fbad  _sl_HandleAsync_Select                
2000fc01  sl_WlanRxFilterSet                    
2000fc55  _sl_HandleAsync_Stop                  
2000fca5  SPIIntEnable                          
2000fcf1  _SlDrvProtectAsyncRespSetting         
2000fd3d  _SlDrvRxIrqHandler                    
2000fd89  atoi                                  
2000fdd5  copy_in                               
2000fe21  uDMAChannelAssign                     
2000fe6d  SPIIntClear                           
2000feb5  _SlDrvBasicCmd                        
2000fefd  __aeabi_d2iz                          
2000ff45  ldexp                                 
20010015  C$$EXIT                               
20010019  abort                                 
20010021  exit                                  
20010059  PinModeSet                            
20010099  signal                                
200100d9  CopyPingResultsToReport               
20010115  PRCMPeripheralClkEnable               
20010151  _c_int00                              
2001018d  uDMAChannelControlSet                 
200101c9  NwpPowerOff                           
20010201  pvPortMalloc                          
20010221  vPortFree                             
20010239  __aeabi_f2d                           
20010271  GPIODirModeSet                        
200102a7  sl_NetAppMDNSUnRegisterService        
200102dd  PRCMPeripheralStatusGet               
20010311  SPIFIFOLevelSet                       
20010345  feraiseexcept                         
20010379  PinTypeGPIO                           
200103a9  UARTDisable                           
200103d9  _SlDrvDeviceEventHandler              
20010409  _sl_Strlen                            
20010439  strncpy                               
20010469  _Feraise                              
20010499  sl_WlanProfileDel                     
200104c9  sl_WlanSetMode                        
200104f9  __aeabi_i2d                           
20010527  raise                                 
20010555  DmaSpiSwIntHandler                    
20010581  NwpPowerOn                            
200105ad  PRCMSysResetCauseGet                  
200105d9  _Dclass                               
20010605  PRCMPeripheralClkDisable              
2001062d  sl_NetAppStart                        
20010655  sl_NetAppStop                         
2001067d  NwpRegisterInterruptHandler           
200106a5  IntUnregister                         
200106c9  UARTEnable                            
200106ed  _SlDrvProtectionObjLockWaitForever    
20010711  memmove                               
20010735  SPIReset                              
20010757  SPIWordCountSet                       
20010779  frexp                                 
2001079b  memcmp                                
200107bd  GPIOPinWrite                          
200107dd  IntRegister                           
200107fd  _SlDrvProtectionObjUnLock             
2001081d  memchr                                
2001083d  UARTCharPut                           
20010879  UARTCharGetNonBlocking                
20010895  _SlDrvObjLockWaitForever              
200108b1  _SlDrvSyncObjWaitForever              
200108cd  memccpy                               
200108e9  uDMAChannelEnable                     
20010905  GPIOIntEnable                         
2001091f  PinTypeUART                           
20010939  SPIDmaDisable                         
20010953  SPIDmaEnable                          
2001096d  SPIFIFODisable                        
20010987  SPIFIFOEnable                         
200109a1  GPIOPinRead                           
200109b9  SPICSDisable                          
200109d1  SPICSEnable                           
200109e9  SPIDisable                            
20010a01  SPIEnable                             
20010a19  UARTCharsAvail                        
20010a31  _SlDrvObjUnLock                       
20010a49  _SlDrvSyncObjSignal                   
20010a61  _sl_GetStartResponseConvert           
20010a79  _args_main                            
20010a91  __aeabi_lmul                          
20010aa9  strcmp                                
20010ac1  strrchr                               
20010ad9  PRCMHIBRegRead                        
20010aef  PRCMHIBRegWrite                       
20010b05  _SlDrvMemZero                         
20010b1b  strchr                                
20010b31  CPUcpsie                              
20010b45  GPIOIntClear                          
20010b59  IntVTableBaseSet                      
20010b6d  _register_unlock                      
20010b73  _register_lock                        
20010b7b  _nop                                  
20010b81  strcpy                                
20010b95  strlen                                
20010ba9  _SlDrvResetCmdExt                     
20010bb7  __TI_decompress_none                  
20010bc5  ResetISR                              
20010bd5  NwpMaskInterrupt                      
20010be1  NwpUnMaskInterrupt                    
20010bed  __TI_zero_init                        
20010bf9  sl_WlanDisconnect                     
20010c05  sl_WlanSmartConfigStop                
20010c11  IntMasterEnable                       
20010c1b  UtilsDelay                            
20010c21  __TI_decompress_rle24                 
20010c27  __abort_execution                     
20010c2b  _system_pre_init                      
20010c30  _ctypes_                              
200110c8  OpcodeTranslateTable                  
20011104  _SlPolicySetCmdCtrl                   
20011108  _SlPolicyGetCmdCtrl                   
2001110c  _SlProfileGetCmdCtrl                  
20011110  _SlProfileDelCmdCtrl                  
20011114  _SlWlanGetNetworkListCtrl             
20011118  _SlRxFilterAddtCmdCtrl                
2001111c  _SlRxFilterSetCmdCtrl                 
20011120  _SlRxFilterGetCmdCtrl                 
20011124  _SlSmartConfigStartCmdCtrl            
20011128  _SlWlanSetModeCmdCtrl                 
2001112c  _SlWlanCfgSetCmdCtrl                  
20011130  _SlWlanCfgGetCmdCtrl                  
20011140  _SlActionLookupTable                  
20011178  _SlFsOpenCmdCtrl                      
2001117c  _SlFsCloseCmdCtrl                     
20011180  _SlFsReadCmdCtrl                      
20011184  _SlFsWriteCmdCtrl                     
20011188  _SlFsGetInfoCmdCtrl                   
2001118c  _SlFsDeleteCmdCtrl                    
200111b0  g_H2NSyncPattern                      
200111b8  g_H2NCnysPattern                      
200111c0  RxMsgClassLUT                         
20011210  _SlNetAppStartCtrl                    
20011214  _SlNetAppStopCtrl                     
20011218  _SlGetServiceListeCtrl                
2001121c  _SlRegisterServiceCtrl                
20011220  _SlGetHostByServiceCtrl               
20011224  _SlGetHostByNameCtrl                  
20011228  _SlNetAppSetCmdCtrl                   
2001122c  _SlNetAppSendTokenValueCmdCtrl        
20011230  _SlNetAppGetCmdCtrl                   
200112cc  _SlStopCmdCtrl                        
200112d0  _SlEventMaskSetCmdCtrl                
200112d4  _SlEventMaskGetCmdCtrl                
200112d8  _SlDeviceGetCmdCtrl                   
200112dc  _SlDeviceSetCmdCtrl                   
200112f0  StartResponseLUT                      
200112f8  _SlNetCfgSetCmdCtrl                   
200112fc  _SlNetCfgGetCmdCtrl                   
20011300  __TI_static_base__                    
20011404  __TI_Handler_Table_Base               
20011410  __TI_Handler_Table_Limit              
20011418  __TI_CINIT_Base                       
20011428  __TI_CINIT_Limit                      
20017000  _sys_memory                           
2001f000  g_StatMem                             
2001f178  __CIOBUF_                             
2001f360  __TI_tmpnams                          
2001f400  g_ucDinDout                           
2001f450  xQueueRegistry                        
2001f4a0  g_ucConnectionSSID                    
2001f4c4  g_ucSSID                              
2001f568  g_ucConnectionBSSID                   
2001f578  DMAMsgQ                               
2001f57c  FileAvail                             
2001f580  FileSaved                             
2001f584  G_FILE                                
2001f588  OpenFile                              
2001f58c  Processing                            
2001f594  blocks                                
2001f598  bytesRead                             
2001f59c  g_cDummy                              
2001f5a8  RxIrqCnt                              
2001f5a9  g_ucLED1Pin                           
2001f5aa  g_ucLED2Pin                           
2001f5ab  g_ucLED3Pin                           
2001f5b0  _ftable                               
2001f820  _Denorm                               
2001f830  _Eps                                  
2001f840  _Hugeval                              
2001f850  _Inf                                  
2001f860  _Nan                                  
2001f870  _Snan                                 
2001f880  _Rteps                                
2001f890  _Xbig                                 
2001f898  _Zero                                 
2001f8a0  g_ulStatus                            
2001f8a4  g_ulPingPacketsRecv                   
2001f8a8  g_ulGatewayIP                         
2001f8ac  POST_token                            
2001f8b7  GET_token                             
2001f8c4  g_iSimplelinkRole                     
2001f8c8  g_uiIpAddress                         
2001f8cc  OP_STATUS                             
2001f8d0  fileHandle                            
2001f8d4  Token                                 
2001f8d8  bytesReceived                         
2001f8dc  g_usMCNetworkUstate                   
2001f8e0  g_uiSimplelinkRole                    
2001f8e4  g_uiDeviceModeConfig                  
2001f8e8  g_ucConnectTimeout                    
2001f8ec  pxCurrentTCB                          
2001f934  g_uiLED1Port                          
2001f938  g_uiLED2Port                          
2001f93c  g_uiLED3Port                          
2001f940  __TI_ft_end                           
2001f944  __aeabi_stdin                         
2001f948  __aeabi_stdout                        
2001f94c  __aeabi_stderr                        
2001f950  xHigherPriorityTaskWoken              
2001f954  xSimpleLinkSpawnQueue                 
2001f958  xSimpleLinkSpawnTaskHndl              
2001f968  g_SpiFd                               
2001f96c  g_pHostIntHdl                         
2001f970  g_ucDMAEnabled                        
2001f974  g_pCB                                 
2001f978  pPingCallBackFunc                     
2001f97c  gFirstCmdMode                         
2001f980  _lock                                 
2001f984  _unlock                               
2001f988  __TI_cleanup_ptr                      
2001f98c  __TI_dtors_ptr                        
2001f990  _Fenv                                 
2001f994  _Tls_setup__Fenv                      
2001f99c  _Errno                                
2001f9a4  main_func_sp                          
2002f800  __stack                               
20030000  __STACK_END                           
ffffffff  __binit__                             
ffffffff  __c_args__                            
ffffffff  binit                                 
UNDEFED   SHT$$INIT_ARRAY$$Base                 
UNDEFED   SHT$$INIT_ARRAY$$Limit                

[528 symbols]
