******************************************************************************
                  TI ARM Linker PC v5.2.6                      
******************************************************************************
>> Linked Tue Mar 29 22:26:13 2016

OUTPUT FILE NAME:   <LaserCeenC.out>
ENTRY POINT SYMBOL: "_c_int00"  address: 2000d54d


MEMORY CONFIGURATION

         name            origin    length      used     unused   attr    fill
----------------------  --------  ---------  --------  --------  ----  --------
  SRAM_CODE             20004000   00013000  0000a5f6  00008a0a  RW X
  SRAM_DATA             20017000   00019000  00008dc4  0001023c  RW X


SEGMENT ALLOCATION MAP

run origin  load origin   length   init length attrs members
----------  ----------- ---------- ----------- ----- -------
20004000    20004000    0000a5f8   0000a5f8    r-x
  20004000    20004000    00000400   00000400    r-- .intvecs
  20004400    20004400    00009b46   00009b46    r-x .text
  2000df48    2000df48    000005f0   000005f0    r-- .const
  2000e538    2000e538    000000c0   000000c0    r-- .cinit
20017000    20017000    000085c4   00000000    rw-
  20017000    20017000    00008000   00000000    rw- .sysmem
  2001f000    2001f000    000003b0   00000000    rw- .bss
  2001f3b0    2001f3b0    00000214   00000000    rw- .data
2002f800    2002f800    00000800   00000000    rw-
  2002f800    2002f800    00000800   00000000    rw- .stack


SECTION ALLOCATION MAP

 output                                  attributes/
section   page    origin      length       input sections
--------  ----  ----------  ----------   ----------------
.intvecs   0    20004000    00000400     
                  20004000    00000400     startup_ccs.obj (.intvecs)

.init_array 
*          0    20004000    00000000     UNINITIALIZED

.text      0    20004400    00009b46     
                  20004400    0000125c     free_rtos.a : tasks.obj (.text)
                  2000565c    000010a6     rtsv7M4_T_le_eabi.lib : _printfi.obj (.text)
                  20006702    00000002     driverlib.a : interrupt.obj (.text:IntDefaultHandler)
                  20006704    000010a0     main.obj (.text)
                  200077a4    00000b24     free_rtos.a : queue.obj (.text)
                  200082c8    000005ec     simplelink.a : driver.obj (.text:_SlDrvMsgRead)
                  200088b4    0000045c     free_rtos.a : osi_freertos.obj (.text)
                  20008d10    000003dc     rtsv7M4_T_le_eabi.lib : memory.obj (.text)
                  200090ec    00000394     gpio_if.obj (.text)
                  20009480    00000290     uart_if.obj (.text)
                  20009710    00000248     simplelink.a : driver.obj (.text:_SlDrvRxHdrRead)
                  20009958    000001f4     rtsv7M4_T_le_eabi.lib : ull_div_t2.obj (.text)
                  20009b4c    000001d0     simplelink.a : driver.obj (.text:_SlDrvReleasePoolObj)
                  20009d1c    000001cc                  : driver.obj (.text:_SlDrvMsgWrite)
                  20009ee8    000001b6     rtsv7M4_T_le_eabi.lib : fd_add_t2.obj (.text)
                  2000a09e    00000002     --HOLE-- [fill = 0]
                  2000a0a0    00000190     simplelink.a : driver.obj (.text:_SlDrvWaitForPoolObj)
                  2000a230    00000174                  : driver.obj (.text:_SlDrvDriverCBInit)
                  2000a3a4    00000170                  : driver.obj (.text:_SlFindAndSetActiveObj)
                  2000a514    00000150                  : cc_pal.obj (.text:spi_Open)
                  2000a664    0000014c     pinmux.obj (.text)
                  2000a7b0    00000136     rtsv7M4_T_le_eabi.lib : fd_div_t2.obj (.text)
                  2000a8e6    00000002     --HOLE-- [fill = 0]
                  2000a8e8    00000134     driverlib.a : prcm.obj (.text:PRCMCC3200MCUInit)
                  2000aa1c    0000012a     free_rtos.a : list.obj (.text)
                  2000ab46    00000002     --HOLE-- [fill = 0]
                  2000ab48    00000110                 : port.obj (.text)
                  2000ac58    00000110     rtsv7M4_T_le_eabi.lib : xdscale.obj (.text)
                  2000ad68    000000fe     simplelink.a : netapp.obj (.text:_SlDrvNetAppEventHandler)
                  2000ae66    000000fc     rtsv7M4_T_le_eabi.lib : fd_mul_t2.obj (.text)
                  2000af62    00000002     --HOLE-- [fill = 0]
                  2000af64    000000f4     simplelink.a : driver.obj (.text:_SlDrvDriverCBDeinit)
                  2000b058    000000f0     driverlib.a : udma.obj (.text:uDMAChannelTransferSet)
                  2000b148    000000e8     smartconfig.obj (.text)
                  2000b230    000000dc     simplelink.a : cc_pal.obj (.text:spi_Read)
                  2000b30c    000000d8                  : driver.obj (.text:_SlDrvClassifyRxMsg)
                  2000b3e4    000000d4                  : device.obj (.text:sl_Stop)
                  2000b4b8    000000c8                  : netapp.obj (.text:_sl_HandleAsync_DnsGetHostByService)
                  2000b580    000000c4                  : driver.obj (.text:_SlRemoveFromList)
                  2000b644    000000be     rtsv7M4_T_le_eabi.lib : xdnorm.obj (.text)
                  2000b702    00000002     --HOLE-- [fill = 0]
                  2000b704    000000bc     simplelink.a : driver.obj (.text:_SlDrvMsgReadCmdCtx)
                  2000b7c0    000000bc                  : device.obj (.text:sl_Start)
                  2000b87c    000000ba     free_rtos.a : portasm.obj (.text)
                  2000b936    00000002     --HOLE-- [fill = 0]
                  2000b938    000000b8     simplelink.a : driver.obj (.text:_SlAsyncEventGenericHandler)
                  2000b9f0    000000b4                  : netapp.obj (.text:sl_NetAppMDNSRegisterUnregisterService)
                  2000baa4    000000a8     driverlib.a : interrupt.obj (.text:IntDisable)
                  2000bb4c    000000a8                 : interrupt.obj (.text:IntEnable)
                  2000bbf4    000000a0                 : spi.obj (.text:SPIConfigSetExpClk)
                  2000bc94    0000009c     simplelink.a : driver.obj (.text:_SlDrvMsgReadSpawnCtx)
                  2000bd30    0000009c     rtsv7M4_T_le_eabi.lib : memcpy_t2.obj (.text)
                  2000bdcc    0000009c     simplelink.a : device.obj (.text:sl_DevGet)
                  2000be68    00000094     driverlib.a : prcm.obj (.text:PRCMPeripheralClockGet)
                  2000befc    00000094     simplelink.a : wlan.obj (.text:sl_WlanGet)
                  2000bf90    00000090                  : wlan.obj (.text:sl_WlanSmartConfigStart)
                  2000c020    0000008c                  : cc_pal.obj (.text:SetupDMAReceive)
                  2000c0ac    0000008c                  : cc_pal.obj (.text:SetupDMASend)
                  2000c138    0000008c                  : netapp.obj (.text:_sl_HandleAsync_DnsGetHostByName)
                  2000c1c4    0000008c                  : netapp.obj (.text:_sl_HandleAsync_PingResponse)
                  2000c250    0000008c                  : cc_pal.obj (.text:spi_Write)
                  2000c2dc    00000088     driverlib.a : pin.obj (.text:PinConfigSet)
                  2000c364    00000088     rtsv7M4_T_le_eabi.lib : vsnprintf.obj (.text)
                  2000c3ec    00000086                           : fd_cmp_t2.obj (.text:__aeabi_cdcmple)
                  2000c472    00000086                           : fd_cmp_t2.obj (.text:__aeabi_cdrcmple)
                  2000c4f8    00000084     simplelink.a : cc_pal.obj (.text:NwpPowerOnPreamble)
                  2000c57c    00000082     driverlib.a : gpio.obj (.text:GPIOIntTypeSet)
                  2000c5fe    00000002     --HOLE-- [fill = 0]
                  2000c600    00000080     simplelink.a : driver.obj (.text:_SlDrvCmdOp)
                  2000c680    00000080                  : cc_pal.obj (.text:spi_Read_CPU)
                  2000c700    00000080                  : cc_pal.obj (.text:spi_Write_CPU)
                  2000c780    0000007c                  : device.obj (.text:_sl_HandleAsync_InitComplete)
                  2000c7fc    0000007a     rtsv7M4_T_le_eabi.lib : memset_t2.obj (.text)
                  2000c876    00000002     --HOLE-- [fill = 0]
                  2000c878    00000078     simplelink.a : socket.obj (.text:_sl_HandleAsync_Connect)
                  2000c8f0    00000078                  : cc_pal.obj (.text:spi_Close)
                  2000c968    00000076     driverlib.a : uart.obj (.text:UARTConfigSetExpClk)
                  2000c9de    00000002     --HOLE-- [fill = 0]
                  2000c9e0    0000006c     simplelink.a : driver.obj (.text:_SlDrvCmdSend)
                  2000ca4c    0000006c     rtsv7M4_T_le_eabi.lib : autoinit.obj (.text)
                  2000cab8    0000006a                           : copy_decompress_rle.obj (.text)
                  2000cb22    00000002     --HOLE-- [fill = 0]
                  2000cb24    00000068     simplelink.a : netapp.obj (.text:_sl_NetAppSendTokenValue)
                  2000cb8c    00000068                  : netcfg.obj (.text:sl_NetCfgSet)
                  2000cbf4    00000068                  : wlan.obj (.text:sl_WlanSet)
                  2000cc5c    00000066     rtsv7M4_T_le_eabi.lib : xdunscal.obj (.text)
                  2000ccc2    00000002     --HOLE-- [fill = 0]
                  2000ccc4    00000064     driverlib.a : udma.obj (.text:uDMAChannelAttributeDisable)
                  2000cd28    00000064                 : udma.obj (.text:uDMAChannelAttributeEnable)
                  2000cd8c    00000060     simplelink.a : socket.obj (.text:_sl_HandleAsync_Accept)
                  2000cdec    00000060                  : wlan.obj (.text:sl_WlanPolicySet)
                  2000ce4c    00000058     driverlib.a : interrupt.obj (.text:IntPendClear)
                  2000cea4    00000058                 : prcm.obj (.text:PRCMPeripheralReset)
                  2000cefc    00000056     rtsv7M4_T_le_eabi.lib : ltoa.obj (.text)
                  2000cf52    00000002     --HOLE-- [fill = 0]
                  2000cf54    00000054     driverlib.a : interrupt.obj (.text:IntPrioritySet)
                  2000cfa8    00000054     simplelink.a : socket.obj (.text:_sl_HandleAsync_Select)
                  2000cffc    00000054                  : wlan.obj (.text:sl_WlanRxFilterSet)
                  2000d050    00000050                  : device.obj (.text:_sl_HandleAsync_Stop)
                  2000d0a0    0000004c     driverlib.a : spi.obj (.text:SPIIntEnable)
                  2000d0ec    0000004c     simplelink.a : driver.obj (.text:_SlDrvProtectAsyncRespSetting)
                  2000d138    0000004c                  : driver.obj (.text:_SlDrvRxIrqHandler)
                  2000d184    0000004c     rtsv7M4_T_le_eabi.lib : atoi.obj (.text)
                  2000d1d0    0000004c                           : cpy_tbl.obj (.text)
                  2000d21c    0000004c     driverlib.a : udma.obj (.text:uDMAChannelAssign)
                  2000d268    00000048                 : spi.obj (.text:SPIIntClear)
                  2000d2b0    00000048     simplelink.a : driver.obj (.text:_SlDrvBasicCmd)
                  2000d2f8    00000048     rtsv7M4_T_le_eabi.lib : fd_toi_t2.obj (.text)
                  2000d340    00000046                           : ldexp.obj (.text)
                  2000d386    00000002     --HOLE-- [fill = 0]
                  2000d388    00000044     driverlib.a : spi.obj (.text:SPIDmaMaskGet)
                  2000d3cc    00000044     simplelink.a : cc_pal.obj (.text:cc_SetupTransfer)
                  2000d410    00000044     rtsv7M4_T_le_eabi.lib : exit.obj (.text)
                  2000d454    00000040     driverlib.a : pin.obj (.text:PinModeSet)
                  2000d494    00000040     rtsv7M4_T_le_eabi.lib : signal.obj (.text)
                  2000d4d4    0000003c     simplelink.a : netapp.obj (.text:CopyPingResultsToReport)
                  2000d510    0000003c     driverlib.a : prcm.obj (.text:PRCMPeripheralClkEnable)
                  2000d54c    0000003c     rtsv7M4_T_le_eabi.lib : boot.obj (.text)
                  2000d588    0000003c     driverlib.a : udma.obj (.text:uDMAChannelControlSet)
                  2000d5c4    00000038     simplelink.a : cc_pal.obj (.text:NwpPowerOff)
                  2000d5fc    00000038     free_rtos.a : heap_3.obj (.text)
                  2000d634    00000036     driverlib.a : gpio.obj (.text:GPIODirModeSet)
                  2000d66a    00000036     simplelink.a : netapp.obj (.text:sl_NetAppMDNSUnRegisterService)
                  2000d6a0    00000034     driverlib.a : prcm.obj (.text:PRCMPeripheralStatusGet)
                  2000d6d4    00000034                 : spi.obj (.text:SPIFIFOLevelSet)
                  2000d708    00000034     rtsv7M4_T_le_eabi.lib : feraiseexcept.obj (.text)
                  2000d73c    00000030     driverlib.a : pin.obj (.text:PinTypeGPIO)
                  2000d76c    00000030                 : uart.obj (.text:UARTDisable)
                  2000d79c    00000030     simplelink.a : device.obj (.text:_SlDrvDeviceEventHandler)
                  2000d7cc    00000030     rtsv7M4_T_le_eabi.lib : xferaise.obj (.text)
                  2000d7fc    00000030     simplelink.a : wlan.obj (.text:sl_WlanProfileDel)
                  2000d82c    00000030                  : wlan.obj (.text:sl_WlanSetMode)
                  2000d85c    0000002e     rtsv7M4_T_le_eabi.lib : i_tofd_t2.obj (.text)
                  2000d88a    0000002e                           : raise.obj (.text)
                  2000d8b8    0000002c     simplelink.a : cc_pal.obj (.text:DmaSpiSwIntHandler)
                  2000d8e4    0000002c                  : cc_pal.obj (.text:NwpPowerOn)
                  2000d910    0000002c     driverlib.a : prcm.obj (.text:PRCMSysResetCauseGet)
                  2000d93c    0000002a     rtsv7M4_T_le_eabi.lib : xdclass.obj (.text)
                  2000d966    00000002     --HOLE-- [fill = 0]
                  2000d968    00000028     driverlib.a : prcm.obj (.text:PRCMPeripheralClkDisable)
                  2000d990    00000028     simplelink.a : netapp.obj (.text:sl_NetAppStart)
                  2000d9b8    00000028                  : netapp.obj (.text:sl_NetAppStop)
                  2000d9e0    00000026                  : cc_pal.obj (.text:NwpRegisterInterruptHandler)
                  2000da06    00000002     --HOLE-- [fill = 0]
                  2000da08    00000024     driverlib.a : interrupt.obj (.text:IntUnregister)
                  2000da2c    00000024                 : uart.obj (.text:UARTEnable)
                  2000da50    00000024     simplelink.a : driver.obj (.text:_SlDrvProtectionObjLockWaitForever)
                  2000da74    00000024     rtsv7M4_T_le_eabi.lib : memmov.obj (.text)
                  2000da98    00000022     driverlib.a : spi.obj (.text:SPIReset)
                  2000daba    00000022                 : spi.obj (.text:SPIWordCountSet)
                  2000dadc    00000022     rtsv7M4_T_le_eabi.lib : frexp.obj (.text)
                  2000dafe    00000022                           : memcmp.obj (.text)
                  2000db20    00000020     driverlib.a : gpio.obj (.text:GPIOPinWrite)
                  2000db40    00000020                 : interrupt.obj (.text:IntRegister)
                  2000db60    00000020     simplelink.a : driver.obj (.text:_SlDrvProtectionObjUnLock)
                  2000db80    0000001e     driverlib.a : uart.obj (.text:UARTCharPut)
                  2000db9e    0000001e     simplelink.a : cc_pal.obj (.text:cc_UDMAChannelSelect)
                  2000dbbc    0000001c     driverlib.a : uart.obj (.text:UARTCharGetNonBlocking)
                  2000dbd8    0000001c     simplelink.a : driver.obj (.text:_SlDrvObjLockWaitForever)
                  2000dbf4    0000001c                  : driver.obj (.text:_SlDrvSyncObjWaitForever)
                  2000dc10    0000001c     rtsv7M4_T_le_eabi.lib : memccpy.obj (.text)
                  2000dc2c    0000001c     driverlib.a : udma.obj (.text:uDMAChannelEnable)
                  2000dc48    0000001a                 : gpio.obj (.text:GPIOIntEnable)
                  2000dc62    0000001a                 : pin.obj (.text:PinTypeSDHost)
                  2000dc7c    0000001a                 : pin.obj (.text:PinTypeSPI)
                  2000dc96    0000001a                 : pin.obj (.text:PinTypeUART)
                  2000dcb0    0000001a                 : spi.obj (.text:SPIDmaDisable)
                  2000dcca    0000001a                 : spi.obj (.text:SPIDmaEnable)
                  2000dce4    0000001a                 : spi.obj (.text:SPIFIFODisable)
                  2000dcfe    0000001a                 : spi.obj (.text:SPIFIFOEnable)
                  2000dd18    00000018                 : gpio.obj (.text:GPIOPinRead)
                  2000dd30    00000018                 : spi.obj (.text:SPICSDisable)
                  2000dd48    00000018                 : spi.obj (.text:SPICSEnable)
                  2000dd60    00000018                 : spi.obj (.text:SPIDisable)
                  2000dd78    00000018                 : spi.obj (.text:SPIEnable)
                  2000dd90    00000018                 : uart.obj (.text:UARTCharsAvail)
                  2000dda8    00000018     simplelink.a : driver.obj (.text:_SlDrvObjUnLock)
                  2000ddc0    00000018                  : driver.obj (.text:_SlDrvSyncObjSignal)
                  2000ddd8    00000018                  : device.obj (.text:_sl_GetStartResponseConvert)
                  2000ddf0    00000018     rtsv7M4_T_le_eabi.lib : args_main.obj (.text)
                  2000de08    00000016     driverlib.a : prcm.obj (.text:PRCMHIBRegRead)
                  2000de1e    00000016                 : prcm.obj (.text:PRCMHIBRegWrite)
                  2000de34    00000016     simplelink.a : driver.obj (.text:_SlDrvMemZero)
                  2000de4a    00000016     rtsv7M4_T_le_eabi.lib : strchr.obj (.text)
                  2000de60    00000014     driverlib.a : cpu.obj (.text:CPUcpsie)
                  2000de74    00000014                 : gpio.obj (.text:GPIOIntClear)
                  2000de88    00000014                 : interrupt.obj (.text:IntVTableBaseSet)
                  2000de9c    00000014     rtsv7M4_T_le_eabi.lib : _lock.obj (.text)
                  2000deb0    00000014                           : strlen.obj (.text)
                  2000dec4    0000000e     simplelink.a : driver.obj (.text:_SlDrvResetCmdExt)
                  2000ded2    0000000e     rtsv7M4_T_le_eabi.lib : copy_decompress_none.obj (.text:decompress:none)
                  2000dee0    0000000e     startup_ccs.obj (.text)
                  2000deee    00000002     --HOLE-- [fill = 0]
                  2000def0    0000000c     simplelink.a : cc_pal.obj (.text:NwpMaskInterrupt)
                  2000defc    0000000c                  : cc_pal.obj (.text:NwpUnMaskInterrupt)
                  2000df08    0000000c     rtsv7M4_T_le_eabi.lib : copy_zero_init.obj (.text:decompress:ZI)
                  2000df14    0000000c     simplelink.a : wlan.obj (.text:sl_WlanDisconnect)
                  2000df20    0000000c                  : wlan.obj (.text:sl_WlanSmartConfigStop)
                  2000df2c    0000000a     driverlib.a : interrupt.obj (.text:IntMasterEnable)
                  2000df36    00000006                 : utils.obj (.text:UtilsDelay)
                  2000df3c    00000006     rtsv7M4_T_le_eabi.lib : copy_decompress_rle.obj (.text:decompress:rle24)
                  2000df42    00000004                           : pre_init.obj (.text)

.const     0    2000df48    000005f0     
                  2000df48    00000101     rtsv7M4_T_le_eabi.lib : ctype.obj (.const:.string:_ctypes_)
                  2000e049    00000003     --HOLE-- [fill = 0]
                  2000e04c    00000100     driverlib.a : pin.obj (.const:g_ulPinToPadMap)
                  2000e14c    000000d4                 : interrupt.obj (.const:g_pulRegs)
                  2000e220    000000a8                 : prcm.obj (.const:PRCM_PeriphRegsList)
                  2000e2c8    00000080                 : interrupt.obj (.const)
                  2000e348    0000003c     simplelink.a : driver.obj (.const:OpcodeTranslateTable)
                  2000e384    0000003c                  : wlan.obj (.const)
                  2000e3c0    00000038                  : driver.obj (.const:_SlActionLookupTable)
                  2000e3f8    00000034                  : driver.obj (.const)
                  2000e42c    0000002c     main.obj (.const:$P$T1$2)
                  2000e458    00000028     simplelink.a : netapp.obj (.const)
                  2000e480    00000023     smartconfig.obj (.const:.string)
                  2000e4a3    00000022     main.obj (.const:.string:$P$T0$1)
                  2000e4c5    00000020     main.obj (.const:.string)
                  2000e4e5    00000003     --HOLE-- [fill = 0]
                  2000e4e8    00000018     driverlib.a : spi.obj (.const)
                  2000e500    00000014     main.obj (.const)
                  2000e514    00000014     simplelink.a : device.obj (.const)
                  2000e528    00000008                  : device.obj (.const:.string)
                  2000e530    00000008                  : netcfg.obj (.const)

.cinit     0    2000e538    000000c0     
                  2000e538    00000098     (.cinit..data.load) [load image, compression = rle]
                  2000e5d0    0000000c     (__TI_handler_table)
                  2000e5dc    00000004     --HOLE-- [fill = 0]
                  2000e5e0    00000008     (.cinit..bss.load) [load image, compression = zero_init]
                  2000e5e8    00000010     (__TI_cinit_table)

.sysmem    0    20017000    00008000     UNINITIALIZED
                  20017000    00000008     rtsv7M4_T_le_eabi.lib : memory.obj (.sysmem)
                  20017008    00007ff8     --HOLE--

.bss       0    2001f000    000003b0     UNINITIALIZED
                  2001f000    00000178     simplelink.a : driver.obj (.bss:g_StatMem)
                  2001f178    000000c8     free_rtos.a : tasks.obj (.bss:pxReadyTasksLists)
                  2001f240    00000050     simplelink.a : cc_pal.obj (.bss:g_ucDinDout)
                  2001f290    00000050     free_rtos.a : queue.obj (.bss:xQueueRegistry)
                  2001f2e0    00000024     main.obj (.bss:g_ucConnectionSSID)
                  2001f304    00000024     main.obj (.bss:g_ucSSID)
                  2001f328    00000014     (.common:xDelayedTaskList1)
                  2001f33c    00000014     (.common:xDelayedTaskList2)
                  2001f350    00000014     (.common:xPendingReadyList)
                  2001f364    00000014     (.common:xSuspendedTaskList)
                  2001f378    00000014     (.common:xTasksWaitingTermination)
                  2001f38c    00000008     (.common:g_ucConnectionBSSID)
                  2001f394    00000004     (.common:DMAMsgQ)
                  2001f398    00000004     (.common:FileAvail)
                  2001f39c    00000004     (.common:__Errorlog)
                  2001f3a0    00000004     (.common:g_cDummy)
                  2001f3a4    00000004     (.common:pxDelayedTaskList)
                  2001f3a8    00000004     (.common:pxOverflowDelayedTaskList)
                  2001f3ac    00000001     (.common:RxIrqCnt)
                  2001f3ad    00000001     (.common:g_ucLED1Pin)
                  2001f3ae    00000001     (.common:g_ucLED2Pin)
                  2001f3af    00000001     (.common:g_ucLED3Pin)

.TI.noinit 
*          0    2001f000    00000000     UNINITIALIZED

.data      0    2001f3b0    00000214     UNINITIALIZED
                  2001f3b0    000000b0     rtsv7M4_T_le_eabi.lib : signal.obj (.data:sigtable)
                  2001f460    00000080                           : xvalues.obj (.data)
                  2001f4e0    00000039     main.obj (.data)
                  2001f519    00000003     --HOLE--
                  2001f51c    00000034     free_rtos.a : tasks.obj (.data)
                  2001f550    00000020     gpio_if.obj (.data)
                  2001f570    0000000c     free_rtos.a : osi_freertos.obj (.data)
                  2001f57c    0000000c     rtsv7M4_T_le_eabi.lib : memory.obj (.data)
                  2001f588    00000009     simplelink.a : cc_pal.obj (.data)
                  2001f591    00000003     --HOLE--
                  2001f594    00000009                  : driver.obj (.data)
                  2001f59d    00000003     --HOLE--
                  2001f5a0    00000008     rtsv7M4_T_le_eabi.lib : _lock.obj (.data)
                  2001f5a8    00000008                           : exit.obj (.data)
                  2001f5b0    00000008                           : feraiseexcept.obj (.data)
                  2001f5b8    00000004     free_rtos.a : port.obj (.data)
                  2001f5bc    00000004     rtsv7M4_T_le_eabi.lib : errno.obj (.data)
                  2001f5c0    00000004                           : stkdepth_vars.obj (.data)

.TI.persistent 
*          0    2001f3b0    00000000     UNINITIALIZED

.stack     0    2002f800    00000800     UNINITIALIZED
                  2002f800    00000800     --HOLE--


LINKER GENERATED COPY TABLES

__TI_cinit_table @ 2000e5e8 records: 2, size/record: 8, table size: 16
	.data: load addr=2000e538, load size=00000098 bytes, run addr=2001f3b0, run size=00000214 bytes, compression=rle
	.bss: load addr=2000e5e0, load size=00000008 bytes, run addr=2001f000, run size=000003b0 bytes, compression=zero_init


LINKER GENERATED HANDLER TABLE

__TI_handler_table @ 2000e5d0 records: 3, size/record: 4, table size: 12
	index: 0, handler: __TI_decompress_rle24
	index: 1, handler: __TI_decompress_none
	index: 2, handler: __TI_zero_init


GLOBAL SYMBOLS: SORTED ALPHABETICALLY BY Name 

address   name                                  
-------   ----                                  
2000d411  C$$EXIT                               
2000de61  CPUcpsie                              
200094c1  ClearTerm                             
20007051  ConnectToNetwork                      
2000d4d5  CopyPingResultsToReport               
2001f394  DMAMsgQ                               
2000d8b9  DmaSpiSwIntHandler                    
200094cb  Error                                 
2001f398  FileAvail                             
2001f4f7  GET_token                             
2000d635  GPIODirModeSet                        
2000de75  GPIOIntClear                          
2000dc49  GPIOIntEnable                         
2000c57d  GPIOIntTypeSet                        
2000dd19  GPIOPinRead                           
2000db21  GPIOPinWrite                          
200093ad  GPIO_IF_ConfigureNIntEnable           
20009429  GPIO_IF_Get                           
20009367  GPIO_IF_GetPortNPin                   
20009129  GPIO_IF_LedConfigure                  
2000921b  GPIO_IF_LedOff                        
20009167  GPIO_IF_LedOn                         
200092cf  GPIO_IF_LedStatus                     
20009339  GPIO_IF_LedToggle                     
200093ef  GPIO_IF_Set                           
20009503  GetCmd                                
20009481  InitTerm                              
2000baa5  IntDisable                            
2000bb4d  IntEnable                             
2000df2d  IntMasterEnable                       
2000ce4d  IntPendClear                          
2000cf55  IntPrioritySet                        
2000db41  IntRegister                           
2000da09  IntUnregister                         
2000de89  IntVTableBaseSet                      
2000949f  Message                               
2000def1  NwpMaskInterrupt                      
2000d5c5  NwpPowerOff                           
2000d8e5  NwpPowerOn                            
2000c4f9  NwpPowerOnPreamble                    
2000d9e1  NwpRegisterInterruptHandler           
2000defd  NwpUnMaskInterrupt                    
2000e348  OpcodeTranslateTable                  
2001f4ec  POST_token                            
2000a8e9  PRCMCC3200MCUInit                     
2000de09  PRCMHIBRegRead                        
2000de1f  PRCMHIBRegWrite                       
2000d969  PRCMPeripheralClkDisable              
2000d511  PRCMPeripheralClkEnable               
2000be69  PRCMPeripheralClockGet                
2000cea5  PRCMPeripheralReset                   
2000d6a1  PRCMPeripheralStatusGet               
2000d911  PRCMSysResetCauseGet                  
2000c2dd  PinConfigSet                          
2000d455  PinModeSet                            
2000a665  PinMuxConfig                          
2000d73d  PinTypeGPIO                           
2000dc63  PinTypeSDHost                         
2000dc7d  PinTypeSPI                            
2000dc97  PinTypeUART                           
20009651  Report                                
2000dee1  ResetISR                              
2001f3ac  RxIrqCnt                              
2000e408  RxMsgClassLUT                         
UNDEFED   SHT$$INIT_ARRAY$$Base                 
UNDEFED   SHT$$INIT_ARRAY$$Limit                
2000dd31  SPICSDisable                          
2000dd49  SPICSEnable                           
2000bbf5  SPIConfigSetExpClk                    
2000dd61  SPIDisable                            
2000dcb1  SPIDmaDisable                         
2000dccb  SPIDmaEnable                          
2000dd79  SPIEnable                             
2000dce5  SPIFIFODisable                        
2000dcff  SPIFIFOEnable                         
2000d6d5  SPIFIFOLevelSet                       
2000d269  SPIIntClear                           
2000d0a1  SPIIntEnable                          
2000da99  SPIReset                              
2000dabb  SPIWordCountSet                       
20006a95  SimpleLinkHttpServerCallback          
200068d5  SimpleLinkNetAppEventHandler          
20006949  SimpleLinkSockEventHandler            
2000671d  SimpleLinkWlanEventHandler            
2000b149  SmartConfigConnect                    
2000b1d1  SmartConfigStop                       
2000e528  StartResponseLUT                      
200095b9  TrimSpace                             
2000dbbd  UARTCharGetNonBlocking                
2000db81  UARTCharPut                           
2000dd91  UARTCharsAvail                        
2000c969  UARTConfigSetExpClk                   
2000d76d  UARTDisable                           
2000da2d  UARTEnable                            
2000df37  UtilsDelay                            
20008b7d  VDeleteSimpleLinkSpawnTask            
20008b2d  VStartSimpleLinkSpawnTask             
2000d93d  _Dclass                               
2001f460  _Denorm                               
2000b645  _Dnorm                                
2000ac59  _Dscale                               
2000cc5d  _Dunscale                             
2001f470  _Eps                                  
2001f5bc  _Errno                                
2001f5b0  _Fenv                                 
2000d7cd  _Feraise                              
2001f480  _Hugeval                              
2001f490  _Inf                                  
2001f4a0  _Nan                                  
2001f4c0  _Rteps                                
2000e3c0  _SlActionLookupTable                  
2000b939  _SlAsyncEventGenericHandler           
2000e520  _SlDeviceGetCmdCtrl                   
2000e524  _SlDeviceSetCmdCtrl                   
2000d2b1  _SlDrvBasicCmd                        
2000b30d  _SlDrvClassifyRxMsg                   
2000c601  _SlDrvCmdOp                           
2000c9e1  _SlDrvCmdSend                         
2000d79d  _SlDrvDeviceEventHandler              
2000af65  _SlDrvDriverCBDeinit                  
2000a231  _SlDrvDriverCBInit                    
2000de35  _SlDrvMemZero                         
200082c9  _SlDrvMsgRead                         
2000b705  _SlDrvMsgReadCmdCtx                   
2000bc95  _SlDrvMsgReadSpawnCtx                 
20009d1d  _SlDrvMsgWrite                        
2000ad69  _SlDrvNetAppEventHandler              
2000dbd9  _SlDrvObjLockWaitForever              
2000dda9  _SlDrvObjUnLock                       
2000d0ed  _SlDrvProtectAsyncRespSetting         
2000da51  _SlDrvProtectionObjLockWaitForever    
2000db61  _SlDrvProtectionObjUnLock             
20009b4d  _SlDrvReleasePoolObj                  
2000dec5  _SlDrvResetCmdExt                     
20009711  _SlDrvRxHdrRead                       
2000d139  _SlDrvRxIrqHandler                    
2000ddc1  _SlDrvSyncObjSignal                   
2000dbf5  _SlDrvSyncObjWaitForever              
2000a0a1  _SlDrvWaitForPoolObj                  
2000e51c  _SlEventMaskGetCmdCtrl                
2000e518  _SlEventMaskSetCmdCtrl                
2000a3a5  _SlFindAndSetActiveObj                
2000e46c  _SlGetHostByNameCtrl                  
2000e468  _SlGetHostByServiceCtrl               
2000e460  _SlGetServiceListeCtrl                
2000e478  _SlNetAppGetCmdCtrl                   
2000e474  _SlNetAppSendTokenValueCmdCtrl        
2000e470  _SlNetAppSetCmdCtrl                   
2000e458  _SlNetAppStartCtrl                    
2000e45c  _SlNetAppStopCtrl                     
2000e534  _SlNetCfgGetCmdCtrl                   
2000e530  _SlNetCfgSetCmdCtrl                   
2000e388  _SlPolicyGetCmdCtrl                   
2000e384  _SlPolicySetCmdCtrl                   
2000e390  _SlProfileDelCmdCtrl                  
2000e38c  _SlProfileGetCmdCtrl                  
2000e464  _SlRegisterServiceCtrl                
2000b581  _SlRemoveFromList                     
2000e398  _SlRxFilterAddtCmdCtrl                
2000e3a0  _SlRxFilterGetCmdCtrl                 
2000e39c  _SlRxFilterSetCmdCtrl                 
2000e3a4  _SlSmartConfigStartCmdCtrl            
2000e514  _SlStopCmdCtrl                        
2000e3b0  _SlWlanCfgGetCmdCtrl                  
2000e3ac  _SlWlanCfgSetCmdCtrl                  
2000e394  _SlWlanGetNetworkListCtrl             
2000e3a8  _SlWlanSetModeCmdCtrl                 
2001f4b0  _Snan                                 
2001f5b4  _Tls_setup__Fenv                      
2001f4d0  _Xbig                                 
2001f4d8  _Zero                                 
20030000  __STACK_END                           
00000800  __STACK_SIZE                          
00008000  __SYSMEM_SIZE                         
2000e5e8  __TI_CINIT_Base                       
2000e5f8  __TI_CINIT_Limit                      
2000e5d0  __TI_Handler_Table_Base               
2000e5dc  __TI_Handler_Table_Limit              
2000ca4d  __TI_auto_init                        
2001f5a8  __TI_cleanup_ptr                      
2000ded3  __TI_decompress_none                  
2000df3d  __TI_decompress_rle24                 
2001f5ac  __TI_dtors_ptr                        
200063fd  __TI_printfi                          
2000e538  __TI_static_base__                    
2000df09  __TI_zero_init                        
2000c3ed  __aeabi_cdcmpeq                       
2000c3ed  __aeabi_cdcmple                       
2000c473  __aeabi_cdrcmple                      
2000d2f9  __aeabi_d2iz                          
20009ef3  __aeabi_dadd                          
2000a7b1  __aeabi_ddiv                          
2000ae67  __aeabi_dmul                          
20009ee9  __aeabi_dsub                          
2000d85d  __aeabi_i2d                           
2000c7fd  __aeabi_memclr                        
2000c7fd  __aeabi_memclr4                       
2000c7fd  __aeabi_memclr8                       
2000bd31  __aeabi_memcpy                        
2000bd31  __aeabi_memcpy4                       
2000bd31  __aeabi_memcpy8                       
2000c7ff  __aeabi_memset                        
2000c7ff  __aeabi_memset4                       
2000c7ff  __aeabi_memset8                       
20009959  __aeabi_uldivmod                      
ffffffff  __binit__                             
ffffffff  __c_args__                            
2002f800  __stack                               
2000ddf1  _args_main                            
2000d54d  _c_int00                              
2000df48  _ctypes_                              
2001f5a0  _lock                                 
2000deab  _nop                                  
2000dea3  _register_lock                        
2000de9d  _register_unlock                      
2000ddd9  _sl_GetStartResponseConvert           
2000cd8d  _sl_HandleAsync_Accept                
2000c879  _sl_HandleAsync_Connect               
2000c139  _sl_HandleAsync_DnsGetHostByName      
2000b4b9  _sl_HandleAsync_DnsGetHostByService   
2000c781  _sl_HandleAsync_InitComplete          
2000c1c5  _sl_HandleAsync_PingResponse          
2000cfa9  _sl_HandleAsync_Select                
2000d051  _sl_HandleAsync_Stop                  
2000cb25  _sl_NetAppSendTokenValue              
20017000  _sys_memory                           
2000df43  _system_pre_init                      
2001f5a4  _unlock                               
2000d415  abort                                 
2000d185  atoi                                  
ffffffff  binit                                 
200090b9  calloc                                
2000d1d1  copy_in                               
20004691  eTaskGetState                         
2000d41d  exit                                  
2000d709  feraiseexcept                         
20008e07  free                                  
2000dadd  frexp                                 
2001f59c  gFirstCmdMode                         
2000e400  g_H2NCnysPattern                      
2000e3f8  g_H2NSyncPattern                      
2001f588  g_SpiFd                               
2001f000  g_StatMem                             
2001f3a0  g_cDummy                              
2001f504  g_iSimplelinkRole                     
2001f594  g_pCB                                 
2001f58c  g_pHostIntHdl                         
20004000  g_pfnVectors                          
2001f518  g_ucConnectTimeout                    
2001f38c  g_ucConnectionBSSID                   
2001f2e0  g_ucConnectionSSID                    
2001f590  g_ucDMAEnabled                        
2001f240  g_ucDinDout                           
2001f3ad  g_ucLED1Pin                           
2001f3ae  g_ucLED2Pin                           
2001f3af  g_ucLED3Pin                           
2001f304  g_ucSSID                              
2001f514  g_uiDeviceModeConfig                  
2001f508  g_uiIpAddress                         
2001f564  g_uiLED1Port                          
2001f568  g_uiLED2Port                          
2001f56c  g_uiLED3Port                          
2001f510  g_uiSimplelinkRole                    
2001f4e8  g_ulGatewayIP                         
2001f4e4  g_ulPingPacketsRecv                   
2001f4e0  g_ulStatus                            
2001f50c  g_usMCNetworkUstate                   
2000d341  ldexp                                 
2000cefd  ltoa                                  
20007485  main                                  
2001f5c0  main_func_sp                          
20008d9f  malloc                                
20008c81  mem_Free                              
20008c75  mem_Malloc                            
20008ca1  mem_copy                              
20008c8d  mem_set                               
20008fd5  memalign                              
2000dc11  memccpy                               
2000daff  memcmp                                
2000bd31  memcpy                                
2000da75  memmove                               
2000c805  memset                                
20008d11  minit                                 
20008cf7  osi_ContextRestore                    
20008cf5  osi_ContextSave                       
20008cb5  osi_EnterCritical                     
20008cbf  osi_ExitCritical                      
200088db  osi_InterruptDeRegister               
200088b5  osi_InterruptRegister                 
200089e5  osi_LockObjCreate                     
20008a59  osi_LockObjDelete                     
20008a69  osi_LockObjLock                       
20008a95  osi_LockObjUnlock                     
20008ba9  osi_MsgQCreate                        
20008bed  osi_MsgQDelete                        
20008c39  osi_MsgQRead                          
20008c07  osi_MsgQWrite                         
20008cd1  osi_Sleep                             
20008abf  osi_Spawn                             
200089c3  osi_SyncObjClear                      
200088ed  osi_SyncObjCreate                     
2000891d  osi_SyncObjDelete                     
20008937  osi_SyncObjSignal                     
2000895f  osi_SyncObjSignalFromISR              
20008997  osi_SyncObjWait                       
20008a0b  osi_TaskCreate                        
20008a4b  osi_TaskDelete                        
20008ce1  osi_TaskDisable                       
20008ceb  osi_TaskEnable                        
20008cc9  osi_start                             
2001f598  pPingCallBackFunc                     
20004bb5  pcTaskGetTaskName                     
2000b931  portCLZ                               
2000b919  prvPortStartFirstTask                 
2000d5fd  pvPortMalloc                          
2001f51c  pxCurrentTCB                          
2000ab49  pxPortInitialiseStack                 
2000d88b  raise                                 
20008ec9  realloc                               
2000d495  signal                                
2000bdcd  sl_DevGet                             
2000b9f1  sl_NetAppMDNSRegisterUnregisterService
2000d66b  sl_NetAppMDNSUnRegisterService        
2000d991  sl_NetAppStart                        
2000d9b9  sl_NetAppStop                         
2000cb8d  sl_NetCfgSet                          
2000b7c1  sl_Start                              
2000b3e5  sl_Stop                               
2000df15  sl_WlanDisconnect                     
2000befd  sl_WlanGet                            
2000cded  sl_WlanPolicySet                      
2000d7fd  sl_WlanProfileDel                     
2000cffd  sl_WlanRxFilterSet                    
2000cbf5  sl_WlanSet                            
2000d82d  sl_WlanSetMode                        
2000bf91  sl_WlanSmartConfigStart               
2000df21  sl_WlanSmartConfigStop                
2000c8f1  spi_Close                             
2000a515  spi_Open                              
2000b231  spi_Read                              
2000c251  spi_Write                             
2000de4b  strchr                                
2000deb1  strlen                                
2000d21d  uDMAChannelAssign                     
2000ccc5  uDMAChannelAttributeDisable           
2000cd29  uDMAChannelAttributeEnable            
2000d589  uDMAChannelControlSet                 
2000dc2d  uDMAChannelEnable                     
2000b059  uDMAChannelTransferSet                
20007f25  ucQueueGetQueueType                   
2000b881  ulPortSetInterruptMask                
2000aaff  uxListRemove                          
20007f05  uxQueueGetQueueNumber                 
20007e99  uxQueueMessagesWaiting                
20007ecf  uxQueueMessagesWaitingFromISR         
20007eaf  uxQueueSpacesAvailable                
20004ba9  uxTaskGetNumberOfTasks                
20004bd9  uxTaskGetSystemState                  
200050cd  uxTaskGetTaskNumber                   
20004725  uxTaskPriorityGet                     
20005625  uxTaskResetEventItemValue             
2000670f  vApplicationIdleHook                  
20006711  vApplicationMallocFailedHook          
20006713  vApplicationStackOverflowHook         
20006705  vAssertCalled                         
2000aa1d  vListInitialise                       
2000aa4d  vListInitialiseItem                   
2000aa99  vListInsert                           
2000aa5d  vListInsertEnd                        
2000b897  vPortClearInterruptMask               
2000abc5  vPortEndScheduler                     
2000abd9  vPortEnterCritical                    
2000abf1  vPortExitCritical                     
2000d61d  vPortFree                             
2000b8f1  vPortSVCHandler                       
2000ac25  vPortSetupTimerInterrupt              
2000abc7  vPortYield                            
2000813f  vQueueAddToRegistry                   
20007ee1  vQueueDelete                          
20007f13  vQueueSetQueueNumber                  
20008181  vQueueUnregisterQueue                 
2000463b  vTaskDelay                            
2000459f  vTaskDelayUntil                       
2000450f  vTaskDelete                           
20004a8d  vTaskEndScheduler                     
200050bf  vTaskMissedYield                      
20004e55  vTaskPlaceOnEventList                 
20004eb9  vTaskPlaceOnUnorderedEventList        
2000559b  vTaskPriorityDisinherit               
200054e1  vTaskPriorityInherit                  
2000475d  vTaskPrioritySet                      
20004955  vTaskResume                           
200050ed  vTaskSetTaskNumber                    
2000501f  vTaskSetTimeOutState                  
20004a43  vTaskStartScheduler                   
20004861  vTaskSuspend                          
20004a9f  vTaskSuspendAll                       
20004dd5  vTaskSwitchContext                    
2000c365  vsnprintf                             
2001f570  xHigherPriorityTaskWoken              
2000b8a5  xPortPendSVHandler                    
2000ab99  xPortStartScheduler                   
2000ac09  xPortSysTickHandler                   
200081cf  xQueueAddToSet                        
20007b01  xQueueAltGenericReceive               
20007a55  xQueueAltGenericSend                  
20007929  xQueueCreateCountingSemaphore         
200078ab  xQueueCreateMutex                     
200081bb  xQueueCreateSet                       
20007835  xQueueGenericCreate                   
20007c9b  xQueueGenericReceive                  
200077a5  xQueueGenericReset                    
20007949  xQueueGenericSend                     
20007bff  xQueueGenericSendFromISR              
200080db  xQueueIsQueueEmptyFromISR             
2000811d  xQueueIsQueueFullFromISR              
20007e55  xQueuePeekFromISR                     
20007ddd  xQueueReceiveFromISR                  
2001f290  xQueueRegistry                        
20008203  xQueueRemoveFromSet                   
20008245  xQueueSelectFromSet                   
2000825f  xQueueSelectFromSetFromISR            
2001f574  xSimpleLinkSpawnQueue                 
2001f578  xSimpleLinkSpawnTaskHndl              
20005045  xTaskCheckForTimeOut                  
20004401  xTaskGenericCreate                    
20005495  xTaskGetCurrentTaskHandle             
20004c97  xTaskGetIdleTaskHandle                
200054a9  xTaskGetSchedulerState                
20004b7d  xTaskGetTickCount                     
20004b91  xTaskGetTickCountFromISR              
20004cb1  xTaskIncrementTick                    
20004f2d  xTaskRemoveFromEventList              
20004fb1  xTaskRemoveFromUnorderedEventList     
20004ab1  xTaskResumeAll                        
200049c9  xTaskResumeFromISR                    


GLOBAL SYMBOLS: SORTED BY Symbol Address 

address   name                                  
-------   ----                                  
00000800  __STACK_SIZE                          
00008000  __SYSMEM_SIZE                         
20004000  g_pfnVectors                          
20004401  xTaskGenericCreate                    
2000450f  vTaskDelete                           
2000459f  vTaskDelayUntil                       
2000463b  vTaskDelay                            
20004691  eTaskGetState                         
20004725  uxTaskPriorityGet                     
2000475d  vTaskPrioritySet                      
20004861  vTaskSuspend                          
20004955  vTaskResume                           
200049c9  xTaskResumeFromISR                    
20004a43  vTaskStartScheduler                   
20004a8d  vTaskEndScheduler                     
20004a9f  vTaskSuspendAll                       
20004ab1  xTaskResumeAll                        
20004b7d  xTaskGetTickCount                     
20004b91  xTaskGetTickCountFromISR              
20004ba9  uxTaskGetNumberOfTasks                
20004bb5  pcTaskGetTaskName                     
20004bd9  uxTaskGetSystemState                  
20004c97  xTaskGetIdleTaskHandle                
20004cb1  xTaskIncrementTick                    
20004dd5  vTaskSwitchContext                    
20004e55  vTaskPlaceOnEventList                 
20004eb9  vTaskPlaceOnUnorderedEventList        
20004f2d  xTaskRemoveFromEventList              
20004fb1  xTaskRemoveFromUnorderedEventList     
2000501f  vTaskSetTimeOutState                  
20005045  xTaskCheckForTimeOut                  
200050bf  vTaskMissedYield                      
200050cd  uxTaskGetTaskNumber                   
200050ed  vTaskSetTaskNumber                    
20005495  xTaskGetCurrentTaskHandle             
200054a9  xTaskGetSchedulerState                
200054e1  vTaskPriorityInherit                  
2000559b  vTaskPriorityDisinherit               
20005625  uxTaskResetEventItemValue             
200063fd  __TI_printfi                          
20006705  vAssertCalled                         
2000670f  vApplicationIdleHook                  
20006711  vApplicationMallocFailedHook          
20006713  vApplicationStackOverflowHook         
2000671d  SimpleLinkWlanEventHandler            
200068d5  SimpleLinkNetAppEventHandler          
20006949  SimpleLinkSockEventHandler            
20006a95  SimpleLinkHttpServerCallback          
20007051  ConnectToNetwork                      
20007485  main                                  
200077a5  xQueueGenericReset                    
20007835  xQueueGenericCreate                   
200078ab  xQueueCreateMutex                     
20007929  xQueueCreateCountingSemaphore         
20007949  xQueueGenericSend                     
20007a55  xQueueAltGenericSend                  
20007b01  xQueueAltGenericReceive               
20007bff  xQueueGenericSendFromISR              
20007c9b  xQueueGenericReceive                  
20007ddd  xQueueReceiveFromISR                  
20007e55  xQueuePeekFromISR                     
20007e99  uxQueueMessagesWaiting                
20007eaf  uxQueueSpacesAvailable                
20007ecf  uxQueueMessagesWaitingFromISR         
20007ee1  vQueueDelete                          
20007f05  uxQueueGetQueueNumber                 
20007f13  vQueueSetQueueNumber                  
20007f25  ucQueueGetQueueType                   
200080db  xQueueIsQueueEmptyFromISR             
2000811d  xQueueIsQueueFullFromISR              
2000813f  vQueueAddToRegistry                   
20008181  vQueueUnregisterQueue                 
200081bb  xQueueCreateSet                       
200081cf  xQueueAddToSet                        
20008203  xQueueRemoveFromSet                   
20008245  xQueueSelectFromSet                   
2000825f  xQueueSelectFromSetFromISR            
200082c9  _SlDrvMsgRead                         
200088b5  osi_InterruptRegister                 
200088db  osi_InterruptDeRegister               
200088ed  osi_SyncObjCreate                     
2000891d  osi_SyncObjDelete                     
20008937  osi_SyncObjSignal                     
2000895f  osi_SyncObjSignalFromISR              
20008997  osi_SyncObjWait                       
200089c3  osi_SyncObjClear                      
200089e5  osi_LockObjCreate                     
20008a0b  osi_TaskCreate                        
20008a4b  osi_TaskDelete                        
20008a59  osi_LockObjDelete                     
20008a69  osi_LockObjLock                       
20008a95  osi_LockObjUnlock                     
20008abf  osi_Spawn                             
20008b2d  VStartSimpleLinkSpawnTask             
20008b7d  VDeleteSimpleLinkSpawnTask            
20008ba9  osi_MsgQCreate                        
20008bed  osi_MsgQDelete                        
20008c07  osi_MsgQWrite                         
20008c39  osi_MsgQRead                          
20008c75  mem_Malloc                            
20008c81  mem_Free                              
20008c8d  mem_set                               
20008ca1  mem_copy                              
20008cb5  osi_EnterCritical                     
20008cbf  osi_ExitCritical                      
20008cc9  osi_start                             
20008cd1  osi_Sleep                             
20008ce1  osi_TaskDisable                       
20008ceb  osi_TaskEnable                        
20008cf5  osi_ContextSave                       
20008cf7  osi_ContextRestore                    
20008d11  minit                                 
20008d9f  malloc                                
20008e07  free                                  
20008ec9  realloc                               
20008fd5  memalign                              
200090b9  calloc                                
20009129  GPIO_IF_LedConfigure                  
20009167  GPIO_IF_LedOn                         
2000921b  GPIO_IF_LedOff                        
200092cf  GPIO_IF_LedStatus                     
20009339  GPIO_IF_LedToggle                     
20009367  GPIO_IF_GetPortNPin                   
200093ad  GPIO_IF_ConfigureNIntEnable           
200093ef  GPIO_IF_Set                           
20009429  GPIO_IF_Get                           
20009481  InitTerm                              
2000949f  Message                               
200094c1  ClearTerm                             
200094cb  Error                                 
20009503  GetCmd                                
200095b9  TrimSpace                             
20009651  Report                                
20009711  _SlDrvRxHdrRead                       
20009959  __aeabi_uldivmod                      
20009b4d  _SlDrvReleasePoolObj                  
20009d1d  _SlDrvMsgWrite                        
20009ee9  __aeabi_dsub                          
20009ef3  __aeabi_dadd                          
2000a0a1  _SlDrvWaitForPoolObj                  
2000a231  _SlDrvDriverCBInit                    
2000a3a5  _SlFindAndSetActiveObj                
2000a515  spi_Open                              
2000a665  PinMuxConfig                          
2000a7b1  __aeabi_ddiv                          
2000a8e9  PRCMCC3200MCUInit                     
2000aa1d  vListInitialise                       
2000aa4d  vListInitialiseItem                   
2000aa5d  vListInsertEnd                        
2000aa99  vListInsert                           
2000aaff  uxListRemove                          
2000ab49  pxPortInitialiseStack                 
2000ab99  xPortStartScheduler                   
2000abc5  vPortEndScheduler                     
2000abc7  vPortYield                            
2000abd9  vPortEnterCritical                    
2000abf1  vPortExitCritical                     
2000ac09  xPortSysTickHandler                   
2000ac25  vPortSetupTimerInterrupt              
2000ac59  _Dscale                               
2000ad69  _SlDrvNetAppEventHandler              
2000ae67  __aeabi_dmul                          
2000af65  _SlDrvDriverCBDeinit                  
2000b059  uDMAChannelTransferSet                
2000b149  SmartConfigConnect                    
2000b1d1  SmartConfigStop                       
2000b231  spi_Read                              
2000b30d  _SlDrvClassifyRxMsg                   
2000b3e5  sl_Stop                               
2000b4b9  _sl_HandleAsync_DnsGetHostByService   
2000b581  _SlRemoveFromList                     
2000b645  _Dnorm                                
2000b705  _SlDrvMsgReadCmdCtx                   
2000b7c1  sl_Start                              
2000b881  ulPortSetInterruptMask                
2000b897  vPortClearInterruptMask               
2000b8a5  xPortPendSVHandler                    
2000b8f1  vPortSVCHandler                       
2000b919  prvPortStartFirstTask                 
2000b931  portCLZ                               
2000b939  _SlAsyncEventGenericHandler           
2000b9f1  sl_NetAppMDNSRegisterUnregisterService
2000baa5  IntDisable                            
2000bb4d  IntEnable                             
2000bbf5  SPIConfigSetExpClk                    
2000bc95  _SlDrvMsgReadSpawnCtx                 
2000bd31  __aeabi_memcpy                        
2000bd31  __aeabi_memcpy4                       
2000bd31  __aeabi_memcpy8                       
2000bd31  memcpy                                
2000bdcd  sl_DevGet                             
2000be69  PRCMPeripheralClockGet                
2000befd  sl_WlanGet                            
2000bf91  sl_WlanSmartConfigStart               
2000c139  _sl_HandleAsync_DnsGetHostByName      
2000c1c5  _sl_HandleAsync_PingResponse          
2000c251  spi_Write                             
2000c2dd  PinConfigSet                          
2000c365  vsnprintf                             
2000c3ed  __aeabi_cdcmpeq                       
2000c3ed  __aeabi_cdcmple                       
2000c473  __aeabi_cdrcmple                      
2000c4f9  NwpPowerOnPreamble                    
2000c57d  GPIOIntTypeSet                        
2000c601  _SlDrvCmdOp                           
2000c781  _sl_HandleAsync_InitComplete          
2000c7fd  __aeabi_memclr                        
2000c7fd  __aeabi_memclr4                       
2000c7fd  __aeabi_memclr8                       
2000c7ff  __aeabi_memset                        
2000c7ff  __aeabi_memset4                       
2000c7ff  __aeabi_memset8                       
2000c805  memset                                
2000c879  _sl_HandleAsync_Connect               
2000c8f1  spi_Close                             
2000c969  UARTConfigSetExpClk                   
2000c9e1  _SlDrvCmdSend                         
2000ca4d  __TI_auto_init                        
2000cb25  _sl_NetAppSendTokenValue              
2000cb8d  sl_NetCfgSet                          
2000cbf5  sl_WlanSet                            
2000cc5d  _Dunscale                             
2000ccc5  uDMAChannelAttributeDisable           
2000cd29  uDMAChannelAttributeEnable            
2000cd8d  _sl_HandleAsync_Accept                
2000cded  sl_WlanPolicySet                      
2000ce4d  IntPendClear                          
2000cea5  PRCMPeripheralReset                   
2000cefd  ltoa                                  
2000cf55  IntPrioritySet                        
2000cfa9  _sl_HandleAsync_Select                
2000cffd  sl_WlanRxFilterSet                    
2000d051  _sl_HandleAsync_Stop                  
2000d0a1  SPIIntEnable                          
2000d0ed  _SlDrvProtectAsyncRespSetting         
2000d139  _SlDrvRxIrqHandler                    
2000d185  atoi                                  
2000d1d1  copy_in                               
2000d21d  uDMAChannelAssign                     
2000d269  SPIIntClear                           
2000d2b1  _SlDrvBasicCmd                        
2000d2f9  __aeabi_d2iz                          
2000d341  ldexp                                 
2000d411  C$$EXIT                               
2000d415  abort                                 
2000d41d  exit                                  
2000d455  PinModeSet                            
2000d495  signal                                
2000d4d5  CopyPingResultsToReport               
2000d511  PRCMPeripheralClkEnable               
2000d54d  _c_int00                              
2000d589  uDMAChannelControlSet                 
2000d5c5  NwpPowerOff                           
2000d5fd  pvPortMalloc                          
2000d61d  vPortFree                             
2000d635  GPIODirModeSet                        
2000d66b  sl_NetAppMDNSUnRegisterService        
2000d6a1  PRCMPeripheralStatusGet               
2000d6d5  SPIFIFOLevelSet                       
2000d709  feraiseexcept                         
2000d73d  PinTypeGPIO                           
2000d76d  UARTDisable                           
2000d79d  _SlDrvDeviceEventHandler              
2000d7cd  _Feraise                              
2000d7fd  sl_WlanProfileDel                     
2000d82d  sl_WlanSetMode                        
2000d85d  __aeabi_i2d                           
2000d88b  raise                                 
2000d8b9  DmaSpiSwIntHandler                    
2000d8e5  NwpPowerOn                            
2000d911  PRCMSysResetCauseGet                  
2000d93d  _Dclass                               
2000d969  PRCMPeripheralClkDisable              
2000d991  sl_NetAppStart                        
2000d9b9  sl_NetAppStop                         
2000d9e1  NwpRegisterInterruptHandler           
2000da09  IntUnregister                         
2000da2d  UARTEnable                            
2000da51  _SlDrvProtectionObjLockWaitForever    
2000da75  memmove                               
2000da99  SPIReset                              
2000dabb  SPIWordCountSet                       
2000dadd  frexp                                 
2000daff  memcmp                                
2000db21  GPIOPinWrite                          
2000db41  IntRegister                           
2000db61  _SlDrvProtectionObjUnLock             
2000db81  UARTCharPut                           
2000dbbd  UARTCharGetNonBlocking                
2000dbd9  _SlDrvObjLockWaitForever              
2000dbf5  _SlDrvSyncObjWaitForever              
2000dc11  memccpy                               
2000dc2d  uDMAChannelEnable                     
2000dc49  GPIOIntEnable                         
2000dc63  PinTypeSDHost                         
2000dc7d  PinTypeSPI                            
2000dc97  PinTypeUART                           
2000dcb1  SPIDmaDisable                         
2000dccb  SPIDmaEnable                          
2000dce5  SPIFIFODisable                        
2000dcff  SPIFIFOEnable                         
2000dd19  GPIOPinRead                           
2000dd31  SPICSDisable                          
2000dd49  SPICSEnable                           
2000dd61  SPIDisable                            
2000dd79  SPIEnable                             
2000dd91  UARTCharsAvail                        
2000dda9  _SlDrvObjUnLock                       
2000ddc1  _SlDrvSyncObjSignal                   
2000ddd9  _sl_GetStartResponseConvert           
2000ddf1  _args_main                            
2000de09  PRCMHIBRegRead                        
2000de1f  PRCMHIBRegWrite                       
2000de35  _SlDrvMemZero                         
2000de4b  strchr                                
2000de61  CPUcpsie                              
2000de75  GPIOIntClear                          
2000de89  IntVTableBaseSet                      
2000de9d  _register_unlock                      
2000dea3  _register_lock                        
2000deab  _nop                                  
2000deb1  strlen                                
2000dec5  _SlDrvResetCmdExt                     
2000ded3  __TI_decompress_none                  
2000dee1  ResetISR                              
2000def1  NwpMaskInterrupt                      
2000defd  NwpUnMaskInterrupt                    
2000df09  __TI_zero_init                        
2000df15  sl_WlanDisconnect                     
2000df21  sl_WlanSmartConfigStop                
2000df2d  IntMasterEnable                       
2000df37  UtilsDelay                            
2000df3d  __TI_decompress_rle24                 
2000df43  _system_pre_init                      
2000df48  _ctypes_                              
2000e348  OpcodeTranslateTable                  
2000e384  _SlPolicySetCmdCtrl                   
2000e388  _SlPolicyGetCmdCtrl                   
2000e38c  _SlProfileGetCmdCtrl                  
2000e390  _SlProfileDelCmdCtrl                  
2000e394  _SlWlanGetNetworkListCtrl             
2000e398  _SlRxFilterAddtCmdCtrl                
2000e39c  _SlRxFilterSetCmdCtrl                 
2000e3a0  _SlRxFilterGetCmdCtrl                 
2000e3a4  _SlSmartConfigStartCmdCtrl            
2000e3a8  _SlWlanSetModeCmdCtrl                 
2000e3ac  _SlWlanCfgSetCmdCtrl                  
2000e3b0  _SlWlanCfgGetCmdCtrl                  
2000e3c0  _SlActionLookupTable                  
2000e3f8  g_H2NSyncPattern                      
2000e400  g_H2NCnysPattern                      
2000e408  RxMsgClassLUT                         
2000e458  _SlNetAppStartCtrl                    
2000e45c  _SlNetAppStopCtrl                     
2000e460  _SlGetServiceListeCtrl                
2000e464  _SlRegisterServiceCtrl                
2000e468  _SlGetHostByServiceCtrl               
2000e46c  _SlGetHostByNameCtrl                  
2000e470  _SlNetAppSetCmdCtrl                   
2000e474  _SlNetAppSendTokenValueCmdCtrl        
2000e478  _SlNetAppGetCmdCtrl                   
2000e514  _SlStopCmdCtrl                        
2000e518  _SlEventMaskSetCmdCtrl                
2000e51c  _SlEventMaskGetCmdCtrl                
2000e520  _SlDeviceGetCmdCtrl                   
2000e524  _SlDeviceSetCmdCtrl                   
2000e528  StartResponseLUT                      
2000e530  _SlNetCfgSetCmdCtrl                   
2000e534  _SlNetCfgGetCmdCtrl                   
2000e538  __TI_static_base__                    
2000e5d0  __TI_Handler_Table_Base               
2000e5dc  __TI_Handler_Table_Limit              
2000e5e8  __TI_CINIT_Base                       
2000e5f8  __TI_CINIT_Limit                      
20017000  _sys_memory                           
2001f000  g_StatMem                             
2001f240  g_ucDinDout                           
2001f290  xQueueRegistry                        
2001f2e0  g_ucConnectionSSID                    
2001f304  g_ucSSID                              
2001f38c  g_ucConnectionBSSID                   
2001f394  DMAMsgQ                               
2001f398  FileAvail                             
2001f3a0  g_cDummy                              
2001f3ac  RxIrqCnt                              
2001f3ad  g_ucLED1Pin                           
2001f3ae  g_ucLED2Pin                           
2001f3af  g_ucLED3Pin                           
2001f460  _Denorm                               
2001f470  _Eps                                  
2001f480  _Hugeval                              
2001f490  _Inf                                  
2001f4a0  _Nan                                  
2001f4b0  _Snan                                 
2001f4c0  _Rteps                                
2001f4d0  _Xbig                                 
2001f4d8  _Zero                                 
2001f4e0  g_ulStatus                            
2001f4e4  g_ulPingPacketsRecv                   
2001f4e8  g_ulGatewayIP                         
2001f4ec  POST_token                            
2001f4f7  GET_token                             
2001f504  g_iSimplelinkRole                     
2001f508  g_uiIpAddress                         
2001f50c  g_usMCNetworkUstate                   
2001f510  g_uiSimplelinkRole                    
2001f514  g_uiDeviceModeConfig                  
2001f518  g_ucConnectTimeout                    
2001f51c  pxCurrentTCB                          
2001f564  g_uiLED1Port                          
2001f568  g_uiLED2Port                          
2001f56c  g_uiLED3Port                          
2001f570  xHigherPriorityTaskWoken              
2001f574  xSimpleLinkSpawnQueue                 
2001f578  xSimpleLinkSpawnTaskHndl              
2001f588  g_SpiFd                               
2001f58c  g_pHostIntHdl                         
2001f590  g_ucDMAEnabled                        
2001f594  g_pCB                                 
2001f598  pPingCallBackFunc                     
2001f59c  gFirstCmdMode                         
2001f5a0  _lock                                 
2001f5a4  _unlock                               
2001f5a8  __TI_cleanup_ptr                      
2001f5ac  __TI_dtors_ptr                        
2001f5b0  _Fenv                                 
2001f5b4  _Tls_setup__Fenv                      
2001f5bc  _Errno                                
2001f5c0  main_func_sp                          
2002f800  __stack                               
20030000  __STACK_END                           
ffffffff  __binit__                             
ffffffff  __c_args__                            
ffffffff  binit                                 
UNDEFED   SHT$$INIT_ARRAY$$Base                 
UNDEFED   SHT$$INIT_ARRAY$$Limit                

[436 symbols]
