******************************************************************************
                  TI ARM Linker PC v5.2.6                      
******************************************************************************
>> Linked Wed Mar 30 00:39:43 2016

OUTPUT FILE NAME:   <LaserCeenC.out>
ENTRY POINT SYMBOL: "_c_int00"  address: 2000d58d


MEMORY CONFIGURATION

         name            origin    length      used     unused   attr    fill
----------------------  --------  ---------  --------  --------  ----  --------
  SRAM_CODE             20004000   00013000  0000a636  000089ca  RW X
  SRAM_DATA             20017000   00019000  00008dc4  0001023c  RW X


SEGMENT ALLOCATION MAP

run origin  load origin   length   init length attrs members
----------  ----------- ---------- ----------- ----- -------
20004000    20004000    0000a638   0000a638    r-x
  20004000    20004000    00000400   00000400    r-- .intvecs
  20004400    20004400    00009b86   00009b86    r-x .text
  2000df88    2000df88    000005f0   000005f0    r-- .const
  2000e578    2000e578    000000c0   000000c0    r-- .cinit
20017000    20017000    000085c4   00000000    rw-
  20017000    20017000    00008000   00000000    rw- .sysmem
  2001f000    2001f000    000003b0   00000000    rw- .bss
  2001f3b0    2001f3b0    00000214   00000000    rw- .data
2002f800    2002f800    00000800   00000000    rw-
  2002f800    2002f800    00000800   00000000    rw- .stack


SECTION ALLOCATION MAP

 output                                  attributes/
section   page    origin      length       input sections
--------  ----  ----------  ----------   ----------------
.intvecs   0    20004000    00000400     
                  20004000    00000400     startup_ccs.obj (.intvecs)

.init_array 
*          0    20004000    00000000     UNINITIALIZED

.text      0    20004400    00009b86     
                  20004400    0000125c     free_rtos.a : tasks.obj (.text)
                  2000565c    000010e0     main.obj (.text)
                  2000673c    000010a6     rtsv7M4_T_le_eabi.lib : _printfi.obj (.text)
                  200077e2    00000002     driverlib.a : interrupt.obj (.text:IntDefaultHandler)
                  200077e4    00000b24     free_rtos.a : queue.obj (.text)
                  20008308    000005ec     simplelink.a : driver.obj (.text:_SlDrvMsgRead)
                  200088f4    0000045c     free_rtos.a : osi_freertos.obj (.text)
                  20008d50    000003dc     rtsv7M4_T_le_eabi.lib : memory.obj (.text)
                  2000912c    00000394     gpio_if.obj (.text)
                  200094c0    00000290     uart_if.obj (.text)
                  20009750    00000248     simplelink.a : driver.obj (.text:_SlDrvRxHdrRead)
                  20009998    000001f4     rtsv7M4_T_le_eabi.lib : ull_div_t2.obj (.text)
                  20009b8c    000001d0     simplelink.a : driver.obj (.text:_SlDrvReleasePoolObj)
                  20009d5c    000001cc                  : driver.obj (.text:_SlDrvMsgWrite)
                  20009f28    000001b6     rtsv7M4_T_le_eabi.lib : fd_add_t2.obj (.text)
                  2000a0de    00000002     --HOLE-- [fill = 0]
                  2000a0e0    00000190     simplelink.a : driver.obj (.text:_SlDrvWaitForPoolObj)
                  2000a270    00000174                  : driver.obj (.text:_SlDrvDriverCBInit)
                  2000a3e4    00000170                  : driver.obj (.text:_SlFindAndSetActiveObj)
                  2000a554    00000150                  : cc_pal.obj (.text:spi_Open)
                  2000a6a4    0000014c     pinmux.obj (.text)
                  2000a7f0    00000136     rtsv7M4_T_le_eabi.lib : fd_div_t2.obj (.text)
                  2000a926    00000002     --HOLE-- [fill = 0]
                  2000a928    00000134     driverlib.a : prcm.obj (.text:PRCMCC3200MCUInit)
                  2000aa5c    0000012a     free_rtos.a : list.obj (.text)
                  2000ab86    00000002     --HOLE-- [fill = 0]
                  2000ab88    00000110                 : port.obj (.text)
                  2000ac98    00000110     rtsv7M4_T_le_eabi.lib : xdscale.obj (.text)
                  2000ada8    000000fe     simplelink.a : netapp.obj (.text:_SlDrvNetAppEventHandler)
                  2000aea6    000000fc     rtsv7M4_T_le_eabi.lib : fd_mul_t2.obj (.text)
                  2000afa2    00000002     --HOLE-- [fill = 0]
                  2000afa4    000000f4     simplelink.a : driver.obj (.text:_SlDrvDriverCBDeinit)
                  2000b098    000000f0     driverlib.a : udma.obj (.text:uDMAChannelTransferSet)
                  2000b188    000000e8     smartconfig.obj (.text)
                  2000b270    000000dc     simplelink.a : cc_pal.obj (.text:spi_Read)
                  2000b34c    000000d8                  : driver.obj (.text:_SlDrvClassifyRxMsg)
                  2000b424    000000d4                  : device.obj (.text:sl_Stop)
                  2000b4f8    000000c8                  : netapp.obj (.text:_sl_HandleAsync_DnsGetHostByService)
                  2000b5c0    000000c4                  : driver.obj (.text:_SlRemoveFromList)
                  2000b684    000000be     rtsv7M4_T_le_eabi.lib : xdnorm.obj (.text)
                  2000b742    00000002     --HOLE-- [fill = 0]
                  2000b744    000000bc     simplelink.a : driver.obj (.text:_SlDrvMsgReadCmdCtx)
                  2000b800    000000bc                  : device.obj (.text:sl_Start)
                  2000b8bc    000000ba     free_rtos.a : portasm.obj (.text)
                  2000b976    00000002     --HOLE-- [fill = 0]
                  2000b978    000000b8     simplelink.a : driver.obj (.text:_SlAsyncEventGenericHandler)
                  2000ba30    000000b4                  : netapp.obj (.text:sl_NetAppMDNSRegisterUnregisterService)
                  2000bae4    000000a8     driverlib.a : interrupt.obj (.text:IntDisable)
                  2000bb8c    000000a8                 : interrupt.obj (.text:IntEnable)
                  2000bc34    000000a0                 : spi.obj (.text:SPIConfigSetExpClk)
                  2000bcd4    0000009c     simplelink.a : driver.obj (.text:_SlDrvMsgReadSpawnCtx)
                  2000bd70    0000009c     rtsv7M4_T_le_eabi.lib : memcpy_t2.obj (.text)
                  2000be0c    0000009c     simplelink.a : device.obj (.text:sl_DevGet)
                  2000bea8    00000094     driverlib.a : prcm.obj (.text:PRCMPeripheralClockGet)
                  2000bf3c    00000094     simplelink.a : wlan.obj (.text:sl_WlanGet)
                  2000bfd0    00000090                  : wlan.obj (.text:sl_WlanSmartConfigStart)
                  2000c060    0000008c                  : cc_pal.obj (.text:SetupDMAReceive)
                  2000c0ec    0000008c                  : cc_pal.obj (.text:SetupDMASend)
                  2000c178    0000008c                  : netapp.obj (.text:_sl_HandleAsync_DnsGetHostByName)
                  2000c204    0000008c                  : netapp.obj (.text:_sl_HandleAsync_PingResponse)
                  2000c290    0000008c                  : cc_pal.obj (.text:spi_Write)
                  2000c31c    00000088     driverlib.a : pin.obj (.text:PinConfigSet)
                  2000c3a4    00000088     rtsv7M4_T_le_eabi.lib : vsnprintf.obj (.text)
                  2000c42c    00000086                           : fd_cmp_t2.obj (.text:__aeabi_cdcmple)
                  2000c4b2    00000086                           : fd_cmp_t2.obj (.text:__aeabi_cdrcmple)
                  2000c538    00000084     simplelink.a : cc_pal.obj (.text:NwpPowerOnPreamble)
                  2000c5bc    00000082     driverlib.a : gpio.obj (.text:GPIOIntTypeSet)
                  2000c63e    00000002     --HOLE-- [fill = 0]
                  2000c640    00000080     simplelink.a : driver.obj (.text:_SlDrvCmdOp)
                  2000c6c0    00000080                  : cc_pal.obj (.text:spi_Read_CPU)
                  2000c740    00000080                  : cc_pal.obj (.text:spi_Write_CPU)
                  2000c7c0    0000007c                  : device.obj (.text:_sl_HandleAsync_InitComplete)
                  2000c83c    0000007a     rtsv7M4_T_le_eabi.lib : memset_t2.obj (.text)
                  2000c8b6    00000002     --HOLE-- [fill = 0]
                  2000c8b8    00000078     simplelink.a : socket.obj (.text:_sl_HandleAsync_Connect)
                  2000c930    00000078                  : cc_pal.obj (.text:spi_Close)
                  2000c9a8    00000076     driverlib.a : uart.obj (.text:UARTConfigSetExpClk)
                  2000ca1e    00000002     --HOLE-- [fill = 0]
                  2000ca20    0000006c     simplelink.a : driver.obj (.text:_SlDrvCmdSend)
                  2000ca8c    0000006c     rtsv7M4_T_le_eabi.lib : autoinit.obj (.text)
                  2000caf8    0000006a                           : copy_decompress_rle.obj (.text)
                  2000cb62    00000002     --HOLE-- [fill = 0]
                  2000cb64    00000068     simplelink.a : netapp.obj (.text:_sl_NetAppSendTokenValue)
                  2000cbcc    00000068                  : netcfg.obj (.text:sl_NetCfgSet)
                  2000cc34    00000068                  : wlan.obj (.text:sl_WlanSet)
                  2000cc9c    00000066     rtsv7M4_T_le_eabi.lib : xdunscal.obj (.text)
                  2000cd02    00000002     --HOLE-- [fill = 0]
                  2000cd04    00000064     driverlib.a : udma.obj (.text:uDMAChannelAttributeDisable)
                  2000cd68    00000064                 : udma.obj (.text:uDMAChannelAttributeEnable)
                  2000cdcc    00000060     simplelink.a : socket.obj (.text:_sl_HandleAsync_Accept)
                  2000ce2c    00000060                  : wlan.obj (.text:sl_WlanPolicySet)
                  2000ce8c    00000058     driverlib.a : interrupt.obj (.text:IntPendClear)
                  2000cee4    00000058                 : prcm.obj (.text:PRCMPeripheralReset)
                  2000cf3c    00000056     rtsv7M4_T_le_eabi.lib : ltoa.obj (.text)
                  2000cf92    00000002     --HOLE-- [fill = 0]
                  2000cf94    00000054     driverlib.a : interrupt.obj (.text:IntPrioritySet)
                  2000cfe8    00000054     simplelink.a : socket.obj (.text:_sl_HandleAsync_Select)
                  2000d03c    00000054                  : wlan.obj (.text:sl_WlanRxFilterSet)
                  2000d090    00000050                  : device.obj (.text:_sl_HandleAsync_Stop)
                  2000d0e0    0000004c     driverlib.a : spi.obj (.text:SPIIntEnable)
                  2000d12c    0000004c     simplelink.a : driver.obj (.text:_SlDrvProtectAsyncRespSetting)
                  2000d178    0000004c                  : driver.obj (.text:_SlDrvRxIrqHandler)
                  2000d1c4    0000004c     rtsv7M4_T_le_eabi.lib : atoi.obj (.text)
                  2000d210    0000004c                           : cpy_tbl.obj (.text)
                  2000d25c    0000004c     driverlib.a : udma.obj (.text:uDMAChannelAssign)
                  2000d2a8    00000048                 : spi.obj (.text:SPIIntClear)
                  2000d2f0    00000048     simplelink.a : driver.obj (.text:_SlDrvBasicCmd)
                  2000d338    00000048     rtsv7M4_T_le_eabi.lib : fd_toi_t2.obj (.text)
                  2000d380    00000046                           : ldexp.obj (.text)
                  2000d3c6    00000002     --HOLE-- [fill = 0]
                  2000d3c8    00000044     driverlib.a : spi.obj (.text:SPIDmaMaskGet)
                  2000d40c    00000044     simplelink.a : cc_pal.obj (.text:cc_SetupTransfer)
                  2000d450    00000044     rtsv7M4_T_le_eabi.lib : exit.obj (.text)
                  2000d494    00000040     driverlib.a : pin.obj (.text:PinModeSet)
                  2000d4d4    00000040     rtsv7M4_T_le_eabi.lib : signal.obj (.text)
                  2000d514    0000003c     simplelink.a : netapp.obj (.text:CopyPingResultsToReport)
                  2000d550    0000003c     driverlib.a : prcm.obj (.text:PRCMPeripheralClkEnable)
                  2000d58c    0000003c     rtsv7M4_T_le_eabi.lib : boot.obj (.text)
                  2000d5c8    0000003c     driverlib.a : udma.obj (.text:uDMAChannelControlSet)
                  2000d604    00000038     simplelink.a : cc_pal.obj (.text:NwpPowerOff)
                  2000d63c    00000038     free_rtos.a : heap_3.obj (.text)
                  2000d674    00000036     driverlib.a : gpio.obj (.text:GPIODirModeSet)
                  2000d6aa    00000036     simplelink.a : netapp.obj (.text:sl_NetAppMDNSUnRegisterService)
                  2000d6e0    00000034     driverlib.a : prcm.obj (.text:PRCMPeripheralStatusGet)
                  2000d714    00000034                 : spi.obj (.text:SPIFIFOLevelSet)
                  2000d748    00000034     rtsv7M4_T_le_eabi.lib : feraiseexcept.obj (.text)
                  2000d77c    00000030     driverlib.a : pin.obj (.text:PinTypeGPIO)
                  2000d7ac    00000030                 : uart.obj (.text:UARTDisable)
                  2000d7dc    00000030     simplelink.a : device.obj (.text:_SlDrvDeviceEventHandler)
                  2000d80c    00000030     rtsv7M4_T_le_eabi.lib : xferaise.obj (.text)
                  2000d83c    00000030     simplelink.a : wlan.obj (.text:sl_WlanProfileDel)
                  2000d86c    00000030                  : wlan.obj (.text:sl_WlanSetMode)
                  2000d89c    0000002e     rtsv7M4_T_le_eabi.lib : i_tofd_t2.obj (.text)
                  2000d8ca    0000002e                           : raise.obj (.text)
                  2000d8f8    0000002c     simplelink.a : cc_pal.obj (.text:DmaSpiSwIntHandler)
                  2000d924    0000002c                  : cc_pal.obj (.text:NwpPowerOn)
                  2000d950    0000002c     driverlib.a : prcm.obj (.text:PRCMSysResetCauseGet)
                  2000d97c    0000002a     rtsv7M4_T_le_eabi.lib : xdclass.obj (.text)
                  2000d9a6    00000002     --HOLE-- [fill = 0]
                  2000d9a8    00000028     driverlib.a : prcm.obj (.text:PRCMPeripheralClkDisable)
                  2000d9d0    00000028     simplelink.a : netapp.obj (.text:sl_NetAppStart)
                  2000d9f8    00000028                  : netapp.obj (.text:sl_NetAppStop)
                  2000da20    00000026                  : cc_pal.obj (.text:NwpRegisterInterruptHandler)
                  2000da46    00000002     --HOLE-- [fill = 0]
                  2000da48    00000024     driverlib.a : interrupt.obj (.text:IntUnregister)
                  2000da6c    00000024                 : uart.obj (.text:UARTEnable)
                  2000da90    00000024     simplelink.a : driver.obj (.text:_SlDrvProtectionObjLockWaitForever)
                  2000dab4    00000024     rtsv7M4_T_le_eabi.lib : memmov.obj (.text)
                  2000dad8    00000022     driverlib.a : spi.obj (.text:SPIReset)
                  2000dafa    00000022                 : spi.obj (.text:SPIWordCountSet)
                  2000db1c    00000022     rtsv7M4_T_le_eabi.lib : frexp.obj (.text)
                  2000db3e    00000022                           : memcmp.obj (.text)
                  2000db60    00000020     driverlib.a : gpio.obj (.text:GPIOPinWrite)
                  2000db80    00000020                 : interrupt.obj (.text:IntRegister)
                  2000dba0    00000020     simplelink.a : driver.obj (.text:_SlDrvProtectionObjUnLock)
                  2000dbc0    0000001e     driverlib.a : uart.obj (.text:UARTCharPut)
                  2000dbde    0000001e     simplelink.a : cc_pal.obj (.text:cc_UDMAChannelSelect)
                  2000dbfc    0000001c     driverlib.a : uart.obj (.text:UARTCharGetNonBlocking)
                  2000dc18    0000001c     simplelink.a : driver.obj (.text:_SlDrvObjLockWaitForever)
                  2000dc34    0000001c                  : driver.obj (.text:_SlDrvSyncObjWaitForever)
                  2000dc50    0000001c     rtsv7M4_T_le_eabi.lib : memccpy.obj (.text)
                  2000dc6c    0000001c     driverlib.a : udma.obj (.text:uDMAChannelEnable)
                  2000dc88    0000001a                 : gpio.obj (.text:GPIOIntEnable)
                  2000dca2    0000001a                 : pin.obj (.text:PinTypeSDHost)
                  2000dcbc    0000001a                 : pin.obj (.text:PinTypeSPI)
                  2000dcd6    0000001a                 : pin.obj (.text:PinTypeUART)
                  2000dcf0    0000001a                 : spi.obj (.text:SPIDmaDisable)
                  2000dd0a    0000001a                 : spi.obj (.text:SPIDmaEnable)
                  2000dd24    0000001a                 : spi.obj (.text:SPIFIFODisable)
                  2000dd3e    0000001a                 : spi.obj (.text:SPIFIFOEnable)
                  2000dd58    00000018                 : gpio.obj (.text:GPIOPinRead)
                  2000dd70    00000018                 : spi.obj (.text:SPICSDisable)
                  2000dd88    00000018                 : spi.obj (.text:SPICSEnable)
                  2000dda0    00000018                 : spi.obj (.text:SPIDisable)
                  2000ddb8    00000018                 : spi.obj (.text:SPIEnable)
                  2000ddd0    00000018                 : uart.obj (.text:UARTCharsAvail)
                  2000dde8    00000018     simplelink.a : driver.obj (.text:_SlDrvObjUnLock)
                  2000de00    00000018                  : driver.obj (.text:_SlDrvSyncObjSignal)
                  2000de18    00000018                  : device.obj (.text:_sl_GetStartResponseConvert)
                  2000de30    00000018     rtsv7M4_T_le_eabi.lib : args_main.obj (.text)
                  2000de48    00000016     driverlib.a : prcm.obj (.text:PRCMHIBRegRead)
                  2000de5e    00000016                 : prcm.obj (.text:PRCMHIBRegWrite)
                  2000de74    00000016     simplelink.a : driver.obj (.text:_SlDrvMemZero)
                  2000de8a    00000016     rtsv7M4_T_le_eabi.lib : strchr.obj (.text)
                  2000dea0    00000014     driverlib.a : cpu.obj (.text:CPUcpsie)
                  2000deb4    00000014                 : gpio.obj (.text:GPIOIntClear)
                  2000dec8    00000014                 : interrupt.obj (.text:IntVTableBaseSet)
                  2000dedc    00000014     rtsv7M4_T_le_eabi.lib : _lock.obj (.text)
                  2000def0    00000014                           : strlen.obj (.text)
                  2000df04    0000000e     simplelink.a : driver.obj (.text:_SlDrvResetCmdExt)
                  2000df12    0000000e     rtsv7M4_T_le_eabi.lib : copy_decompress_none.obj (.text:decompress:none)
                  2000df20    0000000e     startup_ccs.obj (.text)
                  2000df2e    00000002     --HOLE-- [fill = 0]
                  2000df30    0000000c     simplelink.a : cc_pal.obj (.text:NwpMaskInterrupt)
                  2000df3c    0000000c                  : cc_pal.obj (.text:NwpUnMaskInterrupt)
                  2000df48    0000000c     rtsv7M4_T_le_eabi.lib : copy_zero_init.obj (.text:decompress:ZI)
                  2000df54    0000000c     simplelink.a : wlan.obj (.text:sl_WlanDisconnect)
                  2000df60    0000000c                  : wlan.obj (.text:sl_WlanSmartConfigStop)
                  2000df6c    0000000a     driverlib.a : interrupt.obj (.text:IntMasterEnable)
                  2000df76    00000006                 : utils.obj (.text:UtilsDelay)
                  2000df7c    00000006     rtsv7M4_T_le_eabi.lib : copy_decompress_rle.obj (.text:decompress:rle24)
                  2000df82    00000004                           : pre_init.obj (.text)

.const     0    2000df88    000005f0     
                  2000df88    00000101     rtsv7M4_T_le_eabi.lib : ctype.obj (.const:.string:_ctypes_)
                  2000e089    00000003     --HOLE-- [fill = 0]
                  2000e08c    00000100     driverlib.a : pin.obj (.const:g_ulPinToPadMap)
                  2000e18c    000000d4                 : interrupt.obj (.const:g_pulRegs)
                  2000e260    000000a8                 : prcm.obj (.const:PRCM_PeriphRegsList)
                  2000e308    00000080                 : interrupt.obj (.const)
                  2000e388    0000003c     simplelink.a : driver.obj (.const:OpcodeTranslateTable)
                  2000e3c4    0000003c                  : wlan.obj (.const)
                  2000e400    00000038                  : driver.obj (.const:_SlActionLookupTable)
                  2000e438    00000034                  : driver.obj (.const)
                  2000e46c    0000002c     main.obj (.const:$P$T1$2)
                  2000e498    00000028     simplelink.a : netapp.obj (.const)
                  2000e4c0    00000023     smartconfig.obj (.const:.string)
                  2000e4e3    00000022     main.obj (.const:.string:$P$T0$1)
                  2000e505    00000020     main.obj (.const:.string)
                  2000e525    00000003     --HOLE-- [fill = 0]
                  2000e528    00000018     driverlib.a : spi.obj (.const)
                  2000e540    00000014     main.obj (.const)
                  2000e554    00000014     simplelink.a : device.obj (.const)
                  2000e568    00000008                  : device.obj (.const:.string)
                  2000e570    00000008                  : netcfg.obj (.const)

.cinit     0    2000e578    000000c0     
                  2000e578    00000098     (.cinit..data.load) [load image, compression = rle]
                  2000e610    0000000c     (__TI_handler_table)
                  2000e61c    00000004     --HOLE-- [fill = 0]
                  2000e620    00000008     (.cinit..bss.load) [load image, compression = zero_init]
                  2000e628    00000010     (__TI_cinit_table)

.sysmem    0    20017000    00008000     UNINITIALIZED
                  20017000    00000008     rtsv7M4_T_le_eabi.lib : memory.obj (.sysmem)
                  20017008    00007ff8     --HOLE--

.bss       0    2001f000    000003b0     UNINITIALIZED
                  2001f000    00000178     simplelink.a : driver.obj (.bss:g_StatMem)
                  2001f178    000000c8     free_rtos.a : tasks.obj (.bss:pxReadyTasksLists)
                  2001f240    00000050     simplelink.a : cc_pal.obj (.bss:g_ucDinDout)
                  2001f290    00000050     free_rtos.a : queue.obj (.bss:xQueueRegistry)
                  2001f2e0    00000024     main.obj (.bss:g_ucConnectionSSID)
                  2001f304    00000024     main.obj (.bss:g_ucSSID)
                  2001f328    00000014     (.common:xDelayedTaskList1)
                  2001f33c    00000014     (.common:xDelayedTaskList2)
                  2001f350    00000014     (.common:xPendingReadyList)
                  2001f364    00000014     (.common:xSuspendedTaskList)
                  2001f378    00000014     (.common:xTasksWaitingTermination)
                  2001f38c    00000008     (.common:g_ucConnectionBSSID)
                  2001f394    00000004     (.common:DMAMsgQ)
                  2001f398    00000004     (.common:FileAvail)
                  2001f39c    00000004     (.common:__Errorlog)
                  2001f3a0    00000004     (.common:g_cDummy)
                  2001f3a4    00000004     (.common:pxDelayedTaskList)
                  2001f3a8    00000004     (.common:pxOverflowDelayedTaskList)
                  2001f3ac    00000001     (.common:RxIrqCnt)
                  2001f3ad    00000001     (.common:g_ucLED1Pin)
                  2001f3ae    00000001     (.common:g_ucLED2Pin)
                  2001f3af    00000001     (.common:g_ucLED3Pin)

.TI.noinit 
*          0    2001f000    00000000     UNINITIALIZED

.data      0    2001f3b0    00000214     UNINITIALIZED
                  2001f3b0    000000b0     rtsv7M4_T_le_eabi.lib : signal.obj (.data:sigtable)
                  2001f460    00000080                           : xvalues.obj (.data)
                  2001f4e0    00000039     main.obj (.data)
                  2001f519    00000003     --HOLE--
                  2001f51c    00000034     free_rtos.a : tasks.obj (.data)
                  2001f550    00000020     gpio_if.obj (.data)
                  2001f570    0000000c     free_rtos.a : osi_freertos.obj (.data)
                  2001f57c    0000000c     rtsv7M4_T_le_eabi.lib : memory.obj (.data)
                  2001f588    00000009     simplelink.a : cc_pal.obj (.data)
                  2001f591    00000003     --HOLE--
                  2001f594    00000009                  : driver.obj (.data)
                  2001f59d    00000003     --HOLE--
                  2001f5a0    00000008     rtsv7M4_T_le_eabi.lib : _lock.obj (.data)
                  2001f5a8    00000008                           : exit.obj (.data)
                  2001f5b0    00000008                           : feraiseexcept.obj (.data)
                  2001f5b8    00000004     free_rtos.a : port.obj (.data)
                  2001f5bc    00000004     rtsv7M4_T_le_eabi.lib : errno.obj (.data)
                  2001f5c0    00000004                           : stkdepth_vars.obj (.data)

.TI.persistent 
*          0    2001f3b0    00000000     UNINITIALIZED

.stack     0    2002f800    00000800     UNINITIALIZED
                  2002f800    00000800     --HOLE--


LINKER GENERATED COPY TABLES

__TI_cinit_table @ 2000e628 records: 2, size/record: 8, table size: 16
	.data: load addr=2000e578, load size=00000098 bytes, run addr=2001f3b0, run size=00000214 bytes, compression=rle
	.bss: load addr=2000e620, load size=00000008 bytes, run addr=2001f000, run size=000003b0 bytes, compression=zero_init


LINKER GENERATED HANDLER TABLE

__TI_handler_table @ 2000e610 records: 3, size/record: 4, table size: 12
	index: 0, handler: __TI_decompress_rle24
	index: 1, handler: __TI_decompress_none
	index: 2, handler: __TI_zero_init


GLOBAL SYMBOLS: SORTED ALPHABETICALLY BY Name 

address   name                                  
-------   ----                                  
2000d451  C$$EXIT                               
2000dea1  CPUcpsie                              
20009501  ClearTerm                             
20005fa9  ConnectToNetwork                      
2000d515  CopyPingResultsToReport               
2001f394  DMAMsgQ                               
2000d8f9  DmaSpiSwIntHandler                    
2000950b  Error                                 
2001f398  FileAvail                             
2001f4f7  GET_token                             
2000d675  GPIODirModeSet                        
2000deb5  GPIOIntClear                          
2000dc89  GPIOIntEnable                         
2000c5bd  GPIOIntTypeSet                        
2000dd59  GPIOPinRead                           
2000db61  GPIOPinWrite                          
200093ed  GPIO_IF_ConfigureNIntEnable           
20009469  GPIO_IF_Get                           
200093a7  GPIO_IF_GetPortNPin                   
20009169  GPIO_IF_LedConfigure                  
2000925b  GPIO_IF_LedOff                        
200091a7  GPIO_IF_LedOn                         
2000930f  GPIO_IF_LedStatus                     
20009379  GPIO_IF_LedToggle                     
2000942f  GPIO_IF_Set                           
20009543  GetCmd                                
200094c1  InitTerm                              
2000bae5  IntDisable                            
2000bb8d  IntEnable                             
2000df6d  IntMasterEnable                       
2000ce8d  IntPendClear                          
2000cf95  IntPrioritySet                        
2000db81  IntRegister                           
2000da49  IntUnregister                         
2000dec9  IntVTableBaseSet                      
200094df  Message                               
2000df31  NwpMaskInterrupt                      
2000d605  NwpPowerOff                           
2000d925  NwpPowerOn                            
2000c539  NwpPowerOnPreamble                    
2000da21  NwpRegisterInterruptHandler           
2000df3d  NwpUnMaskInterrupt                    
2000e388  OpcodeTranslateTable                  
2001f4ec  POST_token                            
2000a929  PRCMCC3200MCUInit                     
2000de49  PRCMHIBRegRead                        
2000de5f  PRCMHIBRegWrite                       
2000d9a9  PRCMPeripheralClkDisable              
2000d551  PRCMPeripheralClkEnable               
2000bea9  PRCMPeripheralClockGet                
2000cee5  PRCMPeripheralReset                   
2000d6e1  PRCMPeripheralStatusGet               
2000d951  PRCMSysResetCauseGet                  
2000c31d  PinConfigSet                          
2000d495  PinModeSet                            
2000a6a5  PinMuxConfig                          
2000d77d  PinTypeGPIO                           
2000dca3  PinTypeSDHost                         
2000dcbd  PinTypeSPI                            
2000dcd7  PinTypeUART                           
20009691  Report                                
2000df21  ResetISR                              
2001f3ac  RxIrqCnt                              
2000e448  RxMsgClassLUT                         
UNDEFED   SHT$$INIT_ARRAY$$Base                 
UNDEFED   SHT$$INIT_ARRAY$$Limit                
2000dd71  SPICSDisable                          
2000dd89  SPICSEnable                           
2000bc35  SPIConfigSetExpClk                    
2000dda1  SPIDisable                            
2000dcf1  SPIDmaDisable                         
2000dd0b  SPIDmaEnable                          
2000ddb9  SPIEnable                             
2000dd25  SPIFIFODisable                        
2000dd3f  SPIFIFOEnable                         
2000d715  SPIFIFOLevelSet                       
2000d2a9  SPIIntClear                           
2000d0e1  SPIIntEnable                          
2000dad9  SPIReset                              
2000dafb  SPIWordCountSet                       
200059ed  SimpleLinkHttpServerCallback          
2000582d  SimpleLinkNetAppEventHandler          
200058a1  SimpleLinkSockEventHandler            
20005675  SimpleLinkWlanEventHandler            
2000b189  SmartConfigConnect                    
2000b211  SmartConfigStop                       
2000e568  StartResponseLUT                      
200095f9  TrimSpace                             
2000dbfd  UARTCharGetNonBlocking                
2000dbc1  UARTCharPut                           
2000ddd1  UARTCharsAvail                        
2000c9a9  UARTConfigSetExpClk                   
2000d7ad  UARTDisable                           
2000da6d  UARTEnable                            
2000df77  UtilsDelay                            
20008bbd  VDeleteSimpleLinkSpawnTask            
20008b6d  VStartSimpleLinkSpawnTask             
2000d97d  _Dclass                               
2001f460  _Denorm                               
2000b685  _Dnorm                                
2000ac99  _Dscale                               
2000cc9d  _Dunscale                             
2001f470  _Eps                                  
2001f5bc  _Errno                                
2001f5b0  _Fenv                                 
2000d80d  _Feraise                              
2001f480  _Hugeval                              
2001f490  _Inf                                  
2001f4a0  _Nan                                  
2001f4c0  _Rteps                                
2000e400  _SlActionLookupTable                  
2000b979  _SlAsyncEventGenericHandler           
2000e560  _SlDeviceGetCmdCtrl                   
2000e564  _SlDeviceSetCmdCtrl                   
2000d2f1  _SlDrvBasicCmd                        
2000b34d  _SlDrvClassifyRxMsg                   
2000c641  _SlDrvCmdOp                           
2000ca21  _SlDrvCmdSend                         
2000d7dd  _SlDrvDeviceEventHandler              
2000afa5  _SlDrvDriverCBDeinit                  
2000a271  _SlDrvDriverCBInit                    
2000de75  _SlDrvMemZero                         
20008309  _SlDrvMsgRead                         
2000b745  _SlDrvMsgReadCmdCtx                   
2000bcd5  _SlDrvMsgReadSpawnCtx                 
20009d5d  _SlDrvMsgWrite                        
2000ada9  _SlDrvNetAppEventHandler              
2000dc19  _SlDrvObjLockWaitForever              
2000dde9  _SlDrvObjUnLock                       
2000d12d  _SlDrvProtectAsyncRespSetting         
2000da91  _SlDrvProtectionObjLockWaitForever    
2000dba1  _SlDrvProtectionObjUnLock             
20009b8d  _SlDrvReleasePoolObj                  
2000df05  _SlDrvResetCmdExt                     
20009751  _SlDrvRxHdrRead                       
2000d179  _SlDrvRxIrqHandler                    
2000de01  _SlDrvSyncObjSignal                   
2000dc35  _SlDrvSyncObjWaitForever              
2000a0e1  _SlDrvWaitForPoolObj                  
2000e55c  _SlEventMaskGetCmdCtrl                
2000e558  _SlEventMaskSetCmdCtrl                
2000a3e5  _SlFindAndSetActiveObj                
2000e4ac  _SlGetHostByNameCtrl                  
2000e4a8  _SlGetHostByServiceCtrl               
2000e4a0  _SlGetServiceListeCtrl                
2000e4b8  _SlNetAppGetCmdCtrl                   
2000e4b4  _SlNetAppSendTokenValueCmdCtrl        
2000e4b0  _SlNetAppSetCmdCtrl                   
2000e498  _SlNetAppStartCtrl                    
2000e49c  _SlNetAppStopCtrl                     
2000e574  _SlNetCfgGetCmdCtrl                   
2000e570  _SlNetCfgSetCmdCtrl                   
2000e3c8  _SlPolicyGetCmdCtrl                   
2000e3c4  _SlPolicySetCmdCtrl                   
2000e3d0  _SlProfileDelCmdCtrl                  
2000e3cc  _SlProfileGetCmdCtrl                  
2000e4a4  _SlRegisterServiceCtrl                
2000b5c1  _SlRemoveFromList                     
2000e3d8  _SlRxFilterAddtCmdCtrl                
2000e3e0  _SlRxFilterGetCmdCtrl                 
2000e3dc  _SlRxFilterSetCmdCtrl                 
2000e3e4  _SlSmartConfigStartCmdCtrl            
2000e554  _SlStopCmdCtrl                        
2000e3f0  _SlWlanCfgGetCmdCtrl                  
2000e3ec  _SlWlanCfgSetCmdCtrl                  
2000e3d4  _SlWlanGetNetworkListCtrl             
2000e3e8  _SlWlanSetModeCmdCtrl                 
2001f4b0  _Snan                                 
2001f5b4  _Tls_setup__Fenv                      
2001f4d0  _Xbig                                 
2001f4d8  _Zero                                 
20030000  __STACK_END                           
00000800  __STACK_SIZE                          
00008000  __SYSMEM_SIZE                         
2000e628  __TI_CINIT_Base                       
2000e638  __TI_CINIT_Limit                      
2000e610  __TI_Handler_Table_Base               
2000e61c  __TI_Handler_Table_Limit              
2000ca8d  __TI_auto_init                        
2001f5a8  __TI_cleanup_ptr                      
2000df13  __TI_decompress_none                  
2000df7d  __TI_decompress_rle24                 
2001f5ac  __TI_dtors_ptr                        
200074dd  __TI_printfi                          
2000e578  __TI_static_base__                    
2000df49  __TI_zero_init                        
2000c42d  __aeabi_cdcmpeq                       
2000c42d  __aeabi_cdcmple                       
2000c4b3  __aeabi_cdrcmple                      
2000d339  __aeabi_d2iz                          
20009f33  __aeabi_dadd                          
2000a7f1  __aeabi_ddiv                          
2000aea7  __aeabi_dmul                          
20009f29  __aeabi_dsub                          
2000d89d  __aeabi_i2d                           
2000c83d  __aeabi_memclr                        
2000c83d  __aeabi_memclr4                       
2000c83d  __aeabi_memclr8                       
2000bd71  __aeabi_memcpy                        
2000bd71  __aeabi_memcpy4                       
2000bd71  __aeabi_memcpy8                       
2000c83f  __aeabi_memset                        
2000c83f  __aeabi_memset4                       
2000c83f  __aeabi_memset8                       
20009999  __aeabi_uldivmod                      
ffffffff  __binit__                             
ffffffff  __c_args__                            
2002f800  __stack                               
2000de31  _args_main                            
2000d58d  _c_int00                              
2000df88  _ctypes_                              
2001f5a0  _lock                                 
2000deeb  _nop                                  
2000dee3  _register_lock                        
2000dedd  _register_unlock                      
2000de19  _sl_GetStartResponseConvert           
2000cdcd  _sl_HandleAsync_Accept                
2000c8b9  _sl_HandleAsync_Connect               
2000c179  _sl_HandleAsync_DnsGetHostByName      
2000b4f9  _sl_HandleAsync_DnsGetHostByService   
2000c7c1  _sl_HandleAsync_InitComplete          
2000c205  _sl_HandleAsync_PingResponse          
2000cfe9  _sl_HandleAsync_Select                
2000d091  _sl_HandleAsync_Stop                  
2000cb65  _sl_NetAppSendTokenValue              
20017000  _sys_memory                           
2000df83  _system_pre_init                      
2001f5a4  _unlock                               
2000d455  abort                                 
2000d1c5  atoi                                  
ffffffff  binit                                 
200090f9  calloc                                
2000d211  copy_in                               
20004691  eTaskGetState                         
2000d45d  exit                                  
2000d749  feraiseexcept                         
20008e47  free                                  
2000db1d  frexp                                 
2001f59c  gFirstCmdMode                         
2000e440  g_H2NCnysPattern                      
2000e438  g_H2NSyncPattern                      
2001f588  g_SpiFd                               
2001f000  g_StatMem                             
2001f3a0  g_cDummy                              
2001f504  g_iSimplelinkRole                     
2001f594  g_pCB                                 
2001f58c  g_pHostIntHdl                         
20004000  g_pfnVectors                          
2001f518  g_ucConnectTimeout                    
2001f38c  g_ucConnectionBSSID                   
2001f2e0  g_ucConnectionSSID                    
2001f590  g_ucDMAEnabled                        
2001f240  g_ucDinDout                           
2001f3ad  g_ucLED1Pin                           
2001f3ae  g_ucLED2Pin                           
2001f3af  g_ucLED3Pin                           
2001f304  g_ucSSID                              
2001f514  g_uiDeviceModeConfig                  
2001f508  g_uiIpAddress                         
2001f564  g_uiLED1Port                          
2001f568  g_uiLED2Port                          
2001f56c  g_uiLED3Port                          
2001f510  g_uiSimplelinkRole                    
2001f4e8  g_ulGatewayIP                         
2001f4e4  g_ulPingPacketsRecv                   
2001f4e0  g_ulStatus                            
2001f50c  g_usMCNetworkUstate                   
2000d381  ldexp                                 
2000cf3d  ltoa                                  
2000644d  main                                  
2001f5c0  main_func_sp                          
20008ddf  malloc                                
20008cc1  mem_Free                              
20008cb5  mem_Malloc                            
20008ce1  mem_copy                              
20008ccd  mem_set                               
20009015  memalign                              
2000dc51  memccpy                               
2000db3f  memcmp                                
2000bd71  memcpy                                
2000dab5  memmove                               
2000c845  memset                                
20008d51  minit                                 
20008d37  osi_ContextRestore                    
20008d35  osi_ContextSave                       
20008cf5  osi_EnterCritical                     
20008cff  osi_ExitCritical                      
2000891b  osi_InterruptDeRegister               
200088f5  osi_InterruptRegister                 
20008a25  osi_LockObjCreate                     
20008a99  osi_LockObjDelete                     
20008aa9  osi_LockObjLock                       
20008ad5  osi_LockObjUnlock                     
20008be9  osi_MsgQCreate                        
20008c2d  osi_MsgQDelete                        
20008c79  osi_MsgQRead                          
20008c47  osi_MsgQWrite                         
20008d11  osi_Sleep                             
20008aff  osi_Spawn                             
20008a03  osi_SyncObjClear                      
2000892d  osi_SyncObjCreate                     
2000895d  osi_SyncObjDelete                     
20008977  osi_SyncObjSignal                     
2000899f  osi_SyncObjSignalFromISR              
200089d7  osi_SyncObjWait                       
20008a4b  osi_TaskCreate                        
20008a8b  osi_TaskDelete                        
20008d21  osi_TaskDisable                       
20008d2b  osi_TaskEnable                        
20008d09  osi_start                             
2001f598  pPingCallBackFunc                     
20004bb5  pcTaskGetTaskName                     
2000b971  portCLZ                               
2000b959  prvPortStartFirstTask                 
2000d63d  pvPortMalloc                          
2001f51c  pxCurrentTCB                          
2000ab89  pxPortInitialiseStack                 
2000d8cb  raise                                 
20008f09  realloc                               
2000d4d5  signal                                
2000be0d  sl_DevGet                             
2000ba31  sl_NetAppMDNSRegisterUnregisterService
2000d6ab  sl_NetAppMDNSUnRegisterService        
2000d9d1  sl_NetAppStart                        
2000d9f9  sl_NetAppStop                         
2000cbcd  sl_NetCfgSet                          
2000b801  sl_Start                              
2000b425  sl_Stop                               
2000df55  sl_WlanDisconnect                     
2000bf3d  sl_WlanGet                            
2000ce2d  sl_WlanPolicySet                      
2000d83d  sl_WlanProfileDel                     
2000d03d  sl_WlanRxFilterSet                    
2000cc35  sl_WlanSet                            
2000d86d  sl_WlanSetMode                        
2000bfd1  sl_WlanSmartConfigStart               
2000df61  sl_WlanSmartConfigStop                
2000c931  spi_Close                             
2000a555  spi_Open                              
2000b271  spi_Read                              
2000c291  spi_Write                             
2000de8b  strchr                                
2000def1  strlen                                
2000d25d  uDMAChannelAssign                     
2000cd05  uDMAChannelAttributeDisable           
2000cd69  uDMAChannelAttributeEnable            
2000d5c9  uDMAChannelControlSet                 
2000dc6d  uDMAChannelEnable                     
2000b099  uDMAChannelTransferSet                
20007f65  ucQueueGetQueueType                   
2000b8c1  ulPortSetInterruptMask                
2000ab3f  uxListRemove                          
20007f45  uxQueueGetQueueNumber                 
20007ed9  uxQueueMessagesWaiting                
20007f0f  uxQueueMessagesWaitingFromISR         
20007eef  uxQueueSpacesAvailable                
20004ba9  uxTaskGetNumberOfTasks                
20004bd9  uxTaskGetSystemState                  
200050cd  uxTaskGetTaskNumber                   
20004725  uxTaskPriorityGet                     
20005625  uxTaskResetEventItemValue             
20005667  vApplicationIdleHook                  
20005669  vApplicationMallocFailedHook          
2000566b  vApplicationStackOverflowHook         
2000565d  vAssertCalled                         
2000aa5d  vListInitialise                       
2000aa8d  vListInitialiseItem                   
2000aad9  vListInsert                           
2000aa9d  vListInsertEnd                        
2000b8d7  vPortClearInterruptMask               
2000ac05  vPortEndScheduler                     
2000ac19  vPortEnterCritical                    
2000ac31  vPortExitCritical                     
2000d65d  vPortFree                             
2000b931  vPortSVCHandler                       
2000ac65  vPortSetupTimerInterrupt              
2000ac07  vPortYield                            
2000817f  vQueueAddToRegistry                   
20007f21  vQueueDelete                          
20007f53  vQueueSetQueueNumber                  
200081c1  vQueueUnregisterQueue                 
2000463b  vTaskDelay                            
2000459f  vTaskDelayUntil                       
2000450f  vTaskDelete                           
20004a8d  vTaskEndScheduler                     
200050bf  vTaskMissedYield                      
20004e55  vTaskPlaceOnEventList                 
20004eb9  vTaskPlaceOnUnorderedEventList        
2000559b  vTaskPriorityDisinherit               
200054e1  vTaskPriorityInherit                  
2000475d  vTaskPrioritySet                      
20004955  vTaskResume                           
200050ed  vTaskSetTaskNumber                    
2000501f  vTaskSetTimeOutState                  
20004a43  vTaskStartScheduler                   
20004861  vTaskSuspend                          
20004a9f  vTaskSuspendAll                       
20004dd5  vTaskSwitchContext                    
2000c3a5  vsnprintf                             
2001f570  xHigherPriorityTaskWoken              
2000b8e5  xPortPendSVHandler                    
2000abd9  xPortStartScheduler                   
2000ac49  xPortSysTickHandler                   
2000820f  xQueueAddToSet                        
20007b41  xQueueAltGenericReceive               
20007a95  xQueueAltGenericSend                  
20007969  xQueueCreateCountingSemaphore         
200078eb  xQueueCreateMutex                     
200081fb  xQueueCreateSet                       
20007875  xQueueGenericCreate                   
20007cdb  xQueueGenericReceive                  
200077e5  xQueueGenericReset                    
20007989  xQueueGenericSend                     
20007c3f  xQueueGenericSendFromISR              
2000811b  xQueueIsQueueEmptyFromISR             
2000815d  xQueueIsQueueFullFromISR              
20007e95  xQueuePeekFromISR                     
20007e1d  xQueueReceiveFromISR                  
2001f290  xQueueRegistry                        
20008243  xQueueRemoveFromSet                   
20008285  xQueueSelectFromSet                   
2000829f  xQueueSelectFromSetFromISR            
2001f574  xSimpleLinkSpawnQueue                 
2001f578  xSimpleLinkSpawnTaskHndl              
20005045  xTaskCheckForTimeOut                  
20004401  xTaskGenericCreate                    
20005495  xTaskGetCurrentTaskHandle             
20004c97  xTaskGetIdleTaskHandle                
200054a9  xTaskGetSchedulerState                
20004b7d  xTaskGetTickCount                     
20004b91  xTaskGetTickCountFromISR              
20004cb1  xTaskIncrementTick                    
20004f2d  xTaskRemoveFromEventList              
20004fb1  xTaskRemoveFromUnorderedEventList     
20004ab1  xTaskResumeAll                        
200049c9  xTaskResumeFromISR                    


GLOBAL SYMBOLS: SORTED BY Symbol Address 

address   name                                  
-------   ----                                  
00000800  __STACK_SIZE                          
00008000  __SYSMEM_SIZE                         
20004000  g_pfnVectors                          
20004401  xTaskGenericCreate                    
2000450f  vTaskDelete                           
2000459f  vTaskDelayUntil                       
2000463b  vTaskDelay                            
20004691  eTaskGetState                         
20004725  uxTaskPriorityGet                     
2000475d  vTaskPrioritySet                      
20004861  vTaskSuspend                          
20004955  vTaskResume                           
200049c9  xTaskResumeFromISR                    
20004a43  vTaskStartScheduler                   
20004a8d  vTaskEndScheduler                     
20004a9f  vTaskSuspendAll                       
20004ab1  xTaskResumeAll                        
20004b7d  xTaskGetTickCount                     
20004b91  xTaskGetTickCountFromISR              
20004ba9  uxTaskGetNumberOfTasks                
20004bb5  pcTaskGetTaskName                     
20004bd9  uxTaskGetSystemState                  
20004c97  xTaskGetIdleTaskHandle                
20004cb1  xTaskIncrementTick                    
20004dd5  vTaskSwitchContext                    
20004e55  vTaskPlaceOnEventList                 
20004eb9  vTaskPlaceOnUnorderedEventList        
20004f2d  xTaskRemoveFromEventList              
20004fb1  xTaskRemoveFromUnorderedEventList     
2000501f  vTaskSetTimeOutState                  
20005045  xTaskCheckForTimeOut                  
200050bf  vTaskMissedYield                      
200050cd  uxTaskGetTaskNumber                   
200050ed  vTaskSetTaskNumber                    
20005495  xTaskGetCurrentTaskHandle             
200054a9  xTaskGetSchedulerState                
200054e1  vTaskPriorityInherit                  
2000559b  vTaskPriorityDisinherit               
20005625  uxTaskResetEventItemValue             
2000565d  vAssertCalled                         
20005667  vApplicationIdleHook                  
20005669  vApplicationMallocFailedHook          
2000566b  vApplicationStackOverflowHook         
20005675  SimpleLinkWlanEventHandler            
2000582d  SimpleLinkNetAppEventHandler          
200058a1  SimpleLinkSockEventHandler            
200059ed  SimpleLinkHttpServerCallback          
20005fa9  ConnectToNetwork                      
2000644d  main                                  
200074dd  __TI_printfi                          
200077e5  xQueueGenericReset                    
20007875  xQueueGenericCreate                   
200078eb  xQueueCreateMutex                     
20007969  xQueueCreateCountingSemaphore         
20007989  xQueueGenericSend                     
20007a95  xQueueAltGenericSend                  
20007b41  xQueueAltGenericReceive               
20007c3f  xQueueGenericSendFromISR              
20007cdb  xQueueGenericReceive                  
20007e1d  xQueueReceiveFromISR                  
20007e95  xQueuePeekFromISR                     
20007ed9  uxQueueMessagesWaiting                
20007eef  uxQueueSpacesAvailable                
20007f0f  uxQueueMessagesWaitingFromISR         
20007f21  vQueueDelete                          
20007f45  uxQueueGetQueueNumber                 
20007f53  vQueueSetQueueNumber                  
20007f65  ucQueueGetQueueType                   
2000811b  xQueueIsQueueEmptyFromISR             
2000815d  xQueueIsQueueFullFromISR              
2000817f  vQueueAddToRegistry                   
200081c1  vQueueUnregisterQueue                 
200081fb  xQueueCreateSet                       
2000820f  xQueueAddToSet                        
20008243  xQueueRemoveFromSet                   
20008285  xQueueSelectFromSet                   
2000829f  xQueueSelectFromSetFromISR            
20008309  _SlDrvMsgRead                         
200088f5  osi_InterruptRegister                 
2000891b  osi_InterruptDeRegister               
2000892d  osi_SyncObjCreate                     
2000895d  osi_SyncObjDelete                     
20008977  osi_SyncObjSignal                     
2000899f  osi_SyncObjSignalFromISR              
200089d7  osi_SyncObjWait                       
20008a03  osi_SyncObjClear                      
20008a25  osi_LockObjCreate                     
20008a4b  osi_TaskCreate                        
20008a8b  osi_TaskDelete                        
20008a99  osi_LockObjDelete                     
20008aa9  osi_LockObjLock                       
20008ad5  osi_LockObjUnlock                     
20008aff  osi_Spawn                             
20008b6d  VStartSimpleLinkSpawnTask             
20008bbd  VDeleteSimpleLinkSpawnTask            
20008be9  osi_MsgQCreate                        
20008c2d  osi_MsgQDelete                        
20008c47  osi_MsgQWrite                         
20008c79  osi_MsgQRead                          
20008cb5  mem_Malloc                            
20008cc1  mem_Free                              
20008ccd  mem_set                               
20008ce1  mem_copy                              
20008cf5  osi_EnterCritical                     
20008cff  osi_ExitCritical                      
20008d09  osi_start                             
20008d11  osi_Sleep                             
20008d21  osi_TaskDisable                       
20008d2b  osi_TaskEnable                        
20008d35  osi_ContextSave                       
20008d37  osi_ContextRestore                    
20008d51  minit                                 
20008ddf  malloc                                
20008e47  free                                  
20008f09  realloc                               
20009015  memalign                              
200090f9  calloc                                
20009169  GPIO_IF_LedConfigure                  
200091a7  GPIO_IF_LedOn                         
2000925b  GPIO_IF_LedOff                        
2000930f  GPIO_IF_LedStatus                     
20009379  GPIO_IF_LedToggle                     
200093a7  GPIO_IF_GetPortNPin                   
200093ed  GPIO_IF_ConfigureNIntEnable           
2000942f  GPIO_IF_Set                           
20009469  GPIO_IF_Get                           
200094c1  InitTerm                              
200094df  Message                               
20009501  ClearTerm                             
2000950b  Error                                 
20009543  GetCmd                                
200095f9  TrimSpace                             
20009691  Report                                
20009751  _SlDrvRxHdrRead                       
20009999  __aeabi_uldivmod                      
20009b8d  _SlDrvReleasePoolObj                  
20009d5d  _SlDrvMsgWrite                        
20009f29  __aeabi_dsub                          
20009f33  __aeabi_dadd                          
2000a0e1  _SlDrvWaitForPoolObj                  
2000a271  _SlDrvDriverCBInit                    
2000a3e5  _SlFindAndSetActiveObj                
2000a555  spi_Open                              
2000a6a5  PinMuxConfig                          
2000a7f1  __aeabi_ddiv                          
2000a929  PRCMCC3200MCUInit                     
2000aa5d  vListInitialise                       
2000aa8d  vListInitialiseItem                   
2000aa9d  vListInsertEnd                        
2000aad9  vListInsert                           
2000ab3f  uxListRemove                          
2000ab89  pxPortInitialiseStack                 
2000abd9  xPortStartScheduler                   
2000ac05  vPortEndScheduler                     
2000ac07  vPortYield                            
2000ac19  vPortEnterCritical                    
2000ac31  vPortExitCritical                     
2000ac49  xPortSysTickHandler                   
2000ac65  vPortSetupTimerInterrupt              
2000ac99  _Dscale                               
2000ada9  _SlDrvNetAppEventHandler              
2000aea7  __aeabi_dmul                          
2000afa5  _SlDrvDriverCBDeinit                  
2000b099  uDMAChannelTransferSet                
2000b189  SmartConfigConnect                    
2000b211  SmartConfigStop                       
2000b271  spi_Read                              
2000b34d  _SlDrvClassifyRxMsg                   
2000b425  sl_Stop                               
2000b4f9  _sl_HandleAsync_DnsGetHostByService   
2000b5c1  _SlRemoveFromList                     
2000b685  _Dnorm                                
2000b745  _SlDrvMsgReadCmdCtx                   
2000b801  sl_Start                              
2000b8c1  ulPortSetInterruptMask                
2000b8d7  vPortClearInterruptMask               
2000b8e5  xPortPendSVHandler                    
2000b931  vPortSVCHandler                       
2000b959  prvPortStartFirstTask                 
2000b971  portCLZ                               
2000b979  _SlAsyncEventGenericHandler           
2000ba31  sl_NetAppMDNSRegisterUnregisterService
2000bae5  IntDisable                            
2000bb8d  IntEnable                             
2000bc35  SPIConfigSetExpClk                    
2000bcd5  _SlDrvMsgReadSpawnCtx                 
2000bd71  __aeabi_memcpy                        
2000bd71  __aeabi_memcpy4                       
2000bd71  __aeabi_memcpy8                       
2000bd71  memcpy                                
2000be0d  sl_DevGet                             
2000bea9  PRCMPeripheralClockGet                
2000bf3d  sl_WlanGet                            
2000bfd1  sl_WlanSmartConfigStart               
2000c179  _sl_HandleAsync_DnsGetHostByName      
2000c205  _sl_HandleAsync_PingResponse          
2000c291  spi_Write                             
2000c31d  PinConfigSet                          
2000c3a5  vsnprintf                             
2000c42d  __aeabi_cdcmpeq                       
2000c42d  __aeabi_cdcmple                       
2000c4b3  __aeabi_cdrcmple                      
2000c539  NwpPowerOnPreamble                    
2000c5bd  GPIOIntTypeSet                        
2000c641  _SlDrvCmdOp                           
2000c7c1  _sl_HandleAsync_InitComplete          
2000c83d  __aeabi_memclr                        
2000c83d  __aeabi_memclr4                       
2000c83d  __aeabi_memclr8                       
2000c83f  __aeabi_memset                        
2000c83f  __aeabi_memset4                       
2000c83f  __aeabi_memset8                       
2000c845  memset                                
2000c8b9  _sl_HandleAsync_Connect               
2000c931  spi_Close                             
2000c9a9  UARTConfigSetExpClk                   
2000ca21  _SlDrvCmdSend                         
2000ca8d  __TI_auto_init                        
2000cb65  _sl_NetAppSendTokenValue              
2000cbcd  sl_NetCfgSet                          
2000cc35  sl_WlanSet                            
2000cc9d  _Dunscale                             
2000cd05  uDMAChannelAttributeDisable           
2000cd69  uDMAChannelAttributeEnable            
2000cdcd  _sl_HandleAsync_Accept                
2000ce2d  sl_WlanPolicySet                      
2000ce8d  IntPendClear                          
2000cee5  PRCMPeripheralReset                   
2000cf3d  ltoa                                  
2000cf95  IntPrioritySet                        
2000cfe9  _sl_HandleAsync_Select                
2000d03d  sl_WlanRxFilterSet                    
2000d091  _sl_HandleAsync_Stop                  
2000d0e1  SPIIntEnable                          
2000d12d  _SlDrvProtectAsyncRespSetting         
2000d179  _SlDrvRxIrqHandler                    
2000d1c5  atoi                                  
2000d211  copy_in                               
2000d25d  uDMAChannelAssign                     
2000d2a9  SPIIntClear                           
2000d2f1  _SlDrvBasicCmd                        
2000d339  __aeabi_d2iz                          
2000d381  ldexp                                 
2000d451  C$$EXIT                               
2000d455  abort                                 
2000d45d  exit                                  
2000d495  PinModeSet                            
2000d4d5  signal                                
2000d515  CopyPingResultsToReport               
2000d551  PRCMPeripheralClkEnable               
2000d58d  _c_int00                              
2000d5c9  uDMAChannelControlSet                 
2000d605  NwpPowerOff                           
2000d63d  pvPortMalloc                          
2000d65d  vPortFree                             
2000d675  GPIODirModeSet                        
2000d6ab  sl_NetAppMDNSUnRegisterService        
2000d6e1  PRCMPeripheralStatusGet               
2000d715  SPIFIFOLevelSet                       
2000d749  feraiseexcept                         
2000d77d  PinTypeGPIO                           
2000d7ad  UARTDisable                           
2000d7dd  _SlDrvDeviceEventHandler              
2000d80d  _Feraise                              
2000d83d  sl_WlanProfileDel                     
2000d86d  sl_WlanSetMode                        
2000d89d  __aeabi_i2d                           
2000d8cb  raise                                 
2000d8f9  DmaSpiSwIntHandler                    
2000d925  NwpPowerOn                            
2000d951  PRCMSysResetCauseGet                  
2000d97d  _Dclass                               
2000d9a9  PRCMPeripheralClkDisable              
2000d9d1  sl_NetAppStart                        
2000d9f9  sl_NetAppStop                         
2000da21  NwpRegisterInterruptHandler           
2000da49  IntUnregister                         
2000da6d  UARTEnable                            
2000da91  _SlDrvProtectionObjLockWaitForever    
2000dab5  memmove                               
2000dad9  SPIReset                              
2000dafb  SPIWordCountSet                       
2000db1d  frexp                                 
2000db3f  memcmp                                
2000db61  GPIOPinWrite                          
2000db81  IntRegister                           
2000dba1  _SlDrvProtectionObjUnLock             
2000dbc1  UARTCharPut                           
2000dbfd  UARTCharGetNonBlocking                
2000dc19  _SlDrvObjLockWaitForever              
2000dc35  _SlDrvSyncObjWaitForever              
2000dc51  memccpy                               
2000dc6d  uDMAChannelEnable                     
2000dc89  GPIOIntEnable                         
2000dca3  PinTypeSDHost                         
2000dcbd  PinTypeSPI                            
2000dcd7  PinTypeUART                           
2000dcf1  SPIDmaDisable                         
2000dd0b  SPIDmaEnable                          
2000dd25  SPIFIFODisable                        
2000dd3f  SPIFIFOEnable                         
2000dd59  GPIOPinRead                           
2000dd71  SPICSDisable                          
2000dd89  SPICSEnable                           
2000dda1  SPIDisable                            
2000ddb9  SPIEnable                             
2000ddd1  UARTCharsAvail                        
2000dde9  _SlDrvObjUnLock                       
2000de01  _SlDrvSyncObjSignal                   
2000de19  _sl_GetStartResponseConvert           
2000de31  _args_main                            
2000de49  PRCMHIBRegRead                        
2000de5f  PRCMHIBRegWrite                       
2000de75  _SlDrvMemZero                         
2000de8b  strchr                                
2000dea1  CPUcpsie                              
2000deb5  GPIOIntClear                          
2000dec9  IntVTableBaseSet                      
2000dedd  _register_unlock                      
2000dee3  _register_lock                        
2000deeb  _nop                                  
2000def1  strlen                                
2000df05  _SlDrvResetCmdExt                     
2000df13  __TI_decompress_none                  
2000df21  ResetISR                              
2000df31  NwpMaskInterrupt                      
2000df3d  NwpUnMaskInterrupt                    
2000df49  __TI_zero_init                        
2000df55  sl_WlanDisconnect                     
2000df61  sl_WlanSmartConfigStop                
2000df6d  IntMasterEnable                       
2000df77  UtilsDelay                            
2000df7d  __TI_decompress_rle24                 
2000df83  _system_pre_init                      
2000df88  _ctypes_                              
2000e388  OpcodeTranslateTable                  
2000e3c4  _SlPolicySetCmdCtrl                   
2000e3c8  _SlPolicyGetCmdCtrl                   
2000e3cc  _SlProfileGetCmdCtrl                  
2000e3d0  _SlProfileDelCmdCtrl                  
2000e3d4  _SlWlanGetNetworkListCtrl             
2000e3d8  _SlRxFilterAddtCmdCtrl                
2000e3dc  _SlRxFilterSetCmdCtrl                 
2000e3e0  _SlRxFilterGetCmdCtrl                 
2000e3e4  _SlSmartConfigStartCmdCtrl            
2000e3e8  _SlWlanSetModeCmdCtrl                 
2000e3ec  _SlWlanCfgSetCmdCtrl                  
2000e3f0  _SlWlanCfgGetCmdCtrl                  
2000e400  _SlActionLookupTable                  
2000e438  g_H2NSyncPattern                      
2000e440  g_H2NCnysPattern                      
2000e448  RxMsgClassLUT                         
2000e498  _SlNetAppStartCtrl                    
2000e49c  _SlNetAppStopCtrl                     
2000e4a0  _SlGetServiceListeCtrl                
2000e4a4  _SlRegisterServiceCtrl                
2000e4a8  _SlGetHostByServiceCtrl               
2000e4ac  _SlGetHostByNameCtrl                  
2000e4b0  _SlNetAppSetCmdCtrl                   
2000e4b4  _SlNetAppSendTokenValueCmdCtrl        
2000e4b8  _SlNetAppGetCmdCtrl                   
2000e554  _SlStopCmdCtrl                        
2000e558  _SlEventMaskSetCmdCtrl                
2000e55c  _SlEventMaskGetCmdCtrl                
2000e560  _SlDeviceGetCmdCtrl                   
2000e564  _SlDeviceSetCmdCtrl                   
2000e568  StartResponseLUT                      
2000e570  _SlNetCfgSetCmdCtrl                   
2000e574  _SlNetCfgGetCmdCtrl                   
2000e578  __TI_static_base__                    
2000e610  __TI_Handler_Table_Base               
2000e61c  __TI_Handler_Table_Limit              
2000e628  __TI_CINIT_Base                       
2000e638  __TI_CINIT_Limit                      
20017000  _sys_memory                           
2001f000  g_StatMem                             
2001f240  g_ucDinDout                           
2001f290  xQueueRegistry                        
2001f2e0  g_ucConnectionSSID                    
2001f304  g_ucSSID                              
2001f38c  g_ucConnectionBSSID                   
2001f394  DMAMsgQ                               
2001f398  FileAvail                             
2001f3a0  g_cDummy                              
2001f3ac  RxIrqCnt                              
2001f3ad  g_ucLED1Pin                           
2001f3ae  g_ucLED2Pin                           
2001f3af  g_ucLED3Pin                           
2001f460  _Denorm                               
2001f470  _Eps                                  
2001f480  _Hugeval                              
2001f490  _Inf                                  
2001f4a0  _Nan                                  
2001f4b0  _Snan                                 
2001f4c0  _Rteps                                
2001f4d0  _Xbig                                 
2001f4d8  _Zero                                 
2001f4e0  g_ulStatus                            
2001f4e4  g_ulPingPacketsRecv                   
2001f4e8  g_ulGatewayIP                         
2001f4ec  POST_token                            
2001f4f7  GET_token                             
2001f504  g_iSimplelinkRole                     
2001f508  g_uiIpAddress                         
2001f50c  g_usMCNetworkUstate                   
2001f510  g_uiSimplelinkRole                    
2001f514  g_uiDeviceModeConfig                  
2001f518  g_ucConnectTimeout                    
2001f51c  pxCurrentTCB                          
2001f564  g_uiLED1Port                          
2001f568  g_uiLED2Port                          
2001f56c  g_uiLED3Port                          
2001f570  xHigherPriorityTaskWoken              
2001f574  xSimpleLinkSpawnQueue                 
2001f578  xSimpleLinkSpawnTaskHndl              
2001f588  g_SpiFd                               
2001f58c  g_pHostIntHdl                         
2001f590  g_ucDMAEnabled                        
2001f594  g_pCB                                 
2001f598  pPingCallBackFunc                     
2001f59c  gFirstCmdMode                         
2001f5a0  _lock                                 
2001f5a4  _unlock                               
2001f5a8  __TI_cleanup_ptr                      
2001f5ac  __TI_dtors_ptr                        
2001f5b0  _Fenv                                 
2001f5b4  _Tls_setup__Fenv                      
2001f5bc  _Errno                                
2001f5c0  main_func_sp                          
2002f800  __stack                               
20030000  __STACK_END                           
ffffffff  __binit__                             
ffffffff  __c_args__                            
ffffffff  binit                                 
UNDEFED   SHT$$INIT_ARRAY$$Base                 
UNDEFED   SHT$$INIT_ARRAY$$Limit                

[436 symbols]
