******************************************************************************
                  TI ARM Linker PC v5.2.7                      
******************************************************************************
>> Linked Sun Apr 03 18:47:29 2016

OUTPUT FILE NAME:   <LaserCeenC.out>
ENTRY POINT SYMBOL: "_c_int00"  address: 200119e9


MEMORY CONFIGURATION

         name            origin    length      used     unused   attr    fill
----------------------  --------  ---------  --------  --------  ----  --------
  SRAM_CODE             20004000   00013000  0000ed4e  000042b2  RW X
  SRAM_DATA             20017000   00019000  0000927d  0000fd83  RW X


SEGMENT ALLOCATION MAP

run origin  load origin   length   init length attrs members
----------  ----------- ---------- ----------- ----- -------
20004000    20004000    0000ed50   0000ed50    r-x
  20004000    20004000    00000400   00000400    r-- .intvecs
  20004400    20004400    0000e14e   0000e14e    r-x .text
  20012550    20012550    000006d0   000006d0    r-- .const
  20012c20    20012c20    00000130   00000130    r-- .cinit
20017000    20017000    00008a80   00000000    rw-
  20017000    20017000    00008000   00000000    rw- .sysmem
  2001f000    2001f000    00000675   00000000    rw- .bss
  2001f678    2001f678    00000408   00000000    rw- .data
2002f800    2002f800    00000800   00000000    rw-
  2002f800    2002f800    00000800   00000000    rw- .stack


SECTION ALLOCATION MAP

 output                                  attributes/
section   page    origin      length       input sections
--------  ----  ----------  ----------   ----------------
.intvecs   0    20004000    00000400     
                  20004000    00000400     startup_ccs.obj (.intvecs)

.init_array 
*          0    20004000    00000000     UNINITIALIZED

.text      0    20004400    0000e14e     
                  20004400    00001444     main.obj (.text)
                  20005844    0000125c     free_rtos.a : tasks.obj (.text)
                  20006aa0    000010a6     rtsv7M4_T_le_eabi.lib : _printfi.obj (.text)
                  20007b46    00000002     driverlib.a : interrupt.obj (.text:IntDefaultHandler)
                  20007b48    00000b24     free_rtos.a : queue.obj (.text)
                  2000866c    00000a70     L6472.obj (.text)
                  200090dc    00000906     rtsv7M4_T_le_eabi.lib : _scanfi.obj (.text)
                  200099e2    00000002     --HOLE-- [fill = 0]
                  200099e4    00000790     gcode.obj (.text)
                  2000a174    000005ec     simplelink.a : driver.obj (.text:_SlDrvMsgRead)
                  2000a760    0000045c     free_rtos.a : osi_freertos.obj (.text)
                  2000abbc    000003dc     rtsv7M4_T_le_eabi.lib : memory.obj (.text)
                  2000af98    00000394     gpio_if.obj (.text)
                  2000b32c    0000030c     rtsv7M4_T_le_eabi.lib : lowlev.obj (.text)
                  2000b638    000002d4                           : trgdrv.obj (.text)
                  2000b90c    00000298                           : vla_alloc.obj (.text)
                  2000bba4    00000290     uart_if.obj (.text)
                  2000be34    00000248     simplelink.a : driver.obj (.text:_SlDrvRxHdrRead)
                  2000c07c    00000238     rtsv7M4_T_le_eabi.lib : strtod.obj (.text)
                  2000c2b4    0000021e     fileparse.obj (.text)
                  2000c4d2    000001f4     rtsv7M4_T_le_eabi.lib : ull_div_t2.obj (.text)
                  2000c6c6    00000002     --HOLE-- [fill = 0]
                  2000c6c8    000001e4                           : strtoll.obj (.text)
                  2000c8ac    000001d0     simplelink.a : driver.obj (.text:_SlDrvReleasePoolObj)
                  2000ca7c    000001cc                  : driver.obj (.text:_SlDrvMsgWrite)
                  2000cc48    000001c4     rtsv7M4_T_le_eabi.lib : fopen.obj (.text)
                  2000ce0c    000001b6                           : fd_add_t2.obj (.text)
                  2000cfc2    00000002     --HOLE-- [fill = 0]
                  2000cfc4    00000190     simplelink.a : driver.obj (.text:_SlDrvWaitForPoolObj)
                  2000d154    00000174                  : driver.obj (.text:_SlDrvDriverCBInit)
                  2000d2c8    00000170                  : driver.obj (.text:_SlFindAndSetActiveObj)
                  2000d438    0000016c     rtsv7M4_T_le_eabi.lib : strtoull.obj (.text)
                  2000d5a4    00000150     simplelink.a : cc_pal.obj (.text:spi_Open)
                  2000d6f4    00000140     rtsv7M4_T_le_eabi.lib : sqrt.obj (.text)
                  2000d834    00000136                           : fd_div_t2.obj (.text)
                  2000d96a    00000002     --HOLE-- [fill = 0]
                  2000d96c    00000134     driverlib.a : prcm.obj (.text:PRCMCC3200MCUInit)
                  2000daa0    00000134     rtsv7M4_T_le_eabi.lib : fputs.obj (.text)
                  2000dbd4    00000134                           : strtol.obj (.text)
                  2000dd08    0000012a     free_rtos.a : list.obj (.text)
                  2000de32    00000002     --HOLE-- [fill = 0]
                  2000de34    00000114     rtsv7M4_T_le_eabi.lib : strtoul.obj (.text)
                  2000df48    00000110     free_rtos.a : port.obj (.text)
                  2000e058    00000110     rtsv7M4_T_le_eabi.lib : xdscale.obj (.text)
                  2000e168    000000fe     simplelink.a : netapp.obj (.text:_SlDrvNetAppEventHandler)
                  2000e266    000000fc     rtsv7M4_T_le_eabi.lib : fd_mul_t2.obj (.text)
                  2000e362    000000fa                           : fs_add_t2.obj (.text)
                  2000e45c    000000f4     simplelink.a : driver.obj (.text:_SlDrvDriverCBDeinit)
                  2000e550    000000f4                  : fs.obj (.text:sl_FsRead)
                  2000e644    000000f0     driverlib.a : udma.obj (.text:uDMAChannelTransferSet)
                  2000e734    000000ec     simplelink.a : fs.obj (.text:sl_FsWrite)
                  2000e820    000000e8     smartconfig.obj (.text)
                  2000e908    000000dc     rtsv7M4_T_le_eabi.lib : setvbuf.obj (.text)
                  2000e9e4    000000dc     simplelink.a : cc_pal.obj (.text:spi_Read)
                  2000eac0    000000d8                  : driver.obj (.text:_SlDrvClassifyRxMsg)
                  2000eb98    000000d4                  : device.obj (.text:sl_Stop)
                  2000ec6c    000000d0     driverlib.a : spi.obj (.text:SPITransfer32)
                  2000ed3c    000000ce                 : spi.obj (.text:SPITransfer16)
                  2000ee0a    00000002     --HOLE-- [fill = 0]
                  2000ee0c    000000cc     rtsv7M4_T_le_eabi.lib : sscanf.obj (.text)
                  2000eed8    000000c8     simplelink.a : netapp.obj (.text:_sl_HandleAsync_DnsGetHostByService)
                  2000efa0    000000c8     rtsv7M4_T_le_eabi.lib : fflush.obj (.text)
                  2000f068    000000c4     simplelink.a : driver.obj (.text:_SlRemoveFromList)
                  2000f12c    000000be     rtsv7M4_T_le_eabi.lib : xdnorm.obj (.text)
                  2000f1ea    00000002     --HOLE-- [fill = 0]
                  2000f1ec    000000bc     simplelink.a : driver.obj (.text:_SlDrvMsgReadCmdCtx)
                  2000f2a8    000000bc                  : device.obj (.text:sl_Start)
                  2000f364    000000ba     free_rtos.a : portasm.obj (.text)
                  2000f41e    000000b8     driverlib.a : spi.obj (.text:SPITransfer8)
                  2000f4d6    00000002     --HOLE-- [fill = 0]
                  2000f4d8    000000b8     simplelink.a : driver.obj (.text:_SlAsyncEventGenericHandler)
                  2000f590    000000b4                  : netapp.obj (.text:sl_NetAppMDNSRegisterUnregisterService)
                  2000f644    000000ac     rtsv7M4_T_le_eabi.lib : _io_perm.obj (.text)
                  2000f6f0    000000a8     driverlib.a : interrupt.obj (.text:IntDisable)
                  2000f798    000000a8                 : interrupt.obj (.text:IntEnable)
                  2000f840    000000a0                 : spi.obj (.text:SPIConfigSetExpClk)
                  2000f8e0    0000009c     simplelink.a : driver.obj (.text:_SlDrvMsgReadSpawnCtx)
                  2000f97c    0000009c     rtsv7M4_T_le_eabi.lib : memcpy_t2.obj (.text)
                  2000fa18    0000009c     simplelink.a : device.obj (.text:sl_DevGet)
                  2000fab4    00000098                  : fs.obj (.text:_sl_GetCreateFsMode)
                  2000fb4c    00000098     rtsv7M4_T_le_eabi.lib : fclose.obj (.text)
                  2000fbe4    00000098                           : fputc.obj (.text)
                  2000fc7c    00000094     driverlib.a : prcm.obj (.text:PRCMPeripheralClockGet)
                  2000fd10    00000094     simplelink.a : wlan.obj (.text:sl_WlanGet)
                  2000fda4    00000092     rtsv7M4_T_le_eabi.lib : fs_div_t2.obj (.text)
                  2000fe36    00000002     --HOLE-- [fill = 0]
                  2000fe38    00000090     simplelink.a : wlan.obj (.text:sl_WlanSmartConfigStart)
                  2000fec8    0000008c                  : cc_pal.obj (.text:SetupDMAReceive)
                  2000ff54    0000008c                  : cc_pal.obj (.text:SetupDMASend)
                  2000ffe0    0000008c                  : netapp.obj (.text:_sl_HandleAsync_DnsGetHostByName)
                  2001006c    0000008c                  : netapp.obj (.text:_sl_HandleAsync_PingResponse)
                  200100f8    0000008c     pinmux.obj (.text)
                  20010184    0000008c     simplelink.a : cc_pal.obj (.text:spi_Write)
                  20010210    00000088     driverlib.a : pin.obj (.text:PinConfigSet)
                  20010298    00000088                 : spi.obj (.text:SPITransfer)
                  20010320    00000088     rtsv7M4_T_le_eabi.lib : vsnprintf.obj (.text)
                  200103a8    00000088     simplelink.a : fs.obj (.text:sl_FsClose)
                  20010430    00000086     rtsv7M4_T_le_eabi.lib : fd_cmp_t2.obj (.text:__aeabi_cdcmple)
                  200104b6    00000086                           : fd_cmp_t2.obj (.text:__aeabi_cdrcmple)
                  2001053c    00000084     simplelink.a : cc_pal.obj (.text:NwpPowerOnPreamble)
                  200105c0    00000082     driverlib.a : gpio.obj (.text:GPIOIntTypeSet)
                  20010642    00000002     --HOLE-- [fill = 0]
                  20010644    00000080     simplelink.a : driver.obj (.text:_SlDrvCmdOp)
                  200106c4    00000080                  : cc_pal.obj (.text:spi_Read_CPU)
                  20010744    00000080                  : cc_pal.obj (.text:spi_Write_CPU)
                  200107c4    0000007c                  : device.obj (.text:_sl_HandleAsync_InitComplete)
                  20010840    0000007c                  : fs.obj (.text:sl_FsGetInfo)
                  200108bc    0000007a     rtsv7M4_T_le_eabi.lib : fs_mul_t2.obj (.text)
                  20010936    0000007a                           : memset_t2.obj (.text)
                  200109b0    00000078     simplelink.a : socket.obj (.text:_sl_HandleAsync_Connect)
                  20010a28    00000078                  : fs.obj (.text:sl_FsOpen)
                  20010aa0    00000078                  : cc_pal.obj (.text:spi_Close)
                  20010b18    00000076     driverlib.a : uart.obj (.text:UARTConfigSetExpClk)
                  20010b8e    0000006e     rtsv7M4_T_le_eabi.lib : fd_tos_t2.obj (.text)
                  20010bfc    0000006c     simplelink.a : driver.obj (.text:_SlDrvCmdSend)
                  20010c68    0000006c     rtsv7M4_T_le_eabi.lib : autoinit.obj (.text)
                  20010cd4    0000006c                           : fprintf.obj (.text)
                  20010d40    0000006a                           : copy_decompress_rle.obj (.text)
                  20010daa    00000002     --HOLE-- [fill = 0]
                  20010dac    00000068     simplelink.a : netapp.obj (.text:_sl_NetAppSendTokenValue)
                  20010e14    00000068     rtsv7M4_T_le_eabi.lib : trgmsg.obj (.text)
                  20010e7c    00000068     simplelink.a : netcfg.obj (.text:sl_NetCfgSet)
                  20010ee4    00000068                  : wlan.obj (.text:sl_WlanSet)
                  20010f4c    00000066     rtsv7M4_T_le_eabi.lib : xdunscal.obj (.text)
                  20010fb2    00000002     --HOLE-- [fill = 0]
                  20010fb4    00000064                           : fseek.obj (.text)
                  20011018    00000064     driverlib.a : udma.obj (.text:uDMAChannelAttributeDisable)
                  2001107c    00000064                 : udma.obj (.text:uDMAChannelAttributeEnable)
                  200110e0    00000060     rtsv7M4_T_le_eabi.lib : fs_cmp_t2.obj (.text:__aeabi_cfcmple)
                  20011140    00000060                           : fs_cmp_t2.obj (.text:__aeabi_cfrcmple)
                  200111a0    00000060     simplelink.a : socket.obj (.text:_sl_HandleAsync_Accept)
                  20011200    00000060                  : wlan.obj (.text:sl_WlanPolicySet)
                  20011260    00000058     driverlib.a : interrupt.obj (.text:IntPendClear)
                  200112b8    00000058                 : prcm.obj (.text:PRCMPeripheralReset)
                  20011310    00000056     rtsv7M4_T_le_eabi.lib : ltoa.obj (.text)
                  20011366    00000002     --HOLE-- [fill = 0]
                  20011368    00000054     driverlib.a : interrupt.obj (.text:IntPrioritySet)
                  200113bc    00000054     simplelink.a : socket.obj (.text:_sl_HandleAsync_Select)
                  20011410    00000054                  : wlan.obj (.text:sl_WlanRxFilterSet)
                  20011464    00000050                  : device.obj (.text:_sl_HandleAsync_Stop)
                  200114b4    0000004c     driverlib.a : spi.obj (.text:SPIIntEnable)
                  20011500    0000004c     simplelink.a : driver.obj (.text:_SlDrvProtectAsyncRespSetting)
                  2001154c    0000004c                  : driver.obj (.text:_SlDrvRxIrqHandler)
                  20011598    0000004c     rtsv7M4_T_le_eabi.lib : atoi.obj (.text)
                  200115e4    0000004c                           : cpy_tbl.obj (.text)
                  20011630    0000004c     driverlib.a : udma.obj (.text:uDMAChannelAssign)
                  2001167c    00000048                 : spi.obj (.text:SPIIntClear)
                  200116c4    00000048     simplelink.a : driver.obj (.text:_SlDrvBasicCmd)
                  2001170c    00000048     rtsv7M4_T_le_eabi.lib : fd_toi_t2.obj (.text)
                  20011754    00000046     LaserBoard.obj (.text)
                  2001179a    00000046     rtsv7M4_T_le_eabi.lib : ldexp.obj (.text)
                  200117e0    00000044     driverlib.a : spi.obj (.text:SPIDmaMaskGet)
                  20011824    00000044     simplelink.a : cc_pal.obj (.text:cc_SetupTransfer)
                  20011868    00000044     rtsv7M4_T_le_eabi.lib : exit.obj (.text)
                  200118ac    00000044                           : fd_tou_t2.obj (.text)
                  200118f0    00000040     driverlib.a : pin.obj (.text:PinModeSet)
                  20011930    00000040     rtsv7M4_T_le_eabi.lib : signal.obj (.text)
                  20011970    0000003c     simplelink.a : netapp.obj (.text:CopyPingResultsToReport)
                  200119ac    0000003c     driverlib.a : prcm.obj (.text:PRCMPeripheralClkEnable)
                  200119e8    0000003c     rtsv7M4_T_le_eabi.lib : boot.obj (.text)
                  20011a24    0000003c     driverlib.a : udma.obj (.text:uDMAChannelControlSet)
                  20011a60    00000038     simplelink.a : cc_pal.obj (.text:NwpPowerOff)
                  20011a98    00000038     free_rtos.a : heap_3.obj (.text)
                  20011ad0    00000038     rtsv7M4_T_le_eabi.lib : fs_tod_t2.obj (.text)
                  20011b08    00000038                           : fs_toi_t2.obj (.text)
                  20011b40    00000036     driverlib.a : gpio.obj (.text:GPIODirModeSet)
                  20011b76    00000036     simplelink.a : netapp.obj (.text:sl_NetAppMDNSUnRegisterService)
                  20011bac    00000034     driverlib.a : prcm.obj (.text:PRCMPeripheralStatusGet)
                  20011be0    00000034                 : spi.obj (.text:SPIFIFOLevelSet)
                  20011c14    00000034     rtsv7M4_T_le_eabi.lib : feraiseexcept.obj (.text)
                  20011c48    00000034                           : fs_tou_t2.obj (.text)
                  20011c7c    00000030     driverlib.a : pin.obj (.text:PinTypeGPIO)
                  20011cac    00000030                 : uart.obj (.text:UARTDisable)
                  20011cdc    00000030     simplelink.a : device.obj (.text:_SlDrvDeviceEventHandler)
                  20011d0c    00000030                  : fs.obj (.text:_sl_Strlen)
                  20011d3c    00000030     rtsv7M4_T_le_eabi.lib : strncpy.obj (.text)
                  20011d6c    00000030                           : xferaise.obj (.text)
                  20011d9c    00000030     simplelink.a : wlan.obj (.text:sl_WlanProfileDel)
                  20011dcc    00000030                  : wlan.obj (.text:sl_WlanSetMode)
                  20011dfc    0000002e     rtsv7M4_T_le_eabi.lib : i_tofd_t2.obj (.text)
                  20011e2a    0000002e                           : raise.obj (.text)
                  20011e58    0000002c     simplelink.a : cc_pal.obj (.text:DmaSpiSwIntHandler)
                  20011e84    0000002c                  : cc_pal.obj (.text:NwpPowerOn)
                  20011eb0    0000002c     driverlib.a : prcm.obj (.text:PRCMSysResetCauseGet)
                  20011edc    0000002a     rtsv7M4_T_le_eabi.lib : xdclass.obj (.text)
                  20011f06    00000002     --HOLE-- [fill = 0]
                  20011f08    00000028     driverlib.a : prcm.obj (.text:PRCMPeripheralClkDisable)
                  20011f30    00000028     simplelink.a : netapp.obj (.text:sl_NetAppStart)
                  20011f58    00000028                  : netapp.obj (.text:sl_NetAppStop)
                  20011f80    00000026                  : cc_pal.obj (.text:NwpRegisterInterruptHandler)
                  20011fa6    00000002     --HOLE-- [fill = 0]
                  20011fa8    00000024     driverlib.a : interrupt.obj (.text:IntUnregister)
                  20011fcc    00000024                 : uart.obj (.text:UARTEnable)
                  20011ff0    00000024     simplelink.a : driver.obj (.text:_SlDrvProtectionObjLockWaitForever)
                  20012014    00000024     rtsv7M4_T_le_eabi.lib : memmov.obj (.text)
                  20012038    00000022     driverlib.a : spi.obj (.text:SPIReset)
                  2001205a    00000022                 : spi.obj (.text:SPIWordCountSet)
                  2001207c    00000022     rtsv7M4_T_le_eabi.lib : frexp.obj (.text)
                  2001209e    00000022                           : memcmp.obj (.text)
                  200120c0    00000020     driverlib.a : gpio.obj (.text:GPIOPinWrite)
                  200120e0    00000020                 : interrupt.obj (.text:IntRegister)
                  20012100    00000020     simplelink.a : driver.obj (.text:_SlDrvProtectionObjUnLock)
                  20012120    00000020     rtsv7M4_T_le_eabi.lib : memchr.obj (.text)
                  20012140    0000001e     driverlib.a : uart.obj (.text:UARTCharPut)
                  2001215e    0000001e     simplelink.a : cc_pal.obj (.text:cc_UDMAChannelSelect)
                  2001217c    0000001c     driverlib.a : uart.obj (.text:UARTCharGetNonBlocking)
                  20012198    0000001c     simplelink.a : driver.obj (.text:_SlDrvObjLockWaitForever)
                  200121b4    0000001c                  : driver.obj (.text:_SlDrvSyncObjWaitForever)
                  200121d0    0000001c     rtsv7M4_T_le_eabi.lib : memccpy.obj (.text)
                  200121ec    0000001c     driverlib.a : udma.obj (.text:uDMAChannelEnable)
                  20012208    0000001a                 : gpio.obj (.text:GPIOIntEnable)
                  20012222    0000001a                 : pin.obj (.text:PinTypeSPI)
                  2001223c    0000001a                 : pin.obj (.text:PinTypeUART)
                  20012256    0000001a                 : spi.obj (.text:SPIDmaDisable)
                  20012270    0000001a                 : spi.obj (.text:SPIDmaEnable)
                  2001228a    0000001a                 : spi.obj (.text:SPIFIFODisable)
                  200122a4    0000001a                 : spi.obj (.text:SPIFIFOEnable)
                  200122be    00000018                 : gpio.obj (.text:GPIOPinRead)
                  200122d6    00000018                 : spi.obj (.text:SPICSDisable)
                  200122ee    00000018                 : spi.obj (.text:SPICSEnable)
                  20012306    00000018                 : spi.obj (.text:SPIDisable)
                  2001231e    00000018                 : spi.obj (.text:SPIEnable)
                  20012336    00000018                 : uart.obj (.text:UARTCharsAvail)
                  2001234e    00000018     simplelink.a : driver.obj (.text:_SlDrvObjUnLock)
                  20012366    00000018                  : driver.obj (.text:_SlDrvSyncObjSignal)
                  2001237e    00000002     --HOLE-- [fill = 0]
                  20012380    00000018                  : device.obj (.text:_sl_GetStartResponseConvert)
                  20012398    00000018     rtsv7M4_T_le_eabi.lib : args_main.obj (.text)
                  200123b0    00000018                           : ll_mul_t2.obj (.text)
                  200123c8    00000018                           : strcmp.obj (.text)
                  200123e0    00000018                           : strrchr.obj (.text)
                  200123f8    00000016     driverlib.a : prcm.obj (.text:PRCMHIBRegRead)
                  2001240e    00000016                 : prcm.obj (.text:PRCMHIBRegWrite)
                  20012424    00000016     simplelink.a : driver.obj (.text:_SlDrvMemZero)
                  2001243a    00000016     rtsv7M4_T_le_eabi.lib : strchr.obj (.text)
                  20012450    00000014     driverlib.a : cpu.obj (.text:CPUcpsie)
                  20012464    00000014                 : gpio.obj (.text:GPIOIntClear)
                  20012478    00000014                 : interrupt.obj (.text:IntVTableBaseSet)
                  2001248c    00000014     rtsv7M4_T_le_eabi.lib : _lock.obj (.text)
                  200124a0    00000014                           : strcpy.obj (.text)
                  200124b4    00000014                           : strlen.obj (.text)
                  200124c8    0000000e     simplelink.a : driver.obj (.text:_SlDrvResetCmdExt)
                  200124d6    0000000e     rtsv7M4_T_le_eabi.lib : copy_decompress_none.obj (.text:decompress:none)
                  200124e4    0000000e     startup_ccs.obj (.text)
                  200124f2    00000002     --HOLE-- [fill = 0]
                  200124f4    0000000c     simplelink.a : cc_pal.obj (.text:NwpMaskInterrupt)
                  20012500    0000000c                  : cc_pal.obj (.text:NwpUnMaskInterrupt)
                  2001250c    0000000c     rtsv7M4_T_le_eabi.lib : copy_zero_init.obj (.text:decompress:ZI)
                  20012518    0000000c     simplelink.a : wlan.obj (.text:sl_WlanDisconnect)
                  20012524    0000000c                  : wlan.obj (.text:sl_WlanSmartConfigStop)
                  20012530    0000000a     driverlib.a : interrupt.obj (.text:IntMasterEnable)
                  2001253a    00000006                 : utils.obj (.text:UtilsDelay)
                  20012540    00000006     rtsv7M4_T_le_eabi.lib : copy_decompress_rle.obj (.text:decompress:rle24)
                  20012546    00000004                           : error.obj (.text)
                  2001254a    00000004                           : pre_init.obj (.text)

.const     0    20012550    000006d0     
                  20012550    00000101     rtsv7M4_T_le_eabi.lib : ctype.obj (.const:.string:_ctypes_)
                  20012651    00000003     --HOLE-- [fill = 0]
                  20012654    00000100     driverlib.a : pin.obj (.const:g_ulPinToPadMap)
                  20012754    000000d4                 : interrupt.obj (.const:g_pulRegs)
                  20012828    000000a8                 : prcm.obj (.const:PRCM_PeriphRegsList)
                  200128d0    00000098     rtsv7M4_T_le_eabi.lib : strtod.obj (.const)
                  20012968    00000080     driverlib.a : interrupt.obj (.const)
                  200129e8    0000003c     simplelink.a : driver.obj (.const:OpcodeTranslateTable)
                  20012a24    0000003c                  : wlan.obj (.const)
                  20012a60    00000038                  : driver.obj (.const:_SlActionLookupTable)
                  20012a98    00000038                  : fs.obj (.const)
                  20012ad0    00000034                  : driver.obj (.const)
                  20012b04    0000002c     main.obj (.const:$P$T1$2)
                  20012b30    00000028     simplelink.a : netapp.obj (.const)
                  20012b58    00000023     smartconfig.obj (.const:.string)
                  20012b7b    00000022     main.obj (.const:.string:$P$T0$1)
                  20012b9d    00000020     main.obj (.const:.string)
                  20012bbd    00000003     --HOLE-- [fill = 0]
                  20012bc0    00000018     driverlib.a : spi.obj (.const)
                  20012bd8    00000014     main.obj (.const)
                  20012bec    00000014     simplelink.a : device.obj (.const)
                  20012c00    00000010     rtsv7M4_T_le_eabi.lib : _scanfi.obj (.const)
                  20012c10    00000008     simplelink.a : device.obj (.const:.string)
                  20012c18    00000008                  : netcfg.obj (.const)

.cinit     0    20012c20    00000130     
                  20012c20    00000108     (.cinit..data.load) [load image, compression = rle]
                  20012d28    0000000c     (__TI_handler_table)
                  20012d34    00000004     --HOLE-- [fill = 0]
                  20012d38    00000008     (.cinit..bss.load) [load image, compression = zero_init]
                  20012d40    00000010     (__TI_cinit_table)

.sysmem    0    20017000    00008000     UNINITIALIZED
                  20017000    00000008     rtsv7M4_T_le_eabi.lib : memory.obj (.sysmem)
                  20017008    00007ff8     --HOLE--

.bss       0    2001f000    00000675     UNINITIALIZED
                  2001f000    00000178     simplelink.a : driver.obj (.bss:g_StatMem)
                  2001f178    00000120     rtsv7M4_T_le_eabi.lib : trgmsg.obj (.bss:__CIOBUF_)
                  2001f298    000000c8     free_rtos.a : tasks.obj (.bss:pxReadyTasksLists)
                  2001f360    000000a0     rtsv7M4_T_le_eabi.lib : defs.obj (.bss:__TI_tmpnams)
                  2001f400    00000064     L6472.obj (.bss:g_ucRxBuff)
                  2001f464    00000064     L6472.obj (.bss:g_ucTxBuff)
                  2001f4c8    00000050     simplelink.a : cc_pal.obj (.bss:g_ucDinDout)
                  2001f518    00000050     free_rtos.a : queue.obj (.bss:xQueueRegistry)
                  2001f568    00000024     main.obj (.bss:g_ucConnectionSSID)
                  2001f58c    00000024     main.obj (.bss:g_ucSSID)
                  2001f5b0    0000001c     rtsv7M4_T_le_eabi.lib : vla_alloc.obj (.bss)
                  2001f5cc    00000014     (.common:xDelayedTaskList1)
                  2001f5e0    00000014     (.common:xDelayedTaskList2)
                  2001f5f4    00000014     (.common:xPendingReadyList)
                  2001f608    00000014     (.common:xSuspendedTaskList)
                  2001f61c    00000014     (.common:xTasksWaitingTermination)
                  2001f630    00000008     (.common:g_ucConnectionBSSID)
                  2001f638    00000008     (.common:parmbuf)
                  2001f640    00000004     (.common:DMAMsgQ)
                  2001f644    00000004     (.common:FileAvail)
                  2001f648    00000004     (.common:FileSaved)
                  2001f64c    00000004     (.common:G_FILE)
                  2001f650    00000004     (.common:OpenFile)
                  2001f654    00000004     (.common:Processing)
                  2001f658    00000004     (.common:__Errorlog)
                  2001f65c    00000004     (.common:blocks)
                  2001f660    00000004     (.common:bytesRead)
                  2001f664    00000004     (.common:g_cDummy)
                  2001f668    00000004     (.common:pxDelayedTaskList)
                  2001f66c    00000004     (.common:pxOverflowDelayedTaskList)
                  2001f670    00000001     (.common:RxIrqCnt)
                  2001f671    00000001     (.common:g_ucLED1Pin)
                  2001f672    00000001     (.common:g_ucLED2Pin)
                  2001f673    00000001     (.common:g_ucLED3Pin)
                  2001f674    00000001     (.common:s_m3_m5)

.TI.noinit 
*          0    2001f000    00000000     UNINITIALIZED

.data      0    2001f678    00000408     UNINITIALIZED
                  2001f678    000000f0     rtsv7M4_T_le_eabi.lib : defs.obj (.data:_ftable)
                  2001f768    000000d0                           : lowlev.obj (.data)
                  2001f838    000000b0                           : signal.obj (.data:sigtable)
                  2001f8e8    00000080                           : xvalues.obj (.data)
                  2001f968    00000049     main.obj (.data)
                  2001f9b1    00000003     --HOLE--
                  2001f9b4    00000034     free_rtos.a : tasks.obj (.data)
                  2001f9e8    00000020     gpio_if.obj (.data)
                  2001fa08    00000010     rtsv7M4_T_le_eabi.lib : defs.obj (.data)
                  2001fa18    0000000c     free_rtos.a : osi_freertos.obj (.data)
                  2001fa24    0000000c     rtsv7M4_T_le_eabi.lib : memory.obj (.data)
                  2001fa30    00000009     simplelink.a : cc_pal.obj (.data)
                  2001fa39    00000003     --HOLE--
                  2001fa3c    00000009                  : driver.obj (.data)
                  2001fa45    00000003     --HOLE--
                  2001fa48    00000008     L6472.obj (.data)
                  2001fa50    00000008     gcode.obj (.data)
                  2001fa58    00000008     rtsv7M4_T_le_eabi.lib : _lock.obj (.data)
                  2001fa60    00000008                           : exit.obj (.data)
                  2001fa68    00000008                           : feraiseexcept.obj (.data)
                  2001fa70    00000004     free_rtos.a : port.obj (.data)
                  2001fa74    00000004     rtsv7M4_T_le_eabi.lib : errno.obj (.data)
                  2001fa78    00000004                           : fopen.obj (.data)
                  2001fa7c    00000004                           : stkdepth_vars.obj (.data)

.TI.persistent 
*          0    2001f678    00000000     UNINITIALIZED

.stack     0    2002f800    00000800     UNINITIALIZED
                  2002f800    00000800     --HOLE--


LINKER GENERATED COPY TABLES

__TI_cinit_table @ 20012d40 records: 2, size/record: 8, table size: 16
	.data: load addr=20012c20, load size=00000108 bytes, run addr=2001f678, run size=00000408 bytes, compression=rle
	.bss: load addr=20012d38, load size=00000008 bytes, run addr=2001f000, run size=00000675 bytes, compression=zero_init


LINKER GENERATED HANDLER TABLE

__TI_handler_table @ 20012d28 records: 3, size/record: 4, table size: 12
	index: 0, handler: __TI_decompress_rle24
	index: 1, handler: __TI_decompress_none
	index: 2, handler: __TI_zero_init


GLOBAL SYMBOLS: SORTED ALPHABETICALLY BY Name 

address   name                                  
-------   ----                                  
20011869  C$$EXIT                               
20010e43  C$$IO$$                               
20012451  CPUcpsie                              
2000bbe5  ClearTerm                             
20004d41  ConnectToNetwork                      
20011971  CopyPingResultsToReport               
2001f640  DMAMsgQ                               
20011e59  DmaSpiSwIntHandler                    
2000bbef  Error                                 
2001f644  FileAvail                             
2001f648  FileSaved                             
200099e5  G0_f                                  
200099fb  G0_xy                                 
20009a4b  G1_f                                  
20009a61  G1_xy                                 
20009ffb  G21                                   
20009ae1  G2_xyij                               
20009d77  G3_xyij                               
20009fe5  G4_p                                  
2000a005  G90                                   
2001f97f  GET_token                             
20011b41  GPIODirModeSet                        
20012465  GPIOIntClear                          
20012209  GPIOIntEnable                         
200105c1  GPIOIntTypeSet                        
200122bf  GPIOPinRead                           
200120c1  GPIOPinWrite                          
2000b259  GPIO_IF_ConfigureNIntEnable           
2000b2d5  GPIO_IF_Get                           
2000b213  GPIO_IF_GetPortNPin                   
2000afd5  GPIO_IF_LedConfigure                  
2000b0c7  GPIO_IF_LedOff                        
2000b013  GPIO_IF_LedOn                         
2000b17b  GPIO_IF_LedStatus                     
2000b1e5  GPIO_IF_LedToggle                     
2000b29b  GPIO_IF_Set                           
2001f64c  G_FILE                                
2000bc27  GetCmd                                
2000b8c5  HOSTclock                             
2000b88d  HOSTclose                             
2000b84f  HOSTgetenv                            
2000b7f3  HOSTlseek                             
2000b7a1  HOSTopen                              
2000b755  HOSTread                              
2000b6f7  HOSTrename                            
2000b6bd  HOSTtime                              
2000b685  HOSTunlink                            
2000b639  HOSTwrite                             
2000bba5  InitTerm                              
2000f6f1  IntDisable                            
2000f799  IntEnable                             
20012531  IntMasterEnable                       
20011261  IntPendClear                          
20011369  IntPrioritySet                        
200120e1  IntRegister                           
20011fa9  IntUnregister                         
20012479  IntVTableBaseSet                      
2000866d  L6472_init                            
20008ca1  L6472_spi_txrx                        
2000a053  M18                                   
2000a017  M3_s                                  
2000a035  M5_s                                  
2000bbc3  Message                               
200124f5  NwpMaskInterrupt                      
20011a61  NwpPowerOff                           
20011e85  NwpPowerOn                            
2001053d  NwpPowerOnPreamble                    
20011f81  NwpRegisterInterruptHandler           
20012501  NwpUnMaskInterrupt                    
2001f994  OP_STATUS                             
200129e8  OpcodeTranslateTable                  
2001f650  OpenFile                              
2001f974  POST_token                            
2000d96d  PRCMCC3200MCUInit                     
200123f9  PRCMHIBRegRead                        
2001240f  PRCMHIBRegWrite                       
20011f09  PRCMPeripheralClkDisable              
200119ad  PRCMPeripheralClkEnable               
2000fc7d  PRCMPeripheralClockGet                
200112b9  PRCMPeripheralReset                   
20011bad  PRCMPeripheralStatusGet               
20011eb1  PRCMSysResetCauseGet                  
20010211  PinConfigSet                          
200118f1  PinModeSet                            
200100f9  PinMuxConfig                          
20011c7d  PinTypeGPIO                           
20012223  PinTypeSPI                            
2001223d  PinTypeUART                           
2001f654  Processing                            
2000bd75  Report                                
200124e5  ResetISR                              
2001f670  RxIrqCnt                              
20012ae0  RxMsgClassLUT                         
UNDEFED   SHT$$INIT_ARRAY$$Base                 
UNDEFED   SHT$$INIT_ARRAY$$Limit                
200122d7  SPICSDisable                          
200122ef  SPICSEnable                           
2000f841  SPIConfigSetExpClk                    
20012307  SPIDisable                            
20012257  SPIDmaDisable                         
20012271  SPIDmaEnable                          
2001231f  SPIEnable                             
2001228b  SPIFIFODisable                        
200122a5  SPIFIFOEnable                         
20011be1  SPIFIFOLevelSet                       
2001167d  SPIIntClear                           
200114b5  SPIIntEnable                          
20012039  SPIReset                              
20010299  SPITransfer                           
2001205b  SPIWordCountSet                       
20004791  SimpleLinkHttpServerCallback          
200045d1  SimpleLinkNetAppEventHandler          
20004645  SimpleLinkSockEventHandler            
20004419  SimpleLinkWlanEventHandler            
2000e821  SmartConfigConnect                    
2000e8a9  SmartConfigStop                       
20012c10  StartResponseLUT                      
2001f99c  Token                                 
2000bcdd  TrimSpace                             
2001217d  UARTCharGetNonBlocking                
20012141  UARTCharPut                           
20012337  UARTCharsAvail                        
20010b19  UARTConfigSetExpClk                   
20011cad  UARTDisable                           
20011fcd  UARTEnable                            
2001253b  UtilsDelay                            
2000aa29  VDeleteSimpleLinkSpawnTask            
2000a9d9  VStartSimpleLinkSpawnTask             
20011edd  _Dclass                               
2001f8e8  _Denorm                               
2000f12d  _Dnorm                                
2000e059  _Dscale                               
20010f4d  _Dunscale                             
2001f8f8  _Eps                                  
2001fa74  _Errno                                
2001fa68  _Fenv                                 
20011d6d  _Feraise                              
2001f908  _Hugeval                              
2001f918  _Inf                                  
2001f928  _Nan                                  
2001f948  _Rteps                                
20012a60  _SlActionLookupTable                  
2000f4d9  _SlAsyncEventGenericHandler           
20012bf8  _SlDeviceGetCmdCtrl                   
20012bfc  _SlDeviceSetCmdCtrl                   
200116c5  _SlDrvBasicCmd                        
2000eac1  _SlDrvClassifyRxMsg                   
20010645  _SlDrvCmdOp                           
20010bfd  _SlDrvCmdSend                         
20011cdd  _SlDrvDeviceEventHandler              
2000e45d  _SlDrvDriverCBDeinit                  
2000d155  _SlDrvDriverCBInit                    
20012425  _SlDrvMemZero                         
2000a175  _SlDrvMsgRead                         
2000f1ed  _SlDrvMsgReadCmdCtx                   
2000f8e1  _SlDrvMsgReadSpawnCtx                 
2000ca7d  _SlDrvMsgWrite                        
2000e169  _SlDrvNetAppEventHandler              
20012199  _SlDrvObjLockWaitForever              
2001234f  _SlDrvObjUnLock                       
20011501  _SlDrvProtectAsyncRespSetting         
20011ff1  _SlDrvProtectionObjLockWaitForever    
20012101  _SlDrvProtectionObjUnLock             
2000c8ad  _SlDrvReleasePoolObj                  
200124c9  _SlDrvResetCmdExt                     
2000be35  _SlDrvRxHdrRead                       
2001154d  _SlDrvRxIrqHandler                    
20012367  _SlDrvSyncObjSignal                   
200121b5  _SlDrvSyncObjWaitForever              
2000cfc5  _SlDrvWaitForPoolObj                  
20012bf4  _SlEventMaskGetCmdCtrl                
20012bf0  _SlEventMaskSetCmdCtrl                
2000d2c9  _SlFindAndSetActiveObj                
20012a9c  _SlFsCloseCmdCtrl                     
20012aac  _SlFsDeleteCmdCtrl                    
20012aa8  _SlFsGetInfoCmdCtrl                   
20012a98  _SlFsOpenCmdCtrl                      
20012aa0  _SlFsReadCmdCtrl                      
20012aa4  _SlFsWriteCmdCtrl                     
20012b44  _SlGetHostByNameCtrl                  
20012b40  _SlGetHostByServiceCtrl               
20012b38  _SlGetServiceListeCtrl                
20012b50  _SlNetAppGetCmdCtrl                   
20012b4c  _SlNetAppSendTokenValueCmdCtrl        
20012b48  _SlNetAppSetCmdCtrl                   
20012b30  _SlNetAppStartCtrl                    
20012b34  _SlNetAppStopCtrl                     
20012c1c  _SlNetCfgGetCmdCtrl                   
20012c18  _SlNetCfgSetCmdCtrl                   
20012a28  _SlPolicyGetCmdCtrl                   
20012a24  _SlPolicySetCmdCtrl                   
20012a30  _SlProfileDelCmdCtrl                  
20012a2c  _SlProfileGetCmdCtrl                  
20012b3c  _SlRegisterServiceCtrl                
2000f069  _SlRemoveFromList                     
20012a38  _SlRxFilterAddtCmdCtrl                
20012a40  _SlRxFilterGetCmdCtrl                 
20012a3c  _SlRxFilterSetCmdCtrl                 
20012a44  _SlSmartConfigStartCmdCtrl            
20012bec  _SlStopCmdCtrl                        
20012a50  _SlWlanCfgGetCmdCtrl                  
20012a4c  _SlWlanCfgSetCmdCtrl                  
20012a34  _SlWlanGetNetworkListCtrl             
20012a48  _SlWlanSetModeCmdCtrl                 
2001f938  _Snan                                 
2001fa6c  _Tls_setup__Fenv                      
2001f958  _Xbig                                 
2001f960  _Zero                                 
2001f178  __CIOBUF_                             
20030000  __STACK_END                           
00000800  __STACK_SIZE                          
00008000  __SYSMEM_SIZE                         
20012d40  __TI_CINIT_Base                       
20012d50  __TI_CINIT_Limit                      
20012d28  __TI_Handler_Table_Base               
20012d34  __TI_Handler_Table_Limit              
20010c69  __TI_auto_init                        
2000cd11  __TI_cleanup                          
2001fa60  __TI_cleanup_ptr                      
2000fb4d  __TI_closefile                        
200124d7  __TI_decompress_none                  
20012541  __TI_decompress_rle24                 
2000efa1  __TI_doflush                          
2001fa64  __TI_dtors_ptr                        
2001fa08  __TI_ft_end                           
20007841  __TI_printfi                          
2000f6a7  __TI_rd_ok                            
20010e47  __TI_readmsg                          
20009535  __TI_scanfi                           
20012c20  __TI_static_base__                    
2001f360  __TI_tmpnams                          
20010e15  __TI_writemsg                         
2000f645  __TI_wrt_ok                           
2001250d  __TI_zero_init                        
20012547  __abort_execution                     
20010431  __aeabi_cdcmpeq                       
20010431  __aeabi_cdcmple                       
200104b7  __aeabi_cdrcmple                      
200110e1  __aeabi_cfcmpeq                       
200110e1  __aeabi_cfcmple                       
20011141  __aeabi_cfrcmple                      
20010b8f  __aeabi_d2f                           
2001170d  __aeabi_d2iz                          
200118ad  __aeabi_d2uiz                         
2000ce17  __aeabi_dadd                          
2000d835  __aeabi_ddiv                          
2000e267  __aeabi_dmul                          
2000ce0d  __aeabi_dsub                          
20011ad1  __aeabi_f2d                           
20011b09  __aeabi_f2iz                          
20011c49  __aeabi_f2uiz                         
2000e367  __aeabi_fadd                          
2000fda5  __aeabi_fdiv                          
200108bd  __aeabi_fmul                          
2000e363  __aeabi_fsub                          
20011dfd  __aeabi_i2d                           
200123b1  __aeabi_lmul                          
20010937  __aeabi_memclr                        
20010937  __aeabi_memclr4                       
20010937  __aeabi_memclr8                       
2000f97d  __aeabi_memcpy                        
2000f97d  __aeabi_memcpy4                       
2000f97d  __aeabi_memcpy8                       
20010939  __aeabi_memset                        
20010939  __aeabi_memset4                       
20010939  __aeabi_memset8                       
2001fa14  __aeabi_stderr                        
2001fa0c  __aeabi_stdin                         
2001fa10  __aeabi_stdout                        
2000c4d3  __aeabi_uldivmod                      
ffffffff  __binit__                             
ffffffff  __c_args__                            
2002f800  __stack                               
2000ba15  __vla_alloc                           
2000b90d  __vla_dealloc                         
2000b995  __vla_dealloc_eh                      
20012399  _args_main                            
200119e9  _c_int00                              
20012550  _ctypes_                              
2001f678  _ftable                               
2001fa58  _lock                                 
2001249b  _nop                                  
20012493  _register_lock                        
2001248d  _register_unlock                      
2000fab5  _sl_GetCreateFsMode                   
20012381  _sl_GetStartResponseConvert           
200111a1  _sl_HandleAsync_Accept                
200109b1  _sl_HandleAsync_Connect               
2000ffe1  _sl_HandleAsync_DnsGetHostByName      
2000eed9  _sl_HandleAsync_DnsGetHostByService   
200107c5  _sl_HandleAsync_InitComplete          
2001006d  _sl_HandleAsync_PingResponse          
200113bd  _sl_HandleAsync_Select                
20011465  _sl_HandleAsync_Stop                  
20010dad  _sl_NetAppSendTokenValue              
20011d0d  _sl_Strlen                            
20017000  _sys_memory                           
2001254b  _system_pre_init                      
2001fa5c  _unlock                               
2001186d  abort                                 
2000b58d  add_device                            
20011599  atoi                                  
ffffffff  binit                                 
2001f65c  blocks                                
2001f660  bytesRead                             
2001f9a0  bytesReceived                         
2000af65  calloc                                
2000b53d  close                                 
200115e5  copy_in                               
2000a065  distance_xyij                         
20005ad5  eTaskGetState                         
20011875  exit                                  
2000fbb3  fclose                                
20011c15  feraiseexcept                         
2000efed  fflush                                
2001f998  fileHandle                            
2000c2b5  fileparse                             
2000cd67  fopen                                 
20010cdd  fprintf                               
2000fbe5  fputc                                 
2000daa1  fputs                                 
2000acb3  free                                  
2000cd3d  freopen                               
2001207d  frexp                                 
20010fb5  fseek                                 
2001fa44  gFirstCmdMode                         
20012ad8  g_H2NCnysPattern                      
20012ad0  g_H2NSyncPattern                      
2001fa30  g_SpiFd                               
2001f000  g_StatMem                             
2001f664  g_cDummy                              
2001f98c  g_iSimplelinkRole                     
2001fa3c  g_pCB                                 
2001fa34  g_pHostIntHdl                         
20004000  g_pfnVectors                          
2001f9b0  g_ucConnectTimeout                    
2001f630  g_ucConnectionBSSID                   
2001f568  g_ucConnectionSSID                    
2001fa38  g_ucDMAEnabled                        
2001f4c8  g_ucDinDout                           
2001f671  g_ucLED1Pin                           
2001f672  g_ucLED2Pin                           
2001f673  g_ucLED3Pin                           
2001f58c  g_ucSSID                              
2001f9ac  g_uiDeviceModeConfig                  
2001f990  g_uiIpAddress                         
2001f9fc  g_uiLED1Port                          
2001fa00  g_uiLED2Port                          
2001fa04  g_uiLED3Port                          
2001f9a8  g_uiSimplelinkRole                    
2001f970  g_ulGatewayIP                         
2001f96c  g_ulPingPacketsRecv                   
2001f968  g_ulStatus                            
2001f9a4  g_usMCNetworkUstate                   
2000c329  gcommand                              
20008c6f  get_status                            
20011755  laser_init                            
2001177b  laser_off                             
2001178b  laser_on                              
2001179b  ldexp                                 
2000b519  lseek                                 
20011311  ltoa                                  
20005551  main                                  
2001fa7c  main_func_sp                          
2000ac4b  malloc                                
2000c447  mcommand                              
2000ab2d  mem_Free                              
2000ab21  mem_Malloc                            
2000ab4d  mem_copy                              
2000ab39  mem_set                               
2000ae81  memalign                              
200121d1  memccpy                               
20012121  memchr                                
2001209f  memcmp                                
2000f97d  memcpy                                
20012015  memmove                               
2001093f  memset                                
2000abbd  minit                                 
20008871  move_coord                            
20008835  move_coord_direct                     
2000b46b  open                                  
2000aba3  osi_ContextRestore                    
2000aba1  osi_ContextSave                       
2000ab61  osi_EnterCritical                     
2000ab6b  osi_ExitCritical                      
2000a787  osi_InterruptDeRegister               
2000a761  osi_InterruptRegister                 
2000a891  osi_LockObjCreate                     
2000a905  osi_LockObjDelete                     
2000a915  osi_LockObjLock                       
2000a941  osi_LockObjUnlock                     
2000aa55  osi_MsgQCreate                        
2000aa99  osi_MsgQDelete                        
2000aae5  osi_MsgQRead                          
2000aab3  osi_MsgQWrite                         
2000ab7d  osi_Sleep                             
2000a96b  osi_Spawn                             
2000a86f  osi_SyncObjClear                      
2000a799  osi_SyncObjCreate                     
2000a7c9  osi_SyncObjDelete                     
2000a7e3  osi_SyncObjSignal                     
2000a80b  osi_SyncObjSignalFromISR              
2000a843  osi_SyncObjWait                       
2000a8b7  osi_TaskCreate                        
2000a8f7  osi_TaskDelete                        
2000ab8d  osi_TaskDisable                       
2000ab97  osi_TaskEnable                        
2000ab75  osi_start                             
2001fa40  pPingCallBackFunc                     
20005ff9  pcTaskGetTaskName                     
2000f419  portCLZ                               
2000f401  prvPortStartFirstTask                 
2000fbe5  putc                                  
2000fc69  putchar                               
2000dbad  puts                                  
20011a99  pvPortMalloc                          
2001f9b4  pxCurrentTCB                          
2000df49  pxPortInitialiseStack                 
20011e2b  raise                                 
2000b447  read                                  
2000ad75  realloc                               
2000b3bd  remove                                
2000b41f  remove_device                         
2000b3e1  rename                                
2000e909  setvbuf                               
2000a0c1  side_of_rad                           
20011931  signal                                
2000fa19  sl_DevGet                             
200103a9  sl_FsClose                            
20010841  sl_FsGetInfo                          
20010a29  sl_FsOpen                             
2000e551  sl_FsRead                             
2000e735  sl_FsWrite                            
2000f591  sl_NetAppMDNSRegisterUnregisterService
20011b77  sl_NetAppMDNSUnRegisterService        
20011f31  sl_NetAppStart                        
20011f59  sl_NetAppStop                         
20010e7d  sl_NetCfgSet                          
2000f2a9  sl_Start                              
2000eb99  sl_Stop                               
20012519  sl_WlanDisconnect                     
2000fd11  sl_WlanGet                            
20011201  sl_WlanPolicySet                      
20011d9d  sl_WlanProfileDel                     
20011411  sl_WlanRxFilterSet                    
20010ee5  sl_WlanSet                            
20011dcd  sl_WlanSetMode                        
2000fe39  sl_WlanSmartConfigStart               
20012525  sl_WlanSmartConfigStop                
20010aa1  spi_Close                             
2000d5a5  spi_Open                              
2000e9e5  spi_Read                              
20010185  spi_Write                             
2000d6f5  sqrt                                  
2000ee1f  sscanf                                
2001243b  strchr                                
200123c9  strcmp                                
200124a1  strcpy                                
200124b5  strlen                                
20011d3d  strncpy                               
200123e1  strrchr                               
2000c07d  strtod                                
2000dbd5  strtol                                
2000c07d  strtold                               
2000c6c9  strtoll                               
2000de35  strtoul                               
2000d439  strtoull                              
20011631  uDMAChannelAssign                     
20011019  uDMAChannelAttributeDisable           
2001107d  uDMAChannelAttributeEnable            
20011a25  uDMAChannelControlSet                 
200121ed  uDMAChannelEnable                     
2000e645  uDMAChannelTransferSet                
200082c9  ucQueueGetQueueType                   
2000f369  ulPortSetInterruptMask                
2000b3bd  unlink                                
2000ddeb  uxListRemove                          
200082a9  uxQueueGetQueueNumber                 
2000823d  uxQueueMessagesWaiting                
20008273  uxQueueMessagesWaitingFromISR         
20008253  uxQueueSpacesAvailable                
20005fed  uxTaskGetNumberOfTasks                
2000601d  uxTaskGetSystemState                  
20006511  uxTaskGetTaskNumber                   
20005b69  uxTaskPriorityGet                     
20006a69  uxTaskResetEventItemValue             
2000440b  vApplicationIdleHook                  
2000440d  vApplicationMallocFailedHook          
2000440f  vApplicationStackOverflowHook         
20004401  vAssertCalled                         
2000dd09  vListInitialise                       
2000dd39  vListInitialiseItem                   
2000dd85  vListInsert                           
2000dd49  vListInsertEnd                        
2000f37f  vPortClearInterruptMask               
2000dfc5  vPortEndScheduler                     
2000dfd9  vPortEnterCritical                    
2000dff1  vPortExitCritical                     
20011ab9  vPortFree                             
2000f3d9  vPortSVCHandler                       
2000e025  vPortSetupTimerInterrupt              
2000dfc7  vPortYield                            
200084e3  vQueueAddToRegistry                   
20008285  vQueueDelete                          
200082b7  vQueueSetQueueNumber                  
20008525  vQueueUnregisterQueue                 
20005a7f  vTaskDelay                            
200059e3  vTaskDelayUntil                       
20005953  vTaskDelete                           
20005ed1  vTaskEndScheduler                     
20006503  vTaskMissedYield                      
20006299  vTaskPlaceOnEventList                 
200062fd  vTaskPlaceOnUnorderedEventList        
200069df  vTaskPriorityDisinherit               
20006925  vTaskPriorityInherit                  
20005ba1  vTaskPrioritySet                      
20005d99  vTaskResume                           
20006531  vTaskSetTaskNumber                    
20006463  vTaskSetTimeOutState                  
20005e87  vTaskStartScheduler                   
20005ca5  vTaskSuspend                          
20005ee3  vTaskSuspendAll                       
20006219  vTaskSwitchContext                    
20010321  vsnprintf                             
2000ee0d  vsscanf                               
2000b32d  write                                 
2001fa18  xHigherPriorityTaskWoken              
2000f38d  xPortPendSVHandler                    
2000df99  xPortStartScheduler                   
2000e009  xPortSysTickHandler                   
20008573  xQueueAddToSet                        
20007ea5  xQueueAltGenericReceive               
20007df9  xQueueAltGenericSend                  
20007ccd  xQueueCreateCountingSemaphore         
20007c4f  xQueueCreateMutex                     
2000855f  xQueueCreateSet                       
20007bd9  xQueueGenericCreate                   
2000803f  xQueueGenericReceive                  
20007b49  xQueueGenericReset                    
20007ced  xQueueGenericSend                     
20007fa3  xQueueGenericSendFromISR              
2000847f  xQueueIsQueueEmptyFromISR             
200084c1  xQueueIsQueueFullFromISR              
200081f9  xQueuePeekFromISR                     
20008181  xQueueReceiveFromISR                  
2001f518  xQueueRegistry                        
200085a7  xQueueRemoveFromSet                   
200085e9  xQueueSelectFromSet                   
20008603  xQueueSelectFromSetFromISR            
2001fa1c  xSimpleLinkSpawnQueue                 
2001fa20  xSimpleLinkSpawnTaskHndl              
20006489  xTaskCheckForTimeOut                  
20005845  xTaskGenericCreate                    
200068d9  xTaskGetCurrentTaskHandle             
200060db  xTaskGetIdleTaskHandle                
200068ed  xTaskGetSchedulerState                
20005fc1  xTaskGetTickCount                     
20005fd5  xTaskGetTickCountFromISR              
200060f5  xTaskIncrementTick                    
20006371  xTaskRemoveFromEventList              
200063f5  xTaskRemoveFromUnorderedEventList     
20005ef5  xTaskResumeAll                        
20005e0d  xTaskResumeFromISR                    
20008eb5  x_busy                                
20008e49  x_byte_txrx                           
20008c31  x_get_max_speed                       
20008a0d  x_get_position                        
20008be3  x_goto_origin                         
20008e6d  x_move                                
20008b51  x_move_mm                             
20008b9f  x_release_bridge                      
20008b47  x_reset                               
20008c03  x_set_max_speed                       
20008bb1  x_set_origin                          
20008e33  x_set_run_current                     
20008bf3  x_wait                                
20008cf7  xy_byte_tx                            
2000907d  xy_get_accel_cur                      
20008fc7  xy_get_accel_speed                    
200090c1  xy_get_config                         
20009069  xy_get_const_cur                      
20009091  xy_get_decel_cur                      
20008fed  xy_get_decel_speed                    
2000904d  xy_get_fullstep_speed                 
20009015  xy_get_max_speed                      
20009031  xy_get_min_speed                      
200090a5  xy_get_status                         
20008d0f  xy_move                               
20008775  xy_move_mm                            
20008f1f  xy_set_accel_speed                    
20008f73  xy_set_decel_speed                    
20008ecb  xy_set_fs_speed                       
20008725  xy_wait                               
20008e1d  y_busy                                
20008db3  y_byte_txrx                           
20008b09  y_get_max_speed                       
20008a13  y_get_position                        
20008ab7  y_goto_origin                         
20008dd9  y_move                                
20008a23  y_move_mm                             
20008a75  y_release_bridge                      
20008a19  y_reset                               
20008add  y_set_max_speed                       
20008a85  y_set_origin                          
20008d9d  y_set_run_current                     
20008ac7  y_wait                                


GLOBAL SYMBOLS: SORTED BY Symbol Address 

address   name                                  
-------   ----                                  
00000800  __STACK_SIZE                          
00008000  __SYSMEM_SIZE                         
20004000  g_pfnVectors                          
20004401  vAssertCalled                         
2000440b  vApplicationIdleHook                  
2000440d  vApplicationMallocFailedHook          
2000440f  vApplicationStackOverflowHook         
20004419  SimpleLinkWlanEventHandler            
200045d1  SimpleLinkNetAppEventHandler          
20004645  SimpleLinkSockEventHandler            
20004791  SimpleLinkHttpServerCallback          
20004d41  ConnectToNetwork                      
20005551  main                                  
20005845  xTaskGenericCreate                    
20005953  vTaskDelete                           
200059e3  vTaskDelayUntil                       
20005a7f  vTaskDelay                            
20005ad5  eTaskGetState                         
20005b69  uxTaskPriorityGet                     
20005ba1  vTaskPrioritySet                      
20005ca5  vTaskSuspend                          
20005d99  vTaskResume                           
20005e0d  xTaskResumeFromISR                    
20005e87  vTaskStartScheduler                   
20005ed1  vTaskEndScheduler                     
20005ee3  vTaskSuspendAll                       
20005ef5  xTaskResumeAll                        
20005fc1  xTaskGetTickCount                     
20005fd5  xTaskGetTickCountFromISR              
20005fed  uxTaskGetNumberOfTasks                
20005ff9  pcTaskGetTaskName                     
2000601d  uxTaskGetSystemState                  
200060db  xTaskGetIdleTaskHandle                
200060f5  xTaskIncrementTick                    
20006219  vTaskSwitchContext                    
20006299  vTaskPlaceOnEventList                 
200062fd  vTaskPlaceOnUnorderedEventList        
20006371  xTaskRemoveFromEventList              
200063f5  xTaskRemoveFromUnorderedEventList     
20006463  vTaskSetTimeOutState                  
20006489  xTaskCheckForTimeOut                  
20006503  vTaskMissedYield                      
20006511  uxTaskGetTaskNumber                   
20006531  vTaskSetTaskNumber                    
200068d9  xTaskGetCurrentTaskHandle             
200068ed  xTaskGetSchedulerState                
20006925  vTaskPriorityInherit                  
200069df  vTaskPriorityDisinherit               
20006a69  uxTaskResetEventItemValue             
20007841  __TI_printfi                          
20007b49  xQueueGenericReset                    
20007bd9  xQueueGenericCreate                   
20007c4f  xQueueCreateMutex                     
20007ccd  xQueueCreateCountingSemaphore         
20007ced  xQueueGenericSend                     
20007df9  xQueueAltGenericSend                  
20007ea5  xQueueAltGenericReceive               
20007fa3  xQueueGenericSendFromISR              
2000803f  xQueueGenericReceive                  
20008181  xQueueReceiveFromISR                  
200081f9  xQueuePeekFromISR                     
2000823d  uxQueueMessagesWaiting                
20008253  uxQueueSpacesAvailable                
20008273  uxQueueMessagesWaitingFromISR         
20008285  vQueueDelete                          
200082a9  uxQueueGetQueueNumber                 
200082b7  vQueueSetQueueNumber                  
200082c9  ucQueueGetQueueType                   
2000847f  xQueueIsQueueEmptyFromISR             
200084c1  xQueueIsQueueFullFromISR              
200084e3  vQueueAddToRegistry                   
20008525  vQueueUnregisterQueue                 
2000855f  xQueueCreateSet                       
20008573  xQueueAddToSet                        
200085a7  xQueueRemoveFromSet                   
200085e9  xQueueSelectFromSet                   
20008603  xQueueSelectFromSetFromISR            
2000866d  L6472_init                            
20008725  xy_wait                               
20008775  xy_move_mm                            
20008835  move_coord_direct                     
20008871  move_coord                            
20008a0d  x_get_position                        
20008a13  y_get_position                        
20008a19  y_reset                               
20008a23  y_move_mm                             
20008a75  y_release_bridge                      
20008a85  y_set_origin                          
20008ab7  y_goto_origin                         
20008ac7  y_wait                                
20008add  y_set_max_speed                       
20008b09  y_get_max_speed                       
20008b47  x_reset                               
20008b51  x_move_mm                             
20008b9f  x_release_bridge                      
20008bb1  x_set_origin                          
20008be3  x_goto_origin                         
20008bf3  x_wait                                
20008c03  x_set_max_speed                       
20008c31  x_get_max_speed                       
20008c6f  get_status                            
20008ca1  L6472_spi_txrx                        
20008cf7  xy_byte_tx                            
20008d0f  xy_move                               
20008d9d  y_set_run_current                     
20008db3  y_byte_txrx                           
20008dd9  y_move                                
20008e1d  y_busy                                
20008e33  x_set_run_current                     
20008e49  x_byte_txrx                           
20008e6d  x_move                                
20008eb5  x_busy                                
20008ecb  xy_set_fs_speed                       
20008f1f  xy_set_accel_speed                    
20008f73  xy_set_decel_speed                    
20008fc7  xy_get_accel_speed                    
20008fed  xy_get_decel_speed                    
20009015  xy_get_max_speed                      
20009031  xy_get_min_speed                      
2000904d  xy_get_fullstep_speed                 
20009069  xy_get_const_cur                      
2000907d  xy_get_accel_cur                      
20009091  xy_get_decel_cur                      
200090a5  xy_get_status                         
200090c1  xy_get_config                         
20009535  __TI_scanfi                           
200099e5  G0_f                                  
200099fb  G0_xy                                 
20009a4b  G1_f                                  
20009a61  G1_xy                                 
20009ae1  G2_xyij                               
20009d77  G3_xyij                               
20009fe5  G4_p                                  
20009ffb  G21                                   
2000a005  G90                                   
2000a017  M3_s                                  
2000a035  M5_s                                  
2000a053  M18                                   
2000a065  distance_xyij                         
2000a0c1  side_of_rad                           
2000a175  _SlDrvMsgRead                         
2000a761  osi_InterruptRegister                 
2000a787  osi_InterruptDeRegister               
2000a799  osi_SyncObjCreate                     
2000a7c9  osi_SyncObjDelete                     
2000a7e3  osi_SyncObjSignal                     
2000a80b  osi_SyncObjSignalFromISR              
2000a843  osi_SyncObjWait                       
2000a86f  osi_SyncObjClear                      
2000a891  osi_LockObjCreate                     
2000a8b7  osi_TaskCreate                        
2000a8f7  osi_TaskDelete                        
2000a905  osi_LockObjDelete                     
2000a915  osi_LockObjLock                       
2000a941  osi_LockObjUnlock                     
2000a96b  osi_Spawn                             
2000a9d9  VStartSimpleLinkSpawnTask             
2000aa29  VDeleteSimpleLinkSpawnTask            
2000aa55  osi_MsgQCreate                        
2000aa99  osi_MsgQDelete                        
2000aab3  osi_MsgQWrite                         
2000aae5  osi_MsgQRead                          
2000ab21  mem_Malloc                            
2000ab2d  mem_Free                              
2000ab39  mem_set                               
2000ab4d  mem_copy                              
2000ab61  osi_EnterCritical                     
2000ab6b  osi_ExitCritical                      
2000ab75  osi_start                             
2000ab7d  osi_Sleep                             
2000ab8d  osi_TaskDisable                       
2000ab97  osi_TaskEnable                        
2000aba1  osi_ContextSave                       
2000aba3  osi_ContextRestore                    
2000abbd  minit                                 
2000ac4b  malloc                                
2000acb3  free                                  
2000ad75  realloc                               
2000ae81  memalign                              
2000af65  calloc                                
2000afd5  GPIO_IF_LedConfigure                  
2000b013  GPIO_IF_LedOn                         
2000b0c7  GPIO_IF_LedOff                        
2000b17b  GPIO_IF_LedStatus                     
2000b1e5  GPIO_IF_LedToggle                     
2000b213  GPIO_IF_GetPortNPin                   
2000b259  GPIO_IF_ConfigureNIntEnable           
2000b29b  GPIO_IF_Set                           
2000b2d5  GPIO_IF_Get                           
2000b32d  write                                 
2000b3bd  remove                                
2000b3bd  unlink                                
2000b3e1  rename                                
2000b41f  remove_device                         
2000b447  read                                  
2000b46b  open                                  
2000b519  lseek                                 
2000b53d  close                                 
2000b58d  add_device                            
2000b639  HOSTwrite                             
2000b685  HOSTunlink                            
2000b6bd  HOSTtime                              
2000b6f7  HOSTrename                            
2000b755  HOSTread                              
2000b7a1  HOSTopen                              
2000b7f3  HOSTlseek                             
2000b84f  HOSTgetenv                            
2000b88d  HOSTclose                             
2000b8c5  HOSTclock                             
2000b90d  __vla_dealloc                         
2000b995  __vla_dealloc_eh                      
2000ba15  __vla_alloc                           
2000bba5  InitTerm                              
2000bbc3  Message                               
2000bbe5  ClearTerm                             
2000bbef  Error                                 
2000bc27  GetCmd                                
2000bcdd  TrimSpace                             
2000bd75  Report                                
2000be35  _SlDrvRxHdrRead                       
2000c07d  strtod                                
2000c07d  strtold                               
2000c2b5  fileparse                             
2000c329  gcommand                              
2000c447  mcommand                              
2000c4d3  __aeabi_uldivmod                      
2000c6c9  strtoll                               
2000c8ad  _SlDrvReleasePoolObj                  
2000ca7d  _SlDrvMsgWrite                        
2000cd11  __TI_cleanup                          
2000cd3d  freopen                               
2000cd67  fopen                                 
2000ce0d  __aeabi_dsub                          
2000ce17  __aeabi_dadd                          
2000cfc5  _SlDrvWaitForPoolObj                  
2000d155  _SlDrvDriverCBInit                    
2000d2c9  _SlFindAndSetActiveObj                
2000d439  strtoull                              
2000d5a5  spi_Open                              
2000d6f5  sqrt                                  
2000d835  __aeabi_ddiv                          
2000d96d  PRCMCC3200MCUInit                     
2000daa1  fputs                                 
2000dbad  puts                                  
2000dbd5  strtol                                
2000dd09  vListInitialise                       
2000dd39  vListInitialiseItem                   
2000dd49  vListInsertEnd                        
2000dd85  vListInsert                           
2000ddeb  uxListRemove                          
2000de35  strtoul                               
2000df49  pxPortInitialiseStack                 
2000df99  xPortStartScheduler                   
2000dfc5  vPortEndScheduler                     
2000dfc7  vPortYield                            
2000dfd9  vPortEnterCritical                    
2000dff1  vPortExitCritical                     
2000e009  xPortSysTickHandler                   
2000e025  vPortSetupTimerInterrupt              
2000e059  _Dscale                               
2000e169  _SlDrvNetAppEventHandler              
2000e267  __aeabi_dmul                          
2000e363  __aeabi_fsub                          
2000e367  __aeabi_fadd                          
2000e45d  _SlDrvDriverCBDeinit                  
2000e551  sl_FsRead                             
2000e645  uDMAChannelTransferSet                
2000e735  sl_FsWrite                            
2000e821  SmartConfigConnect                    
2000e8a9  SmartConfigStop                       
2000e909  setvbuf                               
2000e9e5  spi_Read                              
2000eac1  _SlDrvClassifyRxMsg                   
2000eb99  sl_Stop                               
2000ee0d  vsscanf                               
2000ee1f  sscanf                                
2000eed9  _sl_HandleAsync_DnsGetHostByService   
2000efa1  __TI_doflush                          
2000efed  fflush                                
2000f069  _SlRemoveFromList                     
2000f12d  _Dnorm                                
2000f1ed  _SlDrvMsgReadCmdCtx                   
2000f2a9  sl_Start                              
2000f369  ulPortSetInterruptMask                
2000f37f  vPortClearInterruptMask               
2000f38d  xPortPendSVHandler                    
2000f3d9  vPortSVCHandler                       
2000f401  prvPortStartFirstTask                 
2000f419  portCLZ                               
2000f4d9  _SlAsyncEventGenericHandler           
2000f591  sl_NetAppMDNSRegisterUnregisterService
2000f645  __TI_wrt_ok                           
2000f6a7  __TI_rd_ok                            
2000f6f1  IntDisable                            
2000f799  IntEnable                             
2000f841  SPIConfigSetExpClk                    
2000f8e1  _SlDrvMsgReadSpawnCtx                 
2000f97d  __aeabi_memcpy                        
2000f97d  __aeabi_memcpy4                       
2000f97d  __aeabi_memcpy8                       
2000f97d  memcpy                                
2000fa19  sl_DevGet                             
2000fab5  _sl_GetCreateFsMode                   
2000fb4d  __TI_closefile                        
2000fbb3  fclose                                
2000fbe5  fputc                                 
2000fbe5  putc                                  
2000fc69  putchar                               
2000fc7d  PRCMPeripheralClockGet                
2000fd11  sl_WlanGet                            
2000fda5  __aeabi_fdiv                          
2000fe39  sl_WlanSmartConfigStart               
2000ffe1  _sl_HandleAsync_DnsGetHostByName      
2001006d  _sl_HandleAsync_PingResponse          
200100f9  PinMuxConfig                          
20010185  spi_Write                             
20010211  PinConfigSet                          
20010299  SPITransfer                           
20010321  vsnprintf                             
200103a9  sl_FsClose                            
20010431  __aeabi_cdcmpeq                       
20010431  __aeabi_cdcmple                       
200104b7  __aeabi_cdrcmple                      
2001053d  NwpPowerOnPreamble                    
200105c1  GPIOIntTypeSet                        
20010645  _SlDrvCmdOp                           
200107c5  _sl_HandleAsync_InitComplete          
20010841  sl_FsGetInfo                          
200108bd  __aeabi_fmul                          
20010937  __aeabi_memclr                        
20010937  __aeabi_memclr4                       
20010937  __aeabi_memclr8                       
20010939  __aeabi_memset                        
20010939  __aeabi_memset4                       
20010939  __aeabi_memset8                       
2001093f  memset                                
200109b1  _sl_HandleAsync_Connect               
20010a29  sl_FsOpen                             
20010aa1  spi_Close                             
20010b19  UARTConfigSetExpClk                   
20010b8f  __aeabi_d2f                           
20010bfd  _SlDrvCmdSend                         
20010c69  __TI_auto_init                        
20010cdd  fprintf                               
20010dad  _sl_NetAppSendTokenValue              
20010e15  __TI_writemsg                         
20010e43  C$$IO$$                               
20010e47  __TI_readmsg                          
20010e7d  sl_NetCfgSet                          
20010ee5  sl_WlanSet                            
20010f4d  _Dunscale                             
20010fb5  fseek                                 
20011019  uDMAChannelAttributeDisable           
2001107d  uDMAChannelAttributeEnable            
200110e1  __aeabi_cfcmpeq                       
200110e1  __aeabi_cfcmple                       
20011141  __aeabi_cfrcmple                      
200111a1  _sl_HandleAsync_Accept                
20011201  sl_WlanPolicySet                      
20011261  IntPendClear                          
200112b9  PRCMPeripheralReset                   
20011311  ltoa                                  
20011369  IntPrioritySet                        
200113bd  _sl_HandleAsync_Select                
20011411  sl_WlanRxFilterSet                    
20011465  _sl_HandleAsync_Stop                  
200114b5  SPIIntEnable                          
20011501  _SlDrvProtectAsyncRespSetting         
2001154d  _SlDrvRxIrqHandler                    
20011599  atoi                                  
200115e5  copy_in                               
20011631  uDMAChannelAssign                     
2001167d  SPIIntClear                           
200116c5  _SlDrvBasicCmd                        
2001170d  __aeabi_d2iz                          
20011755  laser_init                            
2001177b  laser_off                             
2001178b  laser_on                              
2001179b  ldexp                                 
20011869  C$$EXIT                               
2001186d  abort                                 
20011875  exit                                  
200118ad  __aeabi_d2uiz                         
200118f1  PinModeSet                            
20011931  signal                                
20011971  CopyPingResultsToReport               
200119ad  PRCMPeripheralClkEnable               
200119e9  _c_int00                              
20011a25  uDMAChannelControlSet                 
20011a61  NwpPowerOff                           
20011a99  pvPortMalloc                          
20011ab9  vPortFree                             
20011ad1  __aeabi_f2d                           
20011b09  __aeabi_f2iz                          
20011b41  GPIODirModeSet                        
20011b77  sl_NetAppMDNSUnRegisterService        
20011bad  PRCMPeripheralStatusGet               
20011be1  SPIFIFOLevelSet                       
20011c15  feraiseexcept                         
20011c49  __aeabi_f2uiz                         
20011c7d  PinTypeGPIO                           
20011cad  UARTDisable                           
20011cdd  _SlDrvDeviceEventHandler              
20011d0d  _sl_Strlen                            
20011d3d  strncpy                               
20011d6d  _Feraise                              
20011d9d  sl_WlanProfileDel                     
20011dcd  sl_WlanSetMode                        
20011dfd  __aeabi_i2d                           
20011e2b  raise                                 
20011e59  DmaSpiSwIntHandler                    
20011e85  NwpPowerOn                            
20011eb1  PRCMSysResetCauseGet                  
20011edd  _Dclass                               
20011f09  PRCMPeripheralClkDisable              
20011f31  sl_NetAppStart                        
20011f59  sl_NetAppStop                         
20011f81  NwpRegisterInterruptHandler           
20011fa9  IntUnregister                         
20011fcd  UARTEnable                            
20011ff1  _SlDrvProtectionObjLockWaitForever    
20012015  memmove                               
20012039  SPIReset                              
2001205b  SPIWordCountSet                       
2001207d  frexp                                 
2001209f  memcmp                                
200120c1  GPIOPinWrite                          
200120e1  IntRegister                           
20012101  _SlDrvProtectionObjUnLock             
20012121  memchr                                
20012141  UARTCharPut                           
2001217d  UARTCharGetNonBlocking                
20012199  _SlDrvObjLockWaitForever              
200121b5  _SlDrvSyncObjWaitForever              
200121d1  memccpy                               
200121ed  uDMAChannelEnable                     
20012209  GPIOIntEnable                         
20012223  PinTypeSPI                            
2001223d  PinTypeUART                           
20012257  SPIDmaDisable                         
20012271  SPIDmaEnable                          
2001228b  SPIFIFODisable                        
200122a5  SPIFIFOEnable                         
200122bf  GPIOPinRead                           
200122d7  SPICSDisable                          
200122ef  SPICSEnable                           
20012307  SPIDisable                            
2001231f  SPIEnable                             
20012337  UARTCharsAvail                        
2001234f  _SlDrvObjUnLock                       
20012367  _SlDrvSyncObjSignal                   
20012381  _sl_GetStartResponseConvert           
20012399  _args_main                            
200123b1  __aeabi_lmul                          
200123c9  strcmp                                
200123e1  strrchr                               
200123f9  PRCMHIBRegRead                        
2001240f  PRCMHIBRegWrite                       
20012425  _SlDrvMemZero                         
2001243b  strchr                                
20012451  CPUcpsie                              
20012465  GPIOIntClear                          
20012479  IntVTableBaseSet                      
2001248d  _register_unlock                      
20012493  _register_lock                        
2001249b  _nop                                  
200124a1  strcpy                                
200124b5  strlen                                
200124c9  _SlDrvResetCmdExt                     
200124d7  __TI_decompress_none                  
200124e5  ResetISR                              
200124f5  NwpMaskInterrupt                      
20012501  NwpUnMaskInterrupt                    
2001250d  __TI_zero_init                        
20012519  sl_WlanDisconnect                     
20012525  sl_WlanSmartConfigStop                
20012531  IntMasterEnable                       
2001253b  UtilsDelay                            
20012541  __TI_decompress_rle24                 
20012547  __abort_execution                     
2001254b  _system_pre_init                      
20012550  _ctypes_                              
200129e8  OpcodeTranslateTable                  
20012a24  _SlPolicySetCmdCtrl                   
20012a28  _SlPolicyGetCmdCtrl                   
20012a2c  _SlProfileGetCmdCtrl                  
20012a30  _SlProfileDelCmdCtrl                  
20012a34  _SlWlanGetNetworkListCtrl             
20012a38  _SlRxFilterAddtCmdCtrl                
20012a3c  _SlRxFilterSetCmdCtrl                 
20012a40  _SlRxFilterGetCmdCtrl                 
20012a44  _SlSmartConfigStartCmdCtrl            
20012a48  _SlWlanSetModeCmdCtrl                 
20012a4c  _SlWlanCfgSetCmdCtrl                  
20012a50  _SlWlanCfgGetCmdCtrl                  
20012a60  _SlActionLookupTable                  
20012a98  _SlFsOpenCmdCtrl                      
20012a9c  _SlFsCloseCmdCtrl                     
20012aa0  _SlFsReadCmdCtrl                      
20012aa4  _SlFsWriteCmdCtrl                     
20012aa8  _SlFsGetInfoCmdCtrl                   
20012aac  _SlFsDeleteCmdCtrl                    
20012ad0  g_H2NSyncPattern                      
20012ad8  g_H2NCnysPattern                      
20012ae0  RxMsgClassLUT                         
20012b30  _SlNetAppStartCtrl                    
20012b34  _SlNetAppStopCtrl                     
20012b38  _SlGetServiceListeCtrl                
20012b3c  _SlRegisterServiceCtrl                
20012b40  _SlGetHostByServiceCtrl               
20012b44  _SlGetHostByNameCtrl                  
20012b48  _SlNetAppSetCmdCtrl                   
20012b4c  _SlNetAppSendTokenValueCmdCtrl        
20012b50  _SlNetAppGetCmdCtrl                   
20012bec  _SlStopCmdCtrl                        
20012bf0  _SlEventMaskSetCmdCtrl                
20012bf4  _SlEventMaskGetCmdCtrl                
20012bf8  _SlDeviceGetCmdCtrl                   
20012bfc  _SlDeviceSetCmdCtrl                   
20012c10  StartResponseLUT                      
20012c18  _SlNetCfgSetCmdCtrl                   
20012c1c  _SlNetCfgGetCmdCtrl                   
20012c20  __TI_static_base__                    
20012d28  __TI_Handler_Table_Base               
20012d34  __TI_Handler_Table_Limit              
20012d40  __TI_CINIT_Base                       
20012d50  __TI_CINIT_Limit                      
20017000  _sys_memory                           
2001f000  g_StatMem                             
2001f178  __CIOBUF_                             
2001f360  __TI_tmpnams                          
2001f4c8  g_ucDinDout                           
2001f518  xQueueRegistry                        
2001f568  g_ucConnectionSSID                    
2001f58c  g_ucSSID                              
2001f630  g_ucConnectionBSSID                   
2001f640  DMAMsgQ                               
2001f644  FileAvail                             
2001f648  FileSaved                             
2001f64c  G_FILE                                
2001f650  OpenFile                              
2001f654  Processing                            
2001f65c  blocks                                
2001f660  bytesRead                             
2001f664  g_cDummy                              
2001f670  RxIrqCnt                              
2001f671  g_ucLED1Pin                           
2001f672  g_ucLED2Pin                           
2001f673  g_ucLED3Pin                           
2001f678  _ftable                               
2001f8e8  _Denorm                               
2001f8f8  _Eps                                  
2001f908  _Hugeval                              
2001f918  _Inf                                  
2001f928  _Nan                                  
2001f938  _Snan                                 
2001f948  _Rteps                                
2001f958  _Xbig                                 
2001f960  _Zero                                 
2001f968  g_ulStatus                            
2001f96c  g_ulPingPacketsRecv                   
2001f970  g_ulGatewayIP                         
2001f974  POST_token                            
2001f97f  GET_token                             
2001f98c  g_iSimplelinkRole                     
2001f990  g_uiIpAddress                         
2001f994  OP_STATUS                             
2001f998  fileHandle                            
2001f99c  Token                                 
2001f9a0  bytesReceived                         
2001f9a4  g_usMCNetworkUstate                   
2001f9a8  g_uiSimplelinkRole                    
2001f9ac  g_uiDeviceModeConfig                  
2001f9b0  g_ucConnectTimeout                    
2001f9b4  pxCurrentTCB                          
2001f9fc  g_uiLED1Port                          
2001fa00  g_uiLED2Port                          
2001fa04  g_uiLED3Port                          
2001fa08  __TI_ft_end                           
2001fa0c  __aeabi_stdin                         
2001fa10  __aeabi_stdout                        
2001fa14  __aeabi_stderr                        
2001fa18  xHigherPriorityTaskWoken              
2001fa1c  xSimpleLinkSpawnQueue                 
2001fa20  xSimpleLinkSpawnTaskHndl              
2001fa30  g_SpiFd                               
2001fa34  g_pHostIntHdl                         
2001fa38  g_ucDMAEnabled                        
2001fa3c  g_pCB                                 
2001fa40  pPingCallBackFunc                     
2001fa44  gFirstCmdMode                         
2001fa58  _lock                                 
2001fa5c  _unlock                               
2001fa60  __TI_cleanup_ptr                      
2001fa64  __TI_dtors_ptr                        
2001fa68  _Fenv                                 
2001fa6c  _Tls_setup__Fenv                      
2001fa74  _Errno                                
2001fa7c  main_func_sp                          
2002f800  __stack                               
20030000  __STACK_END                           
ffffffff  __binit__                             
ffffffff  __c_args__                            
ffffffff  binit                                 
UNDEFED   SHT$$INIT_ARRAY$$Base                 
UNDEFED   SHT$$INIT_ARRAY$$Limit                

[606 symbols]
