******************************************************************************
                  TI ARM Linker PC v5.2.7                      
******************************************************************************
>> Linked Thu Mar 24 21:35:49 2016

OUTPUT FILE NAME:   <LaserCeenC.out>
ENTRY POINT SYMBOL: "_c_int00"  address: 2000de2d


MEMORY CONFIGURATION

         name            origin    length      used     unused   attr    fill
----------------------  --------  ---------  --------  --------  ----  --------
  SRAM_CODE             20004000   00013000  0000b04a  00007fb6  RW X
  SRAM_DATA             20017000   00019000  00008fcc  00010034  RW X


SEGMENT ALLOCATION MAP

run origin  load origin   length   init length attrs members
----------  ----------- ---------- ----------- ----- -------
20004000    20004000    0000b050   0000b050    r-x
  20004000    20004000    00000400   00000400    r-- .intvecs
  20004400    20004400    0000a552   0000a552    r-x .text
  2000e954    2000e954    00000638   00000638    r-- .const
  2000ef90    2000ef90    000000c0   000000c0    r-- .cinit
20017000    20017000    000087cc   00000000    rw-
  20017000    20017000    00008000   00000000    rw- .sysmem
  2001f000    2001f000    000005b8   00000000    rw- .bss
  2001f5b8    2001f5b8    00000214   00000000    rw- .data
2002f800    2002f800    00000800   00000000    rw-
  2002f800    2002f800    00000800   00000000    rw- .stack


SECTION ALLOCATION MAP

 output                                  attributes/
section   page    origin      length       input sections
--------  ----  ----------  ----------   ----------------
.intvecs   0    20004000    00000400     
                  20004000    00000400     startup_ccs.obj (.intvecs)

.init_array 
*          0    20004000    00000000     UNINITIALIZED

.text      0    20004400    0000a552     
                  20004400    00001688     main.obj (.text)
                  20005a88    0000125c     free_rtos.a : tasks.obj (.text)
                  20006ce4    000010a6     rtsv7M4_T_le_eabi.lib : _printfi.obj (.text)
                  20007d8a    00000002     driverlib.a : interrupt.obj (.text:IntDefaultHandler)
                  20007d8c    00000b24     free_rtos.a : queue.obj (.text)
                  200088b0    000005ec     simplelink.a : driver.obj (.text:_SlDrvMsgRead)
                  20008e9c    0000045c     free_rtos.a : osi_freertos.obj (.text)
                  200092f8    000003dc     rtsv7M4_T_le_eabi.lib : memory.obj (.text)
                  200096d4    00000394     gpio_if.obj (.text)
                  20009a68    00000290     uart_if.obj (.text)
                  20009cf8    00000248     simplelink.a : driver.obj (.text:_SlDrvRxHdrRead)
                  20009f40    000001f4     rtsv7M4_T_le_eabi.lib : ull_div_t2.obj (.text)
                  2000a134    000001d0     simplelink.a : driver.obj (.text:_SlDrvReleasePoolObj)
                  2000a304    000001cc                  : driver.obj (.text:_SlDrvMsgWrite)
                  2000a4d0    000001b6     rtsv7M4_T_le_eabi.lib : fd_add_t2.obj (.text)
                  2000a686    00000002     --HOLE-- [fill = 0]
                  2000a688    00000190     simplelink.a : driver.obj (.text:_SlDrvWaitForPoolObj)
                  2000a818    00000174                  : driver.obj (.text:_SlDrvDriverCBInit)
                  2000a98c    00000170                  : driver.obj (.text:_SlFindAndSetActiveObj)
                  2000aafc    00000150                  : cc_pal.obj (.text:spi_Open)
                  2000ac4c    00000136     rtsv7M4_T_le_eabi.lib : fd_div_t2.obj (.text)
                  2000ad82    00000002     --HOLE-- [fill = 0]
                  2000ad84    00000134     driverlib.a : prcm.obj (.text:PRCMCC3200MCUInit)
                  2000aeb8    0000012a     free_rtos.a : list.obj (.text)
                  2000afe2    00000002     --HOLE-- [fill = 0]
                  2000afe4    00000110                 : port.obj (.text)
                  2000b0f4    00000110     rtsv7M4_T_le_eabi.lib : xdscale.obj (.text)
                  2000b204    000000fe     simplelink.a : netapp.obj (.text:_SlDrvNetAppEventHandler)
                  2000b302    000000fc     rtsv7M4_T_le_eabi.lib : fd_mul_t2.obj (.text)
                  2000b3fe    00000002     --HOLE-- [fill = 0]
                  2000b400    000000f4     simplelink.a : driver.obj (.text:_SlDrvDriverCBDeinit)
                  2000b4f4    000000f0     driverlib.a : udma.obj (.text:uDMAChannelTransferSet)
                  2000b5e4    000000ec     simplelink.a : fs.obj (.text:sl_FsWrite)
                  2000b6d0    000000e8     smartconfig.obj (.text)
                  2000b7b8    000000dc     simplelink.a : cc_pal.obj (.text:spi_Read)
                  2000b894    000000d8                  : driver.obj (.text:_SlDrvClassifyRxMsg)
                  2000b96c    000000d4                  : device.obj (.text:sl_Stop)
                  2000ba40    000000c8                  : netapp.obj (.text:_sl_HandleAsync_DnsGetHostByService)
                  2000bb08    000000c4                  : driver.obj (.text:_SlRemoveFromList)
                  2000bbcc    000000be     rtsv7M4_T_le_eabi.lib : xdnorm.obj (.text)
                  2000bc8a    00000002     --HOLE-- [fill = 0]
                  2000bc8c    000000bc     simplelink.a : driver.obj (.text:_SlDrvMsgReadCmdCtx)
                  2000bd48    000000bc                  : device.obj (.text:sl_Start)
                  2000be04    000000ba     free_rtos.a : portasm.obj (.text)
                  2000bebe    00000002     --HOLE-- [fill = 0]
                  2000bec0    000000b8     simplelink.a : driver.obj (.text:_SlAsyncEventGenericHandler)
                  2000bf78    000000b4                  : netapp.obj (.text:sl_NetAppMDNSRegisterUnregisterService)
                  2000c02c    000000a8     driverlib.a : interrupt.obj (.text:IntDisable)
                  2000c0d4    000000a8                 : interrupt.obj (.text:IntEnable)
                  2000c17c    000000a0                 : spi.obj (.text:SPIConfigSetExpClk)
                  2000c21c    0000009c     simplelink.a : driver.obj (.text:_SlDrvMsgReadSpawnCtx)
                  2000c2b8    0000009c     rtsv7M4_T_le_eabi.lib : memcpy_t2.obj (.text)
                  2000c354    0000009c     simplelink.a : device.obj (.text:sl_DevGet)
                  2000c3f0    00000098                  : fs.obj (.text:_sl_GetCreateFsMode)
                  2000c488    00000094     driverlib.a : prcm.obj (.text:PRCMPeripheralClockGet)
                  2000c51c    00000094     simplelink.a : wlan.obj (.text:sl_WlanGet)
                  2000c5b0    00000090                  : wlan.obj (.text:sl_WlanSmartConfigStart)
                  2000c640    0000008c                  : cc_pal.obj (.text:SetupDMAReceive)
                  2000c6cc    0000008c                  : cc_pal.obj (.text:SetupDMASend)
                  2000c758    0000008c                  : netapp.obj (.text:_sl_HandleAsync_DnsGetHostByName)
                  2000c7e4    0000008c                  : netapp.obj (.text:_sl_HandleAsync_PingResponse)
                  2000c870    0000008c                  : cc_pal.obj (.text:spi_Write)
                  2000c8fc    00000088     driverlib.a : pin.obj (.text:PinConfigSet)
                  2000c984    00000088     rtsv7M4_T_le_eabi.lib : vsnprintf.obj (.text)
                  2000ca0c    00000088     simplelink.a : fs.obj (.text:sl_FsClose)
                  2000ca94    00000086     rtsv7M4_T_le_eabi.lib : fd_cmp_t2.obj (.text:__aeabi_cdcmple)
                  2000cb1a    00000086                           : fd_cmp_t2.obj (.text:__aeabi_cdrcmple)
                  2000cba0    00000084     simplelink.a : cc_pal.obj (.text:NwpPowerOnPreamble)
                  2000cc24    00000082     driverlib.a : gpio.obj (.text:GPIOIntTypeSet)
                  2000cca6    00000002     --HOLE-- [fill = 0]
                  2000cca8    00000080     simplelink.a : driver.obj (.text:_SlDrvCmdOp)
                  2000cd28    00000080                  : cc_pal.obj (.text:spi_Read_CPU)
                  2000cda8    00000080                  : cc_pal.obj (.text:spi_Write_CPU)
                  2000ce28    0000007c     driverlib.a : sdhost.obj (.text:SDHostInit)
                  2000cea4    0000007c     simplelink.a : device.obj (.text:_sl_HandleAsync_InitComplete)
                  2000cf20    0000007a     rtsv7M4_T_le_eabi.lib : memset_t2.obj (.text)
                  2000cf9a    00000002     --HOLE-- [fill = 0]
                  2000cf9c    00000078     simplelink.a : socket.obj (.text:_sl_HandleAsync_Connect)
                  2000d014    00000078                  : fs.obj (.text:sl_FsOpen)
                  2000d08c    00000078                  : cc_pal.obj (.text:spi_Close)
                  2000d104    00000076     driverlib.a : uart.obj (.text:UARTConfigSetExpClk)
                  2000d17a    00000002     --HOLE-- [fill = 0]
                  2000d17c    0000006c     simplelink.a : driver.obj (.text:_SlDrvCmdSend)
                  2000d1e8    0000006c     rtsv7M4_T_le_eabi.lib : autoinit.obj (.text)
                  2000d254    0000006a                           : copy_decompress_rle.obj (.text)
                  2000d2be    00000002     --HOLE-- [fill = 0]
                  2000d2c0    00000068     simplelink.a : netapp.obj (.text:_sl_NetAppSendTokenValue)
                  2000d328    00000068                  : netcfg.obj (.text:sl_NetCfgSet)
                  2000d390    00000068                  : wlan.obj (.text:sl_WlanSet)
                  2000d3f8    00000066     driverlib.a : sdhost.obj (.text:SDHostSetExpClk)
                  2000d45e    00000066     rtsv7M4_T_le_eabi.lib : xdunscal.obj (.text)
                  2000d4c4    00000064     driverlib.a : udma.obj (.text:uDMAChannelAttributeDisable)
                  2000d528    00000064                 : udma.obj (.text:uDMAChannelAttributeEnable)
                  2000d58c    00000062     pinmux.obj (.text)
                  2000d5ee    00000002     --HOLE-- [fill = 0]
                  2000d5f0    00000060     simplelink.a : socket.obj (.text:_sl_HandleAsync_Accept)
                  2000d650    00000060                  : wlan.obj (.text:sl_WlanPolicySet)
                  2000d6b0    00000058     driverlib.a : interrupt.obj (.text:IntPendClear)
                  2000d708    00000058                 : prcm.obj (.text:PRCMPeripheralReset)
                  2000d760    00000056     rtsv7M4_T_le_eabi.lib : ltoa.obj (.text)
                  2000d7b6    00000002     --HOLE-- [fill = 0]
                  2000d7b8    00000054     driverlib.a : interrupt.obj (.text:IntPrioritySet)
                  2000d80c    00000054     simplelink.a : socket.obj (.text:_sl_HandleAsync_Select)
                  2000d860    00000054                  : wlan.obj (.text:sl_WlanRxFilterSet)
                  2000d8b4    00000050                  : device.obj (.text:_sl_HandleAsync_Stop)
                  2000d904    0000004c     driverlib.a : spi.obj (.text:SPIIntEnable)
                  2000d950    0000004c     simplelink.a : driver.obj (.text:_SlDrvProtectAsyncRespSetting)
                  2000d99c    0000004c                  : driver.obj (.text:_SlDrvRxIrqHandler)
                  2000d9e8    0000004c     rtsv7M4_T_le_eabi.lib : atoi.obj (.text)
                  2000da34    0000004c                           : cpy_tbl.obj (.text)
                  2000da80    0000004c     driverlib.a : udma.obj (.text:uDMAChannelAssign)
                  2000dacc    00000048                 : spi.obj (.text:SPIIntClear)
                  2000db14    00000048     simplelink.a : driver.obj (.text:_SlDrvBasicCmd)
                  2000db5c    00000048     rtsv7M4_T_le_eabi.lib : fd_toi_t2.obj (.text)
                  2000dba4    00000046                           : ldexp.obj (.text)
                  2000dbea    00000002     --HOLE-- [fill = 0]
                  2000dbec    00000044     driverlib.a : spi.obj (.text:SPIDmaMaskGet)
                  2000dc30    00000044     simplelink.a : cc_pal.obj (.text:cc_SetupTransfer)
                  2000dc74    00000044     rtsv7M4_T_le_eabi.lib : exit.obj (.text)
                  2000dcb8    00000040     driverlib.a : pin.obj (.text:PinModeSet)
                  2000dcf8    00000040     rtsv7M4_T_le_eabi.lib : signal.obj (.text)
                  2000dd38    0000003e     driverlib.a : sdhost.obj (.text:SDHostCmdSend)
                  2000dd76    0000003c     simplelink.a : netapp.obj (.text:CopyPingResultsToReport)
                  2000ddb2    00000002     --HOLE-- [fill = 0]
                  2000ddb4    0000003c     driverlib.a : prcm.obj (.text:PRCMPeripheralClkEnable)
                  2000ddf0    0000003c                 : pin.obj (.text:PinDirModeSet)
                  2000de2c    0000003c     rtsv7M4_T_le_eabi.lib : boot.obj (.text)
                  2000de68    0000003c     driverlib.a : udma.obj (.text:uDMAChannelControlSet)
                  2000dea4    00000038     simplelink.a : cc_pal.obj (.text:NwpPowerOff)
                  2000dedc    00000038     free_rtos.a : heap_3.obj (.text)
                  2000df14    00000036     driverlib.a : gpio.obj (.text:GPIODirModeSet)
                  2000df4a    00000036     simplelink.a : netapp.obj (.text:sl_NetAppMDNSUnRegisterService)
                  2000df80    00000034     driverlib.a : prcm.obj (.text:PRCMPeripheralStatusGet)
                  2000dfb4    00000034                 : sdhost.obj (.text:SDHostRespGet)
                  2000dfe8    00000034                 : spi.obj (.text:SPIFIFOLevelSet)
                  2000e01c    00000034     rtsv7M4_T_le_eabi.lib : feraiseexcept.obj (.text)
                  2000e050    00000030     driverlib.a : pin.obj (.text:PinTypeGPIO)
                  2000e080    00000030                 : uart.obj (.text:UARTDisable)
                  2000e0b0    00000030     simplelink.a : device.obj (.text:_SlDrvDeviceEventHandler)
                  2000e0e0    00000030                  : fs.obj (.text:_sl_Strlen)
                  2000e110    00000030     rtsv7M4_T_le_eabi.lib : xferaise.obj (.text)
                  2000e140    00000030     simplelink.a : wlan.obj (.text:sl_WlanProfileDel)
                  2000e170    00000030                  : wlan.obj (.text:sl_WlanSetMode)
                  2000e1a0    0000002e     rtsv7M4_T_le_eabi.lib : i_tofd_t2.obj (.text)
                  2000e1ce    0000002e                           : raise.obj (.text)
                  2000e1fc    0000002c     simplelink.a : cc_pal.obj (.text:DmaSpiSwIntHandler)
                  2000e228    0000002c                  : cc_pal.obj (.text:NwpPowerOn)
                  2000e254    0000002c     driverlib.a : prcm.obj (.text:PRCMSysResetCauseGet)
                  2000e280    0000002c                 : sdhost.obj (.text:SDHostIntStatus)
                  2000e2ac    0000002a     rtsv7M4_T_le_eabi.lib : xdclass.obj (.text)
                  2000e2d6    00000002     --HOLE-- [fill = 0]
                  2000e2d8    00000028     driverlib.a : prcm.obj (.text:PRCMPeripheralClkDisable)
                  2000e300    00000028                 : sdhost.obj (.text:SDHostBlockSizeSet)
                  2000e328    00000028     simplelink.a : netapp.obj (.text:sl_NetAppStart)
                  2000e350    00000028                  : netapp.obj (.text:sl_NetAppStop)
                  2000e378    00000026                  : cc_pal.obj (.text:NwpRegisterInterruptHandler)
                  2000e39e    00000026     driverlib.a : sdhost.obj (.text:SDHostBlockCountSet)
                  2000e3c4    00000024                 : interrupt.obj (.text:IntUnregister)
                  2000e3e8    00000024                 : sdhost.obj (.text:SDHostIntClear)
                  2000e40c    00000024                 : uart.obj (.text:UARTEnable)
                  2000e430    00000024     simplelink.a : driver.obj (.text:_SlDrvProtectionObjLockWaitForever)
                  2000e454    00000024     rtsv7M4_T_le_eabi.lib : memmov.obj (.text)
                  2000e478    00000022     driverlib.a : sdhost.obj (.text:SDHostCmdReset)
                  2000e49a    00000022                 : spi.obj (.text:SPIReset)
                  2000e4bc    00000022                 : spi.obj (.text:SPIWordCountSet)
                  2000e4de    00000022     rtsv7M4_T_le_eabi.lib : frexp.obj (.text)
                  2000e500    00000022                           : memcmp.obj (.text)
                  2000e522    00000020     driverlib.a : gpio.obj (.text:GPIOPinWrite)
                  2000e542    00000002     --HOLE-- [fill = 0]
                  2000e544    00000020                 : interrupt.obj (.text:IntRegister)
                  2000e564    00000020                 : sdhost.obj (.text:SDHostDataRead)
                  2000e584    00000020     simplelink.a : driver.obj (.text:_SlDrvProtectionObjUnLock)
                  2000e5a4    0000001e     driverlib.a : uart.obj (.text:UARTCharPut)
                  2000e5c2    0000001e     simplelink.a : cc_pal.obj (.text:cc_UDMAChannelSelect)
                  2000e5e0    0000001c     driverlib.a : uart.obj (.text:UARTCharGetNonBlocking)
                  2000e5fc    0000001c     simplelink.a : driver.obj (.text:_SlDrvObjLockWaitForever)
                  2000e618    0000001c                  : driver.obj (.text:_SlDrvSyncObjWaitForever)
                  2000e634    0000001c     rtsv7M4_T_le_eabi.lib : memccpy.obj (.text)
                  2000e650    0000001c     driverlib.a : udma.obj (.text:uDMAChannelEnable)
                  2000e66c    0000001a                 : gpio.obj (.text:GPIOIntEnable)
                  2000e686    0000001a                 : pin.obj (.text:PinTypeSDHost)
                  2000e6a0    0000001a                 : pin.obj (.text:PinTypeUART)
                  2000e6ba    0000001a                 : spi.obj (.text:SPIDmaDisable)
                  2000e6d4    0000001a                 : spi.obj (.text:SPIDmaEnable)
                  2000e6ee    0000001a                 : spi.obj (.text:SPIFIFODisable)
                  2000e708    0000001a                 : spi.obj (.text:SPIFIFOEnable)
                  2000e722    00000018                 : gpio.obj (.text:GPIOPinRead)
                  2000e73a    00000018                 : spi.obj (.text:SPICSDisable)
                  2000e752    00000018                 : spi.obj (.text:SPICSEnable)
                  2000e76a    00000018                 : spi.obj (.text:SPIDisable)
                  2000e782    00000018                 : spi.obj (.text:SPIEnable)
                  2000e79a    00000018                 : uart.obj (.text:UARTCharsAvail)
                  2000e7b2    00000018     simplelink.a : driver.obj (.text:_SlDrvObjUnLock)
                  2000e7ca    00000018                  : driver.obj (.text:_SlDrvSyncObjSignal)
                  2000e7e2    00000002     --HOLE-- [fill = 0]
                  2000e7e4    00000018                  : device.obj (.text:_sl_GetStartResponseConvert)
                  2000e7fc    00000018     rtsv7M4_T_le_eabi.lib : args_main.obj (.text)
                  2000e814    00000016     driverlib.a : prcm.obj (.text:PRCMHIBRegRead)
                  2000e82a    00000016                 : prcm.obj (.text:PRCMHIBRegWrite)
                  2000e840    00000016     simplelink.a : driver.obj (.text:_SlDrvMemZero)
                  2000e856    00000016     rtsv7M4_T_le_eabi.lib : strchr.obj (.text)
                  2000e86c    00000014     driverlib.a : cpu.obj (.text:CPUcpsie)
                  2000e880    00000014                 : gpio.obj (.text:GPIOIntClear)
                  2000e894    00000014                 : interrupt.obj (.text:IntVTableBaseSet)
                  2000e8a8    00000014     rtsv7M4_T_le_eabi.lib : _lock.obj (.text)
                  2000e8bc    00000014                           : strlen.obj (.text)
                  2000e8d0    0000000e     simplelink.a : driver.obj (.text:_SlDrvResetCmdExt)
                  2000e8de    0000000e     rtsv7M4_T_le_eabi.lib : copy_decompress_none.obj (.text:decompress:none)
                  2000e8ec    0000000e     startup_ccs.obj (.text)
                  2000e8fa    00000002     --HOLE-- [fill = 0]
                  2000e8fc    0000000c     simplelink.a : cc_pal.obj (.text:NwpMaskInterrupt)
                  2000e908    0000000c                  : cc_pal.obj (.text:NwpUnMaskInterrupt)
                  2000e914    0000000c     rtsv7M4_T_le_eabi.lib : copy_zero_init.obj (.text:decompress:ZI)
                  2000e920    0000000c     simplelink.a : wlan.obj (.text:sl_WlanDisconnect)
                  2000e92c    0000000c                  : wlan.obj (.text:sl_WlanSmartConfigStop)
                  2000e938    0000000a     driverlib.a : interrupt.obj (.text:IntMasterEnable)
                  2000e942    00000006                 : utils.obj (.text:UtilsDelay)
                  2000e948    00000006     rtsv7M4_T_le_eabi.lib : copy_decompress_rle.obj (.text:decompress:rle24)
                  2000e94e    00000004                           : pre_init.obj (.text)

.const     0    2000e954    00000638     
                  2000e954    00000101     rtsv7M4_T_le_eabi.lib : ctype.obj (.const:.string:_ctypes_)
                  2000ea55    00000003     --HOLE-- [fill = 0]
                  2000ea58    00000100     driverlib.a : pin.obj (.const:g_ulPinToPadMap)
                  2000eb58    000000d4                 : interrupt.obj (.const:g_pulRegs)
                  2000ec2c    000000a8                 : prcm.obj (.const:PRCM_PeriphRegsList)
                  2000ecd4    00000080                 : interrupt.obj (.const)
                  2000ed54    0000003c     simplelink.a : driver.obj (.const:OpcodeTranslateTable)
                  2000ed90    0000003c                  : wlan.obj (.const)
                  2000edcc    00000038                  : driver.obj (.const:_SlActionLookupTable)
                  2000ee04    00000038                  : fs.obj (.const)
                  2000ee3c    00000034                  : driver.obj (.const)
                  2000ee70    0000002d     main.obj (.const:.string)
                  2000ee9d    00000003     --HOLE-- [fill = 0]
                  2000eea0    0000002c     main.obj (.const:$P$T1$2)
                  2000eecc    00000028     simplelink.a : netapp.obj (.const)
                  2000eef4    00000023     smartconfig.obj (.const:.string)
                  2000ef17    00000022     main.obj (.const:.string:$P$T0$1)
                  2000ef39    00000003     --HOLE-- [fill = 0]
                  2000ef3c    00000018     driverlib.a : spi.obj (.const)
                  2000ef54    00000014     main.obj (.const)
                  2000ef68    00000014     simplelink.a : device.obj (.const)
                  2000ef7c    00000008                  : device.obj (.const:.string)
                  2000ef84    00000008                  : netcfg.obj (.const)

.cinit     0    2000ef90    000000c0     
                  2000ef90    00000098     (.cinit..data.load) [load image, compression = rle]
                  2000f028    0000000c     (__TI_handler_table)
                  2000f034    00000004     --HOLE-- [fill = 0]
                  2000f038    00000008     (.cinit..bss.load) [load image, compression = zero_init]
                  2000f040    00000010     (__TI_cinit_table)

.sysmem    0    20017000    00008000     UNINITIALIZED
                  20017000    00000008     rtsv7M4_T_le_eabi.lib : memory.obj (.sysmem)
                  20017008    00007ff8     --HOLE--

.bss       0    2001f000    000005b8     UNINITIALIZED
                  2001f000    00000200     main.obj (.bss:g_ucDataBuff)
                  2001f200    00000178     simplelink.a : driver.obj (.bss:g_StatMem)
                  2001f378    000000c8     free_rtos.a : tasks.obj (.bss:pxReadyTasksLists)
                  2001f440    00000050     simplelink.a : cc_pal.obj (.bss:g_ucDinDout)
                  2001f490    00000050     free_rtos.a : queue.obj (.bss:xQueueRegistry)
                  2001f4e0    00000024     main.obj (.bss:g_ucConnectionSSID)
                  2001f504    00000024     main.obj (.bss:g_ucSSID)
                  2001f528    00000014     (.common:xDelayedTaskList1)
                  2001f53c    00000014     (.common:xDelayedTaskList2)
                  2001f550    00000014     (.common:xPendingReadyList)
                  2001f564    00000014     (.common:xSuspendedTaskList)
                  2001f578    00000014     (.common:xTasksWaitingTermination)
                  2001f58c    00000008     (.common:g_ucConnectionBSSID)
                  2001f594    00000004     (.common:DMAMsgQ)
                  2001f598    00000004     (.common:FileAvail)
                  2001f59c    00000004     (.common:G_FILE)
                  2001f5a0    00000004     (.common:G_FILE_SIZE)
                  2001f5a4    00000004     (.common:__Errorlog)
                  2001f5a8    00000004     (.common:g_cDummy)
                  2001f5ac    00000004     (.common:pxDelayedTaskList)
                  2001f5b0    00000004     (.common:pxOverflowDelayedTaskList)
                  2001f5b4    00000001     (.common:RxIrqCnt)
                  2001f5b5    00000001     (.common:g_ucLED1Pin)
                  2001f5b6    00000001     (.common:g_ucLED2Pin)
                  2001f5b7    00000001     (.common:g_ucLED3Pin)

.TI.noinit 
*          0    2001f000    00000000     UNINITIALIZED

.data      0    2001f5b8    00000214     UNINITIALIZED
                  2001f5b8    000000b0     rtsv7M4_T_le_eabi.lib : signal.obj (.data:sigtable)
                  2001f668    00000080                           : xvalues.obj (.data)
                  2001f6e8    00000039     main.obj (.data)
                  2001f721    00000003     --HOLE--
                  2001f724    00000034     free_rtos.a : tasks.obj (.data)
                  2001f758    00000020     gpio_if.obj (.data)
                  2001f778    0000000c     free_rtos.a : osi_freertos.obj (.data)
                  2001f784    0000000c     rtsv7M4_T_le_eabi.lib : memory.obj (.data)
                  2001f790    00000009     simplelink.a : cc_pal.obj (.data)
                  2001f799    00000003     --HOLE--
                  2001f79c    00000009                  : driver.obj (.data)
                  2001f7a5    00000003     --HOLE--
                  2001f7a8    00000008     rtsv7M4_T_le_eabi.lib : _lock.obj (.data)
                  2001f7b0    00000008                           : exit.obj (.data)
                  2001f7b8    00000008                           : feraiseexcept.obj (.data)
                  2001f7c0    00000004     free_rtos.a : port.obj (.data)
                  2001f7c4    00000004     rtsv7M4_T_le_eabi.lib : errno.obj (.data)
                  2001f7c8    00000004                           : stkdepth_vars.obj (.data)

.TI.persistent 
*          0    2001f5b8    00000000     UNINITIALIZED

.stack     0    2002f800    00000800     UNINITIALIZED
                  2002f800    00000800     --HOLE--


LINKER GENERATED COPY TABLES

__TI_cinit_table @ 2000f040 records: 2, size/record: 8, table size: 16
	.data: load addr=2000ef90, load size=00000098 bytes, run addr=2001f5b8, run size=00000214 bytes, compression=rle
	.bss: load addr=2000f038, load size=00000008 bytes, run addr=2001f000, run size=000005b8 bytes, compression=zero_init


LINKER GENERATED HANDLER TABLE

__TI_handler_table @ 2000f028 records: 3, size/record: 4, table size: 12
	index: 0, handler: __TI_decompress_rle24
	index: 1, handler: __TI_decompress_none
	index: 2, handler: __TI_zero_init


GLOBAL SYMBOLS: SORTED ALPHABETICALLY BY Name 

address   name                                  
-------   ----                                  
2000dc75  C$$EXIT                               
2000e86d  CPUcpsie                              
20009aa9  ClearTerm                             
20004fe9  ConnectToNetwork                      
2000dd77  CopyPingResultsToReport               
2001f594  DMAMsgQ                               
2000e1fd  DmaSpiSwIntHandler                    
20009ab3  Error                                 
2001f598  FileAvail                             
2001f6ff  GET_token                             
2000df15  GPIODirModeSet                        
2000e881  GPIOIntClear                          
2000e66d  GPIOIntEnable                         
2000cc25  GPIOIntTypeSet                        
2000e723  GPIOPinRead                           
2000e523  GPIOPinWrite                          
20009995  GPIO_IF_ConfigureNIntEnable           
20009a11  GPIO_IF_Get                           
2000994f  GPIO_IF_GetPortNPin                   
20009711  GPIO_IF_LedConfigure                  
20009803  GPIO_IF_LedOff                        
2000974f  GPIO_IF_LedOn                         
200098b7  GPIO_IF_LedStatus                     
20009921  GPIO_IF_LedToggle                     
200099d7  GPIO_IF_Set                           
2001f59c  G_FILE                                
2001f5a0  G_FILE_SIZE                           
20009aeb  GetCmd                                
20009a69  InitTerm                              
2000c02d  IntDisable                            
2000c0d5  IntEnable                             
2000e939  IntMasterEnable                       
2000d6b1  IntPendClear                          
2000d7b9  IntPrioritySet                        
2000e545  IntRegister                           
2000e3c5  IntUnregister                         
2000e895  IntVTableBaseSet                      
20009a87  Message                               
2000e8fd  NwpMaskInterrupt                      
2000dea5  NwpPowerOff                           
2000e229  NwpPowerOn                            
2000cba1  NwpPowerOnPreamble                    
2000e379  NwpRegisterInterruptHandler           
2000e909  NwpUnMaskInterrupt                    
2000ed54  OpcodeTranslateTable                  
2001f6f4  POST_token                            
2000ad85  PRCMCC3200MCUInit                     
2000e815  PRCMHIBRegRead                        
2000e82b  PRCMHIBRegWrite                       
2000e2d9  PRCMPeripheralClkDisable              
2000ddb5  PRCMPeripheralClkEnable               
2000c489  PRCMPeripheralClockGet                
2000d709  PRCMPeripheralReset                   
2000df81  PRCMPeripheralStatusGet               
2000e255  PRCMSysResetCauseGet                  
2000c8fd  PinConfigSet                          
2000ddf1  PinDirModeSet                         
2000dcb9  PinModeSet                            
2000d58d  PinMuxConfig                          
2000e051  PinTypeGPIO                           
2000e687  PinTypeSDHost                         
2000e6a1  PinTypeUART                           
20009c39  Report                                
2000e8ed  ResetISR                              
2001f5b4  RxIrqCnt                              
2000ee4c  RxMsgClassLUT                         
2000e39f  SDHostBlockCountSet                   
2000e301  SDHostBlockSizeSet                    
2000e479  SDHostCmdReset                        
2000dd39  SDHostCmdSend                         
2000e565  SDHostDataRead                        
2000ce29  SDHostInit                            
2000e3e9  SDHostIntClear                        
2000e281  SDHostIntStatus                       
2000dfb5  SDHostRespGet                         
2000d3f9  SDHostSetExpClk                       
UNDEFED   SHT$$INIT_ARRAY$$Base                 
UNDEFED   SHT$$INIT_ARRAY$$Limit                
2000e73b  SPICSDisable                          
2000e753  SPICSEnable                           
2000c17d  SPIConfigSetExpClk                    
2000e76b  SPIDisable                            
2000e6bb  SPIDmaDisable                         
2000e6d5  SPIDmaEnable                          
2000e783  SPIEnable                             
2000e6ef  SPIFIFODisable                        
2000e709  SPIFIFOEnable                         
2000dfe9  SPIFIFOLevelSet                       
2000dacd  SPIIntClear                           
2000d905  SPIIntEnable                          
2000e49b  SPIReset                              
2000e4bd  SPIWordCountSet                       
20004a41  SimpleLinkHttpServerCallback          
20004881  SimpleLinkNetAppEventHandler          
200048f5  SimpleLinkSockEventHandler            
200046c5  SimpleLinkWlanEventHandler            
2000b6d1  SmartConfigConnect                    
2000b759  SmartConfigStop                       
2000ef7c  StartResponseLUT                      
20009ba1  TrimSpace                             
2000e5e1  UARTCharGetNonBlocking                
2000e5a5  UARTCharPut                           
2000e79b  UARTCharsAvail                        
2000d105  UARTConfigSetExpClk                   
2000e081  UARTDisable                           
2000e40d  UARTEnable                            
2000e943  UtilsDelay                            
20009165  VDeleteSimpleLinkSpawnTask            
20009115  VStartSimpleLinkSpawnTask             
2000e2ad  _Dclass                               
2001f668  _Denorm                               
2000bbcd  _Dnorm                                
2000b0f5  _Dscale                               
2000d45f  _Dunscale                             
2001f678  _Eps                                  
2001f7c4  _Errno                                
2001f7b8  _Fenv                                 
2000e111  _Feraise                              
2001f688  _Hugeval                              
2001f698  _Inf                                  
2001f6a8  _Nan                                  
2001f6c8  _Rteps                                
2000edcc  _SlActionLookupTable                  
2000bec1  _SlAsyncEventGenericHandler           
2000ef74  _SlDeviceGetCmdCtrl                   
2000ef78  _SlDeviceSetCmdCtrl                   
2000db15  _SlDrvBasicCmd                        
2000b895  _SlDrvClassifyRxMsg                   
2000cca9  _SlDrvCmdOp                           
2000d17d  _SlDrvCmdSend                         
2000e0b1  _SlDrvDeviceEventHandler              
2000b401  _SlDrvDriverCBDeinit                  
2000a819  _SlDrvDriverCBInit                    
2000e841  _SlDrvMemZero                         
200088b1  _SlDrvMsgRead                         
2000bc8d  _SlDrvMsgReadCmdCtx                   
2000c21d  _SlDrvMsgReadSpawnCtx                 
2000a305  _SlDrvMsgWrite                        
2000b205  _SlDrvNetAppEventHandler              
2000e5fd  _SlDrvObjLockWaitForever              
2000e7b3  _SlDrvObjUnLock                       
2000d951  _SlDrvProtectAsyncRespSetting         
2000e431  _SlDrvProtectionObjLockWaitForever    
2000e585  _SlDrvProtectionObjUnLock             
2000a135  _SlDrvReleasePoolObj                  
2000e8d1  _SlDrvResetCmdExt                     
20009cf9  _SlDrvRxHdrRead                       
2000d99d  _SlDrvRxIrqHandler                    
2000e7cb  _SlDrvSyncObjSignal                   
2000e619  _SlDrvSyncObjWaitForever              
2000a689  _SlDrvWaitForPoolObj                  
2000ef70  _SlEventMaskGetCmdCtrl                
2000ef6c  _SlEventMaskSetCmdCtrl                
2000a98d  _SlFindAndSetActiveObj                
2000ee08  _SlFsCloseCmdCtrl                     
2000ee18  _SlFsDeleteCmdCtrl                    
2000ee14  _SlFsGetInfoCmdCtrl                   
2000ee04  _SlFsOpenCmdCtrl                      
2000ee0c  _SlFsReadCmdCtrl                      
2000ee10  _SlFsWriteCmdCtrl                     
2000eee0  _SlGetHostByNameCtrl                  
2000eedc  _SlGetHostByServiceCtrl               
2000eed4  _SlGetServiceListeCtrl                
2000eeec  _SlNetAppGetCmdCtrl                   
2000eee8  _SlNetAppSendTokenValueCmdCtrl        
2000eee4  _SlNetAppSetCmdCtrl                   
2000eecc  _SlNetAppStartCtrl                    
2000eed0  _SlNetAppStopCtrl                     
2000ef88  _SlNetCfgGetCmdCtrl                   
2000ef84  _SlNetCfgSetCmdCtrl                   
2000ed94  _SlPolicyGetCmdCtrl                   
2000ed90  _SlPolicySetCmdCtrl                   
2000ed9c  _SlProfileDelCmdCtrl                  
2000ed98  _SlProfileGetCmdCtrl                  
2000eed8  _SlRegisterServiceCtrl                
2000bb09  _SlRemoveFromList                     
2000eda4  _SlRxFilterAddtCmdCtrl                
2000edac  _SlRxFilterGetCmdCtrl                 
2000eda8  _SlRxFilterSetCmdCtrl                 
2000edb0  _SlSmartConfigStartCmdCtrl            
2000ef68  _SlStopCmdCtrl                        
2000edbc  _SlWlanCfgGetCmdCtrl                  
2000edb8  _SlWlanCfgSetCmdCtrl                  
2000eda0  _SlWlanGetNetworkListCtrl             
2000edb4  _SlWlanSetModeCmdCtrl                 
2001f6b8  _Snan                                 
2001f7bc  _Tls_setup__Fenv                      
2001f6d8  _Xbig                                 
2001f6e0  _Zero                                 
20030000  __STACK_END                           
00000800  __STACK_SIZE                          
00008000  __SYSMEM_SIZE                         
2000f040  __TI_CINIT_Base                       
2000f050  __TI_CINIT_Limit                      
2000f028  __TI_Handler_Table_Base               
2000f034  __TI_Handler_Table_Limit              
2000d1e9  __TI_auto_init                        
2001f7b0  __TI_cleanup_ptr                      
2000e8df  __TI_decompress_none                  
2000e949  __TI_decompress_rle24                 
2001f7b4  __TI_dtors_ptr                        
20007a85  __TI_printfi                          
2000ef90  __TI_static_base__                    
2000e915  __TI_zero_init                        
2000ca95  __aeabi_cdcmpeq                       
2000ca95  __aeabi_cdcmple                       
2000cb1b  __aeabi_cdrcmple                      
2000db5d  __aeabi_d2iz                          
2000a4db  __aeabi_dadd                          
2000ac4d  __aeabi_ddiv                          
2000b303  __aeabi_dmul                          
2000a4d1  __aeabi_dsub                          
2000e1a1  __aeabi_i2d                           
2000cf21  __aeabi_memclr                        
2000cf21  __aeabi_memclr4                       
2000cf21  __aeabi_memclr8                       
2000c2b9  __aeabi_memcpy                        
2000c2b9  __aeabi_memcpy4                       
2000c2b9  __aeabi_memcpy8                       
2000cf23  __aeabi_memset                        
2000cf23  __aeabi_memset4                       
2000cf23  __aeabi_memset8                       
20009f41  __aeabi_uldivmod                      
ffffffff  __binit__                             
ffffffff  __c_args__                            
2002f800  __stack                               
2000e7fd  _args_main                            
2000de2d  _c_int00                              
2000e954  _ctypes_                              
2001f7a8  _lock                                 
2000e8b7  _nop                                  
2000e8af  _register_lock                        
2000e8a9  _register_unlock                      
2000c3f1  _sl_GetCreateFsMode                   
2000e7e5  _sl_GetStartResponseConvert           
2000d5f1  _sl_HandleAsync_Accept                
2000cf9d  _sl_HandleAsync_Connect               
2000c759  _sl_HandleAsync_DnsGetHostByName      
2000ba41  _sl_HandleAsync_DnsGetHostByService   
2000cea5  _sl_HandleAsync_InitComplete          
2000c7e5  _sl_HandleAsync_PingResponse          
2000d80d  _sl_HandleAsync_Select                
2000d8b5  _sl_HandleAsync_Stop                  
2000d2c1  _sl_NetAppSendTokenValue              
2000e0e1  _sl_Strlen                            
20017000  _sys_memory                           
2000e94f  _system_pre_init                      
2001f7ac  _unlock                               
2000dc79  abort                                 
2000d9e9  atoi                                  
ffffffff  binit                                 
200096a1  calloc                                
2000da35  copy_in                               
20005d19  eTaskGetState                         
2000dc81  exit                                  
2000e01d  feraiseexcept                         
200093ef  free                                  
2000e4df  frexp                                 
2001f7a4  gFirstCmdMode                         
2000ee44  g_H2NCnysPattern                      
2000ee3c  g_H2NSyncPattern                      
2001f790  g_SpiFd                               
2001f200  g_StatMem                             
2001f5a8  g_cDummy                              
2001f70c  g_iSimplelinkRole                     
2001f79c  g_pCB                                 
2001f794  g_pHostIntHdl                         
20004000  g_pfnVectors                          
2001f720  g_ucConnectTimeout                    
2001f58c  g_ucConnectionBSSID                   
2001f4e0  g_ucConnectionSSID                    
2001f798  g_ucDMAEnabled                        
2001f440  g_ucDinDout                           
2001f5b5  g_ucLED1Pin                           
2001f5b6  g_ucLED2Pin                           
2001f5b7  g_ucLED3Pin                           
2001f504  g_ucSSID                              
2001f71c  g_uiDeviceModeConfig                  
2001f710  g_uiIpAddress                         
2001f76c  g_uiLED1Port                          
2001f770  g_uiLED2Port                          
2001f774  g_uiLED3Port                          
2001f718  g_uiSimplelinkRole                    
2001f6f0  g_ulGatewayIP                         
2001f6ec  g_ulPingPacketsRecv                   
2001f6e8  g_ulStatus                            
2001f714  g_usMCNetworkUstate                   
2000dba5  ldexp                                 
2000d761  ltoa                                  
200056a1  main                                  
2001f7c8  main_func_sp                          
20009387  malloc                                
20009269  mem_Free                              
2000925d  mem_Malloc                            
20009289  mem_copy                              
20009275  mem_set                               
200095bd  memalign                              
2000e635  memccpy                               
2000e501  memcmp                                
2000c2b9  memcpy                                
2000e455  memmove                               
2000cf29  memset                                
200092f9  minit                                 
200092df  osi_ContextRestore                    
200092dd  osi_ContextSave                       
2000929d  osi_EnterCritical                     
200092a7  osi_ExitCritical                      
20008ec3  osi_InterruptDeRegister               
20008e9d  osi_InterruptRegister                 
20008fcd  osi_LockObjCreate                     
20009041  osi_LockObjDelete                     
20009051  osi_LockObjLock                       
2000907d  osi_LockObjUnlock                     
20009191  osi_MsgQCreate                        
200091d5  osi_MsgQDelete                        
20009221  osi_MsgQRead                          
200091ef  osi_MsgQWrite                         
200092b9  osi_Sleep                             
200090a7  osi_Spawn                             
20008fab  osi_SyncObjClear                      
20008ed5  osi_SyncObjCreate                     
20008f05  osi_SyncObjDelete                     
20008f1f  osi_SyncObjSignal                     
20008f47  osi_SyncObjSignalFromISR              
20008f7f  osi_SyncObjWait                       
20008ff3  osi_TaskCreate                        
20009033  osi_TaskDelete                        
200092c9  osi_TaskDisable                       
200092d3  osi_TaskEnable                        
200092b1  osi_start                             
2001f7a0  pPingCallBackFunc                     
2000623d  pcTaskGetTaskName                     
2000beb9  portCLZ                               
2000bea1  prvPortStartFirstTask                 
2000dedd  pvPortMalloc                          
2001f724  pxCurrentTCB                          
2000afe5  pxPortInitialiseStack                 
2000e1cf  raise                                 
200094b1  realloc                               
2000dcf9  signal                                
2000c355  sl_DevGet                             
2000ca0d  sl_FsClose                            
2000d015  sl_FsOpen                             
2000b5e5  sl_FsWrite                            
2000bf79  sl_NetAppMDNSRegisterUnregisterService
2000df4b  sl_NetAppMDNSUnRegisterService        
2000e329  sl_NetAppStart                        
2000e351  sl_NetAppStop                         
2000d329  sl_NetCfgSet                          
2000bd49  sl_Start                              
2000b96d  sl_Stop                               
2000e921  sl_WlanDisconnect                     
2000c51d  sl_WlanGet                            
2000d651  sl_WlanPolicySet                      
2000e141  sl_WlanProfileDel                     
2000d861  sl_WlanRxFilterSet                    
2000d391  sl_WlanSet                            
2000e171  sl_WlanSetMode                        
2000c5b1  sl_WlanSmartConfigStart               
2000e92d  sl_WlanSmartConfigStop                
2000d08d  spi_Close                             
2000aafd  spi_Open                              
2000b7b9  spi_Read                              
2000c871  spi_Write                             
2000e857  strchr                                
2000e8bd  strlen                                
2000da81  uDMAChannelAssign                     
2000d4c5  uDMAChannelAttributeDisable           
2000d529  uDMAChannelAttributeEnable            
2000de69  uDMAChannelControlSet                 
2000e651  uDMAChannelEnable                     
2000b4f5  uDMAChannelTransferSet                
2000850d  ucQueueGetQueueType                   
2000be09  ulPortSetInterruptMask                
2000af9b  uxListRemove                          
200084ed  uxQueueGetQueueNumber                 
20008481  uxQueueMessagesWaiting                
200084b7  uxQueueMessagesWaitingFromISR         
20008497  uxQueueSpacesAvailable                
20006231  uxTaskGetNumberOfTasks                
20006261  uxTaskGetSystemState                  
20006755  uxTaskGetTaskNumber                   
20005dad  uxTaskPriorityGet                     
20006cad  uxTaskResetEventItemValue             
2000440b  vApplicationIdleHook                  
2000440d  vApplicationMallocFailedHook          
2000440f  vApplicationStackOverflowHook         
20004401  vAssertCalled                         
2000aeb9  vListInitialise                       
2000aee9  vListInitialiseItem                   
2000af35  vListInsert                           
2000aef9  vListInsertEnd                        
2000be1f  vPortClearInterruptMask               
2000b061  vPortEndScheduler                     
2000b075  vPortEnterCritical                    
2000b08d  vPortExitCritical                     
2000defd  vPortFree                             
2000be79  vPortSVCHandler                       
2000b0c1  vPortSetupTimerInterrupt              
2000b063  vPortYield                            
20008727  vQueueAddToRegistry                   
200084c9  vQueueDelete                          
200084fb  vQueueSetQueueNumber                  
20008769  vQueueUnregisterQueue                 
20005cc3  vTaskDelay                            
20005c27  vTaskDelayUntil                       
20005b97  vTaskDelete                           
20006115  vTaskEndScheduler                     
20006747  vTaskMissedYield                      
200064dd  vTaskPlaceOnEventList                 
20006541  vTaskPlaceOnUnorderedEventList        
20006c23  vTaskPriorityDisinherit               
20006b69  vTaskPriorityInherit                  
20005de5  vTaskPrioritySet                      
20005fdd  vTaskResume                           
20006775  vTaskSetTaskNumber                    
200066a7  vTaskSetTimeOutState                  
200060cb  vTaskStartScheduler                   
20005ee9  vTaskSuspend                          
20006127  vTaskSuspendAll                       
2000645d  vTaskSwitchContext                    
2000c985  vsnprintf                             
2001f778  xHigherPriorityTaskWoken              
2000be2d  xPortPendSVHandler                    
2000b035  xPortStartScheduler                   
2000b0a5  xPortSysTickHandler                   
200087b7  xQueueAddToSet                        
200080e9  xQueueAltGenericReceive               
2000803d  xQueueAltGenericSend                  
20007f11  xQueueCreateCountingSemaphore         
20007e93  xQueueCreateMutex                     
200087a3  xQueueCreateSet                       
20007e1d  xQueueGenericCreate                   
20008283  xQueueGenericReceive                  
20007d8d  xQueueGenericReset                    
20007f31  xQueueGenericSend                     
200081e7  xQueueGenericSendFromISR              
200086c3  xQueueIsQueueEmptyFromISR             
20008705  xQueueIsQueueFullFromISR              
2000843d  xQueuePeekFromISR                     
200083c5  xQueueReceiveFromISR                  
2001f490  xQueueRegistry                        
200087eb  xQueueRemoveFromSet                   
2000882d  xQueueSelectFromSet                   
20008847  xQueueSelectFromSetFromISR            
2001f77c  xSimpleLinkSpawnQueue                 
2001f780  xSimpleLinkSpawnTaskHndl              
200066cd  xTaskCheckForTimeOut                  
20005a89  xTaskGenericCreate                    
20006b1d  xTaskGetCurrentTaskHandle             
2000631f  xTaskGetIdleTaskHandle                
20006b31  xTaskGetSchedulerState                
20006205  xTaskGetTickCount                     
20006219  xTaskGetTickCountFromISR              
20006339  xTaskIncrementTick                    
200065b5  xTaskRemoveFromEventList              
20006639  xTaskRemoveFromUnorderedEventList     
20006139  xTaskResumeAll                        
20006051  xTaskResumeFromISR                    


GLOBAL SYMBOLS: SORTED BY Symbol Address 

address   name                                  
-------   ----                                  
00000800  __STACK_SIZE                          
00008000  __SYSMEM_SIZE                         
20004000  g_pfnVectors                          
20004401  vAssertCalled                         
2000440b  vApplicationIdleHook                  
2000440d  vApplicationMallocFailedHook          
2000440f  vApplicationStackOverflowHook         
200046c5  SimpleLinkWlanEventHandler            
20004881  SimpleLinkNetAppEventHandler          
200048f5  SimpleLinkSockEventHandler            
20004a41  SimpleLinkHttpServerCallback          
20004fe9  ConnectToNetwork                      
200056a1  main                                  
20005a89  xTaskGenericCreate                    
20005b97  vTaskDelete                           
20005c27  vTaskDelayUntil                       
20005cc3  vTaskDelay                            
20005d19  eTaskGetState                         
20005dad  uxTaskPriorityGet                     
20005de5  vTaskPrioritySet                      
20005ee9  vTaskSuspend                          
20005fdd  vTaskResume                           
20006051  xTaskResumeFromISR                    
200060cb  vTaskStartScheduler                   
20006115  vTaskEndScheduler                     
20006127  vTaskSuspendAll                       
20006139  xTaskResumeAll                        
20006205  xTaskGetTickCount                     
20006219  xTaskGetTickCountFromISR              
20006231  uxTaskGetNumberOfTasks                
2000623d  pcTaskGetTaskName                     
20006261  uxTaskGetSystemState                  
2000631f  xTaskGetIdleTaskHandle                
20006339  xTaskIncrementTick                    
2000645d  vTaskSwitchContext                    
200064dd  vTaskPlaceOnEventList                 
20006541  vTaskPlaceOnUnorderedEventList        
200065b5  xTaskRemoveFromEventList              
20006639  xTaskRemoveFromUnorderedEventList     
200066a7  vTaskSetTimeOutState                  
200066cd  xTaskCheckForTimeOut                  
20006747  vTaskMissedYield                      
20006755  uxTaskGetTaskNumber                   
20006775  vTaskSetTaskNumber                    
20006b1d  xTaskGetCurrentTaskHandle             
20006b31  xTaskGetSchedulerState                
20006b69  vTaskPriorityInherit                  
20006c23  vTaskPriorityDisinherit               
20006cad  uxTaskResetEventItemValue             
20007a85  __TI_printfi                          
20007d8d  xQueueGenericReset                    
20007e1d  xQueueGenericCreate                   
20007e93  xQueueCreateMutex                     
20007f11  xQueueCreateCountingSemaphore         
20007f31  xQueueGenericSend                     
2000803d  xQueueAltGenericSend                  
200080e9  xQueueAltGenericReceive               
200081e7  xQueueGenericSendFromISR              
20008283  xQueueGenericReceive                  
200083c5  xQueueReceiveFromISR                  
2000843d  xQueuePeekFromISR                     
20008481  uxQueueMessagesWaiting                
20008497  uxQueueSpacesAvailable                
200084b7  uxQueueMessagesWaitingFromISR         
200084c9  vQueueDelete                          
200084ed  uxQueueGetQueueNumber                 
200084fb  vQueueSetQueueNumber                  
2000850d  ucQueueGetQueueType                   
200086c3  xQueueIsQueueEmptyFromISR             
20008705  xQueueIsQueueFullFromISR              
20008727  vQueueAddToRegistry                   
20008769  vQueueUnregisterQueue                 
200087a3  xQueueCreateSet                       
200087b7  xQueueAddToSet                        
200087eb  xQueueRemoveFromSet                   
2000882d  xQueueSelectFromSet                   
20008847  xQueueSelectFromSetFromISR            
200088b1  _SlDrvMsgRead                         
20008e9d  osi_InterruptRegister                 
20008ec3  osi_InterruptDeRegister               
20008ed5  osi_SyncObjCreate                     
20008f05  osi_SyncObjDelete                     
20008f1f  osi_SyncObjSignal                     
20008f47  osi_SyncObjSignalFromISR              
20008f7f  osi_SyncObjWait                       
20008fab  osi_SyncObjClear                      
20008fcd  osi_LockObjCreate                     
20008ff3  osi_TaskCreate                        
20009033  osi_TaskDelete                        
20009041  osi_LockObjDelete                     
20009051  osi_LockObjLock                       
2000907d  osi_LockObjUnlock                     
200090a7  osi_Spawn                             
20009115  VStartSimpleLinkSpawnTask             
20009165  VDeleteSimpleLinkSpawnTask            
20009191  osi_MsgQCreate                        
200091d5  osi_MsgQDelete                        
200091ef  osi_MsgQWrite                         
20009221  osi_MsgQRead                          
2000925d  mem_Malloc                            
20009269  mem_Free                              
20009275  mem_set                               
20009289  mem_copy                              
2000929d  osi_EnterCritical                     
200092a7  osi_ExitCritical                      
200092b1  osi_start                             
200092b9  osi_Sleep                             
200092c9  osi_TaskDisable                       
200092d3  osi_TaskEnable                        
200092dd  osi_ContextSave                       
200092df  osi_ContextRestore                    
200092f9  minit                                 
20009387  malloc                                
200093ef  free                                  
200094b1  realloc                               
200095bd  memalign                              
200096a1  calloc                                
20009711  GPIO_IF_LedConfigure                  
2000974f  GPIO_IF_LedOn                         
20009803  GPIO_IF_LedOff                        
200098b7  GPIO_IF_LedStatus                     
20009921  GPIO_IF_LedToggle                     
2000994f  GPIO_IF_GetPortNPin                   
20009995  GPIO_IF_ConfigureNIntEnable           
200099d7  GPIO_IF_Set                           
20009a11  GPIO_IF_Get                           
20009a69  InitTerm                              
20009a87  Message                               
20009aa9  ClearTerm                             
20009ab3  Error                                 
20009aeb  GetCmd                                
20009ba1  TrimSpace                             
20009c39  Report                                
20009cf9  _SlDrvRxHdrRead                       
20009f41  __aeabi_uldivmod                      
2000a135  _SlDrvReleasePoolObj                  
2000a305  _SlDrvMsgWrite                        
2000a4d1  __aeabi_dsub                          
2000a4db  __aeabi_dadd                          
2000a689  _SlDrvWaitForPoolObj                  
2000a819  _SlDrvDriverCBInit                    
2000a98d  _SlFindAndSetActiveObj                
2000aafd  spi_Open                              
2000ac4d  __aeabi_ddiv                          
2000ad85  PRCMCC3200MCUInit                     
2000aeb9  vListInitialise                       
2000aee9  vListInitialiseItem                   
2000aef9  vListInsertEnd                        
2000af35  vListInsert                           
2000af9b  uxListRemove                          
2000afe5  pxPortInitialiseStack                 
2000b035  xPortStartScheduler                   
2000b061  vPortEndScheduler                     
2000b063  vPortYield                            
2000b075  vPortEnterCritical                    
2000b08d  vPortExitCritical                     
2000b0a5  xPortSysTickHandler                   
2000b0c1  vPortSetupTimerInterrupt              
2000b0f5  _Dscale                               
2000b205  _SlDrvNetAppEventHandler              
2000b303  __aeabi_dmul                          
2000b401  _SlDrvDriverCBDeinit                  
2000b4f5  uDMAChannelTransferSet                
2000b5e5  sl_FsWrite                            
2000b6d1  SmartConfigConnect                    
2000b759  SmartConfigStop                       
2000b7b9  spi_Read                              
2000b895  _SlDrvClassifyRxMsg                   
2000b96d  sl_Stop                               
2000ba41  _sl_HandleAsync_DnsGetHostByService   
2000bb09  _SlRemoveFromList                     
2000bbcd  _Dnorm                                
2000bc8d  _SlDrvMsgReadCmdCtx                   
2000bd49  sl_Start                              
2000be09  ulPortSetInterruptMask                
2000be1f  vPortClearInterruptMask               
2000be2d  xPortPendSVHandler                    
2000be79  vPortSVCHandler                       
2000bea1  prvPortStartFirstTask                 
2000beb9  portCLZ                               
2000bec1  _SlAsyncEventGenericHandler           
2000bf79  sl_NetAppMDNSRegisterUnregisterService
2000c02d  IntDisable                            
2000c0d5  IntEnable                             
2000c17d  SPIConfigSetExpClk                    
2000c21d  _SlDrvMsgReadSpawnCtx                 
2000c2b9  __aeabi_memcpy                        
2000c2b9  __aeabi_memcpy4                       
2000c2b9  __aeabi_memcpy8                       
2000c2b9  memcpy                                
2000c355  sl_DevGet                             
2000c3f1  _sl_GetCreateFsMode                   
2000c489  PRCMPeripheralClockGet                
2000c51d  sl_WlanGet                            
2000c5b1  sl_WlanSmartConfigStart               
2000c759  _sl_HandleAsync_DnsGetHostByName      
2000c7e5  _sl_HandleAsync_PingResponse          
2000c871  spi_Write                             
2000c8fd  PinConfigSet                          
2000c985  vsnprintf                             
2000ca0d  sl_FsClose                            
2000ca95  __aeabi_cdcmpeq                       
2000ca95  __aeabi_cdcmple                       
2000cb1b  __aeabi_cdrcmple                      
2000cba1  NwpPowerOnPreamble                    
2000cc25  GPIOIntTypeSet                        
2000cca9  _SlDrvCmdOp                           
2000ce29  SDHostInit                            
2000cea5  _sl_HandleAsync_InitComplete          
2000cf21  __aeabi_memclr                        
2000cf21  __aeabi_memclr4                       
2000cf21  __aeabi_memclr8                       
2000cf23  __aeabi_memset                        
2000cf23  __aeabi_memset4                       
2000cf23  __aeabi_memset8                       
2000cf29  memset                                
2000cf9d  _sl_HandleAsync_Connect               
2000d015  sl_FsOpen                             
2000d08d  spi_Close                             
2000d105  UARTConfigSetExpClk                   
2000d17d  _SlDrvCmdSend                         
2000d1e9  __TI_auto_init                        
2000d2c1  _sl_NetAppSendTokenValue              
2000d329  sl_NetCfgSet                          
2000d391  sl_WlanSet                            
2000d3f9  SDHostSetExpClk                       
2000d45f  _Dunscale                             
2000d4c5  uDMAChannelAttributeDisable           
2000d529  uDMAChannelAttributeEnable            
2000d58d  PinMuxConfig                          
2000d5f1  _sl_HandleAsync_Accept                
2000d651  sl_WlanPolicySet                      
2000d6b1  IntPendClear                          
2000d709  PRCMPeripheralReset                   
2000d761  ltoa                                  
2000d7b9  IntPrioritySet                        
2000d80d  _sl_HandleAsync_Select                
2000d861  sl_WlanRxFilterSet                    
2000d8b5  _sl_HandleAsync_Stop                  
2000d905  SPIIntEnable                          
2000d951  _SlDrvProtectAsyncRespSetting         
2000d99d  _SlDrvRxIrqHandler                    
2000d9e9  atoi                                  
2000da35  copy_in                               
2000da81  uDMAChannelAssign                     
2000dacd  SPIIntClear                           
2000db15  _SlDrvBasicCmd                        
2000db5d  __aeabi_d2iz                          
2000dba5  ldexp                                 
2000dc75  C$$EXIT                               
2000dc79  abort                                 
2000dc81  exit                                  
2000dcb9  PinModeSet                            
2000dcf9  signal                                
2000dd39  SDHostCmdSend                         
2000dd77  CopyPingResultsToReport               
2000ddb5  PRCMPeripheralClkEnable               
2000ddf1  PinDirModeSet                         
2000de2d  _c_int00                              
2000de69  uDMAChannelControlSet                 
2000dea5  NwpPowerOff                           
2000dedd  pvPortMalloc                          
2000defd  vPortFree                             
2000df15  GPIODirModeSet                        
2000df4b  sl_NetAppMDNSUnRegisterService        
2000df81  PRCMPeripheralStatusGet               
2000dfb5  SDHostRespGet                         
2000dfe9  SPIFIFOLevelSet                       
2000e01d  feraiseexcept                         
2000e051  PinTypeGPIO                           
2000e081  UARTDisable                           
2000e0b1  _SlDrvDeviceEventHandler              
2000e0e1  _sl_Strlen                            
2000e111  _Feraise                              
2000e141  sl_WlanProfileDel                     
2000e171  sl_WlanSetMode                        
2000e1a1  __aeabi_i2d                           
2000e1cf  raise                                 
2000e1fd  DmaSpiSwIntHandler                    
2000e229  NwpPowerOn                            
2000e255  PRCMSysResetCauseGet                  
2000e281  SDHostIntStatus                       
2000e2ad  _Dclass                               
2000e2d9  PRCMPeripheralClkDisable              
2000e301  SDHostBlockSizeSet                    
2000e329  sl_NetAppStart                        
2000e351  sl_NetAppStop                         
2000e379  NwpRegisterInterruptHandler           
2000e39f  SDHostBlockCountSet                   
2000e3c5  IntUnregister                         
2000e3e9  SDHostIntClear                        
2000e40d  UARTEnable                            
2000e431  _SlDrvProtectionObjLockWaitForever    
2000e455  memmove                               
2000e479  SDHostCmdReset                        
2000e49b  SPIReset                              
2000e4bd  SPIWordCountSet                       
2000e4df  frexp                                 
2000e501  memcmp                                
2000e523  GPIOPinWrite                          
2000e545  IntRegister                           
2000e565  SDHostDataRead                        
2000e585  _SlDrvProtectionObjUnLock             
2000e5a5  UARTCharPut                           
2000e5e1  UARTCharGetNonBlocking                
2000e5fd  _SlDrvObjLockWaitForever              
2000e619  _SlDrvSyncObjWaitForever              
2000e635  memccpy                               
2000e651  uDMAChannelEnable                     
2000e66d  GPIOIntEnable                         
2000e687  PinTypeSDHost                         
2000e6a1  PinTypeUART                           
2000e6bb  SPIDmaDisable                         
2000e6d5  SPIDmaEnable                          
2000e6ef  SPIFIFODisable                        
2000e709  SPIFIFOEnable                         
2000e723  GPIOPinRead                           
2000e73b  SPICSDisable                          
2000e753  SPICSEnable                           
2000e76b  SPIDisable                            
2000e783  SPIEnable                             
2000e79b  UARTCharsAvail                        
2000e7b3  _SlDrvObjUnLock                       
2000e7cb  _SlDrvSyncObjSignal                   
2000e7e5  _sl_GetStartResponseConvert           
2000e7fd  _args_main                            
2000e815  PRCMHIBRegRead                        
2000e82b  PRCMHIBRegWrite                       
2000e841  _SlDrvMemZero                         
2000e857  strchr                                
2000e86d  CPUcpsie                              
2000e881  GPIOIntClear                          
2000e895  IntVTableBaseSet                      
2000e8a9  _register_unlock                      
2000e8af  _register_lock                        
2000e8b7  _nop                                  
2000e8bd  strlen                                
2000e8d1  _SlDrvResetCmdExt                     
2000e8df  __TI_decompress_none                  
2000e8ed  ResetISR                              
2000e8fd  NwpMaskInterrupt                      
2000e909  NwpUnMaskInterrupt                    
2000e915  __TI_zero_init                        
2000e921  sl_WlanDisconnect                     
2000e92d  sl_WlanSmartConfigStop                
2000e939  IntMasterEnable                       
2000e943  UtilsDelay                            
2000e949  __TI_decompress_rle24                 
2000e94f  _system_pre_init                      
2000e954  _ctypes_                              
2000ed54  OpcodeTranslateTable                  
2000ed90  _SlPolicySetCmdCtrl                   
2000ed94  _SlPolicyGetCmdCtrl                   
2000ed98  _SlProfileGetCmdCtrl                  
2000ed9c  _SlProfileDelCmdCtrl                  
2000eda0  _SlWlanGetNetworkListCtrl             
2000eda4  _SlRxFilterAddtCmdCtrl                
2000eda8  _SlRxFilterSetCmdCtrl                 
2000edac  _SlRxFilterGetCmdCtrl                 
2000edb0  _SlSmartConfigStartCmdCtrl            
2000edb4  _SlWlanSetModeCmdCtrl                 
2000edb8  _SlWlanCfgSetCmdCtrl                  
2000edbc  _SlWlanCfgGetCmdCtrl                  
2000edcc  _SlActionLookupTable                  
2000ee04  _SlFsOpenCmdCtrl                      
2000ee08  _SlFsCloseCmdCtrl                     
2000ee0c  _SlFsReadCmdCtrl                      
2000ee10  _SlFsWriteCmdCtrl                     
2000ee14  _SlFsGetInfoCmdCtrl                   
2000ee18  _SlFsDeleteCmdCtrl                    
2000ee3c  g_H2NSyncPattern                      
2000ee44  g_H2NCnysPattern                      
2000ee4c  RxMsgClassLUT                         
2000eecc  _SlNetAppStartCtrl                    
2000eed0  _SlNetAppStopCtrl                     
2000eed4  _SlGetServiceListeCtrl                
2000eed8  _SlRegisterServiceCtrl                
2000eedc  _SlGetHostByServiceCtrl               
2000eee0  _SlGetHostByNameCtrl                  
2000eee4  _SlNetAppSetCmdCtrl                   
2000eee8  _SlNetAppSendTokenValueCmdCtrl        
2000eeec  _SlNetAppGetCmdCtrl                   
2000ef68  _SlStopCmdCtrl                        
2000ef6c  _SlEventMaskSetCmdCtrl                
2000ef70  _SlEventMaskGetCmdCtrl                
2000ef74  _SlDeviceGetCmdCtrl                   
2000ef78  _SlDeviceSetCmdCtrl                   
2000ef7c  StartResponseLUT                      
2000ef84  _SlNetCfgSetCmdCtrl                   
2000ef88  _SlNetCfgGetCmdCtrl                   
2000ef90  __TI_static_base__                    
2000f028  __TI_Handler_Table_Base               
2000f034  __TI_Handler_Table_Limit              
2000f040  __TI_CINIT_Base                       
2000f050  __TI_CINIT_Limit                      
20017000  _sys_memory                           
2001f200  g_StatMem                             
2001f440  g_ucDinDout                           
2001f490  xQueueRegistry                        
2001f4e0  g_ucConnectionSSID                    
2001f504  g_ucSSID                              
2001f58c  g_ucConnectionBSSID                   
2001f594  DMAMsgQ                               
2001f598  FileAvail                             
2001f59c  G_FILE                                
2001f5a0  G_FILE_SIZE                           
2001f5a8  g_cDummy                              
2001f5b4  RxIrqCnt                              
2001f5b5  g_ucLED1Pin                           
2001f5b6  g_ucLED2Pin                           
2001f5b7  g_ucLED3Pin                           
2001f668  _Denorm                               
2001f678  _Eps                                  
2001f688  _Hugeval                              
2001f698  _Inf                                  
2001f6a8  _Nan                                  
2001f6b8  _Snan                                 
2001f6c8  _Rteps                                
2001f6d8  _Xbig                                 
2001f6e0  _Zero                                 
2001f6e8  g_ulStatus                            
2001f6ec  g_ulPingPacketsRecv                   
2001f6f0  g_ulGatewayIP                         
2001f6f4  POST_token                            
2001f6ff  GET_token                             
2001f70c  g_iSimplelinkRole                     
2001f710  g_uiIpAddress                         
2001f714  g_usMCNetworkUstate                   
2001f718  g_uiSimplelinkRole                    
2001f71c  g_uiDeviceModeConfig                  
2001f720  g_ucConnectTimeout                    
2001f724  pxCurrentTCB                          
2001f76c  g_uiLED1Port                          
2001f770  g_uiLED2Port                          
2001f774  g_uiLED3Port                          
2001f778  xHigherPriorityTaskWoken              
2001f77c  xSimpleLinkSpawnQueue                 
2001f780  xSimpleLinkSpawnTaskHndl              
2001f790  g_SpiFd                               
2001f794  g_pHostIntHdl                         
2001f798  g_ucDMAEnabled                        
2001f79c  g_pCB                                 
2001f7a0  pPingCallBackFunc                     
2001f7a4  gFirstCmdMode                         
2001f7a8  _lock                                 
2001f7ac  _unlock                               
2001f7b0  __TI_cleanup_ptr                      
2001f7b4  __TI_dtors_ptr                        
2001f7b8  _Fenv                                 
2001f7bc  _Tls_setup__Fenv                      
2001f7c4  _Errno                                
2001f7c8  main_func_sp                          
2002f800  __stack                               
20030000  __STACK_END                           
ffffffff  __binit__                             
ffffffff  __c_args__                            
ffffffff  binit                                 
UNDEFED   SHT$$INIT_ARRAY$$Base                 
UNDEFED   SHT$$INIT_ARRAY$$Limit                

[459 symbols]
