******************************************************************************
                  TI ARM Linker PC v5.2.7                      
******************************************************************************
>> Linked Fri Apr 01 21:08:59 2016

OUTPUT FILE NAME:   <LaserCeenC.out>
ENTRY POINT SYMBOL: "_c_int00"  address: 2000ebb5


MEMORY CONFIGURATION

         name            origin    length      used     unused   attr    fill
----------------------  --------  ---------  --------  --------  ----  --------
  SRAM_CODE             20004000   00013000  0000bd7a  00007286  RW X
  SRAM_DATA             20017000   00019000  000091a4  0000fe5c  RW X


SEGMENT ALLOCATION MAP

run origin  load origin   length   init length attrs members
----------  ----------- ---------- ----------- ----- -------
20004000    20004000    0000bd80   0000bd80    r-x
  20004000    20004000    00000400   00000400    r-- .intvecs
  20004400    20004400    0000b22a   0000b22a    r-x .text
  2000f62c    2000f62c    00000628   00000628    r-- .const
  2000fc58    2000fc58    00000128   00000128    r-- .cinit
20017000    20017000    000089a8   00000000    rw-
  20017000    20017000    00008000   00000000    rw- .sysmem
  2001f000    2001f000    000005ac   00000000    rw- .bss
  2001f5b0    2001f5b0    000003f8   00000000    rw- .data
2002f800    2002f800    00000800   00000000    rw-
  2002f800    2002f800    00000800   00000000    rw- .stack


SECTION ALLOCATION MAP

 output                                  attributes/
section   page    origin      length       input sections
--------  ----  ----------  ----------   ----------------
.intvecs   0    20004000    00000400     
                  20004000    00000400     startup_ccs.obj (.intvecs)

.init_array 
*          0    20004000    00000000     UNINITIALIZED

.text      0    20004400    0000b22a     
                  20004400    000013ac     main.obj (.text)
                  200057ac    0000125c     free_rtos.a : tasks.obj (.text)
                  20006a08    000010a6     rtsv7M4_T_le_eabi.lib : _printfi.obj (.text)
                  20007aae    00000002     driverlib.a : interrupt.obj (.text:IntDefaultHandler)
                  20007ab0    00000b24     free_rtos.a : queue.obj (.text)
                  200085d4    000005ec     simplelink.a : driver.obj (.text:_SlDrvMsgRead)
                  20008bc0    0000045c     free_rtos.a : osi_freertos.obj (.text)
                  2000901c    000003dc     rtsv7M4_T_le_eabi.lib : memory.obj (.text)
                  200093f8    00000394     gpio_if.obj (.text)
                  2000978c    0000030c     rtsv7M4_T_le_eabi.lib : lowlev.obj (.text)
                  20009a98    000002d4                           : trgdrv.obj (.text)
                  20009d6c    00000298                           : vla_alloc.obj (.text)
                  2000a004    00000290     uart_if.obj (.text)
                  2000a294    00000248     simplelink.a : driver.obj (.text:_SlDrvRxHdrRead)
                  2000a4dc    000001f4     rtsv7M4_T_le_eabi.lib : ull_div_t2.obj (.text)
                  2000a6d0    000001d0     simplelink.a : driver.obj (.text:_SlDrvReleasePoolObj)
                  2000a8a0    000001cc                  : driver.obj (.text:_SlDrvMsgWrite)
                  2000aa6c    000001c4     rtsv7M4_T_le_eabi.lib : fopen.obj (.text)
                  2000ac30    000001b6                           : fd_add_t2.obj (.text)
                  2000ade6    00000002     --HOLE-- [fill = 0]
                  2000ade8    00000190     simplelink.a : driver.obj (.text:_SlDrvWaitForPoolObj)
                  2000af78    00000174                  : driver.obj (.text:_SlDrvDriverCBInit)
                  2000b0ec    00000170                  : driver.obj (.text:_SlFindAndSetActiveObj)
                  2000b25c    00000150                  : cc_pal.obj (.text:spi_Open)
                  2000b3ac    00000136     rtsv7M4_T_le_eabi.lib : fd_div_t2.obj (.text)
                  2000b4e2    00000002     --HOLE-- [fill = 0]
                  2000b4e4    00000134     driverlib.a : prcm.obj (.text:PRCMCC3200MCUInit)
                  2000b618    00000134     rtsv7M4_T_le_eabi.lib : fputs.obj (.text)
                  2000b74c    0000012a     free_rtos.a : list.obj (.text)
                  2000b876    00000002     --HOLE-- [fill = 0]
                  2000b878    00000110                 : port.obj (.text)
                  2000b988    00000110     rtsv7M4_T_le_eabi.lib : xdscale.obj (.text)
                  2000ba98    000000fe     simplelink.a : netapp.obj (.text:_SlDrvNetAppEventHandler)
                  2000bb96    000000fc     rtsv7M4_T_le_eabi.lib : fd_mul_t2.obj (.text)
                  2000bc92    00000002     --HOLE-- [fill = 0]
                  2000bc94    000000f4     simplelink.a : driver.obj (.text:_SlDrvDriverCBDeinit)
                  2000bd88    000000f4                  : fs.obj (.text:sl_FsRead)
                  2000be7c    000000f0     driverlib.a : udma.obj (.text:uDMAChannelTransferSet)
                  2000bf6c    000000ec     simplelink.a : fs.obj (.text:sl_FsWrite)
                  2000c058    000000e8     smartconfig.obj (.text)
                  2000c140    000000dc     rtsv7M4_T_le_eabi.lib : setvbuf.obj (.text)
                  2000c21c    000000dc     simplelink.a : cc_pal.obj (.text:spi_Read)
                  2000c2f8    000000d8                  : driver.obj (.text:_SlDrvClassifyRxMsg)
                  2000c3d0    000000d4                  : device.obj (.text:sl_Stop)
                  2000c4a4    000000c8                  : netapp.obj (.text:_sl_HandleAsync_DnsGetHostByService)
                  2000c56c    000000c8     rtsv7M4_T_le_eabi.lib : fflush.obj (.text)
                  2000c634    000000c4     simplelink.a : driver.obj (.text:_SlRemoveFromList)
                  2000c6f8    000000be     rtsv7M4_T_le_eabi.lib : xdnorm.obj (.text)
                  2000c7b6    00000002     --HOLE-- [fill = 0]
                  2000c7b8    000000bc     simplelink.a : driver.obj (.text:_SlDrvMsgReadCmdCtx)
                  2000c874    000000bc                  : device.obj (.text:sl_Start)
                  2000c930    000000ba     free_rtos.a : portasm.obj (.text)
                  2000c9ea    00000002     --HOLE-- [fill = 0]
                  2000c9ec    000000b8     simplelink.a : driver.obj (.text:_SlAsyncEventGenericHandler)
                  2000caa4    000000b4                  : netapp.obj (.text:sl_NetAppMDNSRegisterUnregisterService)
                  2000cb58    000000ac     rtsv7M4_T_le_eabi.lib : _io_perm.obj (.text)
                  2000cc04    000000a8     driverlib.a : interrupt.obj (.text:IntDisable)
                  2000ccac    000000a8                 : interrupt.obj (.text:IntEnable)
                  2000cd54    000000a0                 : spi.obj (.text:SPIConfigSetExpClk)
                  2000cdf4    0000009c     simplelink.a : driver.obj (.text:_SlDrvMsgReadSpawnCtx)
                  2000ce90    0000009c     rtsv7M4_T_le_eabi.lib : memcpy_t2.obj (.text)
                  2000cf2c    0000009c     simplelink.a : device.obj (.text:sl_DevGet)
                  2000cfc8    00000098                  : fs.obj (.text:_sl_GetCreateFsMode)
                  2000d060    00000098     rtsv7M4_T_le_eabi.lib : fclose.obj (.text)
                  2000d0f8    00000098                           : fputc.obj (.text)
                  2000d190    00000094     driverlib.a : prcm.obj (.text:PRCMPeripheralClockGet)
                  2000d224    00000094     simplelink.a : wlan.obj (.text:sl_WlanGet)
                  2000d2b8    00000090                  : wlan.obj (.text:sl_WlanSmartConfigStart)
                  2000d348    0000008c                  : cc_pal.obj (.text:SetupDMAReceive)
                  2000d3d4    0000008c                  : cc_pal.obj (.text:SetupDMASend)
                  2000d460    0000008c                  : netapp.obj (.text:_sl_HandleAsync_DnsGetHostByName)
                  2000d4ec    0000008c                  : netapp.obj (.text:_sl_HandleAsync_PingResponse)
                  2000d578    0000008c     pinmux.obj (.text)
                  2000d604    0000008c     simplelink.a : cc_pal.obj (.text:spi_Write)
                  2000d690    00000088     driverlib.a : pin.obj (.text:PinConfigSet)
                  2000d718    00000088     rtsv7M4_T_le_eabi.lib : vsnprintf.obj (.text)
                  2000d7a0    00000088     simplelink.a : fs.obj (.text:sl_FsClose)
                  2000d828    00000086     rtsv7M4_T_le_eabi.lib : fd_cmp_t2.obj (.text:__aeabi_cdcmple)
                  2000d8ae    00000086                           : fd_cmp_t2.obj (.text:__aeabi_cdrcmple)
                  2000d934    00000084     simplelink.a : cc_pal.obj (.text:NwpPowerOnPreamble)
                  2000d9b8    00000082     driverlib.a : gpio.obj (.text:GPIOIntTypeSet)
                  2000da3a    00000002     --HOLE-- [fill = 0]
                  2000da3c    00000080     simplelink.a : driver.obj (.text:_SlDrvCmdOp)
                  2000dabc    00000080                  : cc_pal.obj (.text:spi_Read_CPU)
                  2000db3c    00000080                  : cc_pal.obj (.text:spi_Write_CPU)
                  2000dbbc    0000007c                  : device.obj (.text:_sl_HandleAsync_InitComplete)
                  2000dc38    0000007c                  : fs.obj (.text:sl_FsGetInfo)
                  2000dcb4    0000007a     rtsv7M4_T_le_eabi.lib : memset_t2.obj (.text)
                  2000dd2e    00000002     --HOLE-- [fill = 0]
                  2000dd30    00000078     simplelink.a : socket.obj (.text:_sl_HandleAsync_Connect)
                  2000dda8    00000078                  : fs.obj (.text:sl_FsOpen)
                  2000de20    00000078                  : cc_pal.obj (.text:spi_Close)
                  2000de98    00000076     driverlib.a : uart.obj (.text:UARTConfigSetExpClk)
                  2000df0e    00000002     --HOLE-- [fill = 0]
                  2000df10    0000006c     simplelink.a : driver.obj (.text:_SlDrvCmdSend)
                  2000df7c    0000006c     rtsv7M4_T_le_eabi.lib : autoinit.obj (.text)
                  2000dfe8    0000006c                           : fprintf.obj (.text)
                  2000e054    0000006a                           : copy_decompress_rle.obj (.text)
                  2000e0be    00000002     --HOLE-- [fill = 0]
                  2000e0c0    00000068     simplelink.a : netapp.obj (.text:_sl_NetAppSendTokenValue)
                  2000e128    00000068     rtsv7M4_T_le_eabi.lib : trgmsg.obj (.text)
                  2000e190    00000068     simplelink.a : netcfg.obj (.text:sl_NetCfgSet)
                  2000e1f8    00000068                  : wlan.obj (.text:sl_WlanSet)
                  2000e260    00000066     rtsv7M4_T_le_eabi.lib : xdunscal.obj (.text)
                  2000e2c6    00000002     --HOLE-- [fill = 0]
                  2000e2c8    00000064                           : fseek.obj (.text)
                  2000e32c    00000064     driverlib.a : udma.obj (.text:uDMAChannelAttributeDisable)
                  2000e390    00000064                 : udma.obj (.text:uDMAChannelAttributeEnable)
                  2000e3f4    00000060     simplelink.a : socket.obj (.text:_sl_HandleAsync_Accept)
                  2000e454    00000060                  : wlan.obj (.text:sl_WlanPolicySet)
                  2000e4b4    00000058     driverlib.a : interrupt.obj (.text:IntPendClear)
                  2000e50c    00000058                 : prcm.obj (.text:PRCMPeripheralReset)
                  2000e564    00000056     rtsv7M4_T_le_eabi.lib : ltoa.obj (.text)
                  2000e5ba    00000002     --HOLE-- [fill = 0]
                  2000e5bc    00000054     driverlib.a : interrupt.obj (.text:IntPrioritySet)
                  2000e610    00000054     simplelink.a : socket.obj (.text:_sl_HandleAsync_Select)
                  2000e664    00000054                  : wlan.obj (.text:sl_WlanRxFilterSet)
                  2000e6b8    00000050                  : device.obj (.text:_sl_HandleAsync_Stop)
                  2000e708    0000004c     driverlib.a : spi.obj (.text:SPIIntEnable)
                  2000e754    0000004c     simplelink.a : driver.obj (.text:_SlDrvProtectAsyncRespSetting)
                  2000e7a0    0000004c                  : driver.obj (.text:_SlDrvRxIrqHandler)
                  2000e7ec    0000004c     rtsv7M4_T_le_eabi.lib : atoi.obj (.text)
                  2000e838    0000004c                           : cpy_tbl.obj (.text)
                  2000e884    0000004c     driverlib.a : udma.obj (.text:uDMAChannelAssign)
                  2000e8d0    00000048                 : spi.obj (.text:SPIIntClear)
                  2000e918    00000048     simplelink.a : driver.obj (.text:_SlDrvBasicCmd)
                  2000e960    00000048     rtsv7M4_T_le_eabi.lib : fd_toi_t2.obj (.text)
                  2000e9a8    00000046                           : ldexp.obj (.text)
                  2000e9ee    00000002     --HOLE-- [fill = 0]
                  2000e9f0    00000044     driverlib.a : spi.obj (.text:SPIDmaMaskGet)
                  2000ea34    00000044     simplelink.a : cc_pal.obj (.text:cc_SetupTransfer)
                  2000ea78    00000044     rtsv7M4_T_le_eabi.lib : exit.obj (.text)
                  2000eabc    00000040     driverlib.a : pin.obj (.text:PinModeSet)
                  2000eafc    00000040     rtsv7M4_T_le_eabi.lib : signal.obj (.text)
                  2000eb3c    0000003c     simplelink.a : netapp.obj (.text:CopyPingResultsToReport)
                  2000eb78    0000003c     driverlib.a : prcm.obj (.text:PRCMPeripheralClkEnable)
                  2000ebb4    0000003c     rtsv7M4_T_le_eabi.lib : boot.obj (.text)
                  2000ebf0    0000003c     driverlib.a : udma.obj (.text:uDMAChannelControlSet)
                  2000ec2c    00000038     simplelink.a : cc_pal.obj (.text:NwpPowerOff)
                  2000ec64    00000038     free_rtos.a : heap_3.obj (.text)
                  2000ec9c    00000036     driverlib.a : gpio.obj (.text:GPIODirModeSet)
                  2000ecd2    00000036     simplelink.a : netapp.obj (.text:sl_NetAppMDNSUnRegisterService)
                  2000ed08    00000034     driverlib.a : prcm.obj (.text:PRCMPeripheralStatusGet)
                  2000ed3c    00000034                 : spi.obj (.text:SPIFIFOLevelSet)
                  2000ed70    00000034     rtsv7M4_T_le_eabi.lib : feraiseexcept.obj (.text)
                  2000eda4    00000030     driverlib.a : pin.obj (.text:PinTypeGPIO)
                  2000edd4    00000030                 : uart.obj (.text:UARTDisable)
                  2000ee04    00000030     simplelink.a : device.obj (.text:_SlDrvDeviceEventHandler)
                  2000ee34    00000030                  : fs.obj (.text:_sl_Strlen)
                  2000ee64    00000030     rtsv7M4_T_le_eabi.lib : strncpy.obj (.text)
                  2000ee94    00000030                           : xferaise.obj (.text)
                  2000eec4    00000030     simplelink.a : wlan.obj (.text:sl_WlanProfileDel)
                  2000eef4    00000030                  : wlan.obj (.text:sl_WlanSetMode)
                  2000ef24    0000002e     rtsv7M4_T_le_eabi.lib : i_tofd_t2.obj (.text)
                  2000ef52    0000002e                           : raise.obj (.text)
                  2000ef80    0000002c     simplelink.a : cc_pal.obj (.text:DmaSpiSwIntHandler)
                  2000efac    0000002c                  : cc_pal.obj (.text:NwpPowerOn)
                  2000efd8    0000002c     driverlib.a : prcm.obj (.text:PRCMSysResetCauseGet)
                  2000f004    0000002a     rtsv7M4_T_le_eabi.lib : xdclass.obj (.text)
                  2000f02e    00000002     --HOLE-- [fill = 0]
                  2000f030    00000028     driverlib.a : prcm.obj (.text:PRCMPeripheralClkDisable)
                  2000f058    00000028     simplelink.a : netapp.obj (.text:sl_NetAppStart)
                  2000f080    00000028                  : netapp.obj (.text:sl_NetAppStop)
                  2000f0a8    00000026                  : cc_pal.obj (.text:NwpRegisterInterruptHandler)
                  2000f0ce    00000002     --HOLE-- [fill = 0]
                  2000f0d0    00000024     driverlib.a : interrupt.obj (.text:IntUnregister)
                  2000f0f4    00000024                 : uart.obj (.text:UARTEnable)
                  2000f118    00000024     simplelink.a : driver.obj (.text:_SlDrvProtectionObjLockWaitForever)
                  2000f13c    00000024     rtsv7M4_T_le_eabi.lib : memmov.obj (.text)
                  2000f160    00000022     driverlib.a : spi.obj (.text:SPIReset)
                  2000f182    00000022                 : spi.obj (.text:SPIWordCountSet)
                  2000f1a4    00000022     rtsv7M4_T_le_eabi.lib : frexp.obj (.text)
                  2000f1c6    00000022                           : memcmp.obj (.text)
                  2000f1e8    00000020     driverlib.a : gpio.obj (.text:GPIOPinWrite)
                  2000f208    00000020                 : interrupt.obj (.text:IntRegister)
                  2000f228    00000020     simplelink.a : driver.obj (.text:_SlDrvProtectionObjUnLock)
                  2000f248    00000020     rtsv7M4_T_le_eabi.lib : memchr.obj (.text)
                  2000f268    0000001e     driverlib.a : uart.obj (.text:UARTCharPut)
                  2000f286    0000001e     simplelink.a : cc_pal.obj (.text:cc_UDMAChannelSelect)
                  2000f2a4    0000001c     driverlib.a : uart.obj (.text:UARTCharGetNonBlocking)
                  2000f2c0    0000001c     simplelink.a : driver.obj (.text:_SlDrvObjLockWaitForever)
                  2000f2dc    0000001c                  : driver.obj (.text:_SlDrvSyncObjWaitForever)
                  2000f2f8    0000001c     rtsv7M4_T_le_eabi.lib : memccpy.obj (.text)
                  2000f314    0000001c     driverlib.a : udma.obj (.text:uDMAChannelEnable)
                  2000f330    0000001a                 : gpio.obj (.text:GPIOIntEnable)
                  2000f34a    0000001a                 : pin.obj (.text:PinTypeUART)
                  2000f364    0000001a                 : spi.obj (.text:SPIDmaDisable)
                  2000f37e    0000001a                 : spi.obj (.text:SPIDmaEnable)
                  2000f398    0000001a                 : spi.obj (.text:SPIFIFODisable)
                  2000f3b2    0000001a                 : spi.obj (.text:SPIFIFOEnable)
                  2000f3cc    00000018                 : gpio.obj (.text:GPIOPinRead)
                  2000f3e4    00000018                 : spi.obj (.text:SPICSDisable)
                  2000f3fc    00000018                 : spi.obj (.text:SPICSEnable)
                  2000f414    00000018                 : spi.obj (.text:SPIDisable)
                  2000f42c    00000018                 : spi.obj (.text:SPIEnable)
                  2000f444    00000018                 : uart.obj (.text:UARTCharsAvail)
                  2000f45c    00000018     simplelink.a : driver.obj (.text:_SlDrvObjUnLock)
                  2000f474    00000018                  : driver.obj (.text:_SlDrvSyncObjSignal)
                  2000f48c    00000018                  : device.obj (.text:_sl_GetStartResponseConvert)
                  2000f4a4    00000018     rtsv7M4_T_le_eabi.lib : args_main.obj (.text)
                  2000f4bc    00000018                           : strcmp.obj (.text)
                  2000f4d4    00000016     driverlib.a : prcm.obj (.text:PRCMHIBRegRead)
                  2000f4ea    00000016                 : prcm.obj (.text:PRCMHIBRegWrite)
                  2000f500    00000016     simplelink.a : driver.obj (.text:_SlDrvMemZero)
                  2000f516    00000016     rtsv7M4_T_le_eabi.lib : strchr.obj (.text)
                  2000f52c    00000014     driverlib.a : cpu.obj (.text:CPUcpsie)
                  2000f540    00000014                 : gpio.obj (.text:GPIOIntClear)
                  2000f554    00000014                 : interrupt.obj (.text:IntVTableBaseSet)
                  2000f568    00000014     rtsv7M4_T_le_eabi.lib : _lock.obj (.text)
                  2000f57c    00000014                           : strcpy.obj (.text)
                  2000f590    00000014                           : strlen.obj (.text)
                  2000f5a4    0000000e     simplelink.a : driver.obj (.text:_SlDrvResetCmdExt)
                  2000f5b2    0000000e     rtsv7M4_T_le_eabi.lib : copy_decompress_none.obj (.text:decompress:none)
                  2000f5c0    0000000e     startup_ccs.obj (.text)
                  2000f5ce    00000002     --HOLE-- [fill = 0]
                  2000f5d0    0000000c     simplelink.a : cc_pal.obj (.text:NwpMaskInterrupt)
                  2000f5dc    0000000c                  : cc_pal.obj (.text:NwpUnMaskInterrupt)
                  2000f5e8    0000000c     rtsv7M4_T_le_eabi.lib : copy_zero_init.obj (.text:decompress:ZI)
                  2000f5f4    0000000c     simplelink.a : wlan.obj (.text:sl_WlanDisconnect)
                  2000f600    0000000c                  : wlan.obj (.text:sl_WlanSmartConfigStop)
                  2000f60c    0000000a     driverlib.a : interrupt.obj (.text:IntMasterEnable)
                  2000f616    00000006                 : utils.obj (.text:UtilsDelay)
                  2000f61c    00000006     rtsv7M4_T_le_eabi.lib : copy_decompress_rle.obj (.text:decompress:rle24)
                  2000f622    00000004                           : error.obj (.text)
                  2000f626    00000004                           : pre_init.obj (.text)

.const     0    2000f62c    00000628     
                  2000f62c    00000101     rtsv7M4_T_le_eabi.lib : ctype.obj (.const:.string:_ctypes_)
                  2000f72d    00000003     --HOLE-- [fill = 0]
                  2000f730    00000100     driverlib.a : pin.obj (.const:g_ulPinToPadMap)
                  2000f830    000000d4                 : interrupt.obj (.const:g_pulRegs)
                  2000f904    000000a8                 : prcm.obj (.const:PRCM_PeriphRegsList)
                  2000f9ac    00000080                 : interrupt.obj (.const)
                  2000fa2c    0000003c     simplelink.a : driver.obj (.const:OpcodeTranslateTable)
                  2000fa68    0000003c                  : wlan.obj (.const)
                  2000faa4    00000038                  : driver.obj (.const:_SlActionLookupTable)
                  2000fadc    00000038                  : fs.obj (.const)
                  2000fb14    00000034                  : driver.obj (.const)
                  2000fb48    0000002c     main.obj (.const:$P$T1$2)
                  2000fb74    00000028     simplelink.a : netapp.obj (.const)
                  2000fb9c    00000023     smartconfig.obj (.const:.string)
                  2000fbbf    00000022     main.obj (.const:.string:$P$T0$1)
                  2000fbe1    00000020     main.obj (.const:.string)
                  2000fc01    00000003     --HOLE-- [fill = 0]
                  2000fc04    00000018     driverlib.a : spi.obj (.const)
                  2000fc1c    00000014     main.obj (.const)
                  2000fc30    00000014     simplelink.a : device.obj (.const)
                  2000fc44    00000008                  : device.obj (.const:.string)
                  2000fc4c    00000008                  : netcfg.obj (.const)

.cinit     0    2000fc58    00000128     
                  2000fc58    00000102     (.cinit..data.load) [load image, compression = rle]
                  2000fd5a    00000002     --HOLE-- [fill = 0]
                  2000fd5c    0000000c     (__TI_handler_table)
                  2000fd68    00000008     (.cinit..bss.load) [load image, compression = zero_init]
                  2000fd70    00000010     (__TI_cinit_table)

.sysmem    0    20017000    00008000     UNINITIALIZED
                  20017000    00000008     rtsv7M4_T_le_eabi.lib : memory.obj (.sysmem)
                  20017008    00007ff8     --HOLE--

.bss       0    2001f000    000005ac     UNINITIALIZED
                  2001f000    00000178     simplelink.a : driver.obj (.bss:g_StatMem)
                  2001f178    00000120     rtsv7M4_T_le_eabi.lib : trgmsg.obj (.bss:__CIOBUF_)
                  2001f298    000000c8     free_rtos.a : tasks.obj (.bss:pxReadyTasksLists)
                  2001f360    000000a0     rtsv7M4_T_le_eabi.lib : defs.obj (.bss:__TI_tmpnams)
                  2001f400    00000050     simplelink.a : cc_pal.obj (.bss:g_ucDinDout)
                  2001f450    00000050     free_rtos.a : queue.obj (.bss:xQueueRegistry)
                  2001f4a0    00000024     main.obj (.bss:g_ucConnectionSSID)
                  2001f4c4    00000024     main.obj (.bss:g_ucSSID)
                  2001f4e8    0000001c     rtsv7M4_T_le_eabi.lib : vla_alloc.obj (.bss)
                  2001f504    00000014     (.common:xDelayedTaskList1)
                  2001f518    00000014     (.common:xDelayedTaskList2)
                  2001f52c    00000014     (.common:xPendingReadyList)
                  2001f540    00000014     (.common:xSuspendedTaskList)
                  2001f554    00000014     (.common:xTasksWaitingTermination)
                  2001f568    00000008     (.common:g_ucConnectionBSSID)
                  2001f570    00000008     (.common:parmbuf)
                  2001f578    00000004     (.common:DMAMsgQ)
                  2001f57c    00000004     (.common:FileAvail)
                  2001f580    00000004     (.common:FileSaved)
                  2001f584    00000004     (.common:G_FILE)
                  2001f588    00000004     (.common:OpenFile)
                  2001f58c    00000004     (.common:Processing)
                  2001f590    00000004     (.common:__Errorlog)
                  2001f594    00000004     (.common:blocks)
                  2001f598    00000004     (.common:bytesRead)
                  2001f59c    00000004     (.common:g_cDummy)
                  2001f5a0    00000004     (.common:pxDelayedTaskList)
                  2001f5a4    00000004     (.common:pxOverflowDelayedTaskList)
                  2001f5a8    00000001     (.common:RxIrqCnt)
                  2001f5a9    00000001     (.common:g_ucLED1Pin)
                  2001f5aa    00000001     (.common:g_ucLED2Pin)
                  2001f5ab    00000001     (.common:g_ucLED3Pin)

.TI.noinit 
*          0    2001f000    00000000     UNINITIALIZED

.data      0    2001f5b0    000003f8     UNINITIALIZED
                  2001f5b0    000000f0     rtsv7M4_T_le_eabi.lib : defs.obj (.data:_ftable)
                  2001f6a0    000000d0                           : lowlev.obj (.data)
                  2001f770    000000b0                           : signal.obj (.data:sigtable)
                  2001f820    00000080                           : xvalues.obj (.data)
                  2001f8a0    00000049     main.obj (.data)
                  2001f8e9    00000003     --HOLE--
                  2001f8ec    00000034     free_rtos.a : tasks.obj (.data)
                  2001f920    00000020     gpio_if.obj (.data)
                  2001f940    00000010     rtsv7M4_T_le_eabi.lib : defs.obj (.data)
                  2001f950    0000000c     free_rtos.a : osi_freertos.obj (.data)
                  2001f95c    0000000c     rtsv7M4_T_le_eabi.lib : memory.obj (.data)
                  2001f968    00000009     simplelink.a : cc_pal.obj (.data)
                  2001f971    00000003     --HOLE--
                  2001f974    00000009                  : driver.obj (.data)
                  2001f97d    00000003     --HOLE--
                  2001f980    00000008     rtsv7M4_T_le_eabi.lib : _lock.obj (.data)
                  2001f988    00000008                           : exit.obj (.data)
                  2001f990    00000008                           : feraiseexcept.obj (.data)
                  2001f998    00000004     free_rtos.a : port.obj (.data)
                  2001f99c    00000004     rtsv7M4_T_le_eabi.lib : errno.obj (.data)
                  2001f9a0    00000004                           : fopen.obj (.data)
                  2001f9a4    00000004                           : stkdepth_vars.obj (.data)

.TI.persistent 
*          0    2001f5b0    00000000     UNINITIALIZED

.stack     0    2002f800    00000800     UNINITIALIZED
                  2002f800    00000800     --HOLE--


LINKER GENERATED COPY TABLES

__TI_cinit_table @ 2000fd70 records: 2, size/record: 8, table size: 16
	.data: load addr=2000fc58, load size=00000102 bytes, run addr=2001f5b0, run size=000003f8 bytes, compression=rle
	.bss: load addr=2000fd68, load size=00000008 bytes, run addr=2001f000, run size=000005ac bytes, compression=zero_init


LINKER GENERATED HANDLER TABLE

__TI_handler_table @ 2000fd5c records: 3, size/record: 4, table size: 12
	index: 0, handler: __TI_decompress_rle24
	index: 1, handler: __TI_decompress_none
	index: 2, handler: __TI_zero_init


GLOBAL SYMBOLS: SORTED ALPHABETICALLY BY Name 

address   name                                  
-------   ----                                  
2000ea79  C$$EXIT                               
2000e157  C$$IO$$                               
2000f52d  CPUcpsie                              
2000a045  ClearTerm                             
20004d35  ConnectToNetwork                      
2000eb3d  CopyPingResultsToReport               
2001f578  DMAMsgQ                               
2000ef81  DmaSpiSwIntHandler                    
2000a04f  Error                                 
2001f57c  FileAvail                             
2001f580  FileSaved                             
2001f8b7  GET_token                             
2000ec9d  GPIODirModeSet                        
2000f541  GPIOIntClear                          
2000f331  GPIOIntEnable                         
2000d9b9  GPIOIntTypeSet                        
2000f3cd  GPIOPinRead                           
2000f1e9  GPIOPinWrite                          
200096b9  GPIO_IF_ConfigureNIntEnable           
20009735  GPIO_IF_Get                           
20009673  GPIO_IF_GetPortNPin                   
20009435  GPIO_IF_LedConfigure                  
20009527  GPIO_IF_LedOff                        
20009473  GPIO_IF_LedOn                         
200095db  GPIO_IF_LedStatus                     
20009645  GPIO_IF_LedToggle                     
200096fb  GPIO_IF_Set                           
2001f584  G_FILE                                
2000a087  GetCmd                                
20009d25  HOSTclock                             
20009ced  HOSTclose                             
20009caf  HOSTgetenv                            
20009c53  HOSTlseek                             
20009c01  HOSTopen                              
20009bb5  HOSTread                              
20009b57  HOSTrename                            
20009b1d  HOSTtime                              
20009ae5  HOSTunlink                            
20009a99  HOSTwrite                             
2000a005  InitTerm                              
2000cc05  IntDisable                            
2000ccad  IntEnable                             
2000f60d  IntMasterEnable                       
2000e4b5  IntPendClear                          
2000e5bd  IntPrioritySet                        
2000f209  IntRegister                           
2000f0d1  IntUnregister                         
2000f555  IntVTableBaseSet                      
2000a023  Message                               
2000f5d1  NwpMaskInterrupt                      
2000ec2d  NwpPowerOff                           
2000efad  NwpPowerOn                            
2000d935  NwpPowerOnPreamble                    
2000f0a9  NwpRegisterInterruptHandler           
2000f5dd  NwpUnMaskInterrupt                    
2001f8cc  OP_STATUS                             
2000fa2c  OpcodeTranslateTable                  
2001f588  OpenFile                              
2001f8ac  POST_token                            
2000b4e5  PRCMCC3200MCUInit                     
2000f4d5  PRCMHIBRegRead                        
2000f4eb  PRCMHIBRegWrite                       
2000f031  PRCMPeripheralClkDisable              
2000eb79  PRCMPeripheralClkEnable               
2000d191  PRCMPeripheralClockGet                
2000e50d  PRCMPeripheralReset                   
2000ed09  PRCMPeripheralStatusGet               
2000efd9  PRCMSysResetCauseGet                  
2000d691  PinConfigSet                          
2000eabd  PinModeSet                            
2000d579  PinMuxConfig                          
2000eda5  PinTypeGPIO                           
2000f34b  PinTypeUART                           
2001f58c  Processing                            
2000a1d5  Report                                
2000f5c1  ResetISR                              
2001f5a8  RxIrqCnt                              
2000fb24  RxMsgClassLUT                         
UNDEFED   SHT$$INIT_ARRAY$$Base                 
UNDEFED   SHT$$INIT_ARRAY$$Limit                
2000f3e5  SPICSDisable                          
2000f3fd  SPICSEnable                           
2000cd55  SPIConfigSetExpClk                    
2000f415  SPIDisable                            
2000f365  SPIDmaDisable                         
2000f37f  SPIDmaEnable                          
2000f42d  SPIEnable                             
2000f399  SPIFIFODisable                        
2000f3b3  SPIFIFOEnable                         
2000ed3d  SPIFIFOLevelSet                       
2000e8d1  SPIIntClear                           
2000e709  SPIIntEnable                          
2000f161  SPIReset                              
2000f183  SPIWordCountSet                       
20004791  SimpleLinkHttpServerCallback          
200045d1  SimpleLinkNetAppEventHandler          
20004645  SimpleLinkSockEventHandler            
20004419  SimpleLinkWlanEventHandler            
2000c059  SmartConfigConnect                    
2000c0e1  SmartConfigStop                       
2000fc44  StartResponseLUT                      
2001f8d4  Token                                 
2000a13d  TrimSpace                             
2000f2a5  UARTCharGetNonBlocking                
2000f269  UARTCharPut                           
2000f445  UARTCharsAvail                        
2000de99  UARTConfigSetExpClk                   
2000edd5  UARTDisable                           
2000f0f5  UARTEnable                            
2000f617  UtilsDelay                            
20008e89  VDeleteSimpleLinkSpawnTask            
20008e39  VStartSimpleLinkSpawnTask             
2000f005  _Dclass                               
2001f820  _Denorm                               
2000c6f9  _Dnorm                                
2000b989  _Dscale                               
2000e261  _Dunscale                             
2001f830  _Eps                                  
2001f99c  _Errno                                
2001f990  _Fenv                                 
2000ee95  _Feraise                              
2001f840  _Hugeval                              
2001f850  _Inf                                  
2001f860  _Nan                                  
2001f880  _Rteps                                
2000faa4  _SlActionLookupTable                  
2000c9ed  _SlAsyncEventGenericHandler           
2000fc3c  _SlDeviceGetCmdCtrl                   
2000fc40  _SlDeviceSetCmdCtrl                   
2000e919  _SlDrvBasicCmd                        
2000c2f9  _SlDrvClassifyRxMsg                   
2000da3d  _SlDrvCmdOp                           
2000df11  _SlDrvCmdSend                         
2000ee05  _SlDrvDeviceEventHandler              
2000bc95  _SlDrvDriverCBDeinit                  
2000af79  _SlDrvDriverCBInit                    
2000f501  _SlDrvMemZero                         
200085d5  _SlDrvMsgRead                         
2000c7b9  _SlDrvMsgReadCmdCtx                   
2000cdf5  _SlDrvMsgReadSpawnCtx                 
2000a8a1  _SlDrvMsgWrite                        
2000ba99  _SlDrvNetAppEventHandler              
2000f2c1  _SlDrvObjLockWaitForever              
2000f45d  _SlDrvObjUnLock                       
2000e755  _SlDrvProtectAsyncRespSetting         
2000f119  _SlDrvProtectionObjLockWaitForever    
2000f229  _SlDrvProtectionObjUnLock             
2000a6d1  _SlDrvReleasePoolObj                  
2000f5a5  _SlDrvResetCmdExt                     
2000a295  _SlDrvRxHdrRead                       
2000e7a1  _SlDrvRxIrqHandler                    
2000f475  _SlDrvSyncObjSignal                   
2000f2dd  _SlDrvSyncObjWaitForever              
2000ade9  _SlDrvWaitForPoolObj                  
2000fc38  _SlEventMaskGetCmdCtrl                
2000fc34  _SlEventMaskSetCmdCtrl                
2000b0ed  _SlFindAndSetActiveObj                
2000fae0  _SlFsCloseCmdCtrl                     
2000faf0  _SlFsDeleteCmdCtrl                    
2000faec  _SlFsGetInfoCmdCtrl                   
2000fadc  _SlFsOpenCmdCtrl                      
2000fae4  _SlFsReadCmdCtrl                      
2000fae8  _SlFsWriteCmdCtrl                     
2000fb88  _SlGetHostByNameCtrl                  
2000fb84  _SlGetHostByServiceCtrl               
2000fb7c  _SlGetServiceListeCtrl                
2000fb94  _SlNetAppGetCmdCtrl                   
2000fb90  _SlNetAppSendTokenValueCmdCtrl        
2000fb8c  _SlNetAppSetCmdCtrl                   
2000fb74  _SlNetAppStartCtrl                    
2000fb78  _SlNetAppStopCtrl                     
2000fc50  _SlNetCfgGetCmdCtrl                   
2000fc4c  _SlNetCfgSetCmdCtrl                   
2000fa6c  _SlPolicyGetCmdCtrl                   
2000fa68  _SlPolicySetCmdCtrl                   
2000fa74  _SlProfileDelCmdCtrl                  
2000fa70  _SlProfileGetCmdCtrl                  
2000fb80  _SlRegisterServiceCtrl                
2000c635  _SlRemoveFromList                     
2000fa7c  _SlRxFilterAddtCmdCtrl                
2000fa84  _SlRxFilterGetCmdCtrl                 
2000fa80  _SlRxFilterSetCmdCtrl                 
2000fa88  _SlSmartConfigStartCmdCtrl            
2000fc30  _SlStopCmdCtrl                        
2000fa94  _SlWlanCfgGetCmdCtrl                  
2000fa90  _SlWlanCfgSetCmdCtrl                  
2000fa78  _SlWlanGetNetworkListCtrl             
2000fa8c  _SlWlanSetModeCmdCtrl                 
2001f870  _Snan                                 
2001f994  _Tls_setup__Fenv                      
2001f890  _Xbig                                 
2001f898  _Zero                                 
2001f178  __CIOBUF_                             
20030000  __STACK_END                           
00000800  __STACK_SIZE                          
00008000  __SYSMEM_SIZE                         
2000fd70  __TI_CINIT_Base                       
2000fd80  __TI_CINIT_Limit                      
2000fd5c  __TI_Handler_Table_Base               
2000fd68  __TI_Handler_Table_Limit              
2000df7d  __TI_auto_init                        
2000ab35  __TI_cleanup                          
2001f988  __TI_cleanup_ptr                      
2000d061  __TI_closefile                        
2000f5b3  __TI_decompress_none                  
2000f61d  __TI_decompress_rle24                 
2000c56d  __TI_doflush                          
2001f98c  __TI_dtors_ptr                        
2001f940  __TI_ft_end                           
200077a9  __TI_printfi                          
2000cbbb  __TI_rd_ok                            
2000e15b  __TI_readmsg                          
2000fc58  __TI_static_base__                    
2001f360  __TI_tmpnams                          
2000e129  __TI_writemsg                         
2000cb59  __TI_wrt_ok                           
2000f5e9  __TI_zero_init                        
2000f623  __abort_execution                     
2000d829  __aeabi_cdcmpeq                       
2000d829  __aeabi_cdcmple                       
2000d8af  __aeabi_cdrcmple                      
2000e961  __aeabi_d2iz                          
2000ac3b  __aeabi_dadd                          
2000b3ad  __aeabi_ddiv                          
2000bb97  __aeabi_dmul                          
2000ac31  __aeabi_dsub                          
2000ef25  __aeabi_i2d                           
2000dcb5  __aeabi_memclr                        
2000dcb5  __aeabi_memclr4                       
2000dcb5  __aeabi_memclr8                       
2000ce91  __aeabi_memcpy                        
2000ce91  __aeabi_memcpy4                       
2000ce91  __aeabi_memcpy8                       
2000dcb7  __aeabi_memset                        
2000dcb7  __aeabi_memset4                       
2000dcb7  __aeabi_memset8                       
2001f94c  __aeabi_stderr                        
2001f944  __aeabi_stdin                         
2001f948  __aeabi_stdout                        
2000a4dd  __aeabi_uldivmod                      
ffffffff  __binit__                             
ffffffff  __c_args__                            
2002f800  __stack                               
20009e75  __vla_alloc                           
20009d6d  __vla_dealloc                         
20009df5  __vla_dealloc_eh                      
2000f4a5  _args_main                            
2000ebb5  _c_int00                              
2000f62c  _ctypes_                              
2001f5b0  _ftable                               
2001f980  _lock                                 
2000f577  _nop                                  
2000f56f  _register_lock                        
2000f569  _register_unlock                      
2000cfc9  _sl_GetCreateFsMode                   
2000f48d  _sl_GetStartResponseConvert           
2000e3f5  _sl_HandleAsync_Accept                
2000dd31  _sl_HandleAsync_Connect               
2000d461  _sl_HandleAsync_DnsGetHostByName      
2000c4a5  _sl_HandleAsync_DnsGetHostByService   
2000dbbd  _sl_HandleAsync_InitComplete          
2000d4ed  _sl_HandleAsync_PingResponse          
2000e611  _sl_HandleAsync_Select                
2000e6b9  _sl_HandleAsync_Stop                  
2000e0c1  _sl_NetAppSendTokenValue              
2000ee35  _sl_Strlen                            
20017000  _sys_memory                           
2000f627  _system_pre_init                      
2001f984  _unlock                               
2000ea7d  abort                                 
200099ed  add_device                            
2000e7ed  atoi                                  
ffffffff  binit                                 
2001f594  blocks                                
2001f598  bytesRead                             
2001f8d8  bytesReceived                         
200093c5  calloc                                
2000999d  close                                 
2000e839  copy_in                               
20005a3d  eTaskGetState                         
2000ea85  exit                                  
2000d0c7  fclose                                
2000ed71  feraiseexcept                         
2000c5b9  fflush                                
2001f8d0  fileHandle                            
2000ab8b  fopen                                 
2000dff1  fprintf                               
2000d0f9  fputc                                 
2000b619  fputs                                 
20009113  free                                  
2000ab61  freopen                               
2000f1a5  frexp                                 
2000e2c9  fseek                                 
2001f97c  gFirstCmdMode                         
2000fb1c  g_H2NCnysPattern                      
2000fb14  g_H2NSyncPattern                      
2001f968  g_SpiFd                               
2001f000  g_StatMem                             
2001f59c  g_cDummy                              
2001f8c4  g_iSimplelinkRole                     
2001f974  g_pCB                                 
2001f96c  g_pHostIntHdl                         
20004000  g_pfnVectors                          
2001f8e8  g_ucConnectTimeout                    
2001f568  g_ucConnectionBSSID                   
2001f4a0  g_ucConnectionSSID                    
2001f970  g_ucDMAEnabled                        
2001f400  g_ucDinDout                           
2001f5a9  g_ucLED1Pin                           
2001f5aa  g_ucLED2Pin                           
2001f5ab  g_ucLED3Pin                           
2001f4c4  g_ucSSID                              
2001f8e4  g_uiDeviceModeConfig                  
2001f8c8  g_uiIpAddress                         
2001f934  g_uiLED1Port                          
2001f938  g_uiLED2Port                          
2001f93c  g_uiLED3Port                          
2001f8e0  g_uiSimplelinkRole                    
2001f8a8  g_ulGatewayIP                         
2001f8a4  g_ulPingPacketsRecv                   
2001f8a0  g_ulStatus                            
2001f8dc  g_usMCNetworkUstate                   
2000e9a9  ldexp                                 
20009979  lseek                                 
2000e565  ltoa                                  
20005495  main                                  
2001f9a4  main_func_sp                          
200090ab  malloc                                
20008f8d  mem_Free                              
20008f81  mem_Malloc                            
20008fad  mem_copy                              
20008f99  mem_set                               
200092e1  memalign                              
2000f2f9  memccpy                               
2000f249  memchr                                
2000f1c7  memcmp                                
2000ce91  memcpy                                
2000f13d  memmove                               
2000dcbd  memset                                
2000901d  minit                                 
200098cb  open                                  
20009003  osi_ContextRestore                    
20009001  osi_ContextSave                       
20008fc1  osi_EnterCritical                     
20008fcb  osi_ExitCritical                      
20008be7  osi_InterruptDeRegister               
20008bc1  osi_InterruptRegister                 
20008cf1  osi_LockObjCreate                     
20008d65  osi_LockObjDelete                     
20008d75  osi_LockObjLock                       
20008da1  osi_LockObjUnlock                     
20008eb5  osi_MsgQCreate                        
20008ef9  osi_MsgQDelete                        
20008f45  osi_MsgQRead                          
20008f13  osi_MsgQWrite                         
20008fdd  osi_Sleep                             
20008dcb  osi_Spawn                             
20008ccf  osi_SyncObjClear                      
20008bf9  osi_SyncObjCreate                     
20008c29  osi_SyncObjDelete                     
20008c43  osi_SyncObjSignal                     
20008c6b  osi_SyncObjSignalFromISR              
20008ca3  osi_SyncObjWait                       
20008d17  osi_TaskCreate                        
20008d57  osi_TaskDelete                        
20008fed  osi_TaskDisable                       
20008ff7  osi_TaskEnable                        
20008fd5  osi_start                             
2001f978  pPingCallBackFunc                     
20005f61  pcTaskGetTaskName                     
2000c9e5  portCLZ                               
2000c9cd  prvPortStartFirstTask                 
2000d0f9  putc                                  
2000d17d  putchar                               
2000b725  puts                                  
2000ec65  pvPortMalloc                          
2001f8ec  pxCurrentTCB                          
2000b879  pxPortInitialiseStack                 
2000ef53  raise                                 
200098a7  read                                  
200091d5  realloc                               
2000981d  remove                                
2000987f  remove_device                         
20009841  rename                                
2000c141  setvbuf                               
2000eafd  signal                                
2000cf2d  sl_DevGet                             
2000d7a1  sl_FsClose                            
2000dc39  sl_FsGetInfo                          
2000dda9  sl_FsOpen                             
2000bd89  sl_FsRead                             
2000bf6d  sl_FsWrite                            
2000caa5  sl_NetAppMDNSRegisterUnregisterService
2000ecd3  sl_NetAppMDNSUnRegisterService        
2000f059  sl_NetAppStart                        
2000f081  sl_NetAppStop                         
2000e191  sl_NetCfgSet                          
2000c875  sl_Start                              
2000c3d1  sl_Stop                               
2000f5f5  sl_WlanDisconnect                     
2000d225  sl_WlanGet                            
2000e455  sl_WlanPolicySet                      
2000eec5  sl_WlanProfileDel                     
2000e665  sl_WlanRxFilterSet                    
2000e1f9  sl_WlanSet                            
2000eef5  sl_WlanSetMode                        
2000d2b9  sl_WlanSmartConfigStart               
2000f601  sl_WlanSmartConfigStop                
2000de21  spi_Close                             
2000b25d  spi_Open                              
2000c21d  spi_Read                              
2000d605  spi_Write                             
2000f517  strchr                                
2000f4bd  strcmp                                
2000f57d  strcpy                                
2000f591  strlen                                
2000ee65  strncpy                               
2000e885  uDMAChannelAssign                     
2000e32d  uDMAChannelAttributeDisable           
2000e391  uDMAChannelAttributeEnable            
2000ebf1  uDMAChannelControlSet                 
2000f315  uDMAChannelEnable                     
2000be7d  uDMAChannelTransferSet                
20008231  ucQueueGetQueueType                   
2000c935  ulPortSetInterruptMask                
2000981d  unlink                                
2000b82f  uxListRemove                          
20008211  uxQueueGetQueueNumber                 
200081a5  uxQueueMessagesWaiting                
200081db  uxQueueMessagesWaitingFromISR         
200081bb  uxQueueSpacesAvailable                
20005f55  uxTaskGetNumberOfTasks                
20005f85  uxTaskGetSystemState                  
20006479  uxTaskGetTaskNumber                   
20005ad1  uxTaskPriorityGet                     
200069d1  uxTaskResetEventItemValue             
2000440b  vApplicationIdleHook                  
2000440d  vApplicationMallocFailedHook          
2000440f  vApplicationStackOverflowHook         
20004401  vAssertCalled                         
2000b74d  vListInitialise                       
2000b77d  vListInitialiseItem                   
2000b7c9  vListInsert                           
2000b78d  vListInsertEnd                        
2000c94b  vPortClearInterruptMask               
2000b8f5  vPortEndScheduler                     
2000b909  vPortEnterCritical                    
2000b921  vPortExitCritical                     
2000ec85  vPortFree                             
2000c9a5  vPortSVCHandler                       
2000b955  vPortSetupTimerInterrupt              
2000b8f7  vPortYield                            
2000844b  vQueueAddToRegistry                   
200081ed  vQueueDelete                          
2000821f  vQueueSetQueueNumber                  
2000848d  vQueueUnregisterQueue                 
200059e7  vTaskDelay                            
2000594b  vTaskDelayUntil                       
200058bb  vTaskDelete                           
20005e39  vTaskEndScheduler                     
2000646b  vTaskMissedYield                      
20006201  vTaskPlaceOnEventList                 
20006265  vTaskPlaceOnUnorderedEventList        
20006947  vTaskPriorityDisinherit               
2000688d  vTaskPriorityInherit                  
20005b09  vTaskPrioritySet                      
20005d01  vTaskResume                           
20006499  vTaskSetTaskNumber                    
200063cb  vTaskSetTimeOutState                  
20005def  vTaskStartScheduler                   
20005c0d  vTaskSuspend                          
20005e4b  vTaskSuspendAll                       
20006181  vTaskSwitchContext                    
2000d719  vsnprintf                             
2000978d  write                                 
2001f950  xHigherPriorityTaskWoken              
2000c959  xPortPendSVHandler                    
2000b8c9  xPortStartScheduler                   
2000b939  xPortSysTickHandler                   
200084db  xQueueAddToSet                        
20007e0d  xQueueAltGenericReceive               
20007d61  xQueueAltGenericSend                  
20007c35  xQueueCreateCountingSemaphore         
20007bb7  xQueueCreateMutex                     
200084c7  xQueueCreateSet                       
20007b41  xQueueGenericCreate                   
20007fa7  xQueueGenericReceive                  
20007ab1  xQueueGenericReset                    
20007c55  xQueueGenericSend                     
20007f0b  xQueueGenericSendFromISR              
200083e7  xQueueIsQueueEmptyFromISR             
20008429  xQueueIsQueueFullFromISR              
20008161  xQueuePeekFromISR                     
200080e9  xQueueReceiveFromISR                  
2001f450  xQueueRegistry                        
2000850f  xQueueRemoveFromSet                   
20008551  xQueueSelectFromSet                   
2000856b  xQueueSelectFromSetFromISR            
2001f954  xSimpleLinkSpawnQueue                 
2001f958  xSimpleLinkSpawnTaskHndl              
200063f1  xTaskCheckForTimeOut                  
200057ad  xTaskGenericCreate                    
20006841  xTaskGetCurrentTaskHandle             
20006043  xTaskGetIdleTaskHandle                
20006855  xTaskGetSchedulerState                
20005f29  xTaskGetTickCount                     
20005f3d  xTaskGetTickCountFromISR              
2000605d  xTaskIncrementTick                    
200062d9  xTaskRemoveFromEventList              
2000635d  xTaskRemoveFromUnorderedEventList     
20005e5d  xTaskResumeAll                        
20005d75  xTaskResumeFromISR                    


GLOBAL SYMBOLS: SORTED BY Symbol Address 

address   name                                  
-------   ----                                  
00000800  __STACK_SIZE                          
00008000  __SYSMEM_SIZE                         
20004000  g_pfnVectors                          
20004401  vAssertCalled                         
2000440b  vApplicationIdleHook                  
2000440d  vApplicationMallocFailedHook          
2000440f  vApplicationStackOverflowHook         
20004419  SimpleLinkWlanEventHandler            
200045d1  SimpleLinkNetAppEventHandler          
20004645  SimpleLinkSockEventHandler            
20004791  SimpleLinkHttpServerCallback          
20004d35  ConnectToNetwork                      
20005495  main                                  
200057ad  xTaskGenericCreate                    
200058bb  vTaskDelete                           
2000594b  vTaskDelayUntil                       
200059e7  vTaskDelay                            
20005a3d  eTaskGetState                         
20005ad1  uxTaskPriorityGet                     
20005b09  vTaskPrioritySet                      
20005c0d  vTaskSuspend                          
20005d01  vTaskResume                           
20005d75  xTaskResumeFromISR                    
20005def  vTaskStartScheduler                   
20005e39  vTaskEndScheduler                     
20005e4b  vTaskSuspendAll                       
20005e5d  xTaskResumeAll                        
20005f29  xTaskGetTickCount                     
20005f3d  xTaskGetTickCountFromISR              
20005f55  uxTaskGetNumberOfTasks                
20005f61  pcTaskGetTaskName                     
20005f85  uxTaskGetSystemState                  
20006043  xTaskGetIdleTaskHandle                
2000605d  xTaskIncrementTick                    
20006181  vTaskSwitchContext                    
20006201  vTaskPlaceOnEventList                 
20006265  vTaskPlaceOnUnorderedEventList        
200062d9  xTaskRemoveFromEventList              
2000635d  xTaskRemoveFromUnorderedEventList     
200063cb  vTaskSetTimeOutState                  
200063f1  xTaskCheckForTimeOut                  
2000646b  vTaskMissedYield                      
20006479  uxTaskGetTaskNumber                   
20006499  vTaskSetTaskNumber                    
20006841  xTaskGetCurrentTaskHandle             
20006855  xTaskGetSchedulerState                
2000688d  vTaskPriorityInherit                  
20006947  vTaskPriorityDisinherit               
200069d1  uxTaskResetEventItemValue             
200077a9  __TI_printfi                          
20007ab1  xQueueGenericReset                    
20007b41  xQueueGenericCreate                   
20007bb7  xQueueCreateMutex                     
20007c35  xQueueCreateCountingSemaphore         
20007c55  xQueueGenericSend                     
20007d61  xQueueAltGenericSend                  
20007e0d  xQueueAltGenericReceive               
20007f0b  xQueueGenericSendFromISR              
20007fa7  xQueueGenericReceive                  
200080e9  xQueueReceiveFromISR                  
20008161  xQueuePeekFromISR                     
200081a5  uxQueueMessagesWaiting                
200081bb  uxQueueSpacesAvailable                
200081db  uxQueueMessagesWaitingFromISR         
200081ed  vQueueDelete                          
20008211  uxQueueGetQueueNumber                 
2000821f  vQueueSetQueueNumber                  
20008231  ucQueueGetQueueType                   
200083e7  xQueueIsQueueEmptyFromISR             
20008429  xQueueIsQueueFullFromISR              
2000844b  vQueueAddToRegistry                   
2000848d  vQueueUnregisterQueue                 
200084c7  xQueueCreateSet                       
200084db  xQueueAddToSet                        
2000850f  xQueueRemoveFromSet                   
20008551  xQueueSelectFromSet                   
2000856b  xQueueSelectFromSetFromISR            
200085d5  _SlDrvMsgRead                         
20008bc1  osi_InterruptRegister                 
20008be7  osi_InterruptDeRegister               
20008bf9  osi_SyncObjCreate                     
20008c29  osi_SyncObjDelete                     
20008c43  osi_SyncObjSignal                     
20008c6b  osi_SyncObjSignalFromISR              
20008ca3  osi_SyncObjWait                       
20008ccf  osi_SyncObjClear                      
20008cf1  osi_LockObjCreate                     
20008d17  osi_TaskCreate                        
20008d57  osi_TaskDelete                        
20008d65  osi_LockObjDelete                     
20008d75  osi_LockObjLock                       
20008da1  osi_LockObjUnlock                     
20008dcb  osi_Spawn                             
20008e39  VStartSimpleLinkSpawnTask             
20008e89  VDeleteSimpleLinkSpawnTask            
20008eb5  osi_MsgQCreate                        
20008ef9  osi_MsgQDelete                        
20008f13  osi_MsgQWrite                         
20008f45  osi_MsgQRead                          
20008f81  mem_Malloc                            
20008f8d  mem_Free                              
20008f99  mem_set                               
20008fad  mem_copy                              
20008fc1  osi_EnterCritical                     
20008fcb  osi_ExitCritical                      
20008fd5  osi_start                             
20008fdd  osi_Sleep                             
20008fed  osi_TaskDisable                       
20008ff7  osi_TaskEnable                        
20009001  osi_ContextSave                       
20009003  osi_ContextRestore                    
2000901d  minit                                 
200090ab  malloc                                
20009113  free                                  
200091d5  realloc                               
200092e1  memalign                              
200093c5  calloc                                
20009435  GPIO_IF_LedConfigure                  
20009473  GPIO_IF_LedOn                         
20009527  GPIO_IF_LedOff                        
200095db  GPIO_IF_LedStatus                     
20009645  GPIO_IF_LedToggle                     
20009673  GPIO_IF_GetPortNPin                   
200096b9  GPIO_IF_ConfigureNIntEnable           
200096fb  GPIO_IF_Set                           
20009735  GPIO_IF_Get                           
2000978d  write                                 
2000981d  remove                                
2000981d  unlink                                
20009841  rename                                
2000987f  remove_device                         
200098a7  read                                  
200098cb  open                                  
20009979  lseek                                 
2000999d  close                                 
200099ed  add_device                            
20009a99  HOSTwrite                             
20009ae5  HOSTunlink                            
20009b1d  HOSTtime                              
20009b57  HOSTrename                            
20009bb5  HOSTread                              
20009c01  HOSTopen                              
20009c53  HOSTlseek                             
20009caf  HOSTgetenv                            
20009ced  HOSTclose                             
20009d25  HOSTclock                             
20009d6d  __vla_dealloc                         
20009df5  __vla_dealloc_eh                      
20009e75  __vla_alloc                           
2000a005  InitTerm                              
2000a023  Message                               
2000a045  ClearTerm                             
2000a04f  Error                                 
2000a087  GetCmd                                
2000a13d  TrimSpace                             
2000a1d5  Report                                
2000a295  _SlDrvRxHdrRead                       
2000a4dd  __aeabi_uldivmod                      
2000a6d1  _SlDrvReleasePoolObj                  
2000a8a1  _SlDrvMsgWrite                        
2000ab35  __TI_cleanup                          
2000ab61  freopen                               
2000ab8b  fopen                                 
2000ac31  __aeabi_dsub                          
2000ac3b  __aeabi_dadd                          
2000ade9  _SlDrvWaitForPoolObj                  
2000af79  _SlDrvDriverCBInit                    
2000b0ed  _SlFindAndSetActiveObj                
2000b25d  spi_Open                              
2000b3ad  __aeabi_ddiv                          
2000b4e5  PRCMCC3200MCUInit                     
2000b619  fputs                                 
2000b725  puts                                  
2000b74d  vListInitialise                       
2000b77d  vListInitialiseItem                   
2000b78d  vListInsertEnd                        
2000b7c9  vListInsert                           
2000b82f  uxListRemove                          
2000b879  pxPortInitialiseStack                 
2000b8c9  xPortStartScheduler                   
2000b8f5  vPortEndScheduler                     
2000b8f7  vPortYield                            
2000b909  vPortEnterCritical                    
2000b921  vPortExitCritical                     
2000b939  xPortSysTickHandler                   
2000b955  vPortSetupTimerInterrupt              
2000b989  _Dscale                               
2000ba99  _SlDrvNetAppEventHandler              
2000bb97  __aeabi_dmul                          
2000bc95  _SlDrvDriverCBDeinit                  
2000bd89  sl_FsRead                             
2000be7d  uDMAChannelTransferSet                
2000bf6d  sl_FsWrite                            
2000c059  SmartConfigConnect                    
2000c0e1  SmartConfigStop                       
2000c141  setvbuf                               
2000c21d  spi_Read                              
2000c2f9  _SlDrvClassifyRxMsg                   
2000c3d1  sl_Stop                               
2000c4a5  _sl_HandleAsync_DnsGetHostByService   
2000c56d  __TI_doflush                          
2000c5b9  fflush                                
2000c635  _SlRemoveFromList                     
2000c6f9  _Dnorm                                
2000c7b9  _SlDrvMsgReadCmdCtx                   
2000c875  sl_Start                              
2000c935  ulPortSetInterruptMask                
2000c94b  vPortClearInterruptMask               
2000c959  xPortPendSVHandler                    
2000c9a5  vPortSVCHandler                       
2000c9cd  prvPortStartFirstTask                 
2000c9e5  portCLZ                               
2000c9ed  _SlAsyncEventGenericHandler           
2000caa5  sl_NetAppMDNSRegisterUnregisterService
2000cb59  __TI_wrt_ok                           
2000cbbb  __TI_rd_ok                            
2000cc05  IntDisable                            
2000ccad  IntEnable                             
2000cd55  SPIConfigSetExpClk                    
2000cdf5  _SlDrvMsgReadSpawnCtx                 
2000ce91  __aeabi_memcpy                        
2000ce91  __aeabi_memcpy4                       
2000ce91  __aeabi_memcpy8                       
2000ce91  memcpy                                
2000cf2d  sl_DevGet                             
2000cfc9  _sl_GetCreateFsMode                   
2000d061  __TI_closefile                        
2000d0c7  fclose                                
2000d0f9  fputc                                 
2000d0f9  putc                                  
2000d17d  putchar                               
2000d191  PRCMPeripheralClockGet                
2000d225  sl_WlanGet                            
2000d2b9  sl_WlanSmartConfigStart               
2000d461  _sl_HandleAsync_DnsGetHostByName      
2000d4ed  _sl_HandleAsync_PingResponse          
2000d579  PinMuxConfig                          
2000d605  spi_Write                             
2000d691  PinConfigSet                          
2000d719  vsnprintf                             
2000d7a1  sl_FsClose                            
2000d829  __aeabi_cdcmpeq                       
2000d829  __aeabi_cdcmple                       
2000d8af  __aeabi_cdrcmple                      
2000d935  NwpPowerOnPreamble                    
2000d9b9  GPIOIntTypeSet                        
2000da3d  _SlDrvCmdOp                           
2000dbbd  _sl_HandleAsync_InitComplete          
2000dc39  sl_FsGetInfo                          
2000dcb5  __aeabi_memclr                        
2000dcb5  __aeabi_memclr4                       
2000dcb5  __aeabi_memclr8                       
2000dcb7  __aeabi_memset                        
2000dcb7  __aeabi_memset4                       
2000dcb7  __aeabi_memset8                       
2000dcbd  memset                                
2000dd31  _sl_HandleAsync_Connect               
2000dda9  sl_FsOpen                             
2000de21  spi_Close                             
2000de99  UARTConfigSetExpClk                   
2000df11  _SlDrvCmdSend                         
2000df7d  __TI_auto_init                        
2000dff1  fprintf                               
2000e0c1  _sl_NetAppSendTokenValue              
2000e129  __TI_writemsg                         
2000e157  C$$IO$$                               
2000e15b  __TI_readmsg                          
2000e191  sl_NetCfgSet                          
2000e1f9  sl_WlanSet                            
2000e261  _Dunscale                             
2000e2c9  fseek                                 
2000e32d  uDMAChannelAttributeDisable           
2000e391  uDMAChannelAttributeEnable            
2000e3f5  _sl_HandleAsync_Accept                
2000e455  sl_WlanPolicySet                      
2000e4b5  IntPendClear                          
2000e50d  PRCMPeripheralReset                   
2000e565  ltoa                                  
2000e5bd  IntPrioritySet                        
2000e611  _sl_HandleAsync_Select                
2000e665  sl_WlanRxFilterSet                    
2000e6b9  _sl_HandleAsync_Stop                  
2000e709  SPIIntEnable                          
2000e755  _SlDrvProtectAsyncRespSetting         
2000e7a1  _SlDrvRxIrqHandler                    
2000e7ed  atoi                                  
2000e839  copy_in                               
2000e885  uDMAChannelAssign                     
2000e8d1  SPIIntClear                           
2000e919  _SlDrvBasicCmd                        
2000e961  __aeabi_d2iz                          
2000e9a9  ldexp                                 
2000ea79  C$$EXIT                               
2000ea7d  abort                                 
2000ea85  exit                                  
2000eabd  PinModeSet                            
2000eafd  signal                                
2000eb3d  CopyPingResultsToReport               
2000eb79  PRCMPeripheralClkEnable               
2000ebb5  _c_int00                              
2000ebf1  uDMAChannelControlSet                 
2000ec2d  NwpPowerOff                           
2000ec65  pvPortMalloc                          
2000ec85  vPortFree                             
2000ec9d  GPIODirModeSet                        
2000ecd3  sl_NetAppMDNSUnRegisterService        
2000ed09  PRCMPeripheralStatusGet               
2000ed3d  SPIFIFOLevelSet                       
2000ed71  feraiseexcept                         
2000eda5  PinTypeGPIO                           
2000edd5  UARTDisable                           
2000ee05  _SlDrvDeviceEventHandler              
2000ee35  _sl_Strlen                            
2000ee65  strncpy                               
2000ee95  _Feraise                              
2000eec5  sl_WlanProfileDel                     
2000eef5  sl_WlanSetMode                        
2000ef25  __aeabi_i2d                           
2000ef53  raise                                 
2000ef81  DmaSpiSwIntHandler                    
2000efad  NwpPowerOn                            
2000efd9  PRCMSysResetCauseGet                  
2000f005  _Dclass                               
2000f031  PRCMPeripheralClkDisable              
2000f059  sl_NetAppStart                        
2000f081  sl_NetAppStop                         
2000f0a9  NwpRegisterInterruptHandler           
2000f0d1  IntUnregister                         
2000f0f5  UARTEnable                            
2000f119  _SlDrvProtectionObjLockWaitForever    
2000f13d  memmove                               
2000f161  SPIReset                              
2000f183  SPIWordCountSet                       
2000f1a5  frexp                                 
2000f1c7  memcmp                                
2000f1e9  GPIOPinWrite                          
2000f209  IntRegister                           
2000f229  _SlDrvProtectionObjUnLock             
2000f249  memchr                                
2000f269  UARTCharPut                           
2000f2a5  UARTCharGetNonBlocking                
2000f2c1  _SlDrvObjLockWaitForever              
2000f2dd  _SlDrvSyncObjWaitForever              
2000f2f9  memccpy                               
2000f315  uDMAChannelEnable                     
2000f331  GPIOIntEnable                         
2000f34b  PinTypeUART                           
2000f365  SPIDmaDisable                         
2000f37f  SPIDmaEnable                          
2000f399  SPIFIFODisable                        
2000f3b3  SPIFIFOEnable                         
2000f3cd  GPIOPinRead                           
2000f3e5  SPICSDisable                          
2000f3fd  SPICSEnable                           
2000f415  SPIDisable                            
2000f42d  SPIEnable                             
2000f445  UARTCharsAvail                        
2000f45d  _SlDrvObjUnLock                       
2000f475  _SlDrvSyncObjSignal                   
2000f48d  _sl_GetStartResponseConvert           
2000f4a5  _args_main                            
2000f4bd  strcmp                                
2000f4d5  PRCMHIBRegRead                        
2000f4eb  PRCMHIBRegWrite                       
2000f501  _SlDrvMemZero                         
2000f517  strchr                                
2000f52d  CPUcpsie                              
2000f541  GPIOIntClear                          
2000f555  IntVTableBaseSet                      
2000f569  _register_unlock                      
2000f56f  _register_lock                        
2000f577  _nop                                  
2000f57d  strcpy                                
2000f591  strlen                                
2000f5a5  _SlDrvResetCmdExt                     
2000f5b3  __TI_decompress_none                  
2000f5c1  ResetISR                              
2000f5d1  NwpMaskInterrupt                      
2000f5dd  NwpUnMaskInterrupt                    
2000f5e9  __TI_zero_init                        
2000f5f5  sl_WlanDisconnect                     
2000f601  sl_WlanSmartConfigStop                
2000f60d  IntMasterEnable                       
2000f617  UtilsDelay                            
2000f61d  __TI_decompress_rle24                 
2000f623  __abort_execution                     
2000f627  _system_pre_init                      
2000f62c  _ctypes_                              
2000fa2c  OpcodeTranslateTable                  
2000fa68  _SlPolicySetCmdCtrl                   
2000fa6c  _SlPolicyGetCmdCtrl                   
2000fa70  _SlProfileGetCmdCtrl                  
2000fa74  _SlProfileDelCmdCtrl                  
2000fa78  _SlWlanGetNetworkListCtrl             
2000fa7c  _SlRxFilterAddtCmdCtrl                
2000fa80  _SlRxFilterSetCmdCtrl                 
2000fa84  _SlRxFilterGetCmdCtrl                 
2000fa88  _SlSmartConfigStartCmdCtrl            
2000fa8c  _SlWlanSetModeCmdCtrl                 
2000fa90  _SlWlanCfgSetCmdCtrl                  
2000fa94  _SlWlanCfgGetCmdCtrl                  
2000faa4  _SlActionLookupTable                  
2000fadc  _SlFsOpenCmdCtrl                      
2000fae0  _SlFsCloseCmdCtrl                     
2000fae4  _SlFsReadCmdCtrl                      
2000fae8  _SlFsWriteCmdCtrl                     
2000faec  _SlFsGetInfoCmdCtrl                   
2000faf0  _SlFsDeleteCmdCtrl                    
2000fb14  g_H2NSyncPattern                      
2000fb1c  g_H2NCnysPattern                      
2000fb24  RxMsgClassLUT                         
2000fb74  _SlNetAppStartCtrl                    
2000fb78  _SlNetAppStopCtrl                     
2000fb7c  _SlGetServiceListeCtrl                
2000fb80  _SlRegisterServiceCtrl                
2000fb84  _SlGetHostByServiceCtrl               
2000fb88  _SlGetHostByNameCtrl                  
2000fb8c  _SlNetAppSetCmdCtrl                   
2000fb90  _SlNetAppSendTokenValueCmdCtrl        
2000fb94  _SlNetAppGetCmdCtrl                   
2000fc30  _SlStopCmdCtrl                        
2000fc34  _SlEventMaskSetCmdCtrl                
2000fc38  _SlEventMaskGetCmdCtrl                
2000fc3c  _SlDeviceGetCmdCtrl                   
2000fc40  _SlDeviceSetCmdCtrl                   
2000fc44  StartResponseLUT                      
2000fc4c  _SlNetCfgSetCmdCtrl                   
2000fc50  _SlNetCfgGetCmdCtrl                   
2000fc58  __TI_static_base__                    
2000fd5c  __TI_Handler_Table_Base               
2000fd68  __TI_Handler_Table_Limit              
2000fd70  __TI_CINIT_Base                       
2000fd80  __TI_CINIT_Limit                      
20017000  _sys_memory                           
2001f000  g_StatMem                             
2001f178  __CIOBUF_                             
2001f360  __TI_tmpnams                          
2001f400  g_ucDinDout                           
2001f450  xQueueRegistry                        
2001f4a0  g_ucConnectionSSID                    
2001f4c4  g_ucSSID                              
2001f568  g_ucConnectionBSSID                   
2001f578  DMAMsgQ                               
2001f57c  FileAvail                             
2001f580  FileSaved                             
2001f584  G_FILE                                
2001f588  OpenFile                              
2001f58c  Processing                            
2001f594  blocks                                
2001f598  bytesRead                             
2001f59c  g_cDummy                              
2001f5a8  RxIrqCnt                              
2001f5a9  g_ucLED1Pin                           
2001f5aa  g_ucLED2Pin                           
2001f5ab  g_ucLED3Pin                           
2001f5b0  _ftable                               
2001f820  _Denorm                               
2001f830  _Eps                                  
2001f840  _Hugeval                              
2001f850  _Inf                                  
2001f860  _Nan                                  
2001f870  _Snan                                 
2001f880  _Rteps                                
2001f890  _Xbig                                 
2001f898  _Zero                                 
2001f8a0  g_ulStatus                            
2001f8a4  g_ulPingPacketsRecv                   
2001f8a8  g_ulGatewayIP                         
2001f8ac  POST_token                            
2001f8b7  GET_token                             
2001f8c4  g_iSimplelinkRole                     
2001f8c8  g_uiIpAddress                         
2001f8cc  OP_STATUS                             
2001f8d0  fileHandle                            
2001f8d4  Token                                 
2001f8d8  bytesReceived                         
2001f8dc  g_usMCNetworkUstate                   
2001f8e0  g_uiSimplelinkRole                    
2001f8e4  g_uiDeviceModeConfig                  
2001f8e8  g_ucConnectTimeout                    
2001f8ec  pxCurrentTCB                          
2001f934  g_uiLED1Port                          
2001f938  g_uiLED2Port                          
2001f93c  g_uiLED3Port                          
2001f940  __TI_ft_end                           
2001f944  __aeabi_stdin                         
2001f948  __aeabi_stdout                        
2001f94c  __aeabi_stderr                        
2001f950  xHigherPriorityTaskWoken              
2001f954  xSimpleLinkSpawnQueue                 
2001f958  xSimpleLinkSpawnTaskHndl              
2001f968  g_SpiFd                               
2001f96c  g_pHostIntHdl                         
2001f970  g_ucDMAEnabled                        
2001f974  g_pCB                                 
2001f978  pPingCallBackFunc                     
2001f97c  gFirstCmdMode                         
2001f980  _lock                                 
2001f984  _unlock                               
2001f988  __TI_cleanup_ptr                      
2001f98c  __TI_dtors_ptr                        
2001f990  _Fenv                                 
2001f994  _Tls_setup__Fenv                      
2001f99c  _Errno                                
2001f9a4  main_func_sp                          
2002f800  __stack                               
20030000  __STACK_END                           
ffffffff  __binit__                             
ffffffff  __c_args__                            
ffffffff  binit                                 
UNDEFED   SHT$$INIT_ARRAY$$Base                 
UNDEFED   SHT$$INIT_ARRAY$$Limit                

[512 symbols]
