******************************************************************************
                  TI ARM Linker PC v5.2.7                      
******************************************************************************
>> Linked Sun Apr 03 00:18:22 2016

OUTPUT FILE NAME:   <LaserCeenC.out>
ENTRY POINT SYMBOL: "_c_int00"  address: 200106b1


MEMORY CONFIGURATION

         name            origin    length      used     unused   attr    fill
----------------------  --------  ---------  --------  --------  ----  --------
  SRAM_CODE             20004000   00013000  0000d97e  00005682  RW X
  SRAM_DATA             20017000   00019000  000091a4  0000fe5c  RW X


SEGMENT ALLOCATION MAP

run origin  load origin   length   init length attrs members
----------  ----------- ---------- ----------- ----- -------
20004000    20004000    0000d980   0000d980    r-x
  20004000    20004000    00000400   00000400    r-- .intvecs
  20004400    20004400    0000cd66   0000cd66    r-x .text
  20011168    20011168    000006f0   000006f0    r-- .const
  20011858    20011858    00000128   00000128    r-- .cinit
20017000    20017000    000089a8   00000000    rw-
  20017000    20017000    00008000   00000000    rw- .sysmem
  2001f000    2001f000    000005ac   00000000    rw- .bss
  2001f5b0    2001f5b0    000003f8   00000000    rw- .data
2002f800    2002f800    00000800   00000000    rw-
  2002f800    2002f800    00000800   00000000    rw- .stack


SECTION ALLOCATION MAP

 output                                  attributes/
section   page    origin      length       input sections
--------  ----  ----------  ----------   ----------------
.intvecs   0    20004000    00000400     
                  20004000    00000400     startup_ccs.obj (.intvecs)

.init_array 
*          0    20004000    00000000     UNINITIALIZED

.text      0    20004400    0000cd66     
                  20004400    0000184e     main.obj (.text)
                  20005c4e    00000002     driverlib.a : interrupt.obj (.text:IntDefaultHandler)
                  20005c50    0000125c     free_rtos.a : tasks.obj (.text)
                  20006eac    000010a6     rtsv7M4_T_le_eabi.lib : _printfi.obj (.text)
                  20007f52    00000002     --HOLE-- [fill = 0]
                  20007f54    00000b24     free_rtos.a : queue.obj (.text)
                  20008a78    00000906     rtsv7M4_T_le_eabi.lib : _scanfi.obj (.text)
                  2000937e    00000002     --HOLE-- [fill = 0]
                  20009380    000005ec     simplelink.a : driver.obj (.text:_SlDrvMsgRead)
                  2000996c    00000004     rtsv7M4_T_le_eabi.lib : error.obj (.text)
                  20009970    000004ac     gpio_if.obj (.text)
                  20009e1c    0000045c     free_rtos.a : osi_freertos.obj (.text)
                  2000a278    000003dc     rtsv7M4_T_le_eabi.lib : memory.obj (.text)
                  2000a654    00000004                           : pre_init.obj (.text)
                  2000a658    0000032a     uart_if.obj (.text)
                  2000a982    00000002     --HOLE-- [fill = 0]
                  2000a984    0000030c     rtsv7M4_T_le_eabi.lib : lowlev.obj (.text)
                  2000ac90    000002f6     fileparse.obj (.text)
                  2000af86    00000002     --HOLE-- [fill = 0]
                  2000af88    000002d4     rtsv7M4_T_le_eabi.lib : trgdrv.obj (.text)
                  2000b25c    00000298                           : vla_alloc.obj (.text)
                  2000b4f4    00000248     simplelink.a : driver.obj (.text:_SlDrvRxHdrRead)
                  2000b73c    00000238     rtsv7M4_T_le_eabi.lib : strtod.obj (.text)
                  2000b974    000001f4                           : ull_div_t2.obj (.text)
                  2000bb68    000001e4                           : strtoll.obj (.text)
                  2000bd4c    000001d0     simplelink.a : driver.obj (.text:_SlDrvReleasePoolObj)
                  2000bf1c    000001cc                  : driver.obj (.text:_SlDrvMsgWrite)
                  2000c0e8    000001c4     rtsv7M4_T_le_eabi.lib : fopen.obj (.text)
                  2000c2ac    000001b6                           : fd_add_t2.obj (.text)
                  2000c462    00000002     --HOLE-- [fill = 0]
                  2000c464    00000190     simplelink.a : driver.obj (.text:_SlDrvWaitForPoolObj)
                  2000c5f4    00000174                  : driver.obj (.text:_SlDrvDriverCBInit)
                  2000c768    00000170                  : driver.obj (.text:_SlFindAndSetActiveObj)
                  2000c8d8    0000016c     rtsv7M4_T_le_eabi.lib : strtoull.obj (.text)
                  2000ca44    00000150     simplelink.a : cc_pal.obj (.text:spi_Open)
                  2000cb94    00000136     rtsv7M4_T_le_eabi.lib : fd_div_t2.obj (.text)
                  2000ccca    00000002     --HOLE-- [fill = 0]
                  2000cccc    00000134     driverlib.a : prcm.obj (.text:PRCMCC3200MCUInit)
                  2000ce00    00000134     rtsv7M4_T_le_eabi.lib : fputs.obj (.text)
                  2000cf34    00000134                           : strtol.obj (.text)
                  2000d068    0000012a     free_rtos.a : list.obj (.text)
                  2000d192    00000002     --HOLE-- [fill = 0]
                  2000d194    00000114     rtsv7M4_T_le_eabi.lib : strtoul.obj (.text)
                  2000d2a8    00000110     free_rtos.a : port.obj (.text)
                  2000d3b8    00000110     rtsv7M4_T_le_eabi.lib : xdscale.obj (.text)
                  2000d4c8    000000fe     simplelink.a : netapp.obj (.text:_SlDrvNetAppEventHandler)
                  2000d5c6    00000002     --HOLE-- [fill = 0]
                  2000d5c8    000000fe     smartconfig.obj (.text)
                  2000d6c6    000000fc     rtsv7M4_T_le_eabi.lib : fd_mul_t2.obj (.text)
                  2000d7c2    00000002     --HOLE-- [fill = 0]
                  2000d7c4    000000f4     simplelink.a : driver.obj (.text:_SlDrvDriverCBDeinit)
                  2000d8b8    000000f4                  : fs.obj (.text:sl_FsRead)
                  2000d9ac    000000f0     driverlib.a : udma.obj (.text:uDMAChannelTransferSet)
                  2000da9c    000000ec     simplelink.a : fs.obj (.text:sl_FsWrite)
                  2000db88    000000dc     rtsv7M4_T_le_eabi.lib : setvbuf.obj (.text)
                  2000dc64    000000dc     simplelink.a : cc_pal.obj (.text:spi_Read)
                  2000dd40    000000d8                  : driver.obj (.text:_SlDrvClassifyRxMsg)
                  2000de18    000000d4                  : device.obj (.text:sl_Stop)
                  2000deec    000000cc     rtsv7M4_T_le_eabi.lib : sscanf.obj (.text)
                  2000dfb8    000000c8     simplelink.a : netapp.obj (.text:_sl_HandleAsync_DnsGetHostByService)
                  2000e080    000000c8     rtsv7M4_T_le_eabi.lib : fflush.obj (.text)
                  2000e148    000000c4     simplelink.a : driver.obj (.text:_SlRemoveFromList)
                  2000e20c    000000be     rtsv7M4_T_le_eabi.lib : xdnorm.obj (.text)
                  2000e2ca    00000002     --HOLE-- [fill = 0]
                  2000e2cc    000000bc     simplelink.a : driver.obj (.text:_SlDrvMsgReadCmdCtx)
                  2000e388    000000bc                  : device.obj (.text:sl_Start)
                  2000e444    000000ba     free_rtos.a : portasm.obj (.text)
                  2000e4fe    00000002     --HOLE-- [fill = 0]
                  2000e500    000000b8     simplelink.a : driver.obj (.text:_SlAsyncEventGenericHandler)
                  2000e5b8    000000b4                  : netapp.obj (.text:sl_NetAppMDNSRegisterUnregisterService)
                  2000e66c    000000ac     rtsv7M4_T_le_eabi.lib : _io_perm.obj (.text)
                  2000e718    000000a8     driverlib.a : interrupt.obj (.text:IntDisable)
                  2000e7c0    000000a8                 : interrupt.obj (.text:IntEnable)
                  2000e868    000000a0                 : spi.obj (.text:SPIConfigSetExpClk)
                  2000e908    0000009c     simplelink.a : driver.obj (.text:_SlDrvMsgReadSpawnCtx)
                  2000e9a4    0000009c     rtsv7M4_T_le_eabi.lib : memcpy_t2.obj (.text)
                  2000ea40    0000009c     simplelink.a : device.obj (.text:sl_DevGet)
                  2000eadc    00000098                  : fs.obj (.text:_sl_GetCreateFsMode)
                  2000eb74    00000004     --HOLE-- [fill = 0]
                  2000eb78    00000098     pinmux.obj (.text)
                  2000ec10    00000098     rtsv7M4_T_le_eabi.lib : fclose.obj (.text)
                  2000eca8    00000098                           : fputc.obj (.text)
                  2000ed40    00000094     driverlib.a : prcm.obj (.text:PRCMPeripheralClockGet)
                  2000edd4    00000090     simplelink.a : wlan.obj (.text:sl_WlanSmartConfigStart)
                  2000ee64    0000008c                  : cc_pal.obj (.text:SetupDMAReceive)
                  2000eef0    0000008c                  : cc_pal.obj (.text:SetupDMASend)
                  2000ef7c    0000008c                  : netapp.obj (.text:_sl_HandleAsync_DnsGetHostByName)
                  2000f008    0000008c                  : netapp.obj (.text:_sl_HandleAsync_PingResponse)
                  2000f094    0000008c                  : cc_pal.obj (.text:spi_Write)
                  2000f120    00000088     driverlib.a : pin.obj (.text:PinConfigSet)
                  2000f1a8    00000088     rtsv7M4_T_le_eabi.lib : vsnprintf.obj (.text)
                  2000f230    00000088     simplelink.a : fs.obj (.text:sl_FsClose)
                  2000f2b8    00000086     rtsv7M4_T_le_eabi.lib : fd_cmp_t2.obj (.text:__aeabi_cdcmple)
                  2000f33e    00000086                           : fd_cmp_t2.obj (.text:__aeabi_cdrcmple)
                  2000f3c4    00000084     simplelink.a : cc_pal.obj (.text:NwpPowerOnPreamble)
                  2000f448    00000082     driverlib.a : gpio.obj (.text:GPIOIntTypeSet)
                  2000f4ca    00000002     --HOLE-- [fill = 0]
                  2000f4cc    00000080     simplelink.a : driver.obj (.text:_SlDrvCmdOp)
                  2000f54c    00000080                  : cc_pal.obj (.text:spi_Read_CPU)
                  2000f5cc    00000080                  : cc_pal.obj (.text:spi_Write_CPU)
                  2000f64c    0000007c                  : device.obj (.text:_sl_HandleAsync_InitComplete)
                  2000f6c8    0000007c                  : fs.obj (.text:sl_FsGetInfo)
                  2000f744    0000007a     rtsv7M4_T_le_eabi.lib : memset_t2.obj (.text)
                  2000f7be    00000002     --HOLE-- [fill = 0]
                  2000f7c0    00000078     simplelink.a : socket.obj (.text:_sl_HandleAsync_Connect)
                  2000f838    00000078                  : fs.obj (.text:sl_FsOpen)
                  2000f8b0    00000078                  : cc_pal.obj (.text:spi_Close)
                  2000f928    00000076     driverlib.a : uart.obj (.text:UARTConfigSetExpClk)
                  2000f99e    0000006e     rtsv7M4_T_le_eabi.lib : fd_tos_t2.obj (.text)
                  2000fa0c    0000006c     simplelink.a : driver.obj (.text:_SlDrvCmdSend)
                  2000fa78    0000006c     rtsv7M4_T_le_eabi.lib : autoinit.obj (.text)
                  2000fae4    0000006c                           : fprintf.obj (.text)
                  2000fb50    0000006a                           : copy_decompress_rle.obj (.text)
                  2000fbba    00000002     --HOLE-- [fill = 0]
                  2000fbbc    00000068     simplelink.a : netapp.obj (.text:_sl_NetAppSendTokenValue)
                  2000fc24    00000068     rtsv7M4_T_le_eabi.lib : trgmsg.obj (.text)
                  2000fc8c    00000068     simplelink.a : netcfg.obj (.text:sl_NetCfgSet)
                  2000fcf4    00000068                  : wlan.obj (.text:sl_WlanSet)
                  2000fd5c    00000066     rtsv7M4_T_le_eabi.lib : xdunscal.obj (.text)
                  2000fdc2    00000002     --HOLE-- [fill = 0]
                  2000fdc4    00000064                           : fseek.obj (.text)
                  2000fe28    00000064     driverlib.a : udma.obj (.text:uDMAChannelAttributeDisable)
                  2000fe8c    00000064                 : udma.obj (.text:uDMAChannelAttributeEnable)
                  2000fef0    00000060     simplelink.a : socket.obj (.text:_sl_HandleAsync_Accept)
                  2000ff50    00000060                  : wlan.obj (.text:sl_WlanPolicySet)
                  2000ffb0    00000058     driverlib.a : interrupt.obj (.text:IntPendClear)
                  20010008    00000058                 : prcm.obj (.text:PRCMPeripheralReset)
                  20010060    00000056     rtsv7M4_T_le_eabi.lib : ltoa.obj (.text)
                  200100b6    00000002     --HOLE-- [fill = 0]
                  200100b8    00000054     driverlib.a : interrupt.obj (.text:IntPrioritySet)
                  2001010c    00000054     simplelink.a : socket.obj (.text:_sl_HandleAsync_Select)
                  20010160    00000054                  : wlan.obj (.text:sl_WlanRxFilterSet)
                  200101b4    00000050                  : device.obj (.text:_sl_HandleAsync_Stop)
                  20010204    0000004c     driverlib.a : spi.obj (.text:SPIIntEnable)
                  20010250    0000004c     simplelink.a : driver.obj (.text:_SlDrvProtectAsyncRespSetting)
                  2001029c    0000004c                  : driver.obj (.text:_SlDrvRxIrqHandler)
                  200102e8    0000004c     rtsv7M4_T_le_eabi.lib : atoi.obj (.text)
                  20010334    0000004c                           : cpy_tbl.obj (.text)
                  20010380    0000004c     driverlib.a : udma.obj (.text:uDMAChannelAssign)
                  200103cc    00000048                 : spi.obj (.text:SPIIntClear)
                  20010414    00000048     simplelink.a : driver.obj (.text:_SlDrvBasicCmd)
                  2001045c    00000048     rtsv7M4_T_le_eabi.lib : fd_toi_t2.obj (.text)
                  200104a4    00000046                           : ldexp.obj (.text)
                  200104ea    00000002     --HOLE-- [fill = 0]
                  200104ec    00000044     driverlib.a : spi.obj (.text:SPIDmaMaskGet)
                  20010530    00000044     simplelink.a : cc_pal.obj (.text:cc_SetupTransfer)
                  20010574    00000044     rtsv7M4_T_le_eabi.lib : exit.obj (.text)
                  200105b8    00000040     driverlib.a : pin.obj (.text:PinModeSet)
                  200105f8    00000040     rtsv7M4_T_le_eabi.lib : signal.obj (.text)
                  20010638    0000003c     simplelink.a : netapp.obj (.text:CopyPingResultsToReport)
                  20010674    0000003c     driverlib.a : prcm.obj (.text:PRCMPeripheralClkEnable)
                  200106b0    0000003c     rtsv7M4_T_le_eabi.lib : boot.obj (.text)
                  200106ec    0000003c     driverlib.a : udma.obj (.text:uDMAChannelControlSet)
                  20010728    00000038     simplelink.a : cc_pal.obj (.text:NwpPowerOff)
                  20010760    00000038     free_rtos.a : heap_3.obj (.text)
                  20010798    00000036     driverlib.a : gpio.obj (.text:GPIODirModeSet)
                  200107ce    00000036     simplelink.a : netapp.obj (.text:sl_NetAppMDNSUnRegisterService)
                  20010804    00000034     driverlib.a : prcm.obj (.text:PRCMPeripheralStatusGet)
                  20010838    00000034                 : spi.obj (.text:SPIFIFOLevelSet)
                  2001086c    00000034     rtsv7M4_T_le_eabi.lib : feraiseexcept.obj (.text)
                  200108a0    00000030     driverlib.a : pin.obj (.text:PinTypeGPIO)
                  200108d0    00000030                 : uart.obj (.text:UARTDisable)
                  20010900    00000030     simplelink.a : device.obj (.text:_SlDrvDeviceEventHandler)
                  20010930    00000030                  : fs.obj (.text:_sl_Strlen)
                  20010960    00000030     rtsv7M4_T_le_eabi.lib : strncpy.obj (.text)
                  20010990    00000030                           : xferaise.obj (.text)
                  200109c0    00000030     simplelink.a : wlan.obj (.text:sl_WlanProfileDel)
                  200109f0    00000030                  : wlan.obj (.text:sl_WlanSetMode)
                  20010a20    0000002e     rtsv7M4_T_le_eabi.lib : i_tofd_t2.obj (.text)
                  20010a4e    0000002e                           : raise.obj (.text)
                  20010a7c    0000002c     simplelink.a : cc_pal.obj (.text:DmaSpiSwIntHandler)
                  20010aa8    0000002c                  : cc_pal.obj (.text:NwpPowerOn)
                  20010ad4    0000002c     driverlib.a : prcm.obj (.text:PRCMSysResetCauseGet)
                  20010b00    0000002a     rtsv7M4_T_le_eabi.lib : xdclass.obj (.text)
                  20010b2a    00000002     --HOLE-- [fill = 0]
                  20010b2c    00000028     driverlib.a : prcm.obj (.text:PRCMPeripheralClkDisable)
                  20010b54    00000028     simplelink.a : netapp.obj (.text:sl_NetAppStart)
                  20010b7c    00000028                  : netapp.obj (.text:sl_NetAppStop)
                  20010ba4    00000026                  : cc_pal.obj (.text:NwpRegisterInterruptHandler)
                  20010bca    00000002     --HOLE-- [fill = 0]
                  20010bcc    00000024     driverlib.a : interrupt.obj (.text:IntUnregister)
                  20010bf0    00000024                 : uart.obj (.text:UARTEnable)
                  20010c14    00000024     simplelink.a : driver.obj (.text:_SlDrvProtectionObjLockWaitForever)
                  20010c38    00000024     rtsv7M4_T_le_eabi.lib : memmov.obj (.text)
                  20010c5c    00000022     driverlib.a : spi.obj (.text:SPIReset)
                  20010c7e    00000022                 : spi.obj (.text:SPIWordCountSet)
                  20010ca0    00000022     rtsv7M4_T_le_eabi.lib : frexp.obj (.text)
                  20010cc2    00000022                           : memcmp.obj (.text)
                  20010ce4    00000004     --HOLE-- [fill = 0]
                  20010ce8    00000022     startup_ccs.obj (.text)
                  20010d0a    00000020     driverlib.a : gpio.obj (.text:GPIOPinWrite)
                  20010d2a    00000002     --HOLE-- [fill = 0]
                  20010d2c    00000020                 : interrupt.obj (.text:IntRegister)
                  20010d4c    00000020     simplelink.a : driver.obj (.text:_SlDrvProtectionObjUnLock)
                  20010d6c    00000020     rtsv7M4_T_le_eabi.lib : memchr.obj (.text)
                  20010d8c    0000001e     driverlib.a : uart.obj (.text:UARTCharPut)
                  20010daa    0000001e     simplelink.a : cc_pal.obj (.text:cc_UDMAChannelSelect)
                  20010dc8    0000001c     driverlib.a : uart.obj (.text:UARTCharGetNonBlocking)
                  20010de4    0000001c     simplelink.a : driver.obj (.text:_SlDrvObjLockWaitForever)
                  20010e00    0000001c                  : driver.obj (.text:_SlDrvSyncObjWaitForever)
                  20010e1c    0000001c     rtsv7M4_T_le_eabi.lib : memccpy.obj (.text)
                  20010e38    0000001c     driverlib.a : udma.obj (.text:uDMAChannelEnable)
                  20010e54    0000001a                 : gpio.obj (.text:GPIOIntEnable)
                  20010e6e    0000001a                 : pin.obj (.text:PinTypeUART)
                  20010e88    0000001a                 : spi.obj (.text:SPIDmaDisable)
                  20010ea2    0000001a                 : spi.obj (.text:SPIDmaEnable)
                  20010ebc    0000001a                 : spi.obj (.text:SPIFIFODisable)
                  20010ed6    0000001a                 : spi.obj (.text:SPIFIFOEnable)
                  20010ef0    00000018                 : gpio.obj (.text:GPIOPinRead)
                  20010f08    00000018                 : spi.obj (.text:SPICSDisable)
                  20010f20    00000018                 : spi.obj (.text:SPICSEnable)
                  20010f38    00000018                 : spi.obj (.text:SPIDisable)
                  20010f50    00000018                 : spi.obj (.text:SPIEnable)
                  20010f68    00000018                 : uart.obj (.text:UARTCharsAvail)
                  20010f80    00000018     simplelink.a : driver.obj (.text:_SlDrvObjUnLock)
                  20010f98    00000018                  : driver.obj (.text:_SlDrvSyncObjSignal)
                  20010fb0    00000018                  : device.obj (.text:_sl_GetStartResponseConvert)
                  20010fc8    00000018     rtsv7M4_T_le_eabi.lib : args_main.obj (.text)
                  20010fe0    00000018                           : ll_mul_t2.obj (.text)
                  20010ff8    00000018                           : strcmp.obj (.text)
                  20011010    00000018                           : strrchr.obj (.text)
                  20011028    00000016     driverlib.a : prcm.obj (.text:PRCMHIBRegRead)
                  2001103e    00000016                 : prcm.obj (.text:PRCMHIBRegWrite)
                  20011054    00000016     simplelink.a : driver.obj (.text:_SlDrvMemZero)
                  2001106a    00000016     rtsv7M4_T_le_eabi.lib : strchr.obj (.text)
                  20011080    00000014     driverlib.a : cpu.obj (.text:CPUcpsie)
                  20011094    00000014                 : gpio.obj (.text:GPIOIntClear)
                  200110a8    00000014                 : interrupt.obj (.text:IntVTableBaseSet)
                  200110bc    00000014     rtsv7M4_T_le_eabi.lib : _lock.obj (.text)
                  200110d0    00000014                           : strcpy.obj (.text)
                  200110e4    00000014                           : strlen.obj (.text)
                  200110f8    0000000e     simplelink.a : driver.obj (.text:_SlDrvResetCmdExt)
                  20011106    0000000e     rtsv7M4_T_le_eabi.lib : copy_decompress_none.obj (.text:decompress:none)
                  20011114    0000000c     simplelink.a : cc_pal.obj (.text:NwpMaskInterrupt)
                  20011120    0000000c                  : cc_pal.obj (.text:NwpUnMaskInterrupt)
                  2001112c    0000000c     rtsv7M4_T_le_eabi.lib : copy_zero_init.obj (.text:decompress:ZI)
                  20011138    0000000c     simplelink.a : wlan.obj (.text:sl_WlanDisconnect)
                  20011144    0000000c                  : wlan.obj (.text:sl_WlanSmartConfigStop)
                  20011150    0000000a     driverlib.a : interrupt.obj (.text:IntMasterEnable)
                  2001115a    00000006                 : utils.obj (.text:UtilsDelay)
                  20011160    00000006     rtsv7M4_T_le_eabi.lib : copy_decompress_rle.obj (.text:decompress:rle24)

.const     0    20011168    000006f0     
                  20011168    00000101     rtsv7M4_T_le_eabi.lib : ctype.obj (.const:.string:_ctypes_)
                  20011269    00000003     --HOLE-- [fill = 0]
                  2001126c    00000100     driverlib.a : pin.obj (.const:g_ulPinToPadMap)
                  2001136c    000000d4                 : interrupt.obj (.const:g_pulRegs)
                  20011440    000000a8                 : prcm.obj (.const:PRCM_PeriphRegsList)
                  200114e8    00000098     rtsv7M4_T_le_eabi.lib : strtod.obj (.const)
                  20011580    00000080     driverlib.a : interrupt.obj (.const)
                  20011600    0000003c     simplelink.a : driver.obj (.const:OpcodeTranslateTable)
                  2001163c    0000003c                  : wlan.obj (.const)
                  20011678    00000038                  : driver.obj (.const:_SlActionLookupTable)
                  200116b0    00000038                  : fs.obj (.const)
                  200116e8    00000034                  : driver.obj (.const)
                  2001171c    0000002c     main.obj (.const:$P$T1$2)
                  20011748    00000028     simplelink.a : netapp.obj (.const)
                  20011770    00000023     smartconfig.obj (.const:.string)
                  20011793    00000022     main.obj (.const:.string:$P$T0$1)
                  200117b5    00000021     main.obj (.const:.string:$P$T4$5)
                  200117d6    00000020     main.obj (.const:.string)
                  200117f6    00000002     --HOLE-- [fill = 0]
                  200117f8    00000018     driverlib.a : spi.obj (.const)
                  20011810    00000014     main.obj (.const)
                  20011824    00000014     simplelink.a : device.obj (.const)
                  20011838    00000010     rtsv7M4_T_le_eabi.lib : _scanfi.obj (.const)
                  20011848    00000008     simplelink.a : device.obj (.const:.string)
                  20011850    00000008                  : netcfg.obj (.const)

.cinit     0    20011858    00000128     
                  20011858    00000102     (.cinit..data.load) [load image, compression = rle]
                  2001195a    00000002     --HOLE-- [fill = 0]
                  2001195c    0000000c     (__TI_handler_table)
                  20011968    00000008     (.cinit..bss.load) [load image, compression = zero_init]
                  20011970    00000010     (__TI_cinit_table)

.sysmem    0    20017000    00008000     UNINITIALIZED
                  20017000    00000008     rtsv7M4_T_le_eabi.lib : memory.obj (.sysmem)
                  20017008    00007ff8     --HOLE--

.bss       0    2001f000    000005ac     UNINITIALIZED
                  2001f000    00000178     simplelink.a : driver.obj (.bss:g_StatMem)
                  2001f178    00000120     rtsv7M4_T_le_eabi.lib : trgmsg.obj (.bss:__CIOBUF_)
                  2001f298    000000c8     free_rtos.a : tasks.obj (.bss:pxReadyTasksLists)
                  2001f360    000000a0     rtsv7M4_T_le_eabi.lib : defs.obj (.bss:__TI_tmpnams)
                  2001f400    00000050     simplelink.a : cc_pal.obj (.bss:g_ucDinDout)
                  2001f450    00000050     free_rtos.a : queue.obj (.bss:xQueueRegistry)
                  2001f4a0    00000024     main.obj (.bss:g_ucConnectionSSID)
                  2001f4c4    00000024     main.obj (.bss:g_ucSSID)
                  2001f4e8    0000001c     rtsv7M4_T_le_eabi.lib : vla_alloc.obj (.bss)
                  2001f504    00000014     (.common:xDelayedTaskList1)
                  2001f518    00000014     (.common:xDelayedTaskList2)
                  2001f52c    00000014     (.common:xPendingReadyList)
                  2001f540    00000014     (.common:xSuspendedTaskList)
                  2001f554    00000014     (.common:xTasksWaitingTermination)
                  2001f568    00000008     (.common:g_ucConnectionBSSID)
                  2001f570    00000008     (.common:parmbuf)
                  2001f578    00000004     (.common:DMAMsgQ)
                  2001f57c    00000004     (.common:FileAvail)
                  2001f580    00000004     (.common:FileSaved)
                  2001f584    00000004     (.common:G_FILE)
                  2001f588    00000004     (.common:OpenFile)
                  2001f58c    00000004     (.common:Processing)
                  2001f590    00000004     (.common:__Errorlog)
                  2001f594    00000004     (.common:blocks)
                  2001f598    00000004     (.common:bytesRead)
                  2001f59c    00000004     (.common:g_cDummy)
                  2001f5a0    00000004     (.common:pxDelayedTaskList)
                  2001f5a4    00000004     (.common:pxOverflowDelayedTaskList)
                  2001f5a8    00000001     (.common:RxIrqCnt)
                  2001f5a9    00000001     (.common:g_ucLED1Pin)
                  2001f5aa    00000001     (.common:g_ucLED2Pin)
                  2001f5ab    00000001     (.common:g_ucLED3Pin)

.TI.noinit 
*          0    2001f000    00000000     UNINITIALIZED

.data      0    2001f5b0    000003f8     UNINITIALIZED
                  2001f5b0    000000f0     rtsv7M4_T_le_eabi.lib : defs.obj (.data:_ftable)
                  2001f6a0    000000d0                           : lowlev.obj (.data)
                  2001f770    000000b0                           : signal.obj (.data:sigtable)
                  2001f820    00000080                           : xvalues.obj (.data)
                  2001f8a0    00000049     main.obj (.data)
                  2001f8e9    00000003     --HOLE--
                  2001f8ec    00000034     free_rtos.a : tasks.obj (.data)
                  2001f920    00000020     gpio_if.obj (.data)
                  2001f940    00000010     rtsv7M4_T_le_eabi.lib : defs.obj (.data)
                  2001f950    0000000c     free_rtos.a : osi_freertos.obj (.data)
                  2001f95c    0000000c     rtsv7M4_T_le_eabi.lib : memory.obj (.data)
                  2001f968    00000009     simplelink.a : cc_pal.obj (.data)
                  2001f971    00000003     --HOLE--
                  2001f974    00000009                  : driver.obj (.data)
                  2001f97d    00000003     --HOLE--
                  2001f980    00000008     rtsv7M4_T_le_eabi.lib : _lock.obj (.data)
                  2001f988    00000008                           : exit.obj (.data)
                  2001f990    00000008                           : feraiseexcept.obj (.data)
                  2001f998    00000004     free_rtos.a : port.obj (.data)
                  2001f99c    00000004     rtsv7M4_T_le_eabi.lib : errno.obj (.data)
                  2001f9a0    00000004                           : fopen.obj (.data)
                  2001f9a4    00000004                           : stkdepth_vars.obj (.data)

.TI.persistent 
*          0    2001f5b0    00000000     UNINITIALIZED

.stack     0    2002f800    00000800     UNINITIALIZED
                  2002f800    00000800     --HOLE--


LINKER GENERATED COPY TABLES

__TI_cinit_table @ 20011970 records: 2, size/record: 8, table size: 16
	.data: load addr=20011858, load size=00000102 bytes, run addr=2001f5b0, run size=000003f8 bytes, compression=rle
	.bss: load addr=20011968, load size=00000008 bytes, run addr=2001f000, run size=000005ac bytes, compression=zero_init


LINKER GENERATED HANDLER TABLE

__TI_handler_table @ 2001195c records: 3, size/record: 4, table size: 12
	index: 0, handler: __TI_decompress_rle24
	index: 1, handler: __TI_decompress_none
	index: 2, handler: __TI_zero_init


GLOBAL SYMBOLS: SORTED ALPHABETICALLY BY Name 

address   name                                  
-------   ----                                  
20010575  C$$EXIT                               
2000fc53  C$$IO$$                               
20011081  CPUcpsie                              
2000a6b9  ClearTerm                             
20004f81  ConnectToNetwork                      
20010639  CopyPingResultsToReport               
2001f578  DMAMsgQ                               
20010a7d  DmaSpiSwIntHandler                    
2000a6c9  Error                                 
2001f57c  FileAvail                             
2001f580  FileSaved                             
2001f8b7  GET_token                             
20010799  GPIODirModeSet                        
20011095  GPIOIntClear                          
20010e55  GPIOIntEnable                         
2000f449  GPIOIntTypeSet                        
20010ef1  GPIOPinRead                           
20010d0b  GPIOPinWrite                          
20009d59  GPIO_IF_ConfigureNIntEnable           
20009de1  GPIO_IF_Get                           
20009d09  GPIO_IF_GetPortNPin                   
200099b1  GPIO_IF_LedConfigure                  
20009b21  GPIO_IF_LedOff                        
20009a19  GPIO_IF_LedOn                         
20009c29  GPIO_IF_LedStatus                     
20009cd1  GPIO_IF_LedToggle                     
20009da1  GPIO_IF_Set                           
2001f584  G_FILE                                
2000a709  GetCmd                                
2000b215  HOSTclock                             
2000b1dd  HOSTclose                             
2000b19f  HOSTgetenv                            
2000b143  HOSTlseek                             
2000b0f1  HOSTopen                              
2000b0a5  HOSTread                              
2000b047  HOSTrename                            
2000b00d  HOSTtime                              
2000afd5  HOSTunlink                            
2000af89  HOSTwrite                             
2000a659  InitTerm                              
2000e719  IntDisable                            
2000e7c1  IntEnable                             
20011151  IntMasterEnable                       
2000ffb1  IntPendClear                          
200100b9  IntPrioritySet                        
20010d2d  IntRegister                           
20010bcd  IntUnregister                         
200110a9  IntVTableBaseSet                      
2000a689  Message                               
20011115  NwpMaskInterrupt                      
20010729  NwpPowerOff                           
20010aa9  NwpPowerOn                            
2000f3c5  NwpPowerOnPreamble                    
20010ba5  NwpRegisterInterruptHandler           
20011121  NwpUnMaskInterrupt                    
2001f8cc  OP_STATUS                             
20011600  OpcodeTranslateTable                  
2001f588  OpenFile                              
2001f8ac  POST_token                            
2000cccd  PRCMCC3200MCUInit                     
20011029  PRCMHIBRegRead                        
2001103f  PRCMHIBRegWrite                       
20010b2d  PRCMPeripheralClkDisable              
20010675  PRCMPeripheralClkEnable               
2000ed41  PRCMPeripheralClockGet                
20010009  PRCMPeripheralReset                   
20010805  PRCMPeripheralStatusGet               
20010ad5  PRCMSysResetCauseGet                  
2000f121  PinConfigSet                          
200105b9  PinModeSet                            
2000eb79  PinMuxConfig                          
200108a1  PinTypeGPIO                           
20010e6f  PinTypeUART                           
2001f58c  Processing                            
2000a8c9  Report                                
20010ce9  ResetISR                              
2001f5a8  RxIrqCnt                              
200116f8  RxMsgClassLUT                         
UNDEFED   SHT$$INIT_ARRAY$$Base                 
UNDEFED   SHT$$INIT_ARRAY$$Limit                
20010f09  SPICSDisable                          
20010f21  SPICSEnable                           
2000e869  SPIConfigSetExpClk                    
20010f39  SPIDisable                            
20010e89  SPIDmaDisable                         
20010ea3  SPIDmaEnable                          
20010f51  SPIEnable                             
20010ebd  SPIFIFODisable                        
20010ed7  SPIFIFOEnable                         
20010839  SPIFIFOLevelSet                       
200103cd  SPIIntClear                           
20010205  SPIIntEnable                          
20010c5d  SPIReset                              
20010c7f  SPIWordCountSet                       
200048d1  SimpleLinkHttpServerCallback          
200046e9  SimpleLinkNetAppEventHandler          
20004789  SimpleLinkSockEventHandler            
20004431  SimpleLinkWlanEventHandler            
2000d5c9  SmartConfigConnect                    
2000d669  SmartConfigStop                       
20011848  StartResponseLUT                      
2001f8d4  Token                                 
2000a821  TrimSpace                             
20010dc9  UARTCharGetNonBlocking                
20010d8d  UARTCharPut                           
20010f69  UARTCharsAvail                        
2000f929  UARTConfigSetExpClk                   
200108d1  UARTDisable                           
20010bf1  UARTEnable                            
2001115b  UtilsDelay                            
2000a0e5  VDeleteSimpleLinkSpawnTask            
2000a095  VStartSimpleLinkSpawnTask             
20010b01  _Dclass                               
2001f820  _Denorm                               
2000e20d  _Dnorm                                
2000d3b9  _Dscale                               
2000fd5d  _Dunscale                             
2001f830  _Eps                                  
2001f99c  _Errno                                
2001f990  _Fenv                                 
20010991  _Feraise                              
2001f840  _Hugeval                              
2001f850  _Inf                                  
2001f860  _Nan                                  
2001f880  _Rteps                                
20011678  _SlActionLookupTable                  
2000e501  _SlAsyncEventGenericHandler           
20011830  _SlDeviceGetCmdCtrl                   
20011834  _SlDeviceSetCmdCtrl                   
20010415  _SlDrvBasicCmd                        
2000dd41  _SlDrvClassifyRxMsg                   
2000f4cd  _SlDrvCmdOp                           
2000fa0d  _SlDrvCmdSend                         
20010901  _SlDrvDeviceEventHandler              
2000d7c5  _SlDrvDriverCBDeinit                  
2000c5f5  _SlDrvDriverCBInit                    
20011055  _SlDrvMemZero                         
20009381  _SlDrvMsgRead                         
2000e2cd  _SlDrvMsgReadCmdCtx                   
2000e909  _SlDrvMsgReadSpawnCtx                 
2000bf1d  _SlDrvMsgWrite                        
2000d4c9  _SlDrvNetAppEventHandler              
20010de5  _SlDrvObjLockWaitForever              
20010f81  _SlDrvObjUnLock                       
20010251  _SlDrvProtectAsyncRespSetting         
20010c15  _SlDrvProtectionObjLockWaitForever    
20010d4d  _SlDrvProtectionObjUnLock             
2000bd4d  _SlDrvReleasePoolObj                  
200110f9  _SlDrvResetCmdExt                     
2000b4f5  _SlDrvRxHdrRead                       
2001029d  _SlDrvRxIrqHandler                    
20010f99  _SlDrvSyncObjSignal                   
20010e01  _SlDrvSyncObjWaitForever              
2000c465  _SlDrvWaitForPoolObj                  
2001182c  _SlEventMaskGetCmdCtrl                
20011828  _SlEventMaskSetCmdCtrl                
2000c769  _SlFindAndSetActiveObj                
200116b4  _SlFsCloseCmdCtrl                     
200116c4  _SlFsDeleteCmdCtrl                    
200116c0  _SlFsGetInfoCmdCtrl                   
200116b0  _SlFsOpenCmdCtrl                      
200116b8  _SlFsReadCmdCtrl                      
200116bc  _SlFsWriteCmdCtrl                     
2001175c  _SlGetHostByNameCtrl                  
20011758  _SlGetHostByServiceCtrl               
20011750  _SlGetServiceListeCtrl                
20011768  _SlNetAppGetCmdCtrl                   
20011764  _SlNetAppSendTokenValueCmdCtrl        
20011760  _SlNetAppSetCmdCtrl                   
20011748  _SlNetAppStartCtrl                    
2001174c  _SlNetAppStopCtrl                     
20011854  _SlNetCfgGetCmdCtrl                   
20011850  _SlNetCfgSetCmdCtrl                   
20011640  _SlPolicyGetCmdCtrl                   
2001163c  _SlPolicySetCmdCtrl                   
20011648  _SlProfileDelCmdCtrl                  
20011644  _SlProfileGetCmdCtrl                  
20011754  _SlRegisterServiceCtrl                
2000e149  _SlRemoveFromList                     
20011650  _SlRxFilterAddtCmdCtrl                
20011658  _SlRxFilterGetCmdCtrl                 
20011654  _SlRxFilterSetCmdCtrl                 
2001165c  _SlSmartConfigStartCmdCtrl            
20011824  _SlStopCmdCtrl                        
20011668  _SlWlanCfgGetCmdCtrl                  
20011664  _SlWlanCfgSetCmdCtrl                  
2001164c  _SlWlanGetNetworkListCtrl             
20011660  _SlWlanSetModeCmdCtrl                 
2001f870  _Snan                                 
2001f994  _Tls_setup__Fenv                      
2001f890  _Xbig                                 
2001f898  _Zero                                 
2001f178  __CIOBUF_                             
20030000  __STACK_END                           
00000800  __STACK_SIZE                          
00008000  __SYSMEM_SIZE                         
20011970  __TI_CINIT_Base                       
20011980  __TI_CINIT_Limit                      
2001195c  __TI_Handler_Table_Base               
20011968  __TI_Handler_Table_Limit              
2000fa79  __TI_auto_init                        
2000c1b1  __TI_cleanup                          
2001f988  __TI_cleanup_ptr                      
2000ec11  __TI_closefile                        
20011107  __TI_decompress_none                  
20011161  __TI_decompress_rle24                 
2000e081  __TI_doflush                          
2001f98c  __TI_dtors_ptr                        
2001f940  __TI_ft_end                           
20007c4d  __TI_printfi                          
2000e6cf  __TI_rd_ok                            
2000fc57  __TI_readmsg                          
20008ed1  __TI_scanfi                           
20011858  __TI_static_base__                    
2001f360  __TI_tmpnams                          
2000fc25  __TI_writemsg                         
2000e66d  __TI_wrt_ok                           
2001112d  __TI_zero_init                        
2000996d  __abort_execution                     
2000f2b9  __aeabi_cdcmpeq                       
2000f2b9  __aeabi_cdcmple                       
2000f33f  __aeabi_cdrcmple                      
2000f99f  __aeabi_d2f                           
2001045d  __aeabi_d2iz                          
2000c2b7  __aeabi_dadd                          
2000cb95  __aeabi_ddiv                          
2000d6c7  __aeabi_dmul                          
2000c2ad  __aeabi_dsub                          
20010a21  __aeabi_i2d                           
20010fe1  __aeabi_lmul                          
2000f745  __aeabi_memclr                        
2000f745  __aeabi_memclr4                       
2000f745  __aeabi_memclr8                       
2000e9a5  __aeabi_memcpy                        
2000e9a5  __aeabi_memcpy4                       
2000e9a5  __aeabi_memcpy8                       
2000f747  __aeabi_memset                        
2000f747  __aeabi_memset4                       
2000f747  __aeabi_memset8                       
2001f94c  __aeabi_stderr                        
2001f944  __aeabi_stdin                         
2001f948  __aeabi_stdout                        
2000b975  __aeabi_uldivmod                      
ffffffff  __binit__                             
ffffffff  __c_args__                            
2002f800  __stack                               
2000b365  __vla_alloc                           
2000b25d  __vla_dealloc                         
2000b2e5  __vla_dealloc_eh                      
20010fc9  _args_main                            
200106b1  _c_int00                              
20011168  _ctypes_                              
2001f5b0  _ftable                               
2001f980  _lock                                 
200110cb  _nop                                  
200110c3  _register_lock                        
200110bd  _register_unlock                      
2000eadd  _sl_GetCreateFsMode                   
20010fb1  _sl_GetStartResponseConvert           
2000fef1  _sl_HandleAsync_Accept                
2000f7c1  _sl_HandleAsync_Connect               
2000ef7d  _sl_HandleAsync_DnsGetHostByName      
2000dfb9  _sl_HandleAsync_DnsGetHostByService   
2000f64d  _sl_HandleAsync_InitComplete          
2000f009  _sl_HandleAsync_PingResponse          
2001010d  _sl_HandleAsync_Select                
200101b5  _sl_HandleAsync_Stop                  
2000fbbd  _sl_NetAppSendTokenValue              
20010931  _sl_Strlen                            
20017000  _sys_memory                           
2000a655  _system_pre_init                      
2001f984  _unlock                               
20010579  abort                                 
2000abe5  add_device                            
200102e9  atoi                                  
ffffffff  binit                                 
2001f594  blocks                                
2001f598  bytesRead                             
2001f8d8  bytesReceived                         
2000a621  calloc                                
2000ab95  close                                 
20010335  copy_in                               
20005ee1  eTaskGetState                         
20010581  exit                                  
2000ec77  fclose                                
2001086d  feraiseexcept                         
2000e0cd  fflush                                
2001f8d0  fileHandle                            
2000ac91  fileparse                             
2000c207  fopen                                 
2000faed  fprintf                               
2000eca9  fputc                                 
2000ce01  fputs                                 
2000a36f  free                                  
2000c1dd  freopen                               
20010ca1  frexp                                 
2000fdc5  fseek                                 
2001f97c  gFirstCmdMode                         
200116f0  g_H2NCnysPattern                      
200116e8  g_H2NSyncPattern                      
2001f968  g_SpiFd                               
2001f000  g_StatMem                             
2001f59c  g_cDummy                              
2001f8c4  g_iSimplelinkRole                     
2001f974  g_pCB                                 
2001f96c  g_pHostIntHdl                         
20004000  g_pfnVectors                          
2001f8e8  g_ucConnectTimeout                    
2001f568  g_ucConnectionBSSID                   
2001f4a0  g_ucConnectionSSID                    
2001f970  g_ucDMAEnabled                        
2001f400  g_ucDinDout                           
2001f5a9  g_ucLED1Pin                           
2001f5aa  g_ucLED2Pin                           
2001f5ab  g_ucLED3Pin                           
2001f4c4  g_ucSSID                              
2001f8e4  g_uiDeviceModeConfig                  
2001f8c8  g_uiIpAddress                         
2001f934  g_uiLED1Port                          
2001f938  g_uiLED2Port                          
2001f93c  g_uiLED3Port                          
2001f8e0  g_uiSimplelinkRole                    
2001f8a8  g_ulGatewayIP                         
2001f8a4  g_ulPingPacketsRecv                   
2001f8a0  g_ulStatus                            
2001f8dc  g_usMCNetworkUstate                   
2000ad11  gcommand                              
200104a5  ldexp                                 
2000ab71  lseek                                 
20010061  ltoa                                  
20005929  main                                  
2001f9a4  main_func_sp                          
2000a307  malloc                                
2000ae41  mcommand                              
2000a1e9  mem_Free                              
2000a1dd  mem_Malloc                            
2000a209  mem_copy                              
2000a1f5  mem_set                               
2000a53d  memalign                              
20010e1d  memccpy                               
20010d6d  memchr                                
20010cc3  memcmp                                
2000e9a5  memcpy                                
20010c39  memmove                               
2000f74d  memset                                
2000a279  minit                                 
2000aac3  open                                  
2000a25f  osi_ContextRestore                    
2000a25d  osi_ContextSave                       
2000a21d  osi_EnterCritical                     
2000a227  osi_ExitCritical                      
20009e43  osi_InterruptDeRegister               
20009e1d  osi_InterruptRegister                 
20009f4d  osi_LockObjCreate                     
20009fc1  osi_LockObjDelete                     
20009fd1  osi_LockObjLock                       
20009ffd  osi_LockObjUnlock                     
2000a111  osi_MsgQCreate                        
2000a155  osi_MsgQDelete                        
2000a1a1  osi_MsgQRead                          
2000a16f  osi_MsgQWrite                         
2000a239  osi_Sleep                             
2000a027  osi_Spawn                             
20009f2b  osi_SyncObjClear                      
20009e55  osi_SyncObjCreate                     
20009e85  osi_SyncObjDelete                     
20009e9f  osi_SyncObjSignal                     
20009ec7  osi_SyncObjSignalFromISR              
20009eff  osi_SyncObjWait                       
20009f73  osi_TaskCreate                        
20009fb3  osi_TaskDelete                        
2000a249  osi_TaskDisable                       
2000a253  osi_TaskEnable                        
2000a231  osi_start                             
2001f978  pPingCallBackFunc                     
20006405  pcTaskGetTaskName                     
2000e4f9  portCLZ                               
2000e4e1  prvPortStartFirstTask                 
2000eca9  putc                                  
2000ed2d  putchar                               
2000cf0d  puts                                  
20010761  pvPortMalloc                          
2001f8ec  pxCurrentTCB                          
2000d2a9  pxPortInitialiseStack                 
20010a4f  raise                                 
2000aa9f  read                                  
2000a431  realloc                               
2000aa15  remove                                
2000aa77  remove_device                         
2000aa39  rename                                
2000db89  setvbuf                               
200105f9  signal                                
2000ea41  sl_DevGet                             
2000f231  sl_FsClose                            
2000f6c9  sl_FsGetInfo                          
2000f839  sl_FsOpen                             
2000d8b9  sl_FsRead                             
2000da9d  sl_FsWrite                            
2000e5b9  sl_NetAppMDNSRegisterUnregisterService
200107cf  sl_NetAppMDNSUnRegisterService        
20010b55  sl_NetAppStart                        
20010b7d  sl_NetAppStop                         
2000fc8d  sl_NetCfgSet                          
2000e389  sl_Start                              
2000de19  sl_Stop                               
20011139  sl_WlanDisconnect                     
2000ff51  sl_WlanPolicySet                      
200109c1  sl_WlanProfileDel                     
20010161  sl_WlanRxFilterSet                    
2000fcf5  sl_WlanSet                            
200109f1  sl_WlanSetMode                        
2000edd5  sl_WlanSmartConfigStart               
20011145  sl_WlanSmartConfigStop                
2000f8b1  spi_Close                             
2000ca45  spi_Open                              
2000dc65  spi_Read                              
2000f095  spi_Write                             
2000deff  sscanf                                
2001106b  strchr                                
20010ff9  strcmp                                
200110d1  strcpy                                
200110e5  strlen                                
20010961  strncpy                               
20011011  strrchr                               
2000b73d  strtod                                
2000cf35  strtol                                
2000b73d  strtold                               
2000bb69  strtoll                               
2000d195  strtoul                               
2000c8d9  strtoull                              
20010381  uDMAChannelAssign                     
2000fe29  uDMAChannelAttributeDisable           
2000fe8d  uDMAChannelAttributeEnable            
200106ed  uDMAChannelControlSet                 
20010e39  uDMAChannelEnable                     
2000d9ad  uDMAChannelTransferSet                
200086d5  ucQueueGetQueueType                   
2000e449  ulPortSetInterruptMask                
2000aa15  unlink                                
2000d14b  uxListRemove                          
200086b5  uxQueueGetQueueNumber                 
20008649  uxQueueMessagesWaiting                
2000867f  uxQueueMessagesWaitingFromISR         
2000865f  uxQueueSpacesAvailable                
200063f9  uxTaskGetNumberOfTasks                
20006429  uxTaskGetSystemState                  
2000691d  uxTaskGetTaskNumber                   
20005f75  uxTaskPriorityGet                     
20006e75  uxTaskResetEventItemValue             
20004411  vApplicationIdleHook                  
20004419  vApplicationMallocFailedHook          
20004421  vApplicationStackOverflowHook         
20004401  vAssertCalled                         
2000d069  vListInitialise                       
2000d099  vListInitialiseItem                   
2000d0e5  vListInsert                           
2000d0a9  vListInsertEnd                        
2000e45f  vPortClearInterruptMask               
2000d325  vPortEndScheduler                     
2000d339  vPortEnterCritical                    
2000d351  vPortExitCritical                     
20010781  vPortFree                             
2000e4b9  vPortSVCHandler                       
2000d385  vPortSetupTimerInterrupt              
2000d327  vPortYield                            
200088ef  vQueueAddToRegistry                   
20008691  vQueueDelete                          
200086c3  vQueueSetQueueNumber                  
20008931  vQueueUnregisterQueue                 
20005e8b  vTaskDelay                            
20005def  vTaskDelayUntil                       
20005d5f  vTaskDelete                           
200062dd  vTaskEndScheduler                     
2000690f  vTaskMissedYield                      
200066a5  vTaskPlaceOnEventList                 
20006709  vTaskPlaceOnUnorderedEventList        
20006deb  vTaskPriorityDisinherit               
20006d31  vTaskPriorityInherit                  
20005fad  vTaskPrioritySet                      
200061a5  vTaskResume                           
2000693d  vTaskSetTaskNumber                    
2000686f  vTaskSetTimeOutState                  
20006293  vTaskStartScheduler                   
200060b1  vTaskSuspend                          
200062ef  vTaskSuspendAll                       
20006625  vTaskSwitchContext                    
2000f1a9  vsnprintf                             
2000deed  vsscanf                               
2000a985  write                                 
2001f950  xHigherPriorityTaskWoken              
2000e46d  xPortPendSVHandler                    
2000d2f9  xPortStartScheduler                   
2000d369  xPortSysTickHandler                   
2000897f  xQueueAddToSet                        
200082b1  xQueueAltGenericReceive               
20008205  xQueueAltGenericSend                  
200080d9  xQueueCreateCountingSemaphore         
2000805b  xQueueCreateMutex                     
2000896b  xQueueCreateSet                       
20007fe5  xQueueGenericCreate                   
2000844b  xQueueGenericReceive                  
20007f55  xQueueGenericReset                    
200080f9  xQueueGenericSend                     
200083af  xQueueGenericSendFromISR              
2000888b  xQueueIsQueueEmptyFromISR             
200088cd  xQueueIsQueueFullFromISR              
20008605  xQueuePeekFromISR                     
2000858d  xQueueReceiveFromISR                  
2001f450  xQueueRegistry                        
200089b3  xQueueRemoveFromSet                   
200089f5  xQueueSelectFromSet                   
20008a0f  xQueueSelectFromSetFromISR            
2001f954  xSimpleLinkSpawnQueue                 
2001f958  xSimpleLinkSpawnTaskHndl              
20006895  xTaskCheckForTimeOut                  
20005c51  xTaskGenericCreate                    
20006ce5  xTaskGetCurrentTaskHandle             
200064e7  xTaskGetIdleTaskHandle                
20006cf9  xTaskGetSchedulerState                
200063cd  xTaskGetTickCount                     
200063e1  xTaskGetTickCountFromISR              
20006501  xTaskIncrementTick                    
2000677d  xTaskRemoveFromEventList              
20006801  xTaskRemoveFromUnorderedEventList     
20006301  xTaskResumeAll                        
20006219  xTaskResumeFromISR                    


GLOBAL SYMBOLS: SORTED BY Symbol Address 

address   name                                  
-------   ----                                  
00000800  __STACK_SIZE                          
00008000  __SYSMEM_SIZE                         
20004000  g_pfnVectors                          
20004401  vAssertCalled                         
20004411  vApplicationIdleHook                  
20004419  vApplicationMallocFailedHook          
20004421  vApplicationStackOverflowHook         
20004431  SimpleLinkWlanEventHandler            
200046e9  SimpleLinkNetAppEventHandler          
20004789  SimpleLinkSockEventHandler            
200048d1  SimpleLinkHttpServerCallback          
20004f81  ConnectToNetwork                      
20005929  main                                  
20005c51  xTaskGenericCreate                    
20005d5f  vTaskDelete                           
20005def  vTaskDelayUntil                       
20005e8b  vTaskDelay                            
20005ee1  eTaskGetState                         
20005f75  uxTaskPriorityGet                     
20005fad  vTaskPrioritySet                      
200060b1  vTaskSuspend                          
200061a5  vTaskResume                           
20006219  xTaskResumeFromISR                    
20006293  vTaskStartScheduler                   
200062dd  vTaskEndScheduler                     
200062ef  vTaskSuspendAll                       
20006301  xTaskResumeAll                        
200063cd  xTaskGetTickCount                     
200063e1  xTaskGetTickCountFromISR              
200063f9  uxTaskGetNumberOfTasks                
20006405  pcTaskGetTaskName                     
20006429  uxTaskGetSystemState                  
200064e7  xTaskGetIdleTaskHandle                
20006501  xTaskIncrementTick                    
20006625  vTaskSwitchContext                    
200066a5  vTaskPlaceOnEventList                 
20006709  vTaskPlaceOnUnorderedEventList        
2000677d  xTaskRemoveFromEventList              
20006801  xTaskRemoveFromUnorderedEventList     
2000686f  vTaskSetTimeOutState                  
20006895  xTaskCheckForTimeOut                  
2000690f  vTaskMissedYield                      
2000691d  uxTaskGetTaskNumber                   
2000693d  vTaskSetTaskNumber                    
20006ce5  xTaskGetCurrentTaskHandle             
20006cf9  xTaskGetSchedulerState                
20006d31  vTaskPriorityInherit                  
20006deb  vTaskPriorityDisinherit               
20006e75  uxTaskResetEventItemValue             
20007c4d  __TI_printfi                          
20007f55  xQueueGenericReset                    
20007fe5  xQueueGenericCreate                   
2000805b  xQueueCreateMutex                     
200080d9  xQueueCreateCountingSemaphore         
200080f9  xQueueGenericSend                     
20008205  xQueueAltGenericSend                  
200082b1  xQueueAltGenericReceive               
200083af  xQueueGenericSendFromISR              
2000844b  xQueueGenericReceive                  
2000858d  xQueueReceiveFromISR                  
20008605  xQueuePeekFromISR                     
20008649  uxQueueMessagesWaiting                
2000865f  uxQueueSpacesAvailable                
2000867f  uxQueueMessagesWaitingFromISR         
20008691  vQueueDelete                          
200086b5  uxQueueGetQueueNumber                 
200086c3  vQueueSetQueueNumber                  
200086d5  ucQueueGetQueueType                   
2000888b  xQueueIsQueueEmptyFromISR             
200088cd  xQueueIsQueueFullFromISR              
200088ef  vQueueAddToRegistry                   
20008931  vQueueUnregisterQueue                 
2000896b  xQueueCreateSet                       
2000897f  xQueueAddToSet                        
200089b3  xQueueRemoveFromSet                   
200089f5  xQueueSelectFromSet                   
20008a0f  xQueueSelectFromSetFromISR            
20008ed1  __TI_scanfi                           
20009381  _SlDrvMsgRead                         
2000996d  __abort_execution                     
200099b1  GPIO_IF_LedConfigure                  
20009a19  GPIO_IF_LedOn                         
20009b21  GPIO_IF_LedOff                        
20009c29  GPIO_IF_LedStatus                     
20009cd1  GPIO_IF_LedToggle                     
20009d09  GPIO_IF_GetPortNPin                   
20009d59  GPIO_IF_ConfigureNIntEnable           
20009da1  GPIO_IF_Set                           
20009de1  GPIO_IF_Get                           
20009e1d  osi_InterruptRegister                 
20009e43  osi_InterruptDeRegister               
20009e55  osi_SyncObjCreate                     
20009e85  osi_SyncObjDelete                     
20009e9f  osi_SyncObjSignal                     
20009ec7  osi_SyncObjSignalFromISR              
20009eff  osi_SyncObjWait                       
20009f2b  osi_SyncObjClear                      
20009f4d  osi_LockObjCreate                     
20009f73  osi_TaskCreate                        
20009fb3  osi_TaskDelete                        
20009fc1  osi_LockObjDelete                     
20009fd1  osi_LockObjLock                       
20009ffd  osi_LockObjUnlock                     
2000a027  osi_Spawn                             
2000a095  VStartSimpleLinkSpawnTask             
2000a0e5  VDeleteSimpleLinkSpawnTask            
2000a111  osi_MsgQCreate                        
2000a155  osi_MsgQDelete                        
2000a16f  osi_MsgQWrite                         
2000a1a1  osi_MsgQRead                          
2000a1dd  mem_Malloc                            
2000a1e9  mem_Free                              
2000a1f5  mem_set                               
2000a209  mem_copy                              
2000a21d  osi_EnterCritical                     
2000a227  osi_ExitCritical                      
2000a231  osi_start                             
2000a239  osi_Sleep                             
2000a249  osi_TaskDisable                       
2000a253  osi_TaskEnable                        
2000a25d  osi_ContextSave                       
2000a25f  osi_ContextRestore                    
2000a279  minit                                 
2000a307  malloc                                
2000a36f  free                                  
2000a431  realloc                               
2000a53d  memalign                              
2000a621  calloc                                
2000a655  _system_pre_init                      
2000a659  InitTerm                              
2000a689  Message                               
2000a6b9  ClearTerm                             
2000a6c9  Error                                 
2000a709  GetCmd                                
2000a821  TrimSpace                             
2000a8c9  Report                                
2000a985  write                                 
2000aa15  remove                                
2000aa15  unlink                                
2000aa39  rename                                
2000aa77  remove_device                         
2000aa9f  read                                  
2000aac3  open                                  
2000ab71  lseek                                 
2000ab95  close                                 
2000abe5  add_device                            
2000ac91  fileparse                             
2000ad11  gcommand                              
2000ae41  mcommand                              
2000af89  HOSTwrite                             
2000afd5  HOSTunlink                            
2000b00d  HOSTtime                              
2000b047  HOSTrename                            
2000b0a5  HOSTread                              
2000b0f1  HOSTopen                              
2000b143  HOSTlseek                             
2000b19f  HOSTgetenv                            
2000b1dd  HOSTclose                             
2000b215  HOSTclock                             
2000b25d  __vla_dealloc                         
2000b2e5  __vla_dealloc_eh                      
2000b365  __vla_alloc                           
2000b4f5  _SlDrvRxHdrRead                       
2000b73d  strtod                                
2000b73d  strtold                               
2000b975  __aeabi_uldivmod                      
2000bb69  strtoll                               
2000bd4d  _SlDrvReleasePoolObj                  
2000bf1d  _SlDrvMsgWrite                        
2000c1b1  __TI_cleanup                          
2000c1dd  freopen                               
2000c207  fopen                                 
2000c2ad  __aeabi_dsub                          
2000c2b7  __aeabi_dadd                          
2000c465  _SlDrvWaitForPoolObj                  
2000c5f5  _SlDrvDriverCBInit                    
2000c769  _SlFindAndSetActiveObj                
2000c8d9  strtoull                              
2000ca45  spi_Open                              
2000cb95  __aeabi_ddiv                          
2000cccd  PRCMCC3200MCUInit                     
2000ce01  fputs                                 
2000cf0d  puts                                  
2000cf35  strtol                                
2000d069  vListInitialise                       
2000d099  vListInitialiseItem                   
2000d0a9  vListInsertEnd                        
2000d0e5  vListInsert                           
2000d14b  uxListRemove                          
2000d195  strtoul                               
2000d2a9  pxPortInitialiseStack                 
2000d2f9  xPortStartScheduler                   
2000d325  vPortEndScheduler                     
2000d327  vPortYield                            
2000d339  vPortEnterCritical                    
2000d351  vPortExitCritical                     
2000d369  xPortSysTickHandler                   
2000d385  vPortSetupTimerInterrupt              
2000d3b9  _Dscale                               
2000d4c9  _SlDrvNetAppEventHandler              
2000d5c9  SmartConfigConnect                    
2000d669  SmartConfigStop                       
2000d6c7  __aeabi_dmul                          
2000d7c5  _SlDrvDriverCBDeinit                  
2000d8b9  sl_FsRead                             
2000d9ad  uDMAChannelTransferSet                
2000da9d  sl_FsWrite                            
2000db89  setvbuf                               
2000dc65  spi_Read                              
2000dd41  _SlDrvClassifyRxMsg                   
2000de19  sl_Stop                               
2000deed  vsscanf                               
2000deff  sscanf                                
2000dfb9  _sl_HandleAsync_DnsGetHostByService   
2000e081  __TI_doflush                          
2000e0cd  fflush                                
2000e149  _SlRemoveFromList                     
2000e20d  _Dnorm                                
2000e2cd  _SlDrvMsgReadCmdCtx                   
2000e389  sl_Start                              
2000e449  ulPortSetInterruptMask                
2000e45f  vPortClearInterruptMask               
2000e46d  xPortPendSVHandler                    
2000e4b9  vPortSVCHandler                       
2000e4e1  prvPortStartFirstTask                 
2000e4f9  portCLZ                               
2000e501  _SlAsyncEventGenericHandler           
2000e5b9  sl_NetAppMDNSRegisterUnregisterService
2000e66d  __TI_wrt_ok                           
2000e6cf  __TI_rd_ok                            
2000e719  IntDisable                            
2000e7c1  IntEnable                             
2000e869  SPIConfigSetExpClk                    
2000e909  _SlDrvMsgReadSpawnCtx                 
2000e9a5  __aeabi_memcpy                        
2000e9a5  __aeabi_memcpy4                       
2000e9a5  __aeabi_memcpy8                       
2000e9a5  memcpy                                
2000ea41  sl_DevGet                             
2000eadd  _sl_GetCreateFsMode                   
2000eb79  PinMuxConfig                          
2000ec11  __TI_closefile                        
2000ec77  fclose                                
2000eca9  fputc                                 
2000eca9  putc                                  
2000ed2d  putchar                               
2000ed41  PRCMPeripheralClockGet                
2000edd5  sl_WlanSmartConfigStart               
2000ef7d  _sl_HandleAsync_DnsGetHostByName      
2000f009  _sl_HandleAsync_PingResponse          
2000f095  spi_Write                             
2000f121  PinConfigSet                          
2000f1a9  vsnprintf                             
2000f231  sl_FsClose                            
2000f2b9  __aeabi_cdcmpeq                       
2000f2b9  __aeabi_cdcmple                       
2000f33f  __aeabi_cdrcmple                      
2000f3c5  NwpPowerOnPreamble                    
2000f449  GPIOIntTypeSet                        
2000f4cd  _SlDrvCmdOp                           
2000f64d  _sl_HandleAsync_InitComplete          
2000f6c9  sl_FsGetInfo                          
2000f745  __aeabi_memclr                        
2000f745  __aeabi_memclr4                       
2000f745  __aeabi_memclr8                       
2000f747  __aeabi_memset                        
2000f747  __aeabi_memset4                       
2000f747  __aeabi_memset8                       
2000f74d  memset                                
2000f7c1  _sl_HandleAsync_Connect               
2000f839  sl_FsOpen                             
2000f8b1  spi_Close                             
2000f929  UARTConfigSetExpClk                   
2000f99f  __aeabi_d2f                           
2000fa0d  _SlDrvCmdSend                         
2000fa79  __TI_auto_init                        
2000faed  fprintf                               
2000fbbd  _sl_NetAppSendTokenValue              
2000fc25  __TI_writemsg                         
2000fc53  C$$IO$$                               
2000fc57  __TI_readmsg                          
2000fc8d  sl_NetCfgSet                          
2000fcf5  sl_WlanSet                            
2000fd5d  _Dunscale                             
2000fdc5  fseek                                 
2000fe29  uDMAChannelAttributeDisable           
2000fe8d  uDMAChannelAttributeEnable            
2000fef1  _sl_HandleAsync_Accept                
2000ff51  sl_WlanPolicySet                      
2000ffb1  IntPendClear                          
20010009  PRCMPeripheralReset                   
20010061  ltoa                                  
200100b9  IntPrioritySet                        
2001010d  _sl_HandleAsync_Select                
20010161  sl_WlanRxFilterSet                    
200101b5  _sl_HandleAsync_Stop                  
20010205  SPIIntEnable                          
20010251  _SlDrvProtectAsyncRespSetting         
2001029d  _SlDrvRxIrqHandler                    
200102e9  atoi                                  
20010335  copy_in                               
20010381  uDMAChannelAssign                     
200103cd  SPIIntClear                           
20010415  _SlDrvBasicCmd                        
2001045d  __aeabi_d2iz                          
200104a5  ldexp                                 
20010575  C$$EXIT                               
20010579  abort                                 
20010581  exit                                  
200105b9  PinModeSet                            
200105f9  signal                                
20010639  CopyPingResultsToReport               
20010675  PRCMPeripheralClkEnable               
200106b1  _c_int00                              
200106ed  uDMAChannelControlSet                 
20010729  NwpPowerOff                           
20010761  pvPortMalloc                          
20010781  vPortFree                             
20010799  GPIODirModeSet                        
200107cf  sl_NetAppMDNSUnRegisterService        
20010805  PRCMPeripheralStatusGet               
20010839  SPIFIFOLevelSet                       
2001086d  feraiseexcept                         
200108a1  PinTypeGPIO                           
200108d1  UARTDisable                           
20010901  _SlDrvDeviceEventHandler              
20010931  _sl_Strlen                            
20010961  strncpy                               
20010991  _Feraise                              
200109c1  sl_WlanProfileDel                     
200109f1  sl_WlanSetMode                        
20010a21  __aeabi_i2d                           
20010a4f  raise                                 
20010a7d  DmaSpiSwIntHandler                    
20010aa9  NwpPowerOn                            
20010ad5  PRCMSysResetCauseGet                  
20010b01  _Dclass                               
20010b2d  PRCMPeripheralClkDisable              
20010b55  sl_NetAppStart                        
20010b7d  sl_NetAppStop                         
20010ba5  NwpRegisterInterruptHandler           
20010bcd  IntUnregister                         
20010bf1  UARTEnable                            
20010c15  _SlDrvProtectionObjLockWaitForever    
20010c39  memmove                               
20010c5d  SPIReset                              
20010c7f  SPIWordCountSet                       
20010ca1  frexp                                 
20010cc3  memcmp                                
20010ce9  ResetISR                              
20010d0b  GPIOPinWrite                          
20010d2d  IntRegister                           
20010d4d  _SlDrvProtectionObjUnLock             
20010d6d  memchr                                
20010d8d  UARTCharPut                           
20010dc9  UARTCharGetNonBlocking                
20010de5  _SlDrvObjLockWaitForever              
20010e01  _SlDrvSyncObjWaitForever              
20010e1d  memccpy                               
20010e39  uDMAChannelEnable                     
20010e55  GPIOIntEnable                         
20010e6f  PinTypeUART                           
20010e89  SPIDmaDisable                         
20010ea3  SPIDmaEnable                          
20010ebd  SPIFIFODisable                        
20010ed7  SPIFIFOEnable                         
20010ef1  GPIOPinRead                           
20010f09  SPICSDisable                          
20010f21  SPICSEnable                           
20010f39  SPIDisable                            
20010f51  SPIEnable                             
20010f69  UARTCharsAvail                        
20010f81  _SlDrvObjUnLock                       
20010f99  _SlDrvSyncObjSignal                   
20010fb1  _sl_GetStartResponseConvert           
20010fc9  _args_main                            
20010fe1  __aeabi_lmul                          
20010ff9  strcmp                                
20011011  strrchr                               
20011029  PRCMHIBRegRead                        
2001103f  PRCMHIBRegWrite                       
20011055  _SlDrvMemZero                         
2001106b  strchr                                
20011081  CPUcpsie                              
20011095  GPIOIntClear                          
200110a9  IntVTableBaseSet                      
200110bd  _register_unlock                      
200110c3  _register_lock                        
200110cb  _nop                                  
200110d1  strcpy                                
200110e5  strlen                                
200110f9  _SlDrvResetCmdExt                     
20011107  __TI_decompress_none                  
20011115  NwpMaskInterrupt                      
20011121  NwpUnMaskInterrupt                    
2001112d  __TI_zero_init                        
20011139  sl_WlanDisconnect                     
20011145  sl_WlanSmartConfigStop                
20011151  IntMasterEnable                       
2001115b  UtilsDelay                            
20011161  __TI_decompress_rle24                 
20011168  _ctypes_                              
20011600  OpcodeTranslateTable                  
2001163c  _SlPolicySetCmdCtrl                   
20011640  _SlPolicyGetCmdCtrl                   
20011644  _SlProfileGetCmdCtrl                  
20011648  _SlProfileDelCmdCtrl                  
2001164c  _SlWlanGetNetworkListCtrl             
20011650  _SlRxFilterAddtCmdCtrl                
20011654  _SlRxFilterSetCmdCtrl                 
20011658  _SlRxFilterGetCmdCtrl                 
2001165c  _SlSmartConfigStartCmdCtrl            
20011660  _SlWlanSetModeCmdCtrl                 
20011664  _SlWlanCfgSetCmdCtrl                  
20011668  _SlWlanCfgGetCmdCtrl                  
20011678  _SlActionLookupTable                  
200116b0  _SlFsOpenCmdCtrl                      
200116b4  _SlFsCloseCmdCtrl                     
200116b8  _SlFsReadCmdCtrl                      
200116bc  _SlFsWriteCmdCtrl                     
200116c0  _SlFsGetInfoCmdCtrl                   
200116c4  _SlFsDeleteCmdCtrl                    
200116e8  g_H2NSyncPattern                      
200116f0  g_H2NCnysPattern                      
200116f8  RxMsgClassLUT                         
20011748  _SlNetAppStartCtrl                    
2001174c  _SlNetAppStopCtrl                     
20011750  _SlGetServiceListeCtrl                
20011754  _SlRegisterServiceCtrl                
20011758  _SlGetHostByServiceCtrl               
2001175c  _SlGetHostByNameCtrl                  
20011760  _SlNetAppSetCmdCtrl                   
20011764  _SlNetAppSendTokenValueCmdCtrl        
20011768  _SlNetAppGetCmdCtrl                   
20011824  _SlStopCmdCtrl                        
20011828  _SlEventMaskSetCmdCtrl                
2001182c  _SlEventMaskGetCmdCtrl                
20011830  _SlDeviceGetCmdCtrl                   
20011834  _SlDeviceSetCmdCtrl                   
20011848  StartResponseLUT                      
20011850  _SlNetCfgSetCmdCtrl                   
20011854  _SlNetCfgGetCmdCtrl                   
20011858  __TI_static_base__                    
2001195c  __TI_Handler_Table_Base               
20011968  __TI_Handler_Table_Limit              
20011970  __TI_CINIT_Base                       
20011980  __TI_CINIT_Limit                      
20017000  _sys_memory                           
2001f000  g_StatMem                             
2001f178  __CIOBUF_                             
2001f360  __TI_tmpnams                          
2001f400  g_ucDinDout                           
2001f450  xQueueRegistry                        
2001f4a0  g_ucConnectionSSID                    
2001f4c4  g_ucSSID                              
2001f568  g_ucConnectionBSSID                   
2001f578  DMAMsgQ                               
2001f57c  FileAvail                             
2001f580  FileSaved                             
2001f584  G_FILE                                
2001f588  OpenFile                              
2001f58c  Processing                            
2001f594  blocks                                
2001f598  bytesRead                             
2001f59c  g_cDummy                              
2001f5a8  RxIrqCnt                              
2001f5a9  g_ucLED1Pin                           
2001f5aa  g_ucLED2Pin                           
2001f5ab  g_ucLED3Pin                           
2001f5b0  _ftable                               
2001f820  _Denorm                               
2001f830  _Eps                                  
2001f840  _Hugeval                              
2001f850  _Inf                                  
2001f860  _Nan                                  
2001f870  _Snan                                 
2001f880  _Rteps                                
2001f890  _Xbig                                 
2001f898  _Zero                                 
2001f8a0  g_ulStatus                            
2001f8a4  g_ulPingPacketsRecv                   
2001f8a8  g_ulGatewayIP                         
2001f8ac  POST_token                            
2001f8b7  GET_token                             
2001f8c4  g_iSimplelinkRole                     
2001f8c8  g_uiIpAddress                         
2001f8cc  OP_STATUS                             
2001f8d0  fileHandle                            
2001f8d4  Token                                 
2001f8d8  bytesReceived                         
2001f8dc  g_usMCNetworkUstate                   
2001f8e0  g_uiSimplelinkRole                    
2001f8e4  g_uiDeviceModeConfig                  
2001f8e8  g_ucConnectTimeout                    
2001f8ec  pxCurrentTCB                          
2001f934  g_uiLED1Port                          
2001f938  g_uiLED2Port                          
2001f93c  g_uiLED3Port                          
2001f940  __TI_ft_end                           
2001f944  __aeabi_stdin                         
2001f948  __aeabi_stdout                        
2001f94c  __aeabi_stderr                        
2001f950  xHigherPriorityTaskWoken              
2001f954  xSimpleLinkSpawnQueue                 
2001f958  xSimpleLinkSpawnTaskHndl              
2001f968  g_SpiFd                               
2001f96c  g_pHostIntHdl                         
2001f970  g_ucDMAEnabled                        
2001f974  g_pCB                                 
2001f978  pPingCallBackFunc                     
2001f97c  gFirstCmdMode                         
2001f980  _lock                                 
2001f984  _unlock                               
2001f988  __TI_cleanup_ptr                      
2001f98c  __TI_dtors_ptr                        
2001f990  _Fenv                                 
2001f994  _Tls_setup__Fenv                      
2001f99c  _Errno                                
2001f9a4  main_func_sp                          
2002f800  __stack                               
20030000  __STACK_END                           
ffffffff  __binit__                             
ffffffff  __c_args__                            
ffffffff  binit                                 
UNDEFED   SHT$$INIT_ARRAY$$Base                 
UNDEFED   SHT$$INIT_ARRAY$$Limit                

[526 symbols]
